Archive member included to satisfy reference by file (symbol)

/usr/local/mcuxpressoide-11.1.0_3209/ide/plugins/com.nxp.mcuxpresso.tools.linux_11.1.0.201909161352/tools/bin/../lib/gcc/arm-none-eabi/8.3.1/../../../../arm-none-eabi/lib/thumb/v7e-m+fp/hard/libcr_semihost_nf.a(_cr__main.o)
                              ./startup/startup_mimxrt1021.o (__main)
/usr/local/mcuxpressoide-11.1.0_3209/ide/plugins/com.nxp.mcuxpresso.tools.linux_11.1.0.201909161352/tools/bin/../lib/gcc/arm-none-eabi/8.3.1/../../../../arm-none-eabi/lib/thumb/v7e-m+fp/hard/libcr_semihost_nf.a(_cr_assert.o)
                              ./utilities/fsl_debug_console.o (__assertion_failed)
/usr/local/mcuxpressoide-11.1.0_3209/ide/plugins/com.nxp.mcuxpresso.tools.linux_11.1.0.201909161352/tools/bin/../lib/gcc/arm-none-eabi/8.3.1/../../../../arm-none-eabi/lib/thumb/v7e-m+fp/hard/libcr_semihost_nf.a(__ciob.o)
                              /usr/local/mcuxpressoide-11.1.0_3209/ide/plugins/com.nxp.mcuxpresso.tools.linux_11.1.0.201909161352/tools/bin/../lib/gcc/arm-none-eabi/8.3.1/../../../../arm-none-eabi/lib/thumb/v7e-m+fp/hard/libcr_semihost_nf.a(_cr_assert.o) (__Ciob)
/usr/local/mcuxpressoide-11.1.0_3209/ide/plugins/com.nxp.mcuxpresso.tools.linux_11.1.0.201909161352/tools/bin/../lib/gcc/arm-none-eabi/8.3.1/../../../../arm-none-eabi/lib/thumb/v7e-m+fp/hard/libcr_semihost_nf.a(__sys_appexit.o)
                              /usr/local/mcuxpressoide-11.1.0_3209/ide/plugins/com.nxp.mcuxpresso.tools.linux_11.1.0.201909161352/tools/bin/../lib/gcc/arm-none-eabi/8.3.1/../../../../arm-none-eabi/lib/thumb/v7e-m+fp/hard/libcr_semihost_nf.a(_cr_assert.o) (__sys_appexit)
/usr/local/mcuxpressoide-11.1.0_3209/ide/plugins/com.nxp.mcuxpresso.tools.linux_11.1.0.201909161352/tools/bin/../lib/gcc/arm-none-eabi/8.3.1/../../../../arm-none-eabi/lib/thumb/v7e-m+fp/hard/libcr_c.a(memset.o)
                              ./drivers/fsl_gpt.o (memset)
/usr/local/mcuxpressoide-11.1.0_3209/ide/plugins/com.nxp.mcuxpresso.tools.linux_11.1.0.201909161352/tools/bin/../lib/gcc/arm-none-eabi/8.3.1/../../../../arm-none-eabi/lib/thumb/v7e-m+fp/hard/libcr_c.a(_deferredlazyseek.o)
                              /usr/local/mcuxpressoide-11.1.0_3209/ide/plugins/com.nxp.mcuxpresso.tools.linux_11.1.0.201909161352/tools/bin/../lib/gcc/arm-none-eabi/8.3.1/../../../../arm-none-eabi/lib/thumb/v7e-m+fp/hard/libcr_semihost_nf.a(_cr_assert.o) (__flsbuf)
/usr/local/mcuxpressoide-11.1.0_3209/ide/plugins/com.nxp.mcuxpresso.tools.linux_11.1.0.201909161352/tools/bin/../lib/gcc/arm-none-eabi/8.3.1/../../../../arm-none-eabi/lib/thumb/v7e-m+fp/hard/libcr_c.a(_fflush.o)
                              /usr/local/mcuxpressoide-11.1.0_3209/ide/plugins/com.nxp.mcuxpresso.tools.linux_11.1.0.201909161352/tools/bin/../lib/gcc/arm-none-eabi/8.3.1/../../../../arm-none-eabi/lib/thumb/v7e-m+fp/hard/libcr_c.a(_deferredlazyseek.o) (_fflush)
/usr/local/mcuxpressoide-11.1.0_3209/ide/plugins/com.nxp.mcuxpresso.tools.linux_11.1.0.201909161352/tools/bin/../lib/gcc/arm-none-eabi/8.3.1/../../../../arm-none-eabi/lib/thumb/v7e-m+fp/hard/libcr_c.a(_writebuf.o)
                              /usr/local/mcuxpressoide-11.1.0_3209/ide/plugins/com.nxp.mcuxpresso.tools.linux_11.1.0.201909161352/tools/bin/../lib/gcc/arm-none-eabi/8.3.1/../../../../arm-none-eabi/lib/thumb/v7e-m+fp/hard/libcr_c.a(_deferredlazyseek.o) (_Cwritebuf)
/usr/local/mcuxpressoide-11.1.0_3209/ide/plugins/com.nxp.mcuxpresso.tools.linux_11.1.0.201909161352/tools/bin/../lib/gcc/arm-none-eabi/8.3.1/../../../../arm-none-eabi/lib/thumb/v7e-m+fp/hard/libcr_c.a(alloc.o)
                              ./drivers/fsl_common.o (malloc)
/usr/local/mcuxpressoide-11.1.0_3209/ide/plugins/com.nxp.mcuxpresso.tools.linux_11.1.0.201909161352/tools/bin/../lib/gcc/arm-none-eabi/8.3.1/../../../../arm-none-eabi/lib/thumb/v7e-m+fp/hard/libcr_c.a(fputs.o)
                              /usr/local/mcuxpressoide-11.1.0_3209/ide/plugins/com.nxp.mcuxpresso.tools.linux_11.1.0.201909161352/tools/bin/../lib/gcc/arm-none-eabi/8.3.1/../../../../arm-none-eabi/lib/thumb/v7e-m+fp/hard/libcr_semihost_nf.a(_cr_assert.o) (fputs)
/usr/local/mcuxpressoide-11.1.0_3209/ide/plugins/com.nxp.mcuxpresso.tools.linux_11.1.0.201909161352/tools/bin/../lib/gcc/arm-none-eabi/8.3.1/../../../../arm-none-eabi/lib/thumb/v7e-m+fp/hard/libcr_c.a(fseek.o)
                              /usr/local/mcuxpressoide-11.1.0_3209/ide/plugins/com.nxp.mcuxpresso.tools.linux_11.1.0.201909161352/tools/bin/../lib/gcc/arm-none-eabi/8.3.1/../../../../arm-none-eabi/lib/thumb/v7e-m+fp/hard/libcr_c.a(_deferredlazyseek.o) (fseek)
/usr/local/mcuxpressoide-11.1.0_3209/ide/plugins/com.nxp.mcuxpresso.tools.linux_11.1.0.201909161352/tools/bin/../lib/gcc/arm-none-eabi/8.3.1/../../../../arm-none-eabi/lib/thumb/v7e-m+fp/hard/libcr_c.a(ftell.o)
[...]
Memory Configuration

Name             Origin             Length             Attributes
BOARD_FLASH      0x0000000060000000 0x0000000000800000 xr
SRAM_DTC         0x0000000020000000 0x0000000000010000 xrw
SRAM_ITC         0x0000000000000000 0x0000000000010000 xrw
SRAM_OC          0x0000000020200000 0x0000000000020000 xrw
BOARD_SDRAM      0x0000000080000000 0x0000000001e00000 xrw
NCACHE_REGION    0x0000000081e00000 0x0000000000200000 xrw
*default*        0x0000000000000000 0xffffffffffffffff

Linker script and memory map

LOAD ./xip/evkmimxrt1020_flexspi_nor_config.o
LOAD ./xip/evkmimxrt1020_sdram_ini_dcd.o
LOAD ./xip/fsl_flexspi_nor_boot.o
LOAD ./utilities/fsl_debug_console.o
LOAD ./utilities/fsl_str.o
LOAD ./startup/startup_mimxrt1021.o
LOAD ./source/MIMXRT1021xxxxx_Project.o
LOAD ./source/semihost_hardfault.o
LOAD ./drivers/fsl_clock.o
LOAD ./drivers/fsl_common.o
LOAD ./drivers/fsl_gpio.o
LOAD ./drivers/fsl_gpt.o
LOAD ./drivers/fsl_lpi2c.o
LOAD ./drivers/fsl_lpspi.o
LOAD ./drivers/fsl_lpuart.o
LOAD ./drivers/fsl_pit.o
LOAD ./device/system_MIMXRT1021.o
LOAD ./component/uart/lpuart_adapter.o
LOAD ./component/serial_manager/serial_manager.o
LOAD ./component/serial_manager/serial_port_uart.o
LOAD ./component/lists/generic_list.o
LOAD ./board/board.o
LOAD ./board/clock_config.o
LOAD ./board/peripherals.o
LOAD ./board/pin_mux.o
START GROUP
LOAD /usr/local/mcuxpressoide-11.1.0_3209/ide/plugins/com.nxp.mcuxpresso.tools.linux_11.1.0.201909161352/tools/bin/../lib/gcc/arm-none-eabi/8.3.1/../../../../arm-none-eabi/lib/thumb/v7e-m+fp/hard/libcr_semihost_nf.a
LOAD /usr/local/mcuxpressoide-11.1.0_3209/ide/plugins/com.nxp.mcuxpresso.tools.linux_11.1.0.201909161352/tools/bin/../lib/gcc/arm-none-eabi/8.3.1/../../../../arm-none-eabi/lib/thumb/v7e-m+fp/hard/libcr_c.a
LOAD /usr/local/mcuxpressoide-11.1.0_3209/ide/plugins/com.nxp.mcuxpresso.tools.linux_11.1.0.201909161352/tools/bin/../lib/gcc/arm-none-eabi/8.3.1/thumb/v7e-m+fp/hard/libcr_eabihelpers.a
LOAD /usr/local/mcuxpressoide-11.1.0_3209/ide/plugins/com.nxp.mcuxpresso.tools.linux_11.1.0.201909161352/tools/bin/../lib/gcc/arm-none-eabi/8.3.1/thumb/v7e-m+fp/hard/libgcc.a
END GROUP
                0x0000000060000000                __base_BOARD_FLASH = 0x60000000
                0x0000000060000000                __base_Flash = 0x60000000
                0x0000000060800000                __top_BOARD_FLASH = 0x60800000
                0x0000000060800000                __top_Flash = 0x60800000
                0x0000000020000000                __base_SRAM_DTC = 0x20000000
                0x0000000020000000                __base_RAM = 0x20000000
                0x0000000020010000                __top_SRAM_DTC = 0x20010000
                0x0000000020010000                __top_RAM = 0x20010000
                0x0000000000000000                __base_SRAM_ITC = 0x0
                0x0000000000000000                __base_RAM2 = 0x0
                0x0000000000010000                __top_SRAM_ITC = 0x10000
                0x0000000000010000                __top_RAM2 = 0x10000
                0x0000000020200000                __base_SRAM_OC = 0x20200000
                0x0000000020200000                __base_RAM3 = 0x20200000
                0x0000000020220000                __top_SRAM_OC = 0x20220000
                0x0000000020220000                __top_RAM3 = 0x20220000
                0x0000000080000000                __base_BOARD_SDRAM = 0x80000000
                0x0000000080000000                __base_RAM4 = 0x80000000
                0x0000000081e00000                __top_BOARD_SDRAM = 0x81e00000
                0x0000000081e00000                __top_RAM4 = 0x81e00000
                0x0000000081e00000                __base_NCACHE_REGION = 0x81e00000
                0x0000000081e00000                __base_RAM5 = 0x81e00000
                0x0000000082000000                __top_NCACHE_REGION = 0x82000000
                0x0000000082000000                __top_RAM5 = 0x82000000

.text           0x0000000020000000     0x3e54
 FILL mask 0xff
                0x0000000020000000                __vectors_start__ = ABSOLUTE (.)
 *(SORT_BY_ALIGNMENT(.isr_vector))
 .isr_vector    0x0000000020000000      0x278 ./startup/startup_mimxrt1021.o
                0x0000000020000000                __Vectors
                0x0000000020000000                g_pfnVectors
                0x0000000020000278                . = ALIGN (0x4)
                0x0000000020000278                __section_table_start = .
                0x0000000020000278                __data_section_table = .
                0x0000000020000278        0x4 LONG 0x20003e54 LOADADDR (.data)
                0x000000002000027c        0x4 LONG 0x20003e54 ADDR (.data)
                0x0000000020000280        0x4 LONG 0x4 SIZEOF (.data)
                0x0000000020000284        0x4 LONG 0x20003e54 LOADADDR (.data_RAM2)
                0x0000000020000288        0x4 LONG 0x0 ADDR (.data_RAM2)
                0x000000002000028c        0x4 LONG 0x0 SIZEOF (.data_RAM2)
                0x0000000020000290        0x4 LONG 0x20003e54 LOADADDR (.data_RAM3)
                0x0000000020000294        0x4 LONG 0x20200000 ADDR (.data_RAM3)
                0x0000000020000298        0x4 LONG 0x0 SIZEOF (.data_RAM3)
                0x000000002000029c        0x4 LONG 0x20003e54 LOADADDR (.data_RAM4)
                0x00000000200002a0        0x4 LONG 0x80000000 ADDR (.data_RAM4)
                0x00000000200002a4        0x4 LONG 0x0 SIZEOF (.data_RAM4)
                0x00000000200002a8        0x4 LONG 0x20003e54 LOADADDR (.data_RAM5)
                0x00000000200002ac        0x4 LONG 0x81e00000 ADDR (.data_RAM5)
                0x00000000200002b0        0x4 LONG 0x0 SIZEOF (.data_RAM5)
                0x00000000200002b4                __data_section_table_end = .
                0x00000000200002b4                __bss_section_table = .
                0x00000000200002b4        0x4 LONG 0x20003e58 ADDR (.bss)
                0x00000000200002b8        0x4 LONG 0x13c SIZEOF (.bss)
                0x00000000200002bc        0x4 LONG 0x0 ADDR (.bss_RAM2)
                0x00000000200002c0        0x4 LONG 0x0 SIZEOF (.bss_RAM2)
                0x00000000200002c4        0x4 LONG 0x20200000 ADDR (.bss_RAM3)
                0x00000000200002c8        0x4 LONG 0x0 SIZEOF (.bss_RAM3)
                0x00000000200002cc        0x4 LONG 0x80000000 ADDR (.bss_RAM4)
                0x00000000200002d0        0x4 LONG 0x0 SIZEOF (.bss_RAM4)
                0x00000000200002d4        0x4 LONG 0x81e00000 ADDR (.bss_RAM5)
                0x00000000200002d8        0x4 LONG 0x0 SIZEOF (.bss_RAM5)
                0x00000000200002dc                __bss_section_table_end = .
                0x00000000200002dc                __section_table_end = .
 *(SORT_BY_ALIGNMENT(.after_vectors*))
 .after_vectors.reset
                0x00000000200002dc       0x4c ./startup/startup_mimxrt1021.o
                0x00000000200002dc                ResetISR
 .after_vectors.init_data
                0x0000000020000328       0x1e ./startup/startup_mimxrt1021.o
                0x0000000020000328                data_init
 .after_vectors.init_bss
                0x0000000020000346       0x12 ./startup/startup_mimxrt1021.o
                0x0000000020000346                bss_init
 .after_vectors
                0x0000000020000358        0xc ./startup/startup_mimxrt1021.o
                0x0000000020000358                NMI_Handler
                0x000000002000035c                SVC_Handler
                0x000000002000035e                PendSV_Handler
                0x0000000020000360                SysTick_Handler
                0x0000000020000362                ACMP4_DriverIRQHandler
                0x0000000020000362                Reserved87_DriverIRQHandler
                0x0000000020000362                KPP_DriverIRQHandler
                0x0000000020000362                SAI3_RX_DriverIRQHandler
                0x0000000020000362                CCM_2_DriverIRQHandler
                0x0000000020000362                PIT_DriverIRQHandler
                0x0000000020000362                Reserved102_DriverIRQHandler
                0x0000000020000362                Reserved152_DriverIRQHandler
                0x0000000020000362                DMA13_DMA29_DriverIRQHandler
                0x0000000020000362                FLEXRAM_DriverIRQHandler
                0x0000000020000362                SEMC_DriverIRQHandler
                0x0000000020000362                SPDIF_DriverIRQHandler
                0x0000000020000362                USB_PHY_DriverIRQHandler
                0x0000000020000362                GPIO3_Combined_0_15_DriverIRQHandler
                0x0000000020000362                Reserved82_DriverIRQHandler
                0x0000000020000362                DMA7_DMA23_DriverIRQHandler
                0x0000000020000362                BEE_DriverIRQHandler
                0x0000000020000362                GPR_IRQ_DriverIRQHandler
                0x0000000020000362                Reserved103_DriverIRQHandler
                0x0000000020000362                PWM2_FAULT_DriverIRQHandler
                0x0000000020000362                Reserved56_DriverIRQHandler
                0x0000000020000362                DMA14_DMA30_DriverIRQHandler
                0x0000000020000362                TMR1_DriverIRQHandler
                0x0000000020000362                TRNG_DriverIRQHandler
                0x0000000020000362                ENET_1588_Timer_DriverIRQHandler
                0x0000000020000362                GPIO2_Combined_16_31_DriverIRQHandler
                0x0000000020000362                Reserved143_DriverIRQHandler
                0x0000000020000362                Reserved151_DriverIRQHandler
                0x0000000020000362                DMA0_DMA16_DriverIRQHandler
                0x0000000020000362                IntDefaultHandler
                0x0000000020000362                DMA2_DMA18_DriverIRQHandler
                0x0000000020000362                SRC_DriverIRQHandler
                0x0000000020000362                GPIO1_INT4_DriverIRQHandler
                0x0000000020000362                Reserved144_DriverIRQHandler
                0x0000000020000362                USDHC1_DriverIRQHandler
                0x0000000020000362                EWM_DriverIRQHandler
                0x0000000020000362                WDOG1_DriverIRQHandler
                0x0000000020000362                FLEXIO1_DriverIRQHandler
                0x0000000020000362                ENET_DriverIRQHandler
                0x0000000020000362                Reserved78_DriverIRQHandler
                0x0000000020000362                ENC2_DriverIRQHandler
                0x0000000020000362                ADC_ETC_IRQ2_DriverIRQHandler
                0x0000000020000362                GPIO1_Combined_16_31_DriverIRQHandler
                0x0000000020000362                GPIO1_INT7_DriverIRQHandler
                0x0000000020000362                SAI1_DriverIRQHandler
                0x0000000020000362                DCDC_DriverIRQHandler
                0x0000000020000362                DMA12_DMA28_DriverIRQHandler
                0x0000000020000362                ADC_ETC_ERROR_IRQ_DriverIRQHandler
                0x0000000020000362                ACMP2_DriverIRQHandler
                0x0000000020000362                GPIO5_Combined_0_15_DriverIRQHandler
                0x0000000020000362                GPIO1_INT0_DriverIRQHandler
                0x0000000020000362                GPIO1_INT2_DriverIRQHandler
                0x0000000020000362                RTWDOG_DriverIRQHandler
                0x0000000020000362                FLEXSPI_DriverIRQHandler
                0x0000000020000362                GPT2_DriverIRQHandler
                0x0000000020000362                DMA10_DMA26_DriverIRQHandler
                0x0000000020000362                PWM2_1_DriverIRQHandler
                0x0000000020000362                PWM1_1_DriverIRQHandler
                0x0000000020000362                ADC1_DriverIRQHandler
                0x0000000020000362                Reserved148_DriverIRQHandler
                0x0000000020000362                PWM1_0_DriverIRQHandler
                0x0000000020000362                DMA1_DMA17_DriverIRQHandler
                0x0000000020000362                ENC1_DriverIRQHandler
                0x0000000020000362                CAN2_DriverIRQHandler
                0x0000000020000362                DCP_DriverIRQHandler
                0x0000000020000362                CTI0_ERROR_DriverIRQHandler
                0x0000000020000362                DMA8_DMA24_DriverIRQHandler
                0x0000000020000362                GPT1_DriverIRQHandler
                0x0000000020000362                ACMP3_DriverIRQHandler
                0x0000000020000362                DMA6_DMA22_DriverIRQHandler
                0x0000000020000362                CSU_DriverIRQHandler
                0x0000000020000362                GPIO1_INT5_DriverIRQHandler
                0x0000000020000362                TMR2_DriverIRQHandler
                0x0000000020000362                CTI1_ERROR_DriverIRQHandler
                0x0000000020000362                GPIO1_Combined_0_15_DriverIRQHandler
                0x0000000020000362                USDHC2_DriverIRQHandler
                0x0000000020000362                SAI2_DriverIRQHandler
                0x0000000020000362                CORE_DriverIRQHandler
                0x0000000020000362                Reserved147_DriverIRQHandler
                0x0000000020000362                DMA11_DMA27_DriverIRQHandler
                0x0000000020000362                PWM2_3_DriverIRQHandler
                0x0000000020000362                Reserved60_DriverIRQHandler
                0x0000000020000362                XBAR1_IRQ_2_3_DriverIRQHandler
                0x0000000020000362                SNVS_HP_WRAPPER_TZ_DriverIRQHandler
                0x0000000020000362                GPIO3_Combined_16_31_DriverIRQHandler
                0x0000000020000362                PWM1_FAULT_DriverIRQHandler
                0x0000000020000362                PWM2_2_DriverIRQHandler
                0x0000000020000362                Reserved128_DriverIRQHandler
                0x0000000020000362                DMA4_DMA20_DriverIRQHandler
                0x0000000020000362                DMA9_DMA25_DriverIRQHandler
                0x0000000020000362                SNVS_HP_WRAPPER_DriverIRQHandler
                0x0000000020000362                XBAR1_IRQ_0_1_DriverIRQHandler
                0x0000000020000362                ADC_ETC_IRQ1_DriverIRQHandler
                0x0000000020000362                DMA3_DMA19_DriverIRQHandler
                0x0000000020000362                GPIO1_INT3_DriverIRQHandler
                0x0000000020000362                DCP_VMI_DriverIRQHandler
                0x0000000020000362                GPC_DriverIRQHandler
                0x0000000020000362                Reserved123_DriverIRQHandler
                0x0000000020000362                GPIO2_Combined_0_15_DriverIRQHandler
                0x0000000020000362                PWM1_2_DriverIRQHandler
                0x0000000020000362                USB_OTG1_DriverIRQHandler
                0x0000000020000362                TEMP_LOW_HIGH_DriverIRQHandler
                0x0000000020000362                SAI3_TX_DriverIRQHandler
                0x0000000020000362                WDOG2_DriverIRQHandler
                0x0000000020000362                Reserved68_DriverIRQHandler
                0x0000000020000362                PMU_DriverIRQHandler
                0x0000000020000362                Reserved59_DriverIRQHandler
                0x0000000020000362                GPIO5_Combined_16_31_DriverIRQHandler
                0x0000000020000362                DMA5_DMA21_DriverIRQHandler
                0x0000000020000362                CCM_1_DriverIRQHandler
                0x0000000020000362                ADC2_DriverIRQHandler
                0x0000000020000362                Reserved58_DriverIRQHandler
                0x0000000020000362                Reserved115_DriverIRQHandler
                0x0000000020000362                TEMP_PANIC_DriverIRQHandler
                0x0000000020000362                DMA15_DMA31_DriverIRQHandler
                0x0000000020000362                Reserved107_DriverIRQHandler
                0x0000000020000362                PWM1_3_DriverIRQHandler
                0x0000000020000362                Reserved70_DriverIRQHandler
                0x0000000020000362                ACMP1_DriverIRQHandler
                0x0000000020000362                Reserved86_DriverIRQHandler
                0x0000000020000362                DMA_ERROR_DriverIRQHandler
                0x0000000020000362                ADC_ETC_IRQ0_DriverIRQHandler
                0x0000000020000362                CAN1_DriverIRQHandler
                0x0000000020000362                GPIO1_INT6_DriverIRQHandler
                0x0000000020000362                GPIO1_INT1_DriverIRQHandler
                0x0000000020000362                PWM2_0_DriverIRQHandler
                0x0000000020000362                SNVS_LP_WRAPPER_DriverIRQHandler
 *(SORT_BY_ALIGNMENT(.text*))
 .text.main     0x0000000020000364       0x3c ./source/MIMXRT1021xxxxx_Project.o
                0x0000000020000364                main
 .text.CLOCK_GetOscFreq
                0x00000000200003a0       0x30 ./drivers/fsl_clock.o
 .text.CLOCK_InitExternalClk
                0x00000000200003d0       0x6c ./drivers/fsl_clock.o
                0x00000000200003d0                CLOCK_InitExternalClk
 .text.CLOCK_SwitchOsc
                0x000000002000043c       0x34 ./drivers/fsl_clock.o
                0x000000002000043c                CLOCK_SwitchOsc
 .text.CLOCK_InitRcOsc24M
                0x0000000020000470       0x24 ./drivers/fsl_clock.o
                0x0000000020000470                CLOCK_InitRcOsc24M
 .text.CLOCK_DeinitAudioPll
                0x0000000020000494       0x1c ./drivers/fsl_clock.o
                0x0000000020000494                CLOCK_DeinitAudioPll
 .text.CLOCK_InitEnetPll
                0x00000000200004b0       0xa4 ./drivers/fsl_clock.o
                0x00000000200004b0                CLOCK_InitEnetPll
 .text.CLOCK_GetPllFreq
                0x0000000020000554      0x25c ./drivers/fsl_clock.o
                0x0000000020000554                CLOCK_GetPllFreq
 .text.SDK_DelayAtLeastUs
                0x00000000200007b0       0x90 ./drivers/fsl_common.o
                0x00000000200007b0                SDK_DelayAtLeastUs
 .text.CLOCK_ControlGate
                0x0000000020000840       0x64 ./drivers/fsl_gpio.o
 .text.GPIO_GetInstance
                0x00000000200008a4       0x4c ./drivers/fsl_gpio.o
 .text.GPIO_PinInit
                0x00000000200008f0       0xa4 ./drivers/fsl_gpio.o
                0x00000000200008f0                GPIO_PinInit
 .text.GPIO_PinWrite
                0x0000000020000994       0x54 ./drivers/fsl_gpio.o
                0x0000000020000994                GPIO_PinWrite
 .text.GPIO_PinSetInterruptConfig
                0x00000000200009e8       0xfc ./drivers/fsl_gpio.o
                0x00000000200009e8                GPIO_PinSetInterruptConfig
 .text.LPI2C_CommonIRQHandler
                0x0000000020000ae4       0x70 ./drivers/fsl_lpi2c.o
 .text.LPI2C1_DriverIRQHandler
                0x0000000020000b54       0x14 ./drivers/fsl_lpi2c.o
                0x0000000020000b54                LPI2C1_DriverIRQHandler
 .text.LPI2C2_DriverIRQHandler
                0x0000000020000b68       0x14 ./drivers/fsl_lpi2c.o
                0x0000000020000b68                LPI2C2_DriverIRQHandler
 .text.LPI2C3_DriverIRQHandler
                0x0000000020000b7c       0x14 ./drivers/fsl_lpi2c.o
                0x0000000020000b7c                LPI2C3_DriverIRQHandler
 .text.LPI2C4_DriverIRQHandler
                0x0000000020000b90       0x14 ./drivers/fsl_lpi2c.o
                0x0000000020000b90                LPI2C4_DriverIRQHandler
 .text.LPSPI_CommonIRQHandler
                0x0000000020000ba4       0x3c ./drivers/fsl_lpspi.o
 .text.LPSPI1_DriverIRQHandler
                0x0000000020000be0       0x30 ./drivers/fsl_lpspi.o
                0x0000000020000be0                LPSPI1_DriverIRQHandler
 .text.LPSPI2_DriverIRQHandler
                0x0000000020000c10       0x30 ./drivers/fsl_lpspi.o
                0x0000000020000c10                LPSPI2_DriverIRQHandler
 .text.LPSPI3_DriverIRQHandler
                0x0000000020000c40       0x30 ./drivers/fsl_lpspi.o
                0x0000000020000c40                LPSPI3_DriverIRQHandler
 .text.LPSPI4_DriverIRQHandler
                0x0000000020000c70       0x30 ./drivers/fsl_lpspi.o
                0x0000000020000c70                LPSPI4_DriverIRQHandler
 .text.LPUART1_DriverIRQHandler
                0x0000000020000ca0       0x24 ./drivers/fsl_lpuart.o
                0x0000000020000ca0                LPUART1_DriverIRQHandler
 .text.LPUART2_DriverIRQHandler
                0x0000000020000cc4       0x24 ./drivers/fsl_lpuart.o
                0x0000000020000cc4                LPUART2_DriverIRQHandler
 .text.LPUART3_DriverIRQHandler
                0x0000000020000ce8       0x24 ./drivers/fsl_lpuart.o
                0x0000000020000ce8                LPUART3_DriverIRQHandler
 .text.LPUART4_DriverIRQHandler
                0x0000000020000d0c       0x24 ./drivers/fsl_lpuart.o
                0x0000000020000d0c                LPUART4_DriverIRQHandler
 .text.LPUART5_DriverIRQHandler
                0x0000000020000d30       0x24 ./drivers/fsl_lpuart.o
                0x0000000020000d30                LPUART5_DriverIRQHandler
 .text.LPUART6_DriverIRQHandler
                0x0000000020000d54       0x24 ./drivers/fsl_lpuart.o
                0x0000000020000d54                LPUART6_DriverIRQHandler
 .text.LPUART7_DriverIRQHandler
                0x0000000020000d78       0x24 ./drivers/fsl_lpuart.o
                0x0000000020000d78                LPUART7_DriverIRQHandler
 .text.LPUART8_DriverIRQHandler
                0x0000000020000d9c       0x24 ./drivers/fsl_lpuart.o
                0x0000000020000d9c                LPUART8_DriverIRQHandler
 .text.SystemInit
                0x0000000020000dc0      0x1c8 ./device/system_MIMXRT1021.o
                0x0000000020000dc0                SystemInit
 .text.ARM_MPU_Enable
                0x0000000020000f88       0x3c ./board/board.o
 .text.ARM_MPU_Disable
                0x0000000020000fc4       0x34 ./board/board.o
 .text.CLOCK_GetMux
                0x0000000020000ff8       0x44 ./board/board.o
 .text.CLOCK_GetDiv
                0x000000002000103c       0x44 ./board/board.o
 .text.CLOCK_GetOscFreq
                0x0000000020001080       0x30 ./board/board.o
 .text.BOARD_DebugConsoleSrcFreq
                0x00000000200010b0       0x64 ./board/board.o
                0x00000000200010b0                BOARD_DebugConsoleSrcFreq
 .text.BOARD_ConfigMPU
                0x0000000020001114      0x29c ./board/board.o
                0x0000000020001114                BOARD_ConfigMPU
 .text.CLOCK_SetMux
                0x00000000200013b0       0x9c ./board/clock_config.o
 .text.CLOCK_SetDiv
                0x000000002000144c       0x9c ./board/clock_config.o
 .text.CLOCK_ControlGate
                0x00000000200014e8       0x64 ./board/clock_config.o
 .text.CLOCK_SetXtalFreq
                0x000000002000154c       0x20 ./board/clock_config.o
 .text.CLOCK_SetRtcXtalFreq
                0x000000002000156c       0x20 ./board/clock_config.o
 .text.IOMUXC_EnableMode
                0x000000002000158c       0x48 ./board/clock_config.o
 .text.IOMUXC_MQSConfig
                0x00000000200015d4       0x44 ./board/clock_config.o
 .text.BOARD_BootClockRUN
                0x0000000020001618      0x498 ./board/clock_config.o
                0x0000000020001618                BOARD_BootClockRUN
 .text.CLOCK_ControlGate
                0x0000000020001ab0       0x64 ./board/pin_mux.o
 .text.BOARD_InitPins
                0x0000000020001b14       0x90 ./board/pin_mux.o
                0x0000000020001b14                BOARD_InitPins
 .text.BOARD_InitDEBUG_UARTPins
                0x0000000020001ba4       0x4c ./board/pin_mux.o
                0x0000000020001ba4                BOARD_InitDEBUG_UARTPins
 .text.__assertion_failed
                0x0000000020001bf0       0x4c /usr/local/mcuxpressoide-11.1.0_3209/ide/plugins/com.nxp.mcuxpresso.tools.linux_11.1.0.201909161352/tools/bin/../lib/gcc/arm-none-eabi/8.3.1/../../../../arm-none-eabi/lib/thumb/v7e-m+fp/hard/libcr_semihost_nf.a(_cr_assert.o)
                0x0000000020001bf0                __assertion_failed
 .text.__sys_appexit
                0x0000000020001c3c        0xc /usr/local/mcuxpressoide-11.1.0_3209/ide/plugins/com.nxp.mcuxpresso.tools.linux_11.1.0.201909161352/tools/bin/../lib/gcc/arm-none-eabi/8.3.1/../../../../arm-none-eabi/lib/thumb/v7e-m+fp/hard/libcr_semihost_nf.a(__sys_appexit.o)
                0x0000000020001c3c                __exit
                0x0000000020001c3c                __sys_appexit
 .text._Cwritebuf
                0x0000000020001c48       0x6c /usr/local/mcuxpressoide-11.1.0_3209/ide/plugins/com.nxp.mcuxpresso.tools.linux_11.1.0.201909161352/tools/bin/../lib/gcc/arm-none-eabi/8.3.1/../../../../arm-none-eabi/lib/thumb/v7e-m+fp/hard/libcr_c.a(_writebuf.o)
                0x0000000020001c48                _Cwritebuf
 .text.malloc   0x0000000020001cb4       0xc8 /usr/local/mcuxpressoide-11.1.0_3209/ide/plugins/com.nxp.mcuxpresso.tools.linux_11.1.0.201909161352/tools/bin/../lib/gcc/arm-none-eabi/8.3.1/../../../../arm-none-eabi/lib/thumb/v7e-m+fp/hard/libcr_c.a(alloc.o)
                0x0000000020001cb4                malloc
 .text._Csys_alloc
                0x0000000020001d7c       0x20 /usr/local/mcuxpressoide-11.1.0_3209/ide/plugins/com.nxp.mcuxpresso.tools.linux_11.1.0.201909161352/tools/bin/../lib/gcc/arm-none-eabi/8.3.1/../../../../arm-none-eabi/lib/thumb/v7e-m+fp/hard/libcr_c.a(alloc.o)
                0x0000000020001d7c                _Csys_alloc
 .text.fseek    0x0000000020001d9c      0x100 /usr/local/mcuxpressoide-11.1.0_3209/ide/plugins/com.nxp.mcuxpresso.tools.linux_11.1.0.201909161352/tools/bin/../lib/gcc/arm-none-eabi/8.3.1/../../../../arm-none-eabi/lib/thumb/v7e-m+fp/hard/libcr_c.a(fseek.o)
                0x0000000020001d9c                fseek
 .text.ftell    0x0000000020001e9c       0x48 /usr/local/mcuxpressoide-11.1.0_3209/ide/plugins/com.nxp.mcuxpresso.tools.linux_11.1.0.201909161352/tools/bin/../lib/gcc/arm-none-eabi/8.3.1/../../../../arm-none-eabi/lib/thumb/v7e-m+fp/hard/libcr_c.a(ftell.o)
                0x0000000020001e9c                ftell
 .text._initio  0x0000000020001ee4       0x78 /usr/local/mcuxpressoide-11.1.0_3209/ide/plugins/com.nxp.mcuxpresso.tools.linux_11.1.0.201909161352/tools/bin/../lib/gcc/arm-none-eabi/8.3.1/../../../../arm-none-eabi/lib/thumb/v7e-m+fp/hard/libcr_c.a(initio.o)
                0x0000000020001ee4                _initio
 .text.__vfprintf
                0x0000000020001f5c      0xbe0 /usr/local/mcuxpressoide-11.1.0_3209/ide/plugins/com.nxp.mcuxpresso.tools.linux_11.1.0.201909161352/tools/bin/../lib/gcc/arm-none-eabi/8.3.1/../../../../arm-none-eabi/lib/thumb/v7e-m+fp/hard/libcr_c.a(printf.o)
                0x0000000020001f5c                __vfprintf
 .text._vsnprintf
                0x0000000020002b3c       0x68 /usr/local/mcuxpressoide-11.1.0_3209/ide/plugins/com.nxp.mcuxpresso.tools.linux_11.1.0.201909161352/tools/bin/../lib/gcc/arm-none-eabi/8.3.1/../../../../arm-none-eabi/lib/thumb/v7e-m+fp/hard/libcr_c.a(printf.o)
                0x0000000020002b3c                _vsnprintf
 .text._printf  0x0000000020002ba4       0x54 /usr/local/mcuxpressoide-11.1.0_3209/ide/plugins/com.nxp.mcuxpresso.tools.linux_11.1.0.201909161352/tools/bin/../lib/gcc/arm-none-eabi/8.3.1/../../../../arm-none-eabi/lib/thumb/v7e-m+fp/hard/libcr_c.a(printf.o)
                0x0000000020002ba4                _printf
 .text.setvbuf  0x0000000020002bf8       0x40 /usr/local/mcuxpressoide-11.1.0_3209/ide/plugins/com.nxp.mcuxpresso.tools.linux_11.1.0.201909161352/tools/bin/../lib/gcc/arm-none-eabi/8.3.1/../../../../arm-none-eabi/lib/thumb/v7e-m+fp/hard/libcr_c.a(setvbuf.o)
                0x0000000020002bf8                setvbuf
 .text._sbrk    0x0000000020002c38       0x3c /usr/local/mcuxpressoide-11.1.0_3209/ide/plugins/com.nxp.mcuxpresso.tools.linux_11.1.0.201909161352/tools/bin/../lib/gcc/arm-none-eabi/8.3.1/../../../../arm-none-eabi/lib/thumb/v7e-m+fp/hard/libcr_c.a(_cr_sbrk.o)
                0x0000000020002c38                _sbrk
 .text.fflush   0x0000000020002c74       0x44 /usr/local/mcuxpressoide-11.1.0_3209/ide/plugins/com.nxp.mcuxpresso.tools.linux_11.1.0.201909161352/tools/bin/../lib/gcc/arm-none-eabi/8.3.1/../../../../arm-none-eabi/lib/thumb/v7e-m+fp/hard/libcr_c.a(fflush.o)
                0x0000000020002c74                fflush
 .text.__check_heap_overflow
                0x0000000020002cb8       0x18 /usr/local/mcuxpressoide-11.1.0_3209/ide/plugins/com.nxp.mcuxpresso.tools.linux_11.1.0.201909161352/tools/bin/../lib/gcc/arm-none-eabi/8.3.1/../../../../arm-none-eabi/lib/thumb/v7e-m+fp/hard/libcr_c.a(_cr_check_heap.o)
                0x0000000020002cb8                __check_heap_overflow
 .text.DMA0_DMA16_IRQHandler
                0x0000000020002cd0        0x8 ./startup/startup_mimxrt1021.o
                0x0000000020002cd0                DMA0_DMA16_IRQHandler
 .text.DMA1_DMA17_IRQHandler
                0x0000000020002cd8        0x8 ./startup/startup_mimxrt1021.o
                0x0000000020002cd8                DMA1_DMA17_IRQHandler
 .text.DMA2_DMA18_IRQHandler
                0x0000000020002ce0        0x8 ./startup/startup_mimxrt1021.o
                0x0000000020002ce0                DMA2_DMA18_IRQHandler
 .text.DMA3_DMA19_IRQHandler
                0x0000000020002ce8        0x8 ./startup/startup_mimxrt1021.o
                0x0000000020002ce8                DMA3_DMA19_IRQHandler
 .text.DMA4_DMA20_IRQHandler
                0x0000000020002cf0        0x8 ./startup/startup_mimxrt1021.o
                0x0000000020002cf0                DMA4_DMA20_IRQHandler
 .text.DMA5_DMA21_IRQHandler
                0x0000000020002cf8        0x8 ./startup/startup_mimxrt1021.o
                0x0000000020002cf8                DMA5_DMA21_IRQHandler
 .text.DMA6_DMA22_IRQHandler
                0x0000000020002d00        0x8 ./startup/startup_mimxrt1021.o
                0x0000000020002d00                DMA6_DMA22_IRQHandler
 .text.DMA7_DMA23_IRQHandler
                0x0000000020002d08        0x8 ./startup/startup_mimxrt1021.o
                0x0000000020002d08                DMA7_DMA23_IRQHandler
 .text.DMA8_DMA24_IRQHandler
                0x0000000020002d10        0x8 ./startup/startup_mimxrt1021.o
                0x0000000020002d10                DMA8_DMA24_IRQHandler
 .text.DMA9_DMA25_IRQHandler
                0x0000000020002d18        0x8 ./startup/startup_mimxrt1021.o
                0x0000000020002d18                DMA9_DMA25_IRQHandler
 .text.DMA10_DMA26_IRQHandler
                0x0000000020002d20        0x8 ./startup/startup_mimxrt1021.o
                0x0000000020002d20                DMA10_DMA26_IRQHandler
 .text.DMA11_DMA27_IRQHandler
                0x0000000020002d28        0x8 ./startup/startup_mimxrt1021.o
                0x0000000020002d28                DMA11_DMA27_IRQHandler
 .text.DMA12_DMA28_IRQHandler
                0x0000000020002d30        0x8 ./startup/startup_mimxrt1021.o
                0x0000000020002d30                DMA12_DMA28_IRQHandler
 .text.DMA13_DMA29_IRQHandler
                0x0000000020002d38        0x8 ./startup/startup_mimxrt1021.o
                0x0000000020002d38                DMA13_DMA29_IRQHandler
 .text.DMA14_DMA30_IRQHandler
                0x0000000020002d40        0x8 ./startup/startup_mimxrt1021.o
                0x0000000020002d40                DMA14_DMA30_IRQHandler
 .text.DMA15_DMA31_IRQHandler
                0x0000000020002d48        0x8 ./startup/startup_mimxrt1021.o
                0x0000000020002d48                DMA15_DMA31_IRQHandler
 .text.DMA_ERROR_IRQHandler
                0x0000000020002d50        0x8 ./startup/startup_mimxrt1021.o
                0x0000000020002d50                DMA_ERROR_IRQHandler
 .text.CTI0_ERROR_IRQHandler
                0x0000000020002d58        0x8 ./startup/startup_mimxrt1021.o
                0x0000000020002d58                CTI0_ERROR_IRQHandler
 .text.CTI1_ERROR_IRQHandler
                0x0000000020002d60        0x8 ./startup/startup_mimxrt1021.o
                0x0000000020002d60                CTI1_ERROR_IRQHandler
 .text.CORE_IRQHandler
                0x0000000020002d68        0x8 ./startup/startup_mimxrt1021.o
                0x0000000020002d68                CORE_IRQHandler
 .text.LPUART1_IRQHandler
                0x0000000020002d70        0x8 ./startup/startup_mimxrt1021.o
                0x0000000020002d70                LPUART1_IRQHandler
 .text.LPUART2_IRQHandler
                0x0000000020002d78        0x8 ./startup/startup_mimxrt1021.o
                0x0000000020002d78                LPUART2_IRQHandler
 .text.LPUART3_IRQHandler
                0x0000000020002d80        0x8 ./startup/startup_mimxrt1021.o
                0x0000000020002d80                LPUART3_IRQHandler
 .text.LPUART4_IRQHandler
                0x0000000020002d88        0x8 ./startup/startup_mimxrt1021.o
                0x0000000020002d88                LPUART4_IRQHandler
 .text.LPUART5_IRQHandler
                0x0000000020002d90        0x8 ./startup/startup_mimxrt1021.o
                0x0000000020002d90                LPUART5_IRQHandler
 .text.LPUART6_IRQHandler
                0x0000000020002d98        0x8 ./startup/startup_mimxrt1021.o
                0x0000000020002d98                LPUART6_IRQHandler
 .text.LPUART7_IRQHandler
                0x0000000020002da0        0x8 ./startup/startup_mimxrt1021.o
                0x0000000020002da0                LPUART7_IRQHandler
 .text.LPUART8_IRQHandler
                0x0000000020002da8        0x8 ./startup/startup_mimxrt1021.o
                0x0000000020002da8                LPUART8_IRQHandler
 .text.LPI2C1_IRQHandler
                0x0000000020002db0        0x8 ./startup/startup_mimxrt1021.o
                0x0000000020002db0                LPI2C1_IRQHandler
 .text.LPI2C2_IRQHandler
                0x0000000020002db8        0x8 ./startup/startup_mimxrt1021.o
                0x0000000020002db8                LPI2C2_IRQHandler
 .text.LPI2C3_IRQHandler
                0x0000000020002dc0        0x8 ./startup/startup_mimxrt1021.o
                0x0000000020002dc0                LPI2C3_IRQHandler
 .text.LPI2C4_IRQHandler
                0x0000000020002dc8        0x8 ./startup/startup_mimxrt1021.o
                0x0000000020002dc8                LPI2C4_IRQHandler
 .text.LPSPI1_IRQHandler
                0x0000000020002dd0        0x8 ./startup/startup_mimxrt1021.o
                0x0000000020002dd0                LPSPI1_IRQHandler
 .text.LPSPI2_IRQHandler
                0x0000000020002dd8        0x8 ./startup/startup_mimxrt1021.o
                0x0000000020002dd8                LPSPI2_IRQHandler
 .text.LPSPI3_IRQHandler
                0x0000000020002de0        0x8 ./startup/startup_mimxrt1021.o
                0x0000000020002de0                LPSPI3_IRQHandler
 .text.LPSPI4_IRQHandler
                0x0000000020002de8        0x8 ./startup/startup_mimxrt1021.o
                0x0000000020002de8                LPSPI4_IRQHandler
 .text.CAN1_IRQHandler
                0x0000000020002df0        0x8 ./startup/startup_mimxrt1021.o
                0x0000000020002df0                CAN1_IRQHandler
 .text.CAN2_IRQHandler
                0x0000000020002df8        0x8 ./startup/startup_mimxrt1021.o
                0x0000000020002df8                CAN2_IRQHandler
 .text.FLEXRAM_IRQHandler
                0x0000000020002e00        0x8 ./startup/startup_mimxrt1021.o
                0x0000000020002e00                FLEXRAM_IRQHandler
 .text.KPP_IRQHandler
                0x0000000020002e08        0x8 ./startup/startup_mimxrt1021.o
                0x0000000020002e08                KPP_IRQHandler
 .text.Reserved56_IRQHandler
                0x0000000020002e10        0x8 ./startup/startup_mimxrt1021.o
                0x0000000020002e10                Reserved56_IRQHandler
 .text.GPR_IRQ_IRQHandler
                0x0000000020002e18        0x8 ./startup/startup_mimxrt1021.o
                0x0000000020002e18                GPR_IRQ_IRQHandler
 .text.Reserved58_IRQHandler
                0x0000000020002e20        0x8 ./startup/startup_mimxrt1021.o
                0x0000000020002e20                Reserved58_IRQHandler
 .text.Reserved59_IRQHandler
                0x0000000020002e28        0x8 ./startup/startup_mimxrt1021.o
                0x0000000020002e28                Reserved59_IRQHandler
 .text.Reserved60_IRQHandler
                0x0000000020002e30        0x8 ./startup/startup_mimxrt1021.o
                0x0000000020002e30                Reserved60_IRQHandler
 .text.WDOG2_IRQHandler
                0x0000000020002e38        0x8 ./startup/startup_mimxrt1021.o
                0x0000000020002e38                WDOG2_IRQHandler
 .text.SNVS_HP_WRAPPER_IRQHandler
                0x0000000020002e40        0x8 ./startup/startup_mimxrt1021.o
                0x0000000020002e40                SNVS_HP_WRAPPER_IRQHandler
 .text.SNVS_HP_WRAPPER_TZ_IRQHandler
                0x0000000020002e48        0x8 ./startup/startup_mimxrt1021.o
                0x0000000020002e48                SNVS_HP_WRAPPER_TZ_IRQHandler
 .text.SNVS_LP_WRAPPER_IRQHandler
                0x0000000020002e50        0x8 ./startup/startup_mimxrt1021.o
                0x0000000020002e50                SNVS_LP_WRAPPER_IRQHandler
 .text.CSU_IRQHandler
                0x0000000020002e58        0x8 ./startup/startup_mimxrt1021.o
                0x0000000020002e58                CSU_IRQHandler
 .text.DCP_IRQHandler
                0x0000000020002e60        0x8 ./startup/startup_mimxrt1021.o
                0x0000000020002e60                DCP_IRQHandler
 .text.DCP_VMI_IRQHandler
                0x0000000020002e68        0x8 ./startup/startup_mimxrt1021.o
                0x0000000020002e68                DCP_VMI_IRQHandler
 .text.Reserved68_IRQHandler
                0x0000000020002e70        0x8 ./startup/startup_mimxrt1021.o
                0x0000000020002e70                Reserved68_IRQHandler
 .text.TRNG_IRQHandler
                0x0000000020002e78        0x8 ./startup/startup_mimxrt1021.o
                0x0000000020002e78                TRNG_IRQHandler
 .text.Reserved70_IRQHandler
                0x0000000020002e80        0x8 ./startup/startup_mimxrt1021.o
                0x0000000020002e80                Reserved70_IRQHandler
 .text.BEE_IRQHandler
                0x0000000020002e88        0x8 ./startup/startup_mimxrt1021.o
                0x0000000020002e88                BEE_IRQHandler
 .text.SAI1_IRQHandler
                0x0000000020002e90        0x8 ./startup/startup_mimxrt1021.o
                0x0000000020002e90                SAI1_IRQHandler
 .text.SAI2_IRQHandler
                0x0000000020002e98        0x8 ./startup/startup_mimxrt1021.o
                0x0000000020002e98                SAI2_IRQHandler
 .text.SAI3_RX_IRQHandler
                0x0000000020002ea0        0x8 ./startup/startup_mimxrt1021.o
                0x0000000020002ea0                SAI3_RX_IRQHandler
 .text.SAI3_TX_IRQHandler
                0x0000000020002ea8        0x8 ./startup/startup_mimxrt1021.o
                0x0000000020002ea8                SAI3_TX_IRQHandler
 .text.SPDIF_IRQHandler
                0x0000000020002eb0        0x8 ./startup/startup_mimxrt1021.o
                0x0000000020002eb0                SPDIF_IRQHandler
 .text.PMU_IRQHandler
                0x0000000020002eb8        0x8 ./startup/startup_mimxrt1021.o
                0x0000000020002eb8                PMU_IRQHandler
 .text.Reserved78_IRQHandler
                0x0000000020002ec0        0x8 ./startup/startup_mimxrt1021.o
                0x0000000020002ec0                Reserved78_IRQHandler
 .text.TEMP_LOW_HIGH_IRQHandler
                0x0000000020002ec8        0x8 ./startup/startup_mimxrt1021.o
                0x0000000020002ec8                TEMP_LOW_HIGH_IRQHandler
 .text.TEMP_PANIC_IRQHandler
                0x0000000020002ed0        0x8 ./startup/startup_mimxrt1021.o
                0x0000000020002ed0                TEMP_PANIC_IRQHandler
 .text.USB_PHY_IRQHandler
                0x0000000020002ed8        0x8 ./startup/startup_mimxrt1021.o
                0x0000000020002ed8                USB_PHY_IRQHandler
 .text.Reserved82_IRQHandler
                0x0000000020002ee0        0x8 ./startup/startup_mimxrt1021.o
                0x0000000020002ee0                Reserved82_IRQHandler
 .text.ADC1_IRQHandler
                0x0000000020002ee8        0x8 ./startup/startup_mimxrt1021.o
                0x0000000020002ee8                ADC1_IRQHandler
 .text.ADC2_IRQHandler
                0x0000000020002ef0        0x8 ./startup/startup_mimxrt1021.o
                0x0000000020002ef0                ADC2_IRQHandler
 .text.DCDC_IRQHandler
                0x0000000020002ef8        0x8 ./startup/startup_mimxrt1021.o
                0x0000000020002ef8                DCDC_IRQHandler
 .text.Reserved86_IRQHandler
                0x0000000020002f00        0x8 ./startup/startup_mimxrt1021.o
                0x0000000020002f00                Reserved86_IRQHandler
 .text.Reserved87_IRQHandler
                0x0000000020002f08        0x8 ./startup/startup_mimxrt1021.o
                0x0000000020002f08                Reserved87_IRQHandler
 .text.GPIO1_INT0_IRQHandler
                0x0000000020002f10        0x8 ./startup/startup_mimxrt1021.o
                0x0000000020002f10                GPIO1_INT0_IRQHandler
 .text.GPIO1_INT1_IRQHandler
                0x0000000020002f18        0x8 ./startup/startup_mimxrt1021.o
                0x0000000020002f18                GPIO1_INT1_IRQHandler
 .text.GPIO1_INT2_IRQHandler
                0x0000000020002f20        0x8 ./startup/startup_mimxrt1021.o
                0x0000000020002f20                GPIO1_INT2_IRQHandler
 .text.GPIO1_INT3_IRQHandler
                0x0000000020002f28        0x8 ./startup/startup_mimxrt1021.o
                0x0000000020002f28                GPIO1_INT3_IRQHandler
 .text.GPIO1_INT4_IRQHandler
                0x0000000020002f30        0x8 ./startup/startup_mimxrt1021.o
                0x0000000020002f30                GPIO1_INT4_IRQHandler
 .text.GPIO1_INT5_IRQHandler
                0x0000000020002f38        0x8 ./startup/startup_mimxrt1021.o
                0x0000000020002f38                GPIO1_INT5_IRQHandler
 .text.GPIO1_INT6_IRQHandler
                0x0000000020002f40        0x8 ./startup/startup_mimxrt1021.o
                0x0000000020002f40                GPIO1_INT6_IRQHandler
 .text.GPIO1_INT7_IRQHandler
                0x0000000020002f48        0x8 ./startup/startup_mimxrt1021.o
                0x0000000020002f48                GPIO1_INT7_IRQHandler
 .text.GPIO1_Combined_0_15_IRQHandler
                0x0000000020002f50        0x8 ./startup/startup_mimxrt1021.o
                0x0000000020002f50                GPIO1_Combined_0_15_IRQHandler
 .text.GPIO1_Combined_16_31_IRQHandler
                0x0000000020002f58        0x8 ./startup/startup_mimxrt1021.o
                0x0000000020002f58                GPIO1_Combined_16_31_IRQHandler
 .text.GPIO2_Combined_0_15_IRQHandler
                0x0000000020002f60        0x8 ./startup/startup_mimxrt1021.o
                0x0000000020002f60                GPIO2_Combined_0_15_IRQHandler
 .text.GPIO2_Combined_16_31_IRQHandler
                0x0000000020002f68        0x8 ./startup/startup_mimxrt1021.o
                0x0000000020002f68                GPIO2_Combined_16_31_IRQHandler
 .text.GPIO3_Combined_0_15_IRQHandler
                0x0000000020002f70        0x8 ./startup/startup_mimxrt1021.o
                0x0000000020002f70                GPIO3_Combined_0_15_IRQHandler
 .text.GPIO3_Combined_16_31_IRQHandler
                0x0000000020002f78        0x8 ./startup/startup_mimxrt1021.o
                0x0000000020002f78                GPIO3_Combined_16_31_IRQHandler
 .text.Reserved102_IRQHandler
                0x0000000020002f80        0x8 ./startup/startup_mimxrt1021.o
                0x0000000020002f80                Reserved102_IRQHandler
 .text.Reserved103_IRQHandler
                0x0000000020002f88        0x8 ./startup/startup_mimxrt1021.o
                0x0000000020002f88                Reserved103_IRQHandler
 .text.GPIO5_Combined_0_15_IRQHandler
                0x0000000020002f90        0x8 ./startup/startup_mimxrt1021.o
                0x0000000020002f90                GPIO5_Combined_0_15_IRQHandler
 .text.GPIO5_Combined_16_31_IRQHandler
                0x0000000020002f98        0x8 ./startup/startup_mimxrt1021.o
                0x0000000020002f98                GPIO5_Combined_16_31_IRQHandler
 .text.FLEXIO1_IRQHandler
                0x0000000020002fa0        0x8 ./startup/startup_mimxrt1021.o
                0x0000000020002fa0                FLEXIO1_IRQHandler
 .text.Reserved107_IRQHandler
                0x0000000020002fa8        0x8 ./startup/startup_mimxrt1021.o
                0x0000000020002fa8                Reserved107_IRQHandler
 .text.WDOG1_IRQHandler
                0x0000000020002fb0        0x8 ./startup/startup_mimxrt1021.o
                0x0000000020002fb0                WDOG1_IRQHandler
 .text.RTWDOG_IRQHandler
                0x0000000020002fb8        0x8 ./startup/startup_mimxrt1021.o
                0x0000000020002fb8                RTWDOG_IRQHandler
 .text.EWM_IRQHandler
                0x0000000020002fc0        0x8 ./startup/startup_mimxrt1021.o
                0x0000000020002fc0                EWM_IRQHandler
 .text.CCM_1_IRQHandler
                0x0000000020002fc8        0x8 ./startup/startup_mimxrt1021.o
                0x0000000020002fc8                CCM_1_IRQHandler
 .text.CCM_2_IRQHandler
                0x0000000020002fd0        0x8 ./startup/startup_mimxrt1021.o
                0x0000000020002fd0                CCM_2_IRQHandler
 .text.GPC_IRQHandler
                0x0000000020002fd8        0x8 ./startup/startup_mimxrt1021.o
                0x0000000020002fd8                GPC_IRQHandler
 .text.SRC_IRQHandler
                0x0000000020002fe0        0x8 ./startup/startup_mimxrt1021.o
                0x0000000020002fe0                SRC_IRQHandler
 .text.Reserved115_IRQHandler
                0x0000000020002fe8        0x8 ./startup/startup_mimxrt1021.o
                0x0000000020002fe8                Reserved115_IRQHandler
 .text.GPT1_IRQHandler
                0x0000000020002ff0        0x8 ./startup/startup_mimxrt1021.o
                0x0000000020002ff0                GPT1_IRQHandler
 .text.GPT2_IRQHandler
                0x0000000020002ff8        0x8 ./startup/startup_mimxrt1021.o
                0x0000000020002ff8                GPT2_IRQHandler
 .text.PWM1_0_IRQHandler
                0x0000000020003000        0x8 ./startup/startup_mimxrt1021.o
                0x0000000020003000                PWM1_0_IRQHandler
 .text.PWM1_1_IRQHandler
                0x0000000020003008        0x8 ./startup/startup_mimxrt1021.o
                0x0000000020003008                PWM1_1_IRQHandler
 .text.PWM1_2_IRQHandler
                0x0000000020003010        0x8 ./startup/startup_mimxrt1021.o
                0x0000000020003010                PWM1_2_IRQHandler
 .text.PWM1_3_IRQHandler
                0x0000000020003018        0x8 ./startup/startup_mimxrt1021.o
                0x0000000020003018                PWM1_3_IRQHandler
 .text.PWM1_FAULT_IRQHandler
                0x0000000020003020        0x8 ./startup/startup_mimxrt1021.o
                0x0000000020003020                PWM1_FAULT_IRQHandler
 .text.Reserved123_IRQHandler
                0x0000000020003028        0x8 ./startup/startup_mimxrt1021.o
                0x0000000020003028                Reserved123_IRQHandler
 .text.FLEXSPI_IRQHandler
                0x0000000020003030        0x8 ./startup/startup_mimxrt1021.o
                0x0000000020003030                FLEXSPI_IRQHandler
 .text.SEMC_IRQHandler
                0x0000000020003038        0x8 ./startup/startup_mimxrt1021.o
                0x0000000020003038                SEMC_IRQHandler
 .text.USDHC1_IRQHandler
                0x0000000020003040        0x8 ./startup/startup_mimxrt1021.o
                0x0000000020003040                USDHC1_IRQHandler
 .text.USDHC2_IRQHandler
                0x0000000020003048        0x8 ./startup/startup_mimxrt1021.o
                0x0000000020003048                USDHC2_IRQHandler
 .text.Reserved128_IRQHandler
                0x0000000020003050        0x8 ./startup/startup_mimxrt1021.o
                0x0000000020003050                Reserved128_IRQHandler
 .text.USB_OTG1_IRQHandler
                0x0000000020003058        0x8 ./startup/startup_mimxrt1021.o
                0x0000000020003058                USB_OTG1_IRQHandler
 .text.ENET_IRQHandler
                0x0000000020003060        0x8 ./startup/startup_mimxrt1021.o
                0x0000000020003060                ENET_IRQHandler
 .text.ENET_1588_Timer_IRQHandler
                0x0000000020003068        0x8 ./startup/startup_mimxrt1021.o
                0x0000000020003068                ENET_1588_Timer_IRQHandler
 .text.XBAR1_IRQ_0_1_IRQHandler
                0x0000000020003070        0x8 ./startup/startup_mimxrt1021.o
                0x0000000020003070                XBAR1_IRQ_0_1_IRQHandler
 .text.XBAR1_IRQ_2_3_IRQHandler
                0x0000000020003078        0x8 ./startup/startup_mimxrt1021.o
                0x0000000020003078                XBAR1_IRQ_2_3_IRQHandler
 .text.ADC_ETC_IRQ0_IRQHandler
                0x0000000020003080        0x8 ./startup/startup_mimxrt1021.o
                0x0000000020003080                ADC_ETC_IRQ0_IRQHandler
 .text.ADC_ETC_IRQ1_IRQHandler
                0x0000000020003088        0x8 ./startup/startup_mimxrt1021.o
                0x0000000020003088                ADC_ETC_IRQ1_IRQHandler
 .text.ADC_ETC_IRQ2_IRQHandler
                0x0000000020003090        0x8 ./startup/startup_mimxrt1021.o
                0x0000000020003090                ADC_ETC_IRQ2_IRQHandler
 .text.ADC_ETC_ERROR_IRQ_IRQHandler
                0x0000000020003098        0x8 ./startup/startup_mimxrt1021.o
                0x0000000020003098                ADC_ETC_ERROR_IRQ_IRQHandler
 .text.PIT_IRQHandler
                0x00000000200030a0        0x8 ./startup/startup_mimxrt1021.o
                0x00000000200030a0                PIT_IRQHandler
 .text.ACMP1_IRQHandler
                0x00000000200030a8        0x8 ./startup/startup_mimxrt1021.o
                0x00000000200030a8                ACMP1_IRQHandler
 .text.ACMP2_IRQHandler
                0x00000000200030b0        0x8 ./startup/startup_mimxrt1021.o
                0x00000000200030b0                ACMP2_IRQHandler
 .text.ACMP3_IRQHandler
                0x00000000200030b8        0x8 ./startup/startup_mimxrt1021.o
                0x00000000200030b8                ACMP3_IRQHandler
 .text.ACMP4_IRQHandler
                0x00000000200030c0        0x8 ./startup/startup_mimxrt1021.o
                0x00000000200030c0                ACMP4_IRQHandler
 .text.Reserved143_IRQHandler
                0x00000000200030c8        0x8 ./startup/startup_mimxrt1021.o
                0x00000000200030c8                Reserved143_IRQHandler
 .text.Reserved144_IRQHandler
                0x00000000200030d0        0x8 ./startup/startup_mimxrt1021.o
                0x00000000200030d0                Reserved144_IRQHandler
 .text.ENC1_IRQHandler
                0x00000000200030d8        0x8 ./startup/startup_mimxrt1021.o
                0x00000000200030d8                ENC1_IRQHandler
 .text.ENC2_IRQHandler
                0x00000000200030e0        0x8 ./startup/startup_mimxrt1021.o
                0x00000000200030e0                ENC2_IRQHandler
 .text.Reserved147_IRQHandler
                0x00000000200030e8        0x8 ./startup/startup_mimxrt1021.o
                0x00000000200030e8                Reserved147_IRQHandler
 .text.Reserved148_IRQHandler
                0x00000000200030f0        0x8 ./startup/startup_mimxrt1021.o
                0x00000000200030f0                Reserved148_IRQHandler
 .text.TMR1_IRQHandler
                0x00000000200030f8        0x8 ./startup/startup_mimxrt1021.o
                0x00000000200030f8                TMR1_IRQHandler
 .text.TMR2_IRQHandler
                0x0000000020003100        0x8 ./startup/startup_mimxrt1021.o
                0x0000000020003100                TMR2_IRQHandler
 .text.Reserved151_IRQHandler
                0x0000000020003108        0x8 ./startup/startup_mimxrt1021.o
                0x0000000020003108                Reserved151_IRQHandler
 .text.Reserved152_IRQHandler
                0x0000000020003110        0x8 ./startup/startup_mimxrt1021.o
                0x0000000020003110                Reserved152_IRQHandler
 .text.PWM2_0_IRQHandler
                0x0000000020003118        0x8 ./startup/startup_mimxrt1021.o
                0x0000000020003118                PWM2_0_IRQHandler
 .text.PWM2_1_IRQHandler
                0x0000000020003120        0x8 ./startup/startup_mimxrt1021.o
                0x0000000020003120                PWM2_1_IRQHandler
 .text.PWM2_2_IRQHandler
                0x0000000020003128        0x8 ./startup/startup_mimxrt1021.o
                0x0000000020003128                PWM2_2_IRQHandler
 .text.PWM2_3_IRQHandler
                0x0000000020003130        0x8 ./startup/startup_mimxrt1021.o
                0x0000000020003130                PWM2_3_IRQHandler
 .text.PWM2_FAULT_IRQHandler
                0x0000000020003138        0x8 ./startup/startup_mimxrt1021.o
                0x0000000020003138                PWM2_FAULT_IRQHandler
 .text.GPIO_PortToggle
                0x0000000020003140       0x1e ./source/MIMXRT1021xxxxx_Project.o
 .text.HardFault_Handler
                0x000000002000315e       0x2c ./source/semihost_hardfault.o
                0x000000002000315e                HardFault_Handler
 .text.CLOCK_IsPllBypassed
                0x000000002000318a       0x32 ./drivers/fsl_clock.o
 .text.CLOCK_IsPllEnabled
                0x00000000200031bc       0x3c ./drivers/fsl_clock.o
 .text.CLOCK_GetPllBypassRefClk
                0x00000000200031f8       0x34 ./drivers/fsl_clock.o
 .text.DelayLoop
                0x000000002000322c       0x20 ./drivers/fsl_common.o
 .text.CLOCK_EnableClock
                0x000000002000324c       0x1e ./drivers/fsl_gpio.o
 .text.GPIO_SetPinInterruptConfig
                0x000000002000326a       0x22 ./drivers/fsl_gpio.o
 .text.LPSPI_IsMaster
                0x000000002000328c       0x26 ./drivers/fsl_lpspi.o
 .text.SystemInitHook
                0x00000000200032b2        0xe ./device/system_MIMXRT1021.o
                0x00000000200032b2                SystemInitHook
 .text.DbgConsole_Init
                0x00000000200032c0       0x20 ./board/board.o
 .text.BOARD_InitDebugConsole
                0x00000000200032e0       0x22 ./board/board.o
                0x00000000200032e0                BOARD_InitDebugConsole
 .text.CLOCK_DisableClock
                0x0000000020003302       0x1e ./board/clock_config.o
 .text.CLOCK_SetPllBypass
                0x0000000020003320       0x4e ./board/clock_config.o
 .text.IOMUXC_SetSaiMClkClockSource
                0x000000002000336e       0x6c ./board/clock_config.o
 .text.BOARD_InitBootClocks
                0x00000000200033da        0xc ./board/clock_config.o
                0x00000000200033da                BOARD_InitBootClocks
 .text.BOARD_InitBootPeripherals
                0x00000000200033e6        0xc ./board/peripherals.o
                0x00000000200033e6                BOARD_InitBootPeripherals
 .text.CLOCK_EnableClock
                0x00000000200033f2       0x1e ./board/pin_mux.o
 .text.IOMUXC_SetPinMux
                0x0000000020003410       0x3a ./board/pin_mux.o
 .text.BOARD_InitBootPins
                0x000000002000344a       0x10 ./board/pin_mux.o
                0x000000002000344a                BOARD_InitBootPins
 .text.__main   0x000000002000345a        0xe /usr/local/mcuxpressoide-11.1.0_3209/ide/plugins/com.nxp.mcuxpresso.tools.linux_11.1.0.201909161352/tools/bin/../lib/gcc/arm-none-eabi/8.3.1/../../../../arm-none-eabi/lib/thumb/v7e-m+fp/hard/libcr_semihost_nf.a(_cr__main.o)
                0x000000002000345a                __main
                0x000000002000345a                __CR_SEMIHOST
 .text.memset   0x0000000020003468        0x4 /usr/local/mcuxpressoide-11.1.0_3209/ide/plugins/com.nxp.mcuxpresso.tools.linux_11.1.0.201909161352/tools/bin/../lib/gcc/arm-none-eabi/8.3.1/../../../../arm-none-eabi/lib/thumb/v7e-m+fp/hard/libcr_c.a(memset.o)
                0x0000000020003468                memset
 .text._deferredlazyseek
                0x000000002000346c       0x40 /usr/local/mcuxpressoide-11.1.0_3209/ide/plugins/com.nxp.mcuxpresso.tools.linux_11.1.0.201909161352/tools/bin/../lib/gcc/arm-none-eabi/8.3.1/../../../../arm-none-eabi/lib/thumb/v7e-m+fp/hard/libcr_c.a(_deferredlazyseek.o)
                0x000000002000346c                _deferredlazyseek
 .text.__flsbuf
                0x00000000200034ac      0x140 /usr/local/mcuxpressoide-11.1.0_3209/ide/plugins/com.nxp.mcuxpresso.tools.linux_11.1.0.201909161352/tools/bin/../lib/gcc/arm-none-eabi/8.3.1/../../../../arm-none-eabi/lib/thumb/v7e-m+fp/hard/libcr_c.a(_deferredlazyseek.o)
                0x00000000200034ac                __flsbuf
 .text._fflush  0x00000000200035ec       0x52 /usr/local/mcuxpressoide-11.1.0_3209/ide/plugins/com.nxp.mcuxpresso.tools.linux_11.1.0.201909161352/tools/bin/../lib/gcc/arm-none-eabi/8.3.1/../../../../arm-none-eabi/lib/thumb/v7e-m+fp/hard/libcr_c.a(_fflush.o)
                0x00000000200035ec                _fflush
 .text.free     0x000000002000363e       0x30 /usr/local/mcuxpressoide-11.1.0_3209/ide/plugins/com.nxp.mcuxpresso.tools.linux_11.1.0.201909161352/tools/bin/../lib/gcc/arm-none-eabi/8.3.1/../../../../arm-none-eabi/lib/thumb/v7e-m+fp/hard/libcr_c.a(alloc.o)
                0x000000002000363e                free
 .text.fputs    0x000000002000366e       0x2c /usr/local/mcuxpressoide-11.1.0_3209/ide/plugins/com.nxp.mcuxpresso.tools.linux_11.1.0.201909161352/tools/bin/../lib/gcc/arm-none-eabi/8.3.1/../../../../arm-none-eabi/lib/thumb/v7e-m+fp/hard/libcr_c.a(fputs.o)
                0x000000002000366e                fputs
 .text.no_fp_display
                0x000000002000369a        0x4 /usr/local/mcuxpressoide-11.1.0_3209/ide/plugins/com.nxp.mcuxpresso.tools.linux_11.1.0.201909161352/tools/bin/../lib/gcc/arm-none-eabi/8.3.1/../../../../arm-none-eabi/lib/thumb/v7e-m+fp/hard/libcr_c.a(printf.o)
 .text.strlen   0x000000002000369e       0x4c /usr/local/mcuxpressoide-11.1.0_3209/ide/plugins/com.nxp.mcuxpresso.tools.linux_11.1.0.201909161352/tools/bin/../lib/gcc/arm-none-eabi/8.3.1/../../../../arm-none-eabi/lib/thumb/v7e-m+fp/hard/libcr_c.a(strlen.o)
                0x000000002000369e                strlen
 .text._fdopen  0x00000000200036ea       0x68 /usr/local/mcuxpressoide-11.1.0_3209/ide/plugins/com.nxp.mcuxpresso.tools.linux_11.1.0.201909161352/tools/bin/../lib/gcc/arm-none-eabi/8.3.1/../../../../arm-none-eabi/lib/thumb/v7e-m+fp/hard/libcr_c.a(_fdopen.o)
                0x00000000200036ea                _fdopen
 .text.fclose   0x0000000020003752       0x58 /usr/local/mcuxpressoide-11.1.0_3209/ide/plugins/com.nxp.mcuxpresso.tools.linux_11.1.0.201909161352/tools/bin/../lib/gcc/arm-none-eabi/8.3.1/../../../../arm-none-eabi/lib/thumb/v7e-m+fp/hard/libcr_c.a(fclose.o)
                0x0000000020003752                fclose
 .text.remove   0x00000000200037aa       0x14 /usr/local/mcuxpressoide-11.1.0_3209/ide/plugins/com.nxp.mcuxpresso.tools.linux_11.1.0.201909161352/tools/bin/../lib/gcc/arm-none-eabi/8.3.1/../../../../arm-none-eabi/lib/thumb/v7e-m+fp/hard/libcr_c.a(remove.o)
                0x00000000200037aa                remove
 .text._do_fflush
                0x00000000200037be       0x40 /usr/local/mcuxpressoide-11.1.0_3209/ide/plugins/com.nxp.mcuxpresso.tools.linux_11.1.0.201909161352/tools/bin/../lib/gcc/arm-none-eabi/8.3.1/../../../../arm-none-eabi/lib/thumb/v7e-m+fp/hard/libcr_c.a(_do_fflush.o)
                0x00000000200037be                _do_fflush
 .text.__aeabi_division_uldivmod
                0x00000000200037fe      0x174 /usr/local/mcuxpressoide-11.1.0_3209/ide/plugins/com.nxp.mcuxpresso.tools.linux_11.1.0.201909161352/tools/bin/../lib/gcc/arm-none-eabi/8.3.1/thumb/v7e-m+fp/hard/libcr_eabihelpers.a(division_64.o)
                0x00000000200037fe                __aeabi_uldivmod
                0x0000000020003802                __bhs_ldivmod1
 .text.__aeabi_division_idiv0
                0x0000000020003972        0x2 /usr/local/mcuxpressoide-11.1.0_3209/ide/plugins/com.nxp.mcuxpresso.tools.linux_11.1.0.201909161352/tools/bin/../lib/gcc/arm-none-eabi/8.3.1/thumb/v7e-m+fp/hard/libcr_eabihelpers.a(division_idiv0.o)
                0x0000000020003972                __aeabi_idiv0
 .text.__aeabi_memset_lowlevel
                0x0000000020003974       0x32 /usr/local/mcuxpressoide-11.1.0_3209/ide/plugins/com.nxp.mcuxpresso.tools.linux_11.1.0.201909161352/tools/bin/../lib/gcc/arm-none-eabi/8.3.1/thumb/v7e-m+fp/hard/libcr_eabihelpers.a(memcpy.o)
                0x0000000020003974                __aeabi_lowlevel_memset
 .text.__sys_close
                0x00000000200039a6        0xc /usr/local/mcuxpressoide-11.1.0_3209/ide/plugins/com.nxp.mcuxpresso.tools.linux_11.1.0.201909161352/tools/bin/../lib/gcc/arm-none-eabi/8.3.1/../../../../arm-none-eabi/lib/thumb/v7e-m+fp/hard/libcr_semihost_nf.a(__sys_close.o)
                0x00000000200039a6                __sys_close
 .text.__sys_flen
                0x00000000200039b2        0xc /usr/local/mcuxpressoide-11.1.0_3209/ide/plugins/com.nxp.mcuxpresso.tools.linux_11.1.0.201909161352/tools/bin/../lib/gcc/arm-none-eabi/8.3.1/../../../../arm-none-eabi/lib/thumb/v7e-m+fp/hard/libcr_semihost_nf.a(__sys_flen.o)
                0x00000000200039b2                __sys_flen
 .text.__sys_istty
                0x00000000200039be        0xc /usr/local/mcuxpressoide-11.1.0_3209/ide/plugins/com.nxp.mcuxpresso.tools.linux_11.1.0.201909161352/tools/bin/../lib/gcc/arm-none-eabi/8.3.1/../../../../arm-none-eabi/lib/thumb/v7e-m+fp/hard/libcr_semihost_nf.a(__sys_istty.o)
                0x00000000200039be                __sys_istty
 .text.__sys_remove
                0x00000000200039ca        0xc /usr/local/mcuxpressoide-11.1.0_3209/ide/plugins/com.nxp.mcuxpresso.tools.linux_11.1.0.201909161352/tools/bin/../lib/gcc/arm-none-eabi/8.3.1/../../../../arm-none-eabi/lib/thumb/v7e-m+fp/hard/libcr_semihost_nf.a(__sys_remove.o)
                0x00000000200039ca                __sys_remove
 .text.__sys_seek
                0x00000000200039d6        0xc /usr/local/mcuxpressoide-11.1.0_3209/ide/plugins/com.nxp.mcuxpresso.tools.linux_11.1.0.201909161352/tools/bin/../lib/gcc/arm-none-eabi/8.3.1/../../../../arm-none-eabi/lib/thumb/v7e-m+fp/hard/libcr_semihost_nf.a(__sys_seek.o)
                0x00000000200039d6                __sys_seek
 .text.__sys_tmpnam
                0x00000000200039e2        0xc /usr/local/mcuxpressoide-11.1.0_3209/ide/plugins/com.nxp.mcuxpresso.tools.linux_11.1.0.201909161352/tools/bin/../lib/gcc/arm-none-eabi/8.3.1/../../../../arm-none-eabi/lib/thumb/v7e-m+fp/hard/libcr_semihost_nf.a(__sys_tmpnam.o)
                0x00000000200039e2                __sys_tmpnam
 .text.__sys_write
                0x00000000200039ee        0xc /usr/local/mcuxpressoide-11.1.0_3209/ide/plugins/com.nxp.mcuxpresso.tools.linux_11.1.0.201909161352/tools/bin/../lib/gcc/arm-none-eabi/8.3.1/../../../../arm-none-eabi/lib/thumb/v7e-m+fp/hard/libcr_semihost_nf.a(__sys_write.o)
                0x00000000200039ee                __sys_write
 *(SORT_BY_ALIGNMENT(.rodata) SORT_BY_ALIGNMENT(.rodata.*) SORT_BY_ALIGNMENT(.constdata) SORT_BY_ALIGNMENT(.constdata.*))
 *fill*         0x00000000200039fa        0x2 ff
 .rodata.main.str1.4
                0x00000000200039fc        0xd ./source/MIMXRT1021xxxxx_Project.o
 *fill*         0x0000000020003a09        0x3 ff
 .rodata.CLOCK_InitExternalClk.str1.4
                0x0000000020003a0c       0x22 ./drivers/fsl_clock.o
 *fill*         0x0000000020003a2e        0x2 ff
 .rodata.CLOCK_GetPllFreq.str1.4
                0x0000000020003a30       0x35 ./drivers/fsl_clock.o
 *fill*         0x0000000020003a65        0x3 ff
 .rodata        0x0000000020003a68       0x10 ./drivers/fsl_clock.o
 .rodata.SDK_DelayAtLeastUs.str1.4
                0x0000000020003a78       0x4c ./drivers/fsl_common.o
 .rodata.CLOCK_ControlGate.str1.4
                0x0000000020003ac4       0x20 ./drivers/fsl_gpio.o
 .rodata.s_gpioBases
                0x0000000020003ae4       0x18 ./drivers/fsl_gpio.o
 .rodata.s_gpioClock
                0x0000000020003afc        0xc ./drivers/fsl_gpio.o
 .rodata.GPIO_GetInstance.str1.4
                0x0000000020003b08       0x34 ./drivers/fsl_gpio.o
 .rodata.GPIO_PinWrite.str1.4
                0x0000000020003b3c       0x1c ./drivers/fsl_gpio.o
 .rodata.LPSPI1_DriverIRQHandler.str1.4
                0x0000000020003b58       0x25 ./drivers/fsl_lpspi.o
 *fill*         0x0000000020003b7d        0x3 ff
 .rodata.LPSPI2_DriverIRQHandler.str1.4
                0x0000000020003b80       0x25 ./drivers/fsl_lpspi.o
 *fill*         0x0000000020003ba5        0x3 ff
 .rodata.LPSPI3_DriverIRQHandler.str1.4
                0x0000000020003ba8       0x25 ./drivers/fsl_lpspi.o
 *fill*         0x0000000020003bcd        0x3 ff
 .rodata.LPSPI4_DriverIRQHandler.str1.4
                0x0000000020003bd0       0x25 ./drivers/fsl_lpspi.o
 *fill*         0x0000000020003bf5        0x3 ff
 .rodata.BOARD_ConfigMPU.str1.4
                0x0000000020003bf8       0x6a ./board/board.o
 *fill*         0x0000000020003c62        0x2 ff
 .rodata.CLOCK_SetMux.str1.4
                0x0000000020003c64       0x84 ./board/clock_config.o
 .rodata.CLOCK_SetDiv.str1.4
                0x0000000020003ce8       0x84 ./board/clock_config.o
 .rodata.CLOCK_ControlGate.str1.4
                0x0000000020003d6c       0x74 ./board/clock_config.o
                                         0x73 (size before relaxing)
 .rodata.enetPllConfig_BOARD_BootClockRUN
                0x0000000020003de0        0x5 ./board/clock_config.o
                0x0000000020003de0                enetPllConfig_BOARD_BootClockRUN
 .rodata.CLOCK_ControlGate.str1.4
                0x0000000020003de5       0x73 ./board/pin_mux.o
 *fill*         0x0000000020003de5        0x3 ff
 .rodata.__num_Ciob_streams
                0x0000000020003de8        0x4 /usr/local/mcuxpressoide-11.1.0_3209/ide/plugins/com.nxp.mcuxpresso.tools.linux_11.1.0.201909161352/tools/bin/../lib/gcc/arm-none-eabi/8.3.1/../../../../arm-none-eabi/lib/thumb/v7e-m+fp/hard/libcr_semihost_nf.a(__ciob.o)
                0x0000000020003de8                __num_Ciob_streams
 .rodata.__assertion_failed.str1.1
                0x0000000020003dec       0x15 /usr/local/mcuxpressoide-11.1.0_3209/ide/plugins/com.nxp.mcuxpresso.tools.linux_11.1.0.201909161352/tools/bin/../lib/gcc/arm-none-eabi/8.3.1/../../../../arm-none-eabi/lib/thumb/v7e-m+fp/hard/libcr_semihost_nf.a(_cr_assert.o)
 .rodata._Csys_alloc.str1.1
                0x0000000020003e01       0x18 /usr/local/mcuxpressoide-11.1.0_3209/ide/plugins/com.nxp.mcuxpresso.tools.linux_11.1.0.201909161352/tools/bin/../lib/gcc/arm-none-eabi/8.3.1/../../../../arm-none-eabi/lib/thumb/v7e-m+fp/hard/libcr_c.a(alloc.o)
 .rodata._initio.str1.1
                0x0000000020003e19        0x4 /usr/local/mcuxpressoide-11.1.0_3209/ide/plugins/com.nxp.mcuxpresso.tools.linux_11.1.0.201909161352/tools/bin/../lib/gcc/arm-none-eabi/8.3.1/../../../../arm-none-eabi/lib/thumb/v7e-m+fp/hard/libcr_c.a(initio.o)
 .rodata.__vfprintf.str1.1
                0x0000000020003e1d       0x35 /usr/local/mcuxpressoide-11.1.0_3209/ide/plugins/com.nxp.mcuxpresso.tools.linux_11.1.0.201909161352/tools/bin/../lib/gcc/arm-none-eabi/8.3.1/../../../../arm-none-eabi/lib/thumb/v7e-m+fp/hard/libcr_c.a(printf.o)
                                         0x38 (size before relaxing)
                0x0000000020003e54                . = ALIGN (0x4)
 *fill*         0x0000000020003e52        0x2 ff

.glue_7         0x0000000020003e54        0x0
 .glue_7        0x0000000020003e54        0x0 linker stubs

.glue_7t        0x0000000020003e54        0x0
 .glue_7t       0x0000000020003e54        0x0 linker stubs

.vfp11_veneer   0x0000000020003e54        0x0
 .vfp11_veneer  0x0000000020003e54        0x0 linker stubs

.v4_bx          0x0000000020003e54        0x0
 .v4_bx         0x0000000020003e54        0x0 linker stubs

.iplt           0x0000000020003e54        0x0
 .iplt          0x0000000020003e54        0x0 ./startup/startup_mimxrt1021.o

.rel.dyn        0x0000000020003e54        0x0
 .rel.iplt      0x0000000020003e54        0x0 ./startup/startup_mimxrt1021.o

.ARM.extab
 *(SORT_BY_ALIGNMENT(.ARM.extab*) SORT_BY_ALIGNMENT(.gnu.linkonce.armextab.*))
                0x0000000020003e54                __exidx_start = .

.ARM.exidx
 *(SORT_BY_ALIGNMENT(.ARM.exidx*) SORT_BY_ALIGNMENT(.gnu.linkonce.armexidx.*))
                0x0000000020003e54                __exidx_end = .
                0x0000000020003e54                _etext = .

.data_RAM2      0x0000000000000000        0x0 load address 0x0000000020003e54
 FILL mask 0xff
                [!provide]                        PROVIDE (__start_data_RAM2 = .)
                [!provide]                        PROVIDE (__start_data_SRAM_ITC = .)
 *(SORT_BY_ALIGNMENT(.ramfunc.$RAM2))
 *(SORT_BY_ALIGNMENT(.ramfunc.$SRAM_ITC))
 *(SORT_BY_ALIGNMENT(.data.$RAM2))
 *(SORT_BY_ALIGNMENT(.data.$SRAM_ITC))
 *(SORT_BY_ALIGNMENT(.data.$RAM2.*))
 *(SORT_BY_ALIGNMENT(.data.$SRAM_ITC.*))
                0x0000000000000000                . = ALIGN (0x4)
                [!provide]                        PROVIDE (__end_data_RAM2 = .)
                [!provide]                        PROVIDE (__end_data_SRAM_ITC = .)

.data_RAM3      0x0000000020200000        0x0 load address 0x0000000020003e54
 FILL mask 0xff
                [!provide]                        PROVIDE (__start_data_RAM3 = .)
                [!provide]                        PROVIDE (__start_data_SRAM_OC = .)
 *(SORT_BY_ALIGNMENT(.ramfunc.$RAM3))
 *(SORT_BY_ALIGNMENT(.ramfunc.$SRAM_OC))
 *(SORT_BY_ALIGNMENT(.data.$RAM3))
 *(SORT_BY_ALIGNMENT(.data.$SRAM_OC))
 *(SORT_BY_ALIGNMENT(.data.$RAM3.*))
 *(SORT_BY_ALIGNMENT(.data.$SRAM_OC.*))
                0x0000000020200000                . = ALIGN (0x4)
                [!provide]                        PROVIDE (__end_data_RAM3 = .)
                [!provide]                        PROVIDE (__end_data_SRAM_OC = .)

.data_RAM4      0x0000000080000000        0x0 load address 0x0000000020003e54
 FILL mask 0xff
                [!provide]                        PROVIDE (__start_data_RAM4 = .)
                [!provide]                        PROVIDE (__start_data_BOARD_SDRAM = .)
 *(SORT_BY_ALIGNMENT(.ramfunc.$RAM4))
 *(SORT_BY_ALIGNMENT(.ramfunc.$BOARD_SDRAM))
 *(SORT_BY_ALIGNMENT(.data.$RAM4))
 *(SORT_BY_ALIGNMENT(.data.$BOARD_SDRAM))
 *(SORT_BY_ALIGNMENT(.data.$RAM4.*))
 *(SORT_BY_ALIGNMENT(.data.$BOARD_SDRAM.*))
                0x0000000080000000                . = ALIGN (0x4)
                [!provide]                        PROVIDE (__end_data_RAM4 = .)
                [!provide]                        PROVIDE (__end_data_BOARD_SDRAM = .)

.data_RAM5      0x0000000081e00000        0x0 load address 0x0000000020003e54
 FILL mask 0xff
                [!provide]                        PROVIDE (__start_data_RAM5 = .)
                [!provide]                        PROVIDE (__start_data_NCACHE_REGION = .)
 *(SORT_BY_ALIGNMENT(.ramfunc.$RAM5))
 *(SORT_BY_ALIGNMENT(.ramfunc.$NCACHE_REGION))
 *(SORT_BY_ALIGNMENT(.data.$RAM5))
 *(SORT_BY_ALIGNMENT(.data.$NCACHE_REGION))
 *(SORT_BY_ALIGNMENT(.data.$RAM5.*))
 *(SORT_BY_ALIGNMENT(.data.$NCACHE_REGION.*))
                0x0000000081e00000                . = ALIGN (0x4)
                [!provide]                        PROVIDE (__end_data_RAM5 = .)
                [!provide]                        PROVIDE (__end_data_NCACHE_REGION = .)

.uninit_RESERVED
                0x0000000020003e54        0x0
                0x0000000020003e54                _start_uninit_RESERVED = .
 *(SORT_BY_ALIGNMENT(.bss.$RESERVED*))
                0x0000000020003e54                . = ALIGN (0x4)
                0x0000000020003e54                _end_uninit_RESERVED = .

.data           0x0000000020003e54        0x4
 FILL mask 0xff
                0x0000000020003e54                _data = .
                [!provide]                        PROVIDE (__start_data_RAM = .)
                [!provide]                        PROVIDE (__start_data_SRAM_DTC = .)
 *(SORT_BY_ALIGNMENT(vtable))
 *(SORT_BY_ALIGNMENT(.ramfunc*))
 *(SORT_BY_ALIGNMENT(CodeQuickAccess))
 *(SORT_BY_ALIGNMENT(DataQuickAccess))
 *(SORT_BY_ALIGNMENT(RamFunction))
 *(SORT_BY_ALIGNMENT(.data*))
 .data.SystemCoreClock
                0x0000000020003e54        0x4 ./device/system_MIMXRT1021.o
                0x0000000020003e54                SystemCoreClock
                0x0000000020003e58                . = ALIGN (0x4)
                0x0000000020003e58                _edata = .
                [!provide]                        PROVIDE (__end_data_RAM = .)
                [!provide]                        PROVIDE (__end_data_SRAM_DTC = .)

.igot.plt       0x0000000020003e58        0x0
 .igot.plt      0x0000000020003e58        0x0 ./startup/startup_mimxrt1021.o

.bss_RAM2       0x0000000000000000        0x0
                [!provide]                        PROVIDE (__start_bss_RAM2 = .)
                [!provide]                        PROVIDE (__start_bss_SRAM_ITC = .)
 *(SORT_BY_ALIGNMENT(.bss.$RAM2))
 *(SORT_BY_ALIGNMENT(.bss.$SRAM_ITC))
 *(SORT_BY_ALIGNMENT(.bss.$RAM2.*))
 *(SORT_BY_ALIGNMENT(.bss.$SRAM_ITC.*))
                0x0000000000000000                . = ALIGN ((. != 0x0)?0x4:0x1)
                [!provide]                        PROVIDE (__end_bss_RAM2 = .)
                [!provide]                        PROVIDE (__end_bss_SRAM_ITC = .)

.bss_RAM3       0x0000000020200000        0x0
                [!provide]                        PROVIDE (__start_bss_RAM3 = .)
                [!provide]                        PROVIDE (__start_bss_SRAM_OC = .)
 *(SORT_BY_ALIGNMENT(.bss.$RAM3))
 *(SORT_BY_ALIGNMENT(.bss.$SRAM_OC))
 *(SORT_BY_ALIGNMENT(.bss.$RAM3.*))
 *(SORT_BY_ALIGNMENT(.bss.$SRAM_OC.*))
                0x0000000020200000                . = ALIGN ((. != 0x0)?0x4:0x1)
                [!provide]                        PROVIDE (__end_bss_RAM3 = .)
                [!provide]                        PROVIDE (__end_bss_SRAM_OC = .)

.bss_RAM4       0x0000000080000000        0x0
                [!provide]                        PROVIDE (__start_bss_RAM4 = .)
                [!provide]                        PROVIDE (__start_bss_BOARD_SDRAM = .)
 *(SORT_BY_ALIGNMENT(.bss.$RAM4))
 *(SORT_BY_ALIGNMENT(.bss.$BOARD_SDRAM))
 *(SORT_BY_ALIGNMENT(.bss.$RAM4.*))
 *(SORT_BY_ALIGNMENT(.bss.$BOARD_SDRAM.*))
                0x0000000080000000                . = ALIGN ((. != 0x0)?0x4:0x1)
                [!provide]                        PROVIDE (__end_bss_RAM4 = .)
                [!provide]                        PROVIDE (__end_bss_BOARD_SDRAM = .)

.bss_RAM5       0x0000000081e00000        0x0
                [!provide]                        PROVIDE (__start_bss_RAM5 = .)
                [!provide]                        PROVIDE (__start_bss_NCACHE_REGION = .)
 *(SORT_BY_ALIGNMENT(.bss.$RAM5))
 *(SORT_BY_ALIGNMENT(.bss.$NCACHE_REGION))
 *(SORT_BY_ALIGNMENT(.bss.$RAM5.*))
 *(SORT_BY_ALIGNMENT(.bss.$NCACHE_REGION.*))
                0x0000000081e00000                . = ALIGN ((. != 0x0)?0x4:0x1)
                [!provide]                        PROVIDE (__end_bss_RAM5 = .)
                [!provide]                        PROVIDE (__end_bss_NCACHE_REGION = .)

.bss            0x0000000020003e58      0x13c
                0x0000000020003e58                _bss = .
                [!provide]                        PROVIDE (__start_bss_RAM = .)
                [!provide]                        PROVIDE (__start_bss_SRAM_DTC = .)
 *(SORT_BY_ALIGNMENT(.bss*))
 .bss.g_xtalFreq
                0x0000000020003e58        0x4 ./drivers/fsl_clock.o
                0x0000000020003e58                g_xtalFreq
 .bss.g_rtcXtalFreq
                0x0000000020003e5c        0x4 ./drivers/fsl_clock.o
                0x0000000020003e5c                g_rtcXtalFreq
 .bss.s_lpi2cMasterIsr
                0x0000000020003e60        0x4 ./drivers/fsl_lpi2c.o
 .bss.s_lpi2cMasterHandle
                0x0000000020003e64       0x14 ./drivers/fsl_lpi2c.o
 .bss.s_lpi2cSlaveIsr
                0x0000000020003e78        0x4 ./drivers/fsl_lpi2c.o
 .bss.s_lpi2cSlaveHandle
                0x0000000020003e7c       0x14 ./drivers/fsl_lpi2c.o
 .bss.s_lpspiHandle
                0x0000000020003e90       0x14 ./drivers/fsl_lpspi.o
 .bss.s_lpspiMasterIsr
                0x0000000020003ea4        0x4 ./drivers/fsl_lpspi.o
 .bss.s_lpspiSlaveIsr
                0x0000000020003ea8        0x4 ./drivers/fsl_lpspi.o
 .bss.s_lpuartHandle
                0x0000000020003eac       0x24 ./drivers/fsl_lpuart.o
 .bss.s_lpuartIsr
                0x0000000020003ed0        0x4 ./drivers/fsl_lpuart.o
 .bss.__Ciob    0x0000000020003ed4       0xb4 /usr/local/mcuxpressoide-11.1.0_3209/ide/plugins/com.nxp.mcuxpresso.tools.linux_11.1.0.201909161352/tools/bin/../lib/gcc/arm-none-eabi/8.3.1/../../../../arm-none-eabi/lib/thumb/v7e-m+fp/hard/libcr_semihost_nf.a(__ciob.o)
                0x0000000020003ed4                __Ciob
 .bss.__end_of_heap
                0x0000000020003f88        0x4 /usr/local/mcuxpressoide-11.1.0_3209/ide/plugins/com.nxp.mcuxpresso.tools.linux_11.1.0.201909161352/tools/bin/../lib/gcc/arm-none-eabi/8.3.1/../../../../arm-none-eabi/lib/thumb/v7e-m+fp/hard/libcr_c.a(__init_alloc.o)
                0x0000000020003f88                __end_of_heap
 .bss.__heaps   0x0000000020003f8c        0x4 /usr/local/mcuxpressoide-11.1.0_3209/ide/plugins/com.nxp.mcuxpresso.tools.linux_11.1.0.201909161352/tools/bin/../lib/gcc/arm-none-eabi/8.3.1/../../../../arm-none-eabi/lib/thumb/v7e-m+fp/hard/libcr_c.a(__init_alloc.o)
                0x0000000020003f8c                __heaps
 .bss.errno     0x0000000020003f90        0x4 /usr/local/mcuxpressoide-11.1.0_3209/ide/plugins/com.nxp.mcuxpresso.tools.linux_11.1.0.201909161352/tools/bin/../lib/gcc/arm-none-eabi/8.3.1/../../../../arm-none-eabi/lib/thumb/v7e-m+fp/hard/libcr_c.a(errno.o)
                0x0000000020003f90                errno
 *(SORT_BY_ALIGNMENT(COMMON))
                0x0000000020003f94                . = ALIGN (0x4)
                0x0000000020003f94                _ebss = .
                [!provide]                        PROVIDE (__end_bss_RAM = .)
                [!provide]                        PROVIDE (__end_bss_SRAM_DTC = .)
                [!provide]                        PROVIDE (end = .)

.noinit_RAM2    0x0000000000000000        0x0
                [!provide]                        PROVIDE (__start_noinit_RAM2 = .)
                [!provide]                        PROVIDE (__start_noinit_SRAM_ITC = .)
 *(SORT_BY_ALIGNMENT(.noinit.$RAM2))
 *(SORT_BY_ALIGNMENT(.noinit.$SRAM_ITC))
 *(SORT_BY_ALIGNMENT(.noinit.$RAM2.*))
 *(SORT_BY_ALIGNMENT(.noinit.$SRAM_ITC.*))
                0x0000000000000000                . = ALIGN (0x4)
                [!provide]                        PROVIDE (__end_noinit_RAM2 = .)
                [!provide]                        PROVIDE (__end_noinit_SRAM_ITC = .)

.noinit_RAM3    0x0000000020200000        0x0
                [!provide]                        PROVIDE (__start_noinit_RAM3 = .)
                [!provide]                        PROVIDE (__start_noinit_SRAM_OC = .)
 *(SORT_BY_ALIGNMENT(.noinit.$RAM3))
 *(SORT_BY_ALIGNMENT(.noinit.$SRAM_OC))
 *(SORT_BY_ALIGNMENT(.noinit.$RAM3.*))
 *(SORT_BY_ALIGNMENT(.noinit.$SRAM_OC.*))
                0x0000000020200000                . = ALIGN (0x4)
                [!provide]                        PROVIDE (__end_noinit_RAM3 = .)
                [!provide]                        PROVIDE (__end_noinit_SRAM_OC = .)

.noinit_RAM4    0x0000000080000000        0x0
                [!provide]                        PROVIDE (__start_noinit_RAM4 = .)
                [!provide]                        PROVIDE (__start_noinit_BOARD_SDRAM = .)
 *(SORT_BY_ALIGNMENT(.noinit.$RAM4))
 *(SORT_BY_ALIGNMENT(.noinit.$BOARD_SDRAM))
 *(SORT_BY_ALIGNMENT(.noinit.$RAM4.*))
 *(SORT_BY_ALIGNMENT(.noinit.$BOARD_SDRAM.*))
                0x0000000080000000                . = ALIGN (0x4)
                [!provide]                        PROVIDE (__end_noinit_RAM4 = .)
                [!provide]                        PROVIDE (__end_noinit_BOARD_SDRAM = .)

.noinit_RAM5    0x0000000081e00000        0x0
                [!provide]                        PROVIDE (__start_noinit_RAM5 = .)
                [!provide]                        PROVIDE (__start_noinit_NCACHE_REGION = .)
 *(SORT_BY_ALIGNMENT(.noinit.$RAM5))
 *(SORT_BY_ALIGNMENT(.noinit.$NCACHE_REGION))
 *(SORT_BY_ALIGNMENT(.noinit.$RAM5.*))
 *(SORT_BY_ALIGNMENT(.noinit.$NCACHE_REGION.*))
                0x0000000081e00000                . = ALIGN (0x4)
                [!provide]                        PROVIDE (__end_noinit_RAM5 = .)
                [!provide]                        PROVIDE (__end_noinit_NCACHE_REGION = .)

.noinit         0x0000000020003f94        0x0
                0x0000000020003f94                _noinit = .
                [!provide]                        PROVIDE (__start_noinit_RAM = .)
                [!provide]                        PROVIDE (__start_noinit_SRAM_DTC = .)
 *(SORT_BY_ALIGNMENT(.noinit*))
                0x0000000020003f94                . = ALIGN (0x4)
                0x0000000020003f94                _end_noinit = .
                [!provide]                        PROVIDE (__end_noinit_RAM = .)
                [!provide]                        PROVIDE (__end_noinit_SRAM_DTC = .)
                0x0000000000001000                _HeapSize = 0x1000

.heap           0x0000000020003f94     0x1000
                0x0000000020003f94                _pvHeapStart = .
                0x0000000020004f94                . = (. + _HeapSize)
 *fill*         0x0000000020003f94     0x1000 
                0x0000000020004f94                . = ALIGN (0x4)
                0x0000000020004f94                _pvHeapLimit = .
                0x0000000000001000                _StackSize = 0x1000

.heap2stackfill
                0x0000000020004f94     0x1000
                0x0000000020005f94                . = (. + _StackSize)
 *fill*         0x0000000020004f94     0x1000 

.stack          0x000000002000f000        0x0
                0x000000002000f000                _vStackBase = .
                0x000000002000f000                . = ALIGN (0x4)
                0x0000000020010000                _vStackTop = (. + _StackSize)
                0x0000000020000000                _image_start = LOADADDR (.text)
                0x0000000020003e58                _image_end = (LOADADDR (.data) + SIZEOF (.data))
                0x0000000000003e58                _image_size = (_image_end - _image_start)
OUTPUT(MIMXRT1021gpio_Project.axf elf32-littlearm)

.debug_info     0x0000000000000000     0xf1ca
 .debug_info    0x0000000000000000      0xcb5 ./startup/startup_mimxrt1021.o
 .debug_info    0x0000000000000cb5      0x4b5 ./source/MIMXRT1021xxxxx_Project.o
 .debug_info    0x000000000000116a       0x3c ./source/semihost_hardfault.o
 .debug_info    0x00000000000011a6     0x1b1e ./drivers/fsl_clock.o
 .debug_info    0x0000000000002cc4      0x2c5 ./drivers/fsl_common.o
 .debug_info    0x0000000000002f89      0xc3d ./drivers/fsl_gpio.o
 .debug_info    0x0000000000003bc6     0x2bf8 ./drivers/fsl_lpi2c.o
 .debug_info    0x00000000000067be     0x2936 ./drivers/fsl_lpspi.o
 .debug_info    0x00000000000090f4     0x20f3 ./drivers/fsl_lpuart.o
 .debug_info    0x000000000000b1e7      0xc9e ./device/system_MIMXRT1021.o
 .debug_info    0x000000000000be85     0x135f ./board/board.o
 .debug_info    0x000000000000d1e4     0x1680 ./board/clock_config.o
 .debug_info    0x000000000000e864       0x3c ./board/peripherals.o
 .debug_info    0x000000000000e8a0      0x92a ./board/pin_mux.o

.debug_abbrev   0x0000000000000000     0x1d7f
 .debug_abbrev  0x0000000000000000      0x147 ./startup/startup_mimxrt1021.o
 .debug_abbrev  0x0000000000000147      0x158 ./source/MIMXRT1021xxxxx_Project.o
 .debug_abbrev  0x000000000000029f       0x31 ./source/semihost_hardfault.o
 .debug_abbrev  0x00000000000002d0      0x38b ./drivers/fsl_clock.o
 .debug_abbrev  0x000000000000065b      0x153 ./drivers/fsl_common.o
 .debug_abbrev  0x00000000000007ae      0x255 ./drivers/fsl_gpio.o
 .debug_abbrev  0x0000000000000a03      0x35d ./drivers/fsl_lpi2c.o
 .debug_abbrev  0x0000000000000d60      0x34e ./drivers/fsl_lpspi.o
 .debug_abbrev  0x00000000000010ae      0x364 ./drivers/fsl_lpuart.o
 .debug_abbrev  0x0000000000001412      0x1c7 ./device/system_MIMXRT1021.o
 .debug_abbrev  0x00000000000015d9      0x357 ./board/board.o
 .debug_abbrev  0x0000000000001930      0x218 ./board/clock_config.o
 .debug_abbrev  0x0000000000001b48       0x31 ./board/peripherals.o
 .debug_abbrev  0x0000000000001b79      0x206 ./board/pin_mux.o

.debug_aranges  0x0000000000000000      0xd80
 .debug_aranges
                0x0000000000000000      0x4d0 ./startup/startup_mimxrt1021.o
 .debug_aranges
                0x00000000000004d0       0x28 ./source/MIMXRT1021xxxxx_Project.o
 .debug_aranges
                0x00000000000004f8       0x20 ./source/semihost_hardfault.o
 .debug_aranges
                0x0000000000000518      0x128 ./drivers/fsl_clock.o
 .debug_aranges
                0x0000000000000640       0x38 ./drivers/fsl_common.o
 .debug_aranges
                0x0000000000000678       0x50 ./drivers/fsl_gpio.o
 .debug_aranges
                0x00000000000006c8      0x1e0 ./drivers/fsl_lpi2c.o
 .debug_aranges
                0x00000000000008a8      0x1c8 ./drivers/fsl_lpspi.o
 .debug_aranges
                0x0000000000000a70      0x160 ./drivers/fsl_lpuart.o
 .debug_aranges
                0x0000000000000bd0       0x30 ./device/system_MIMXRT1021.o
 .debug_aranges
                0x0000000000000c00       0x78 ./board/board.o
 .debug_aranges
                0x0000000000000c78       0x78 ./board/clock_config.o
 .debug_aranges
                0x0000000000000cf0       0x20 ./board/peripherals.o
 .debug_aranges
                0x0000000000000d10       0x70 ./board/pin_mux.o

.debug_ranges   0x0000000000000000      0xcb8
 .debug_ranges  0x0000000000000000      0x4c0 ./startup/startup_mimxrt1021.o
 .debug_ranges  0x00000000000004c0       0x18 ./source/MIMXRT1021xxxxx_Project.o
 .debug_ranges  0x00000000000004d8       0x10 ./source/semihost_hardfault.o
 .debug_ranges  0x00000000000004e8      0x118 ./drivers/fsl_clock.o
 .debug_ranges  0x0000000000000600       0x28 ./drivers/fsl_common.o
 .debug_ranges  0x0000000000000628       0x40 ./drivers/fsl_gpio.o
 .debug_ranges  0x0000000000000668      0x1d0 ./drivers/fsl_lpi2c.o
 .debug_ranges  0x0000000000000838      0x1b8 ./drivers/fsl_lpspi.o
 .debug_ranges  0x00000000000009f0      0x150 ./drivers/fsl_lpuart.o
 .debug_ranges  0x0000000000000b40       0x20 ./device/system_MIMXRT1021.o
 .debug_ranges  0x0000000000000b60       0x80 ./board/board.o
 .debug_ranges  0x0000000000000be0       0x68 ./board/clock_config.o
 .debug_ranges  0x0000000000000c48       0x10 ./board/peripherals.o
 .debug_ranges  0x0000000000000c58       0x60 ./board/pin_mux.o

.debug_macro    0x0000000000000000     0x2603
 .debug_macro   0x0000000000000000       0x29 ./startup/startup_mimxrt1021.o
 .debug_macro   0x0000000000000029      0x188 ./source/MIMXRT1021xxxxx_Project.o
 .debug_macro   0x00000000000001b1       0xd8 ./source/MIMXRT1021xxxxx_Project.o
 .debug_macro   0x0000000000000289      0x4e0 ./source/MIMXRT1021xxxxx_Project.o
 .debug_macro   0x0000000000000769       0x2e ./source/MIMXRT1021xxxxx_Project.o
 .debug_macro   0x0000000000000797       0x11 ./source/semihost_hardfault.o
 .debug_macro   0x00000000000007a8      0x103 ./drivers/fsl_clock.o
 .debug_macro   0x00000000000008ab       0x1c ./drivers/fsl_clock.o
 .debug_macro   0x00000000000008c7      0x109 ./drivers/fsl_common.o
 .debug_macro   0x00000000000009d0      0x113 ./drivers/fsl_gpio.o
 .debug_macro   0x0000000000000ae3      0x125 ./drivers/fsl_lpi2c.o
 .debug_macro   0x0000000000000c08       0x16 ./drivers/fsl_lpi2c.o
 .debug_macro   0x0000000000000c1e       0x1c ./drivers/fsl_lpi2c.o
 .debug_macro   0x0000000000000c3a       0x10 ./drivers/fsl_lpi2c.o
 .debug_macro   0x0000000000000c4a      0x112 ./drivers/fsl_lpspi.o
 .debug_macro   0x0000000000000d5c       0x2c ./drivers/fsl_lpspi.o
 .debug_macro   0x0000000000000d88      0x113 ./drivers/fsl_lpuart.o
 .debug_macro   0x0000000000000e9b       0xa7 ./device/system_MIMXRT1021.o
 .debug_macro   0x0000000000000f42      0x175 ./board/board.o
 .debug_macro   0x00000000000010b7       0x16 ./board/board.o
 .debug_macro   0x00000000000010cd      0x10c ./board/board.o
 .debug_macro   0x00000000000011d9     0x11de ./board/board.o
 .debug_macro   0x00000000000023b7      0x115 ./board/clock_config.o
 .debug_macro   0x00000000000024cc       0x1b ./board/peripherals.o
 .debug_macro   0x00000000000024e7      0x11c ./board/pin_mux.o

.debug_line     0x0000000000000000     0x8224
 .debug_line    0x0000000000000000      0xe4d ./startup/startup_mimxrt1021.o
 .debug_line    0x0000000000000e4d      0x5bc ./source/MIMXRT1021xxxxx_Project.o
 .debug_line    0x0000000000001409       0x5a ./source/semihost_hardfault.o
 .debug_line    0x0000000000001463      0xc09 ./drivers/fsl_clock.o
 .debug_line    0x000000000000206c      0x3f3 ./drivers/fsl_common.o
 .debug_line    0x000000000000245f      0x50c ./drivers/fsl_gpio.o
 .debug_line    0x000000000000296b     0x1543 ./drivers/fsl_lpi2c.o
 .debug_line    0x0000000000003eae     0x174c ./drivers/fsl_lpspi.o
 .debug_line    0x00000000000055fa     0x11e1 ./drivers/fsl_lpuart.o
 .debug_line    0x00000000000067db      0x4de ./device/system_MIMXRT1021.o
 .debug_line    0x0000000000006cb9      0x908 ./board/board.o
 .debug_line    0x00000000000075c1      0x6c6 ./board/clock_config.o
 .debug_line    0x0000000000007c87       0x5f ./board/peripherals.o
 .debug_line    0x0000000000007ce6      0x53e ./board/pin_mux.o

.debug_str      0x0000000000000000   0x12e25f
 .debug_str     0x0000000000000000     0x3c00 ./startup/startup_mimxrt1021.o
                                       0x3c8c (size before relaxing)
 .debug_str     0x0000000000003c00   0x1177f0 ./source/MIMXRT1021xxxxx_Project.o
                                     0x11a7cb (size before relaxing)
 .debug_str     0x000000000011b3f0       0x1f ./source/semihost_hardfault.o
                                       0x2f59 (size before relaxing)
 .debug_str     0x000000000011b40f     0x150d ./drivers/fsl_clock.o
                                     0x117c51 (size before relaxing)
 .debug_str     0x000000000011c91c      0x13b ./drivers/fsl_common.o
                                     0x1166ab (size before relaxing)
 .debug_str     0x000000000011ca57      0x7bc ./drivers/fsl_gpio.o
                                     0x117681 (size before relaxing)
 .debug_str     0x000000000011d213     0x2074 ./drivers/fsl_lpi2c.o
                                     0x119579 (size before relaxing)
 .debug_str     0x000000000011f287     0x1214 ./drivers/fsl_lpspi.o
                                     0x1190a1 (size before relaxing)
 .debug_str     0x000000000012049b     0x1053 ./drivers/fsl_lpuart.o
                                     0x118ef4 (size before relaxing)
 .debug_str     0x00000000001214ee      0x204 ./device/system_MIMXRT1021.o
                                     0x11528c (size before relaxing)
 .debug_str     0x00000000001216f2     0xc685 ./board/board.o
                                     0x1253b5 (size before relaxing)
 .debug_str     0x000000000012dd77      0x3d7 ./board/clock_config.o
                                     0x124837 (size before relaxing)
 .debug_str     0x000000000012e14e       0x31 ./board/peripherals.o
                                       0x2f6a (size before relaxing)
 .debug_str     0x000000000012e17f       0xe0 ./board/pin_mux.o
                                     0x124ec1 (size before relaxing)

.comment        0x0000000000000000       0x76
 .comment       0x0000000000000000       0x76 ./startup/startup_mimxrt1021.o
                                         0x77 (size before relaxing)
 .comment       0x0000000000000076       0x77 ./source/MIMXRT1021xxxxx_Project.o
 .comment       0x0000000000000076       0x77 ./source/semihost_hardfault.o
 .comment       0x0000000000000076       0x77 ./drivers/fsl_clock.o
 .comment       0x0000000000000076       0x77 ./drivers/fsl_common.o
 .comment       0x0000000000000076       0x77 ./drivers/fsl_gpio.o
 .comment       0x0000000000000076       0x77 ./drivers/fsl_lpi2c.o
 .comment       0x0000000000000076       0x77 ./drivers/fsl_lpspi.o
 .comment       0x0000000000000076       0x77 ./drivers/fsl_lpuart.o
 .comment       0x0000000000000076       0x77 ./device/system_MIMXRT1021.o
 .comment       0x0000000000000076       0x77 ./board/board.o
 .comment       0x0000000000000076       0x77 ./board/clock_config.o
 .comment       0x0000000000000076       0x77 ./board/peripherals.o
 .comment       0x0000000000000076       0x77 ./board/pin_mux.o
 .comment       0x0000000000000076       0x77 /usr/local/mcuxpressoide-11.1.0_3209/ide/plugins/com.nxp.mcuxpresso.tools.linux_11.1.0.201909161352/tools/bin/../lib/gcc/arm-none-eabi/8.3.1/../../../../arm-none-eabi/lib/thumb/v7e-m+fp/hard/libcr_semihost_nf.a(_cr__main.o)