fsl_clock.h:957:20:CLOCK_ControlGate	32	static
fsl_clock.h:974:20:CLOCK_EnableClock	16	static
fsl_iomuxc.h:857:20:IOMUXC_SetPinMux	24	static
pin_mux.c:179:6:BOARD_InitBootPins	8	static
pin_mux.c:198:6:BOARD_InitPins	4	static
pin_mux.c:218:6:BOARD_InitDEBUG_UARTPins	16	static
pin_mux.c:284:6:BOARD_InitSDRAMPins	16	static
pin_mux.c:426:6:BOARD_InitCANPins	16	static
pin_mux.c:464:6:BOARD_InitENETPins	16	static
pin_mux.c:527:6:BOARD_InitUSDHCPins	16	static
pin_mux.c:574:6:BOARD_InitQSPIPins	16	static
