Archive member included to satisfy reference by file (symbol)

/usr/local/mcuxpressoide-11.1.0_3209/ide/plugins/com.nxp.mcuxpresso.tools.linux_11.1.0.201909161352/tools/bin/../lib/gcc/arm-none-eabi/8.3.1/../../../../arm-none-eabi/lib/thumb/v7e-m+dp/hard/libcr_semihost_nf.a(_cr__main.o)
                              ./startup/startup_mimxrt1021.o (__main)
/usr/local/mcuxpressoide-11.1.0_3209/ide/plugins/com.nxp.mcuxpresso.tools.linux_11.1.0.201909161352/tools/bin/../lib/gcc/arm-none-eabi/8.3.1/../../../../arm-none-eabi/lib/thumb/v7e-m+dp/hard/libcr_c.a(memset.o)
                              ./drivers/fsl_lpspi.o (memset)
/usr/local/mcuxpressoide-11.1.0_3209/ide/plugins/com.nxp.mcuxpresso.tools.linux_11.1.0.201909161352/tools/bin/../lib/gcc/arm-none-eabi/8.3.1/../../../../arm-none-eabi/lib/thumb/v7e-m+dp/hard/libcr_c.a(alloc.o)
                              ./drivers/fsl_common.o (malloc)
/usr/local/mcuxpressoide-11.1.0_3209/ide/plugins/com.nxp.mcuxpresso.tools.linux_11.1.0.201909161352/tools/bin/../lib/gcc/arm-none-eabi/8.3.1/../../../../arm-none-eabi/lib/thumb/v7e-m+dp/hard/libcr_c.a(initio.o)
                              /usr/local/mcuxpressoide-11.1.0_3209/ide/plugins/com.nxp.mcuxpresso.tools.linux_11.1.0.201909161352/tools/bin/../lib/gcc/arm-none-eabi/8.3.1/../../../../arm-none-eabi/lib/thumb/v7e-m+dp/hard/libcr_semihost_nf.a(_cr__main.o) (_initio)
/usr/local/mcuxpressoide-11.1.0_3209/ide/plugins/com.nxp.mcuxpresso.tools.linux_11.1.0.201909161352/tools/bin/../lib/gcc/arm-none-eabi/8.3.1/../../../../arm-none-eabi/lib/thumb/v7e-m+dp/hard/libcr_c.a(printf.o)
                              ./utilities/fsl_assert.o (_printf)
/usr/local/mcuxpressoide-11.1.0_3209/ide/plugins/com.nxp.mcuxpresso.tools.linux_11.1.0.201909161352/tools/bin/../lib/gcc/arm-none-eabi/8.3.1/../../../../arm-none-eabi/lib/thumb/v7e-m+dp/hard/libcr_c.a(setvbuf.o)
                              /usr/local/mcuxpressoide-11.1.0_3209/ide/plugins/com.nxp.mcuxpresso.tools.linux_11.1.0.201909161352/tools/bin/../lib/gcc/arm-none-eabi/8.3.1/../../../../arm-none-eabi/lib/thumb/v7e-m+dp/hard/libcr_c.a(initio.o) (setvbuf)
/usr/local/mcuxpressoide-11.1.0_3209/ide/plugins/com.nxp.mcuxpresso.tools.linux_11.1.0.201909161352/tools/bin/../lib/gcc/arm-none-eabi/8.3.1/../../../../arm-none-eabi/lib/thumb/v7e-m+dp/hard/libcr_c.a(strlen.o)
                              ./utilities/fsl_str.o (strlen)
/usr/local/mcuxpressoide-11.1.0_3209/ide/plugins/com.nxp.mcuxpresso.tools.linux_11.1.0.201909161352/tools/bin/../lib/gcc/arm-none-eabi/8.3.1/../../../../arm-none-eabi/lib/thumb/v7e-m+dp/hard/libcr_c.a(memcpy.o)
                              /usr/local/mcuxpressoide-11.1.0_3209/ide/plugins/com.nxp.mcuxpresso.tools.linux_11.1.0.201909161352/tools/bin/../lib/gcc/arm-none-eabi/8.3.1/../../../../arm-none-eabi/lib/thumb/v7e-m+dp/hard/libcr_c.a(alloc.o) (memcpy)
/usr/local/mcuxpressoide-11.1.0_3209/ide/plugins/com.nxp.mcuxpresso.tools.linux_11.1.0.201909161352/tools/bin/../lib/gcc/arm-none-eabi/8.3.1/../../../../arm-none-eabi/lib/thumb/v7e-m+dp/hard/libcr_c.a(__init_alloc.o)
                              /usr/local/mcuxpressoide-11.1.0_3209/ide/plugins/com.nxp.mcuxpresso.tools.linux_11.1.0.201909161352/tools/bin/../lib/gcc/arm-none-eabi/8.3.1/../../../../arm-none-eabi/lib/thumb/v7e-m+dp/hard/libcr_c.a(alloc.o) (__heaps)
/usr/local/mcuxpressoide-11.1.0_3209/ide/plugins/com.nxp.mcuxpresso.tools.linux_11.1.0.201909161352/tools/bin/../lib/gcc/arm-none-eabi/8.3.1/../../../../arm-none-eabi/lib/thumb/v7e-m+dp/hard/libcr_c.a(_cr_sbrk.o)
                              /usr/local/mcuxpressoide-11.1.0_3209/ide/plugins/com.nxp.mcuxpresso.tools.linux_11.1.0.201909161352/tools/bin/../lib/gcc/arm-none-eabi/8.3.1/../../../../arm-none-eabi/lib/thumb/v7e-m+dp/hard/libcr_c.a(alloc.o) (_sbrk)
/usr/local/mcuxpressoide-11.1.0_3209/ide/plugins/com.nxp.mcuxpresso.tools.linux_11.1.0.201909161352/tools/bin/../lib/gcc/arm-none-eabi/8.3.1/../../../../arm-none-eabi/lib/thumb/v7e-m+dp/hard/libcr_c.a(_deferredlazyseek.o)
                              /usr/local/mcuxpressoide-11.1.0_3209/ide/plugins/com.nxp.mcuxpresso.tools.linux_11.1.0.201909161352/tools/bin/../lib/gcc/arm-none-eabi/8.3.1/../../../../arm-none-eabi/lib/thumb/v7e-m+dp/hard/libcr_c.a(printf.o) (__flsbuf)
/usr/local/mcuxpressoide-11.1.0_3209/ide/plugins/com.nxp.mcuxpresso.tools.linux_11.1.0.201909161352/tools/bin/../lib/gcc/arm-none-eabi/8.3.1/../../../../arm-none-eabi/lib/thumb/v7e-m+dp/hard/libcr_c.a(_fdopen.o)
                              /usr/local/mcuxpressoide-11.1.0_3209/ide/plugins/com.nxp.mcuxpresso.tools.linux_11.1.0.201909161352/tools/bin/../lib/gcc/arm-none-eabi/8.3.1/../../../../arm-none-eabi/lib/thumb/v7e-m+dp/hard/libcr_c.a(initio.o) (_fdopen)
/usr/local/mcuxpressoide-11.1.0_3209/ide/plugins/com.nxp.mcuxpresso.tools.linux_11.1.0.201909161352/tools/bin/../lib/gcc/arm-none-eabi/8.3.1/../../../../arm-none-eabi/lib/thumb/v7e-m+dp/hard/libcr_c.a(_fflush.o)
[...]
Memory Configuration

Name             Origin             Length             Attributes
BOARD_FLASH      0x0000000060000000 0x0000000000800000 xr
SRAM_DTC         0x0000000020000000 0x0000000000010000 xrw
SRAM_ITC         0x0000000000000000 0x0000000000010000 xrw
SRAM_OC          0x0000000020200000 0x0000000000020000 xrw
BOARD_SDRAM      0x0000000080000000 0x0000000001e00000 xrw
NCACHE_REGION    0x0000000081e00000 0x0000000000200000 xrw
*default*        0x0000000000000000 0xffffffffffffffff

Linker script and memory map

LOAD ./xip/evkmimxrt1020_flexspi_nor_config.o
LOAD ./xip/evkmimxrt1020_sdram_ini_dcd.o
LOAD ./xip/fsl_flexspi_nor_boot.o
LOAD ./utilities/fsl_assert.o
LOAD ./utilities/fsl_debug_console.o
LOAD ./utilities/fsl_str.o
LOAD ./startup/startup_mimxrt1021.o
LOAD ./source/qtmr_inputcapture_outputpwm.o
LOAD ./source/semihost_hardfault.o
LOAD ./drivers/fsl_clock.o
LOAD ./drivers/fsl_common.o
LOAD ./drivers/fsl_gpio.o
LOAD ./drivers/fsl_lpspi.o
LOAD ./drivers/fsl_lpuart.o
LOAD ./drivers/fsl_qtmr.o
LOAD ./drivers/fsl_xbara.o
LOAD ./device/system_MIMXRT1021.o
LOAD ./component/uart/lpuart_adapter.o
LOAD ./component/serial_manager/serial_manager.o
LOAD ./component/serial_manager/serial_port_uart.o
LOAD ./component/lists/generic_list.o
LOAD ./board/board.o
LOAD ./board/clock_config.o
LOAD ./board/pin_mux.o
START GROUP
LOAD /usr/local/mcuxpressoide-11.1.0_3209/ide/plugins/com.nxp.mcuxpresso.tools.linux_11.1.0.201909161352/tools/bin/../lib/gcc/arm-none-eabi/8.3.1/../../../../arm-none-eabi/lib/thumb/v7e-m+dp/hard/libcr_semihost_nf.a
LOAD /usr/local/mcuxpressoide-11.1.0_3209/ide/plugins/com.nxp.mcuxpresso.tools.linux_11.1.0.201909161352/tools/bin/../lib/gcc/arm-none-eabi/8.3.1/../../../../arm-none-eabi/lib/thumb/v7e-m+dp/hard/libcr_c.a
LOAD /usr/local/mcuxpressoide-11.1.0_3209/ide/plugins/com.nxp.mcuxpresso.tools.linux_11.1.0.201909161352/tools/bin/../lib/gcc/arm-none-eabi/8.3.1/thumb/v7e-m+dp/hard/libcr_eabihelpers.a
LOAD /usr/local/mcuxpressoide-11.1.0_3209/ide/plugins/com.nxp.mcuxpresso.tools.linux_11.1.0.201909161352/tools/bin/../lib/gcc/arm-none-eabi/8.3.1/thumb/v7e-m+dp/hard/libgcc.a
END GROUP
                0x0000000060000000                __base_BOARD_FLASH = 0x60000000
                0x0000000060000000                __base_Flash = 0x60000000
                0x0000000060800000                __top_BOARD_FLASH = 0x60800000
                0x0000000060800000                __top_Flash = 0x60800000
                0x0000000020000000                __base_SRAM_DTC = 0x20000000
                0x0000000020000000                __base_RAM = 0x20000000
                0x0000000020010000                __top_SRAM_DTC = 0x20010000
                0x0000000020010000                __top_RAM = 0x20010000
                0x0000000000000000                __base_SRAM_ITC = 0x0
                0x0000000000000000                __base_RAM2 = 0x0
                0x0000000000010000                __top_SRAM_ITC = 0x10000
                0x0000000000010000                __top_RAM2 = 0x10000
                0x0000000020200000                __base_SRAM_OC = 0x20200000
                0x0000000020200000                __base_RAM3 = 0x20200000
                0x0000000020220000                __top_SRAM_OC = 0x20220000
                0x0000000020220000                __top_RAM3 = 0x20220000
                0x0000000080000000                __base_BOARD_SDRAM = 0x80000000
                0x0000000080000000                __base_RAM4 = 0x80000000
                0x0000000081e00000                __top_BOARD_SDRAM = 0x81e00000
                0x0000000081e00000                __top_RAM4 = 0x81e00000
                0x0000000081e00000                __base_NCACHE_REGION = 0x81e00000
                0x0000000081e00000                __base_RAM5 = 0x81e00000
                0x0000000082000000                __top_NCACHE_REGION = 0x82000000
                0x0000000082000000                __top_RAM5 = 0x82000000

.boot_hdr       0x0000000060000000     0x2000
 FILL mask 0xff
                0x0000000060000000                __boot_hdr_start__ = ABSOLUTE (.)
 *(SORT_BY_ALIGNMENT(.boot_hdr.conf))
 .boot_hdr.conf
                0x0000000060000000      0x200 ./xip/evkmimxrt1020_flexspi_nor_config.o
                0x0000000060000000                qspiflash_config
                0x0000000000001000                . = 0x1000
 *fill*         0x0000000060000200      0xe00 ff
 *(SORT_BY_ALIGNMENT(.boot_hdr.ivt))
 .boot_hdr.ivt  0x0000000060001000       0x20 ./xip/fsl_flexspi_nor_boot.o
                0x0000000060001000                image_vector_table
                0x0000000000001020                . = 0x1020
 *(SORT_BY_ALIGNMENT(.boot_hdr.boot_data))
 .boot_hdr.boot_data
                0x0000000060001020       0x10 ./xip/fsl_flexspi_nor_boot.o
                0x0000000060001020                boot_data
                0x0000000000001030                . = 0x1030
 *(SORT_BY_ALIGNMENT(.boot_hdr.dcd_data))
                0x0000000060001030                __boot_hdr_end__ = ABSOLUTE (.)
                0x0000000000002000                . = 0x2000
 *fill*         0x0000000060001030      0xfd0 ff

.text           0x0000000060002000     0x52a8
 FILL mask 0xff
                0x0000000060002000                __vectors_start__ = ABSOLUTE (.)
 *(SORT_BY_ALIGNMENT(.isr_vector))
 .isr_vector    0x0000000060002000      0x278 ./startup/startup_mimxrt1021.o
                0x0000000060002000                __Vectors
                0x0000000060002000                g_pfnVectors
                0x0000000060002278                . = ALIGN (0x4)
                0x0000000060002278                __section_table_start = .
                0x0000000060002278                __data_section_table = .
                0x0000000060002278        0x4 LONG 0x600072a8 LOADADDR (.data)
                0x000000006000227c        0x4 LONG 0x20000000 ADDR (.data)
                0x0000000060002280        0x4 LONG 0x4 SIZEOF (.data)
                0x0000000060002284        0x4 LONG 0x600072a8 LOADADDR (.data_RAM2)
                0x0000000060002288        0x4 LONG 0x0 ADDR (.data_RAM2)
                0x000000006000228c        0x4 LONG 0x0 SIZEOF (.data_RAM2)
                0x0000000060002290        0x4 LONG 0x600072a8 LOADADDR (.data_RAM3)
                0x0000000060002294        0x4 LONG 0x20200000 ADDR (.data_RAM3)
                0x0000000060002298        0x4 LONG 0x0 SIZEOF (.data_RAM3)
                0x000000006000229c        0x4 LONG 0x600072a8 LOADADDR (.data_RAM4)
                0x00000000600022a0        0x4 LONG 0x80000000 ADDR (.data_RAM4)
                0x00000000600022a4        0x4 LONG 0x0 SIZEOF (.data_RAM4)
                0x00000000600022a8        0x4 LONG 0x600072a8 LOADADDR (.data_RAM5)
                0x00000000600022ac        0x4 LONG 0x81e00000 ADDR (.data_RAM5)
                0x00000000600022b0        0x4 LONG 0x0 SIZEOF (.data_RAM5)
                0x00000000600022b4                __data_section_table_end = .
                0x00000000600022b4                __bss_section_table = .
                0x00000000600022b4        0x4 LONG 0x20000004 ADDR (.bss)
                0x00000000600022b8        0x4 LONG 0x118 SIZEOF (.bss)
                0x00000000600022bc        0x4 LONG 0x0 ADDR (.bss_RAM2)
                0x00000000600022c0        0x4 LONG 0x0 SIZEOF (.bss_RAM2)
                0x00000000600022c4        0x4 LONG 0x20200000 ADDR (.bss_RAM3)
                0x00000000600022c8        0x4 LONG 0x0 SIZEOF (.bss_RAM3)
                0x00000000600022cc        0x4 LONG 0x80000000 ADDR (.bss_RAM4)
                0x00000000600022d0        0x4 LONG 0x0 SIZEOF (.bss_RAM4)
                0x00000000600022d4        0x4 LONG 0x81e00000 ADDR (.bss_RAM5)
                0x00000000600022d8        0x4 LONG 0x0 SIZEOF (.bss_RAM5)
                0x00000000600022dc                __bss_section_table_end = .
                0x00000000600022dc                __section_table_end = .
 *(SORT_BY_ALIGNMENT(.after_vectors*))
 .after_vectors.reset
                0x00000000600022dc       0x4c ./startup/startup_mimxrt1021.o
                0x00000000600022dc                ResetISR
 .after_vectors.init_data
                0x0000000060002328       0x1e ./startup/startup_mimxrt1021.o
                0x0000000060002328                data_init
 .after_vectors.init_bss
                0x0000000060002346       0x12 ./startup/startup_mimxrt1021.o
                0x0000000060002346                bss_init
 .after_vectors
                0x0000000060002358        0xc ./startup/startup_mimxrt1021.o
                0x0000000060002358                NMI_Handler
                0x000000006000235c                SVC_Handler
                0x000000006000235e                PendSV_Handler
                0x0000000060002360                SysTick_Handler
                0x0000000060002362                ACMP4_DriverIRQHandler
                0x0000000060002362                Reserved87_DriverIRQHandler
                0x0000000060002362                KPP_DriverIRQHandler
                0x0000000060002362                SAI3_RX_DriverIRQHandler
                0x0000000060002362                CCM_2_DriverIRQHandler
                0x0000000060002362                PIT_DriverIRQHandler
                0x0000000060002362                Reserved102_DriverIRQHandler
                0x0000000060002362                Reserved152_DriverIRQHandler
                0x0000000060002362                DMA13_DMA29_DriverIRQHandler
                0x0000000060002362                FLEXRAM_DriverIRQHandler
                0x0000000060002362                SEMC_DriverIRQHandler
                0x0000000060002362                SPDIF_DriverIRQHandler
                0x0000000060002362                USB_PHY_DriverIRQHandler
                0x0000000060002362                GPIO3_Combined_0_15_DriverIRQHandler
                0x0000000060002362                Reserved82_DriverIRQHandler
                0x0000000060002362                DMA7_DMA23_DriverIRQHandler
                0x0000000060002362                BEE_DriverIRQHandler
                0x0000000060002362                LPI2C3_DriverIRQHandler
                0x0000000060002362                GPR_IRQ_DriverIRQHandler
                0x0000000060002362                Reserved103_DriverIRQHandler
                0x0000000060002362                PWM2_FAULT_DriverIRQHandler
                0x0000000060002362                Reserved56_DriverIRQHandler
                0x0000000060002362                DMA14_DMA30_DriverIRQHandler
                0x0000000060002362                TMR1_DriverIRQHandler
                0x0000000060002362                TRNG_DriverIRQHandler
                0x0000000060002362                ENET_1588_Timer_DriverIRQHandler
                0x0000000060002362                GPIO2_Combined_16_31_DriverIRQHandler
                0x0000000060002362                Reserved143_DriverIRQHandler
                0x0000000060002362                Reserved151_DriverIRQHandler
                0x0000000060002362                DMA0_DMA16_DriverIRQHandler
                0x0000000060002362                IntDefaultHandler
                0x0000000060002362                DMA2_DMA18_DriverIRQHandler
                0x0000000060002362                SRC_DriverIRQHandler
                0x0000000060002362                GPIO1_INT4_DriverIRQHandler
                0x0000000060002362                Reserved144_DriverIRQHandler
                0x0000000060002362                USDHC1_DriverIRQHandler
                0x0000000060002362                EWM_DriverIRQHandler
                0x0000000060002362                WDOG1_DriverIRQHandler
                0x0000000060002362                FLEXIO1_DriverIRQHandler
                0x0000000060002362                ENET_DriverIRQHandler
                0x0000000060002362                Reserved78_DriverIRQHandler
                0x0000000060002362                ENC2_DriverIRQHandler
                0x0000000060002362                ADC_ETC_IRQ2_DriverIRQHandler
                0x0000000060002362                GPIO1_Combined_16_31_DriverIRQHandler
                0x0000000060002362                GPIO1_INT7_DriverIRQHandler
                0x0000000060002362                SAI1_DriverIRQHandler
                0x0000000060002362                DCDC_DriverIRQHandler
                0x0000000060002362                DMA12_DMA28_DriverIRQHandler
                0x0000000060002362                ADC_ETC_ERROR_IRQ_DriverIRQHandler
                0x0000000060002362                ACMP2_DriverIRQHandler
                0x0000000060002362                GPIO5_Combined_0_15_DriverIRQHandler
                0x0000000060002362                GPIO1_INT0_DriverIRQHandler
                0x0000000060002362                GPIO1_INT2_DriverIRQHandler
                0x0000000060002362                RTWDOG_DriverIRQHandler
                0x0000000060002362                FLEXSPI_DriverIRQHandler
                0x0000000060002362                GPT2_DriverIRQHandler
                0x0000000060002362                DMA10_DMA26_DriverIRQHandler
                0x0000000060002362                PWM2_1_DriverIRQHandler
                0x0000000060002362                PWM1_1_DriverIRQHandler
                0x0000000060002362                ADC1_DriverIRQHandler
                0x0000000060002362                Reserved148_DriverIRQHandler
                0x0000000060002362                PWM1_0_DriverIRQHandler
                0x0000000060002362                DMA1_DMA17_DriverIRQHandler
                0x0000000060002362                ENC1_DriverIRQHandler
                0x0000000060002362                CAN2_DriverIRQHandler
                0x0000000060002362                DCP_DriverIRQHandler
                0x0000000060002362                CTI0_ERROR_DriverIRQHandler
                0x0000000060002362                DMA8_DMA24_DriverIRQHandler
                0x0000000060002362                GPT1_DriverIRQHandler
                0x0000000060002362                ACMP3_DriverIRQHandler
                0x0000000060002362                DMA6_DMA22_DriverIRQHandler
                0x0000000060002362                CSU_DriverIRQHandler
                0x0000000060002362                GPIO1_INT5_DriverIRQHandler
                0x0000000060002362                TMR2_DriverIRQHandler
                0x0000000060002362                CTI1_ERROR_DriverIRQHandler
                0x0000000060002362                GPIO1_Combined_0_15_DriverIRQHandler
                0x0000000060002362                USDHC2_DriverIRQHandler
                0x0000000060002362                SAI2_DriverIRQHandler
                0x0000000060002362                CORE_DriverIRQHandler
                0x0000000060002362                Reserved147_DriverIRQHandler
                0x0000000060002362                DMA11_DMA27_DriverIRQHandler
                0x0000000060002362                PWM2_3_DriverIRQHandler
                0x0000000060002362                Reserved60_DriverIRQHandler
                0x0000000060002362                XBAR1_IRQ_2_3_DriverIRQHandler
                0x0000000060002362                SNVS_HP_WRAPPER_TZ_DriverIRQHandler
                0x0000000060002362                GPIO3_Combined_16_31_DriverIRQHandler
                0x0000000060002362                PWM1_FAULT_DriverIRQHandler
                0x0000000060002362                LPI2C1_DriverIRQHandler
                0x0000000060002362                PWM2_2_DriverIRQHandler
                0x0000000060002362                Reserved128_DriverIRQHandler
                0x0000000060002362                DMA4_DMA20_DriverIRQHandler
                0x0000000060002362                DMA9_DMA25_DriverIRQHandler
                0x0000000060002362                SNVS_HP_WRAPPER_DriverIRQHandler
                0x0000000060002362                XBAR1_IRQ_0_1_DriverIRQHandler
                0x0000000060002362                ADC_ETC_IRQ1_DriverIRQHandler
                0x0000000060002362                DMA3_DMA19_DriverIRQHandler
                0x0000000060002362                GPIO1_INT3_DriverIRQHandler
                0x0000000060002362                DCP_VMI_DriverIRQHandler
                0x0000000060002362                LPI2C4_DriverIRQHandler
                0x0000000060002362                GPC_DriverIRQHandler
                0x0000000060002362                Reserved123_DriverIRQHandler
                0x0000000060002362                GPIO2_Combined_0_15_DriverIRQHandler
                0x0000000060002362                PWM1_2_DriverIRQHandler
                0x0000000060002362                USB_OTG1_DriverIRQHandler
                0x0000000060002362                TEMP_LOW_HIGH_DriverIRQHandler
                0x0000000060002362                SAI3_TX_DriverIRQHandler
                0x0000000060002362                WDOG2_DriverIRQHandler
                0x0000000060002362                Reserved68_DriverIRQHandler
                0x0000000060002362                PMU_DriverIRQHandler
                0x0000000060002362                Reserved59_DriverIRQHandler
                0x0000000060002362                GPIO5_Combined_16_31_DriverIRQHandler
                0x0000000060002362                DMA5_DMA21_DriverIRQHandler
                0x0000000060002362                CCM_1_DriverIRQHandler
                0x0000000060002362                ADC2_DriverIRQHandler
                0x0000000060002362                Reserved58_DriverIRQHandler
                0x0000000060002362                Reserved115_DriverIRQHandler
                0x0000000060002362                TEMP_PANIC_DriverIRQHandler
                0x0000000060002362                DMA15_DMA31_DriverIRQHandler
                0x0000000060002362                Reserved107_DriverIRQHandler
                0x0000000060002362                PWM1_3_DriverIRQHandler
                0x0000000060002362                Reserved70_DriverIRQHandler
                0x0000000060002362                ACMP1_DriverIRQHandler
                0x0000000060002362                LPI2C2_DriverIRQHandler
                0x0000000060002362                Reserved86_DriverIRQHandler
                0x0000000060002362                DMA_ERROR_DriverIRQHandler
                0x0000000060002362                ADC_ETC_IRQ0_DriverIRQHandler
                0x0000000060002362                CAN1_DriverIRQHandler
                0x0000000060002362                GPIO1_INT6_DriverIRQHandler
                0x0000000060002362                GPIO1_INT1_DriverIRQHandler
                0x0000000060002362                PWM2_0_DriverIRQHandler
                0x0000000060002362                SNVS_LP_WRAPPER_DriverIRQHandler
 *(SORT_BY_ALIGNMENT(.text*))
 *fill*         0x0000000060002364        0x4 ff
 .text.LPSPI_MasterSetDelayTimes
                0x0000000060002368      0x170 ./drivers/fsl_lpspi.o
                0x0000000060002368                LPSPI_MasterSetDelayTimes
 .text.__assertion_failed
                0x00000000600024d8       0x18 ./utilities/fsl_assert.o
                0x00000000600024d8                __assertion_failed
 .text.__NVIC_EnableIRQ
                0x00000000600024f0       0x3c ./source/qtmr_inputcapture_outputpwm.o
 .text.TMR2_IRQHandler
                0x000000006000252c       0x24 ./source/qtmr_inputcapture_outputpwm.o
                0x000000006000252c                TMR2_IRQHandler
 .text.XBAR1_IRQ_0_1_IRQHandler
                0x0000000060002550       0x30 ./source/qtmr_inputcapture_outputpwm.o
                0x0000000060002550                XBAR1_IRQ_0_1_IRQHandler
 .text.main     0x0000000060002580      0x1b4 ./source/qtmr_inputcapture_outputpwm.o
                0x0000000060002580                main
 .text.CLOCK_GetOscFreq
                0x0000000060002734       0x30 ./drivers/fsl_clock.o
 .text.CLOCK_GetPeriphClkFreq
                0x0000000060002764       0xd0 ./drivers/fsl_clock.o
 .text.CLOCK_InitExternalClk
                0x0000000060002834       0x6c ./drivers/fsl_clock.o
                0x0000000060002834                CLOCK_InitExternalClk
 .text.CLOCK_SwitchOsc
                0x00000000600028a0       0x34 ./drivers/fsl_clock.o
                0x00000000600028a0                CLOCK_SwitchOsc
 .text.CLOCK_InitRcOsc24M
                0x00000000600028d4       0x24 ./drivers/fsl_clock.o
                0x00000000600028d4                CLOCK_InitRcOsc24M
 .text.CLOCK_GetAhbFreq
                0x00000000600028f8       0x24 ./drivers/fsl_clock.o
                0x00000000600028f8                CLOCK_GetAhbFreq
 .text.CLOCK_GetSemcFreq
                0x000000006000291c       0x5c ./drivers/fsl_clock.o
                0x000000006000291c                CLOCK_GetSemcFreq
 .text.CLOCK_GetIpgFreq
                0x0000000060002978       0x24 ./drivers/fsl_clock.o
                0x0000000060002978                CLOCK_GetIpgFreq
 .text.CLOCK_GetPerClkFreq
                0x000000006000299c       0x40 ./drivers/fsl_clock.o
                0x000000006000299c                CLOCK_GetPerClkFreq
 .text.CLOCK_GetFreq
                0x00000000600029dc      0x150 ./drivers/fsl_clock.o
                0x00000000600029dc                CLOCK_GetFreq
 .text.CLOCK_InitSysPll
                0x0000000060002b2c       0x9c ./drivers/fsl_clock.o
                0x0000000060002b2c                CLOCK_InitSysPll
 .text.CLOCK_DeinitAudioPll
                0x0000000060002bc8       0x1c ./drivers/fsl_clock.o
                0x0000000060002bc8                CLOCK_DeinitAudioPll
 .text.CLOCK_InitEnetPll
                0x0000000060002be4       0xa4 ./drivers/fsl_clock.o
                0x0000000060002be4                CLOCK_InitEnetPll
 .text.CLOCK_GetPllFreq
                0x0000000060002c88      0x250 ./drivers/fsl_clock.o
                0x0000000060002c88                CLOCK_GetPllFreq
 .text.CLOCK_InitSysPfd
                0x0000000060002ed8       0x64 ./drivers/fsl_clock.o
                0x0000000060002ed8                CLOCK_InitSysPfd
 .text.CLOCK_GetSysPfdFreq
                0x0000000060002f3c       0xac ./drivers/fsl_clock.o
                0x0000000060002f3c                CLOCK_GetSysPfdFreq
 .text.CLOCK_GetUsb1PfdFreq
                0x0000000060002fe8       0xac ./drivers/fsl_clock.o
                0x0000000060002fe8                CLOCK_GetUsb1PfdFreq
 .text.CLOCK_ControlGate
                0x0000000060003094       0x64 ./drivers/fsl_lpspi.o
 .text.LPSPI_GetInstance
                0x00000000600030f8       0x50 ./drivers/fsl_lpspi.o
                0x00000000600030f8                LPSPI_GetInstance
 .text.LPSPI_SetDummyData
                0x0000000060003148       0x2c ./drivers/fsl_lpspi.o
                0x0000000060003148                LPSPI_SetDummyData
 .text.LPSPI_MasterInit
                0x0000000060003174      0x11c ./drivers/fsl_lpspi.o
                0x0000000060003174                LPSPI_MasterInit
 .text.LPSPI_MasterSetBaudRate
                0x0000000060003290       0xf8 ./drivers/fsl_lpspi.o
                0x0000000060003290                LPSPI_MasterSetBaudRate
 .text.LPSPI_MasterSetDelayScaler
                0x0000000060003388       0x70 ./drivers/fsl_lpspi.o
                0x0000000060003388                LPSPI_MasterSetDelayScaler
 .text.LPSPI_CommonIRQHandler
                0x00000000600033f8       0x3c ./drivers/fsl_lpspi.o
 .text.LPSPI1_DriverIRQHandler
                0x0000000060003434       0x30 ./drivers/fsl_lpspi.o
                0x0000000060003434                LPSPI1_DriverIRQHandler
 .text.LPSPI2_DriverIRQHandler
                0x0000000060003464       0x30 ./drivers/fsl_lpspi.o
                0x0000000060003464                LPSPI2_DriverIRQHandler
 .text.LPSPI3_DriverIRQHandler
                0x0000000060003494       0x30 ./drivers/fsl_lpspi.o
                0x0000000060003494                LPSPI3_DriverIRQHandler
 .text.LPSPI4_DriverIRQHandler
                0x00000000600034c4       0x30 ./drivers/fsl_lpspi.o
                0x00000000600034c4                LPSPI4_DriverIRQHandler
 .text.LPUART1_DriverIRQHandler
                0x00000000600034f4       0x24 ./drivers/fsl_lpuart.o
                0x00000000600034f4                LPUART1_DriverIRQHandler
 .text.LPUART2_DriverIRQHandler
                0x0000000060003518       0x24 ./drivers/fsl_lpuart.o
                0x0000000060003518                LPUART2_DriverIRQHandler
 .text.LPUART3_DriverIRQHandler
                0x000000006000353c       0x24 ./drivers/fsl_lpuart.o
                0x000000006000353c                LPUART3_DriverIRQHandler
 .text.LPUART4_DriverIRQHandler
                0x0000000060003560       0x24 ./drivers/fsl_lpuart.o
                0x0000000060003560                LPUART4_DriverIRQHandler
 .text.LPUART5_DriverIRQHandler
                0x0000000060003584       0x24 ./drivers/fsl_lpuart.o
                0x0000000060003584                LPUART5_DriverIRQHandler
 .text.LPUART6_DriverIRQHandler
                0x00000000600035a8       0x24 ./drivers/fsl_lpuart.o
                0x00000000600035a8                LPUART6_DriverIRQHandler
 .text.LPUART7_DriverIRQHandler
                0x00000000600035cc       0x24 ./drivers/fsl_lpuart.o
                0x00000000600035cc                LPUART7_DriverIRQHandler
 .text.LPUART8_DriverIRQHandler
                0x00000000600035f0       0x24 ./drivers/fsl_lpuart.o
                0x00000000600035f0                LPUART8_DriverIRQHandler
 .text.CLOCK_ControlGate
                0x0000000060003614       0x64 ./drivers/fsl_qtmr.o
 .text.QTMR_GetInstance
                0x0000000060003678       0x4c ./drivers/fsl_qtmr.o
 .text.QTMR_Init
                0x00000000600036c4      0x108 ./drivers/fsl_qtmr.o
                0x00000000600036c4                QTMR_Init
 .text.QTMR_GetDefaultConfig
                0x00000000600037cc       0x54 ./drivers/fsl_qtmr.o
                0x00000000600037cc                QTMR_GetDefaultConfig
 .text.QTMR_SetupPwm
                0x0000000060003820      0x178 ./drivers/fsl_qtmr.o
                0x0000000060003820                QTMR_SetupPwm
 .text.QTMR_SetupInputCapture
                0x0000000060003998       0xf4 ./drivers/fsl_qtmr.o
                0x0000000060003998                QTMR_SetupInputCapture
 .text.CLOCK_ControlGate
                0x0000000060003a8c       0x64 ./drivers/fsl_xbara.o
 .text.XBARA_GetInstance
                0x0000000060003af0       0x44 ./drivers/fsl_xbara.o
 .text.XBARA_GetStatusFlags
                0x0000000060003b34       0x40 ./drivers/fsl_xbara.o
                0x0000000060003b34                XBARA_GetStatusFlags
 .text.XBARA_SetOutputSignalConfig
                0x0000000060003b74       0x8c ./drivers/fsl_xbara.o
                0x0000000060003b74                XBARA_SetOutputSignalConfig
 .text.SystemInit
                0x0000000060003c00      0x1c8 ./device/system_MIMXRT1021.o
                0x0000000060003c00                SystemInit
 .text.ARM_MPU_Enable
                0x0000000060003dc8       0x3c ./board/board.o
 .text.ARM_MPU_Disable
                0x0000000060003e04       0x34 ./board/board.o
 .text.CLOCK_GetMux
                0x0000000060003e38       0x44 ./board/board.o
 .text.CLOCK_GetDiv
                0x0000000060003e7c       0x44 ./board/board.o
 .text.CLOCK_GetOscFreq
                0x0000000060003ec0       0x30 ./board/board.o
 .text.BOARD_DebugConsoleSrcFreq
                0x0000000060003ef0       0x64 ./board/board.o
                0x0000000060003ef0                BOARD_DebugConsoleSrcFreq
 .text.BOARD_ConfigMPU
                0x0000000060003f54      0x29c ./board/board.o
                0x0000000060003f54                BOARD_ConfigMPU
 .text.CLOCK_SetMux
                0x00000000600041f0       0x9c ./board/clock_config.o
 .text.CLOCK_SetDiv
                0x000000006000428c       0x9c ./board/clock_config.o
 .text.CLOCK_ControlGate
                0x0000000060004328       0x64 ./board/clock_config.o
 .text.CLOCK_SetXtalFreq
                0x000000006000438c       0x20 ./board/clock_config.o
 .text.CLOCK_SetRtcXtalFreq
                0x00000000600043ac       0x20 ./board/clock_config.o
 .text.IOMUXC_EnableMode
                0x00000000600043cc       0x48 ./board/clock_config.o
 .text.IOMUXC_MQSConfig
                0x0000000060004414       0x44 ./board/clock_config.o
 .text.BOARD_BootClockRUN
                0x0000000060004458      0x4ec ./board/clock_config.o
                0x0000000060004458                BOARD_BootClockRUN
 .text.CLOCK_ControlGate
                0x0000000060004944       0x64 ./board/pin_mux.o
 .text.BOARD_InitPins
                0x00000000600049a8      0x174 ./board/pin_mux.o
                0x00000000600049a8                BOARD_InitPins
 .text.malloc   0x0000000060004b1c       0xc8 /usr/local/mcuxpressoide-11.1.0_3209/ide/plugins/com.nxp.mcuxpresso.tools.linux_11.1.0.201909161352/tools/bin/../lib/gcc/arm-none-eabi/8.3.1/../../../../arm-none-eabi/lib/thumb/v7e-m+dp/hard/libcr_c.a(alloc.o)
                0x0000000060004b1c                malloc
 .text._Csys_alloc
                0x0000000060004be4       0x20 /usr/local/mcuxpressoide-11.1.0_3209/ide/plugins/com.nxp.mcuxpresso.tools.linux_11.1.0.201909161352/tools/bin/../lib/gcc/arm-none-eabi/8.3.1/../../../../arm-none-eabi/lib/thumb/v7e-m+dp/hard/libcr_c.a(alloc.o)
                0x0000000060004be4                _Csys_alloc
 .text._initio  0x0000000060004c04       0x78 /usr/local/mcuxpressoide-11.1.0_3209/ide/plugins/com.nxp.mcuxpresso.tools.linux_11.1.0.201909161352/tools/bin/../lib/gcc/arm-none-eabi/8.3.1/../../../../arm-none-eabi/lib/thumb/v7e-m+dp/hard/libcr_c.a(initio.o)
                0x0000000060004c04                _initio
 .text.__vfprintf
                0x0000000060004c7c      0xbdc /usr/local/mcuxpressoide-11.1.0_3209/ide/plugins/com.nxp.mcuxpresso.tools.linux_11.1.0.201909161352/tools/bin/../lib/gcc/arm-none-eabi/8.3.1/../../../../arm-none-eabi/lib/thumb/v7e-m+dp/hard/libcr_c.a(printf.o)
                0x0000000060004c7c                __vfprintf
 .text._vsnprintf
                0x0000000060005858       0x68 /usr/local/mcuxpressoide-11.1.0_3209/ide/plugins/com.nxp.mcuxpresso.tools.linux_11.1.0.201909161352/tools/bin/../lib/gcc/arm-none-eabi/8.3.1/../../../../arm-none-eabi/lib/thumb/v7e-m+dp/hard/libcr_c.a(printf.o)
                0x0000000060005858                _vsnprintf
 .text._printf  0x00000000600058c0       0x54 /usr/local/mcuxpressoide-11.1.0_3209/ide/plugins/com.nxp.mcuxpresso.tools.linux_11.1.0.201909161352/tools/bin/../lib/gcc/arm-none-eabi/8.3.1/../../../../arm-none-eabi/lib/thumb/v7e-m+dp/hard/libcr_c.a(printf.o)
                0x00000000600058c0                _printf
 .text.setvbuf  0x0000000060005914       0x40 /usr/local/mcuxpressoide-11.1.0_3209/ide/plugins/com.nxp.mcuxpresso.tools.linux_11.1.0.201909161352/tools/bin/../lib/gcc/arm-none-eabi/8.3.1/../../../../arm-none-eabi/lib/thumb/v7e-m+dp/hard/libcr_c.a(setvbuf.o)
                0x0000000060005914                setvbuf
 .text._sbrk    0x0000000060005954       0x3c /usr/local/mcuxpressoide-11.1.0_3209/ide/plugins/com.nxp.mcuxpresso.tools.linux_11.1.0.201909161352/tools/bin/../lib/gcc/arm-none-eabi/8.3.1/../../../../arm-none-eabi/lib/thumb/v7e-m+dp/hard/libcr_c.a(_cr_sbrk.o)
                0x0000000060005954                _sbrk
 .text._Cwritebuf
                0x0000000060005990       0x6c /usr/local/mcuxpressoide-11.1.0_3209/ide/plugins/com.nxp.mcuxpresso.tools.linux_11.1.0.201909161352/tools/bin/../lib/gcc/arm-none-eabi/8.3.1/../../../../arm-none-eabi/lib/thumb/v7e-m+dp/hard/libcr_c.a(_writebuf.o)
                0x0000000060005990                _Cwritebuf
 .text.fflush   0x00000000600059fc       0x44 /usr/local/mcuxpressoide-11.1.0_3209/ide/plugins/com.nxp.mcuxpresso.tools.linux_11.1.0.201909161352/tools/bin/../lib/gcc/arm-none-eabi/8.3.1/../../../../arm-none-eabi/lib/thumb/v7e-m+dp/hard/libcr_c.a(fflush.o)
                0x00000000600059fc                fflush
 .text.fseek    0x0000000060005a40      0x100 /usr/local/mcuxpressoide-11.1.0_3209/ide/plugins/com.nxp.mcuxpresso.tools.linux_11.1.0.201909161352/tools/bin/../lib/gcc/arm-none-eabi/8.3.1/../../../../arm-none-eabi/lib/thumb/v7e-m+dp/hard/libcr_c.a(fseek.o)
                0x0000000060005a40                fseek
 .text.ftell    0x0000000060005b40       0x48 /usr/local/mcuxpressoide-11.1.0_3209/ide/plugins/com.nxp.mcuxpresso.tools.linux_11.1.0.201909161352/tools/bin/../lib/gcc/arm-none-eabi/8.3.1/../../../../arm-none-eabi/lib/thumb/v7e-m+dp/hard/libcr_c.a(ftell.o)
                0x0000000060005b40                ftell
 .text.__check_heap_overflow
                0x0000000060005b88       0x18 /usr/local/mcuxpressoide-11.1.0_3209/ide/plugins/com.nxp.mcuxpresso.tools.linux_11.1.0.201909161352/tools/bin/../lib/gcc/arm-none-eabi/8.3.1/../../../../arm-none-eabi/lib/thumb/v7e-m+dp/hard/libcr_c.a(_cr_check_heap.o)
                0x0000000060005b88                __check_heap_overflow
 .text.__sys_appexit
                0x0000000060005ba0        0xc /usr/local/mcuxpressoide-11.1.0_3209/ide/plugins/com.nxp.mcuxpresso.tools.linux_11.1.0.201909161352/tools/bin/../lib/gcc/arm-none-eabi/8.3.1/../../../../arm-none-eabi/lib/thumb/v7e-m+dp/hard/libcr_semihost_nf.a(__sys_appexit.o)
                0x0000000060005ba0                __exit
                0x0000000060005ba0                __sys_appexit
 .text.DMA0_DMA16_IRQHandler
                0x0000000060005bac        0x8 ./startup/startup_mimxrt1021.o
                0x0000000060005bac                DMA0_DMA16_IRQHandler
 .text.DMA1_DMA17_IRQHandler
                0x0000000060005bb4        0x8 ./startup/startup_mimxrt1021.o
                0x0000000060005bb4                DMA1_DMA17_IRQHandler
 .text.DMA2_DMA18_IRQHandler
                0x0000000060005bbc        0x8 ./startup/startup_mimxrt1021.o
                0x0000000060005bbc                DMA2_DMA18_IRQHandler
 .text.DMA3_DMA19_IRQHandler
                0x0000000060005bc4        0x8 ./startup/startup_mimxrt1021.o
                0x0000000060005bc4                DMA3_DMA19_IRQHandler
 .text.DMA4_DMA20_IRQHandler
                0x0000000060005bcc        0x8 ./startup/startup_mimxrt1021.o
                0x0000000060005bcc                DMA4_DMA20_IRQHandler
 .text.DMA5_DMA21_IRQHandler
                0x0000000060005bd4        0x8 ./startup/startup_mimxrt1021.o
                0x0000000060005bd4                DMA5_DMA21_IRQHandler
 .text.DMA6_DMA22_IRQHandler
                0x0000000060005bdc        0x8 ./startup/startup_mimxrt1021.o
                0x0000000060005bdc                DMA6_DMA22_IRQHandler
 .text.DMA7_DMA23_IRQHandler
                0x0000000060005be4        0x8 ./startup/startup_mimxrt1021.o
                0x0000000060005be4                DMA7_DMA23_IRQHandler
 .text.DMA8_DMA24_IRQHandler
                0x0000000060005bec        0x8 ./startup/startup_mimxrt1021.o
                0x0000000060005bec                DMA8_DMA24_IRQHandler
 .text.DMA9_DMA25_IRQHandler
                0x0000000060005bf4        0x8 ./startup/startup_mimxrt1021.o
                0x0000000060005bf4                DMA9_DMA25_IRQHandler
 .text.DMA10_DMA26_IRQHandler
                0x0000000060005bfc        0x8 ./startup/startup_mimxrt1021.o
                0x0000000060005bfc                DMA10_DMA26_IRQHandler
 .text.DMA11_DMA27_IRQHandler
                0x0000000060005c04        0x8 ./startup/startup_mimxrt1021.o
                0x0000000060005c04                DMA11_DMA27_IRQHandler
 .text.DMA12_DMA28_IRQHandler
                0x0000000060005c0c        0x8 ./startup/startup_mimxrt1021.o
                0x0000000060005c0c                DMA12_DMA28_IRQHandler
 .text.DMA13_DMA29_IRQHandler
                0x0000000060005c14        0x8 ./startup/startup_mimxrt1021.o
                0x0000000060005c14                DMA13_DMA29_IRQHandler
 .text.DMA14_DMA30_IRQHandler
                0x0000000060005c1c        0x8 ./startup/startup_mimxrt1021.o
                0x0000000060005c1c                DMA14_DMA30_IRQHandler
 .text.DMA15_DMA31_IRQHandler
                0x0000000060005c24        0x8 ./startup/startup_mimxrt1021.o
                0x0000000060005c24                DMA15_DMA31_IRQHandler
 .text.DMA_ERROR_IRQHandler
                0x0000000060005c2c        0x8 ./startup/startup_mimxrt1021.o
                0x0000000060005c2c                DMA_ERROR_IRQHandler
 .text.CTI0_ERROR_IRQHandler
                0x0000000060005c34        0x8 ./startup/startup_mimxrt1021.o
                0x0000000060005c34                CTI0_ERROR_IRQHandler
 .text.CTI1_ERROR_IRQHandler
                0x0000000060005c3c        0x8 ./startup/startup_mimxrt1021.o
                0x0000000060005c3c                CTI1_ERROR_IRQHandler
 .text.CORE_IRQHandler
                0x0000000060005c44        0x8 ./startup/startup_mimxrt1021.o
                0x0000000060005c44                CORE_IRQHandler
 .text.LPUART1_IRQHandler
                0x0000000060005c4c        0x8 ./startup/startup_mimxrt1021.o
                0x0000000060005c4c                LPUART1_IRQHandler
 .text.LPUART2_IRQHandler
                0x0000000060005c54        0x8 ./startup/startup_mimxrt1021.o
                0x0000000060005c54                LPUART2_IRQHandler
 .text.LPUART3_IRQHandler
                0x0000000060005c5c        0x8 ./startup/startup_mimxrt1021.o
                0x0000000060005c5c                LPUART3_IRQHandler
 .text.LPUART4_IRQHandler
                0x0000000060005c64        0x8 ./startup/startup_mimxrt1021.o
                0x0000000060005c64                LPUART4_IRQHandler
 .text.LPUART5_IRQHandler
                0x0000000060005c6c        0x8 ./startup/startup_mimxrt1021.o
                0x0000000060005c6c                LPUART5_IRQHandler
 .text.LPUART6_IRQHandler
                0x0000000060005c74        0x8 ./startup/startup_mimxrt1021.o
                0x0000000060005c74                LPUART6_IRQHandler
 .text.LPUART7_IRQHandler
                0x0000000060005c7c        0x8 ./startup/startup_mimxrt1021.o
                0x0000000060005c7c                LPUART7_IRQHandler
 .text.LPUART8_IRQHandler
                0x0000000060005c84        0x8 ./startup/startup_mimxrt1021.o
                0x0000000060005c84                LPUART8_IRQHandler
 .text.LPI2C1_IRQHandler
                0x0000000060005c8c        0x8 ./startup/startup_mimxrt1021.o
                0x0000000060005c8c                LPI2C1_IRQHandler
 .text.LPI2C2_IRQHandler
                0x0000000060005c94        0x8 ./startup/startup_mimxrt1021.o
                0x0000000060005c94                LPI2C2_IRQHandler
 .text.LPI2C3_IRQHandler
                0x0000000060005c9c        0x8 ./startup/startup_mimxrt1021.o
                0x0000000060005c9c                LPI2C3_IRQHandler
 .text.LPI2C4_IRQHandler
                0x0000000060005ca4        0x8 ./startup/startup_mimxrt1021.o
                0x0000000060005ca4                LPI2C4_IRQHandler
 .text.LPSPI1_IRQHandler
                0x0000000060005cac        0x8 ./startup/startup_mimxrt1021.o
                0x0000000060005cac                LPSPI1_IRQHandler
 .text.LPSPI2_IRQHandler
                0x0000000060005cb4        0x8 ./startup/startup_mimxrt1021.o
                0x0000000060005cb4                LPSPI2_IRQHandler
 .text.LPSPI3_IRQHandler
                0x0000000060005cbc        0x8 ./startup/startup_mimxrt1021.o
                0x0000000060005cbc                LPSPI3_IRQHandler
 .text.LPSPI4_IRQHandler
                0x0000000060005cc4        0x8 ./startup/startup_mimxrt1021.o
                0x0000000060005cc4                LPSPI4_IRQHandler
 .text.CAN1_IRQHandler
                0x0000000060005ccc        0x8 ./startup/startup_mimxrt1021.o
                0x0000000060005ccc                CAN1_IRQHandler
 .text.CAN2_IRQHandler
                0x0000000060005cd4        0x8 ./startup/startup_mimxrt1021.o
                0x0000000060005cd4                CAN2_IRQHandler
 .text.FLEXRAM_IRQHandler
                0x0000000060005cdc        0x8 ./startup/startup_mimxrt1021.o
                0x0000000060005cdc                FLEXRAM_IRQHandler
 .text.KPP_IRQHandler
                0x0000000060005ce4        0x8 ./startup/startup_mimxrt1021.o
                0x0000000060005ce4                KPP_IRQHandler
 .text.Reserved56_IRQHandler
                0x0000000060005cec        0x8 ./startup/startup_mimxrt1021.o
                0x0000000060005cec                Reserved56_IRQHandler
 .text.GPR_IRQ_IRQHandler
                0x0000000060005cf4        0x8 ./startup/startup_mimxrt1021.o
                0x0000000060005cf4                GPR_IRQ_IRQHandler
 .text.Reserved58_IRQHandler
                0x0000000060005cfc        0x8 ./startup/startup_mimxrt1021.o
                0x0000000060005cfc                Reserved58_IRQHandler
 .text.Reserved59_IRQHandler
                0x0000000060005d04        0x8 ./startup/startup_mimxrt1021.o
                0x0000000060005d04                Reserved59_IRQHandler
 .text.Reserved60_IRQHandler
                0x0000000060005d0c        0x8 ./startup/startup_mimxrt1021.o
                0x0000000060005d0c                Reserved60_IRQHandler
 .text.WDOG2_IRQHandler
                0x0000000060005d14        0x8 ./startup/startup_mimxrt1021.o
                0x0000000060005d14                WDOG2_IRQHandler
 .text.SNVS_HP_WRAPPER_IRQHandler
                0x0000000060005d1c        0x8 ./startup/startup_mimxrt1021.o
                0x0000000060005d1c                SNVS_HP_WRAPPER_IRQHandler
 .text.SNVS_HP_WRAPPER_TZ_IRQHandler
                0x0000000060005d24        0x8 ./startup/startup_mimxrt1021.o
                0x0000000060005d24                SNVS_HP_WRAPPER_TZ_IRQHandler
 .text.SNVS_LP_WRAPPER_IRQHandler
                0x0000000060005d2c        0x8 ./startup/startup_mimxrt1021.o
                0x0000000060005d2c                SNVS_LP_WRAPPER_IRQHandler
 .text.CSU_IRQHandler
                0x0000000060005d34        0x8 ./startup/startup_mimxrt1021.o
                0x0000000060005d34                CSU_IRQHandler
 .text.DCP_IRQHandler
                0x0000000060005d3c        0x8 ./startup/startup_mimxrt1021.o
                0x0000000060005d3c                DCP_IRQHandler
 .text.DCP_VMI_IRQHandler
                0x0000000060005d44        0x8 ./startup/startup_mimxrt1021.o
                0x0000000060005d44                DCP_VMI_IRQHandler
 .text.Reserved68_IRQHandler
                0x0000000060005d4c        0x8 ./startup/startup_mimxrt1021.o
                0x0000000060005d4c                Reserved68_IRQHandler
 .text.TRNG_IRQHandler
                0x0000000060005d54        0x8 ./startup/startup_mimxrt1021.o
                0x0000000060005d54                TRNG_IRQHandler
 .text.Reserved70_IRQHandler
                0x0000000060005d5c        0x8 ./startup/startup_mimxrt1021.o
                0x0000000060005d5c                Reserved70_IRQHandler
 .text.BEE_IRQHandler
                0x0000000060005d64        0x8 ./startup/startup_mimxrt1021.o
                0x0000000060005d64                BEE_IRQHandler
 .text.SAI1_IRQHandler
                0x0000000060005d6c        0x8 ./startup/startup_mimxrt1021.o
                0x0000000060005d6c                SAI1_IRQHandler
 .text.SAI2_IRQHandler
                0x0000000060005d74        0x8 ./startup/startup_mimxrt1021.o
                0x0000000060005d74                SAI2_IRQHandler
 .text.SAI3_RX_IRQHandler
                0x0000000060005d7c        0x8 ./startup/startup_mimxrt1021.o
                0x0000000060005d7c                SAI3_RX_IRQHandler
 .text.SAI3_TX_IRQHandler
                0x0000000060005d84        0x8 ./startup/startup_mimxrt1021.o
                0x0000000060005d84                SAI3_TX_IRQHandler
 .text.SPDIF_IRQHandler
                0x0000000060005d8c        0x8 ./startup/startup_mimxrt1021.o
                0x0000000060005d8c                SPDIF_IRQHandler
 .text.PMU_IRQHandler
                0x0000000060005d94        0x8 ./startup/startup_mimxrt1021.o
                0x0000000060005d94                PMU_IRQHandler
 .text.Reserved78_IRQHandler
                0x0000000060005d9c        0x8 ./startup/startup_mimxrt1021.o
                0x0000000060005d9c                Reserved78_IRQHandler
 .text.TEMP_LOW_HIGH_IRQHandler
                0x0000000060005da4        0x8 ./startup/startup_mimxrt1021.o
                0x0000000060005da4                TEMP_LOW_HIGH_IRQHandler
 .text.TEMP_PANIC_IRQHandler
                0x0000000060005dac        0x8 ./startup/startup_mimxrt1021.o
                0x0000000060005dac                TEMP_PANIC_IRQHandler
 .text.USB_PHY_IRQHandler
                0x0000000060005db4        0x8 ./startup/startup_mimxrt1021.o
                0x0000000060005db4                USB_PHY_IRQHandler
 .text.Reserved82_IRQHandler
                0x0000000060005dbc        0x8 ./startup/startup_mimxrt1021.o
                0x0000000060005dbc                Reserved82_IRQHandler
 .text.ADC1_IRQHandler
                0x0000000060005dc4        0x8 ./startup/startup_mimxrt1021.o
                0x0000000060005dc4                ADC1_IRQHandler
 .text.ADC2_IRQHandler
                0x0000000060005dcc        0x8 ./startup/startup_mimxrt1021.o
                0x0000000060005dcc                ADC2_IRQHandler
 .text.DCDC_IRQHandler
                0x0000000060005dd4        0x8 ./startup/startup_mimxrt1021.o
                0x0000000060005dd4                DCDC_IRQHandler
 .text.Reserved86_IRQHandler
                0x0000000060005ddc        0x8 ./startup/startup_mimxrt1021.o
                0x0000000060005ddc                Reserved86_IRQHandler
 .text.Reserved87_IRQHandler
                0x0000000060005de4        0x8 ./startup/startup_mimxrt1021.o
                0x0000000060005de4                Reserved87_IRQHandler
 .text.GPIO1_INT0_IRQHandler
                0x0000000060005dec        0x8 ./startup/startup_mimxrt1021.o
                0x0000000060005dec                GPIO1_INT0_IRQHandler
 .text.GPIO1_INT1_IRQHandler
                0x0000000060005df4        0x8 ./startup/startup_mimxrt1021.o
                0x0000000060005df4                GPIO1_INT1_IRQHandler
 .text.GPIO1_INT2_IRQHandler
                0x0000000060005dfc        0x8 ./startup/startup_mimxrt1021.o
                0x0000000060005dfc                GPIO1_INT2_IRQHandler
 .text.GPIO1_INT3_IRQHandler
                0x0000000060005e04        0x8 ./startup/startup_mimxrt1021.o
                0x0000000060005e04                GPIO1_INT3_IRQHandler
 .text.GPIO1_INT4_IRQHandler
                0x0000000060005e0c        0x8 ./startup/startup_mimxrt1021.o
                0x0000000060005e0c                GPIO1_INT4_IRQHandler
 .text.GPIO1_INT5_IRQHandler
                0x0000000060005e14        0x8 ./startup/startup_mimxrt1021.o
                0x0000000060005e14                GPIO1_INT5_IRQHandler
 .text.GPIO1_INT6_IRQHandler
                0x0000000060005e1c        0x8 ./startup/startup_mimxrt1021.o
                0x0000000060005e1c                GPIO1_INT6_IRQHandler
 .text.GPIO1_INT7_IRQHandler
                0x0000000060005e24        0x8 ./startup/startup_mimxrt1021.o
                0x0000000060005e24                GPIO1_INT7_IRQHandler
 .text.GPIO1_Combined_0_15_IRQHandler
                0x0000000060005e2c        0x8 ./startup/startup_mimxrt1021.o
                0x0000000060005e2c                GPIO1_Combined_0_15_IRQHandler
 .text.GPIO1_Combined_16_31_IRQHandler
                0x0000000060005e34        0x8 ./startup/startup_mimxrt1021.o
                0x0000000060005e34                GPIO1_Combined_16_31_IRQHandler
 .text.GPIO2_Combined_0_15_IRQHandler
                0x0000000060005e3c        0x8 ./startup/startup_mimxrt1021.o
                0x0000000060005e3c                GPIO2_Combined_0_15_IRQHandler
 .text.GPIO2_Combined_16_31_IRQHandler
                0x0000000060005e44        0x8 ./startup/startup_mimxrt1021.o
                0x0000000060005e44                GPIO2_Combined_16_31_IRQHandler
 .text.GPIO3_Combined_0_15_IRQHandler
                0x0000000060005e4c        0x8 ./startup/startup_mimxrt1021.o
                0x0000000060005e4c                GPIO3_Combined_0_15_IRQHandler
 .text.GPIO3_Combined_16_31_IRQHandler
                0x0000000060005e54        0x8 ./startup/startup_mimxrt1021.o
                0x0000000060005e54                GPIO3_Combined_16_31_IRQHandler
 .text.Reserved102_IRQHandler
                0x0000000060005e5c        0x8 ./startup/startup_mimxrt1021.o
                0x0000000060005e5c                Reserved102_IRQHandler
 .text.Reserved103_IRQHandler
                0x0000000060005e64        0x8 ./startup/startup_mimxrt1021.o
                0x0000000060005e64                Reserved103_IRQHandler
 .text.GPIO5_Combined_0_15_IRQHandler
                0x0000000060005e6c        0x8 ./startup/startup_mimxrt1021.o
                0x0000000060005e6c                GPIO5_Combined_0_15_IRQHandler
 .text.GPIO5_Combined_16_31_IRQHandler
                0x0000000060005e74        0x8 ./startup/startup_mimxrt1021.o
                0x0000000060005e74                GPIO5_Combined_16_31_IRQHandler
 .text.FLEXIO1_IRQHandler
                0x0000000060005e7c        0x8 ./startup/startup_mimxrt1021.o
                0x0000000060005e7c                FLEXIO1_IRQHandler
 .text.Reserved107_IRQHandler
                0x0000000060005e84        0x8 ./startup/startup_mimxrt1021.o
                0x0000000060005e84                Reserved107_IRQHandler
 .text.WDOG1_IRQHandler
                0x0000000060005e8c        0x8 ./startup/startup_mimxrt1021.o
                0x0000000060005e8c                WDOG1_IRQHandler
 .text.RTWDOG_IRQHandler
                0x0000000060005e94        0x8 ./startup/startup_mimxrt1021.o
                0x0000000060005e94                RTWDOG_IRQHandler
 .text.EWM_IRQHandler
                0x0000000060005e9c        0x8 ./startup/startup_mimxrt1021.o
                0x0000000060005e9c                EWM_IRQHandler
 .text.CCM_1_IRQHandler
                0x0000000060005ea4        0x8 ./startup/startup_mimxrt1021.o
                0x0000000060005ea4                CCM_1_IRQHandler
 .text.CCM_2_IRQHandler
                0x0000000060005eac        0x8 ./startup/startup_mimxrt1021.o
                0x0000000060005eac                CCM_2_IRQHandler
 .text.GPC_IRQHandler
                0x0000000060005eb4        0x8 ./startup/startup_mimxrt1021.o
                0x0000000060005eb4                GPC_IRQHandler
 .text.SRC_IRQHandler
                0x0000000060005ebc        0x8 ./startup/startup_mimxrt1021.o
                0x0000000060005ebc                SRC_IRQHandler
 .text.Reserved115_IRQHandler
                0x0000000060005ec4        0x8 ./startup/startup_mimxrt1021.o
                0x0000000060005ec4                Reserved115_IRQHandler
 .text.GPT1_IRQHandler
                0x0000000060005ecc        0x8 ./startup/startup_mimxrt1021.o
                0x0000000060005ecc                GPT1_IRQHandler
 .text.GPT2_IRQHandler
                0x0000000060005ed4        0x8 ./startup/startup_mimxrt1021.o
                0x0000000060005ed4                GPT2_IRQHandler
 .text.PWM1_0_IRQHandler
                0x0000000060005edc        0x8 ./startup/startup_mimxrt1021.o
                0x0000000060005edc                PWM1_0_IRQHandler
 .text.PWM1_1_IRQHandler
                0x0000000060005ee4        0x8 ./startup/startup_mimxrt1021.o
                0x0000000060005ee4                PWM1_1_IRQHandler
 .text.PWM1_2_IRQHandler
                0x0000000060005eec        0x8 ./startup/startup_mimxrt1021.o
                0x0000000060005eec                PWM1_2_IRQHandler
 .text.PWM1_3_IRQHandler
                0x0000000060005ef4        0x8 ./startup/startup_mimxrt1021.o
                0x0000000060005ef4                PWM1_3_IRQHandler
 .text.PWM1_FAULT_IRQHandler
                0x0000000060005efc        0x8 ./startup/startup_mimxrt1021.o
                0x0000000060005efc                PWM1_FAULT_IRQHandler
 .text.Reserved123_IRQHandler
                0x0000000060005f04        0x8 ./startup/startup_mimxrt1021.o
                0x0000000060005f04                Reserved123_IRQHandler
 .text.FLEXSPI_IRQHandler
                0x0000000060005f0c        0x8 ./startup/startup_mimxrt1021.o
                0x0000000060005f0c                FLEXSPI_IRQHandler
 .text.SEMC_IRQHandler
                0x0000000060005f14        0x8 ./startup/startup_mimxrt1021.o
                0x0000000060005f14                SEMC_IRQHandler
 .text.USDHC1_IRQHandler
                0x0000000060005f1c        0x8 ./startup/startup_mimxrt1021.o
                0x0000000060005f1c                USDHC1_IRQHandler
 .text.USDHC2_IRQHandler
                0x0000000060005f24        0x8 ./startup/startup_mimxrt1021.o
                0x0000000060005f24                USDHC2_IRQHandler
 .text.Reserved128_IRQHandler
                0x0000000060005f2c        0x8 ./startup/startup_mimxrt1021.o
                0x0000000060005f2c                Reserved128_IRQHandler
 .text.USB_OTG1_IRQHandler
                0x0000000060005f34        0x8 ./startup/startup_mimxrt1021.o
                0x0000000060005f34                USB_OTG1_IRQHandler
 .text.ENET_IRQHandler
                0x0000000060005f3c        0x8 ./startup/startup_mimxrt1021.o
                0x0000000060005f3c                ENET_IRQHandler
 .text.ENET_1588_Timer_IRQHandler
                0x0000000060005f44        0x8 ./startup/startup_mimxrt1021.o
                0x0000000060005f44                ENET_1588_Timer_IRQHandler
 .text.XBAR1_IRQ_2_3_IRQHandler
                0x0000000060005f4c        0x8 ./startup/startup_mimxrt1021.o
                0x0000000060005f4c                XBAR1_IRQ_2_3_IRQHandler
 .text.ADC_ETC_IRQ0_IRQHandler
                0x0000000060005f54        0x8 ./startup/startup_mimxrt1021.o
                0x0000000060005f54                ADC_ETC_IRQ0_IRQHandler
 .text.ADC_ETC_IRQ1_IRQHandler
                0x0000000060005f5c        0x8 ./startup/startup_mimxrt1021.o
                0x0000000060005f5c                ADC_ETC_IRQ1_IRQHandler
 .text.ADC_ETC_IRQ2_IRQHandler
                0x0000000060005f64        0x8 ./startup/startup_mimxrt1021.o
                0x0000000060005f64                ADC_ETC_IRQ2_IRQHandler
 .text.ADC_ETC_ERROR_IRQ_IRQHandler
                0x0000000060005f6c        0x8 ./startup/startup_mimxrt1021.o
                0x0000000060005f6c                ADC_ETC_ERROR_IRQ_IRQHandler
 .text.PIT_IRQHandler
                0x0000000060005f74        0x8 ./startup/startup_mimxrt1021.o
                0x0000000060005f74                PIT_IRQHandler
 .text.ACMP1_IRQHandler
                0x0000000060005f7c        0x8 ./startup/startup_mimxrt1021.o
                0x0000000060005f7c                ACMP1_IRQHandler
 .text.ACMP2_IRQHandler
                0x0000000060005f84        0x8 ./startup/startup_mimxrt1021.o
                0x0000000060005f84                ACMP2_IRQHandler
 .text.ACMP3_IRQHandler
                0x0000000060005f8c        0x8 ./startup/startup_mimxrt1021.o
                0x0000000060005f8c                ACMP3_IRQHandler
 .text.ACMP4_IRQHandler
                0x0000000060005f94        0x8 ./startup/startup_mimxrt1021.o
                0x0000000060005f94                ACMP4_IRQHandler
 .text.Reserved143_IRQHandler
                0x0000000060005f9c        0x8 ./startup/startup_mimxrt1021.o
                0x0000000060005f9c                Reserved143_IRQHandler
 .text.Reserved144_IRQHandler
                0x0000000060005fa4        0x8 ./startup/startup_mimxrt1021.o
                0x0000000060005fa4                Reserved144_IRQHandler
 .text.ENC1_IRQHandler
                0x0000000060005fac        0x8 ./startup/startup_mimxrt1021.o
                0x0000000060005fac                ENC1_IRQHandler
 .text.ENC2_IRQHandler
                0x0000000060005fb4        0x8 ./startup/startup_mimxrt1021.o
                0x0000000060005fb4                ENC2_IRQHandler
 .text.Reserved147_IRQHandler
                0x0000000060005fbc        0x8 ./startup/startup_mimxrt1021.o
                0x0000000060005fbc                Reserved147_IRQHandler
 .text.Reserved148_IRQHandler
                0x0000000060005fc4        0x8 ./startup/startup_mimxrt1021.o
                0x0000000060005fc4                Reserved148_IRQHandler
 .text.TMR1_IRQHandler
                0x0000000060005fcc        0x8 ./startup/startup_mimxrt1021.o
                0x0000000060005fcc                TMR1_IRQHandler
 .text.Reserved151_IRQHandler
                0x0000000060005fd4        0x8 ./startup/startup_mimxrt1021.o
                0x0000000060005fd4                Reserved151_IRQHandler
 .text.Reserved152_IRQHandler
                0x0000000060005fdc        0x8 ./startup/startup_mimxrt1021.o
                0x0000000060005fdc                Reserved152_IRQHandler
 .text.PWM2_0_IRQHandler
                0x0000000060005fe4        0x8 ./startup/startup_mimxrt1021.o
                0x0000000060005fe4                PWM2_0_IRQHandler
 .text.PWM2_1_IRQHandler
                0x0000000060005fec        0x8 ./startup/startup_mimxrt1021.o
                0x0000000060005fec                PWM2_1_IRQHandler
 .text.PWM2_2_IRQHandler
                0x0000000060005ff4        0x8 ./startup/startup_mimxrt1021.o
                0x0000000060005ff4                PWM2_2_IRQHandler
 .text.PWM2_3_IRQHandler
                0x0000000060005ffc        0x8 ./startup/startup_mimxrt1021.o
                0x0000000060005ffc                PWM2_3_IRQHandler
 .text.PWM2_FAULT_IRQHandler
                0x0000000060006004        0x8 ./startup/startup_mimxrt1021.o
                0x0000000060006004                PWM2_FAULT_IRQHandler
 .text.EnableIRQ
                0x000000006000600c       0x2c ./source/qtmr_inputcapture_outputpwm.o
 .text.QTMR_StartTimer
                0x0000000060006038       0x4e ./source/qtmr_inputcapture_outputpwm.o
 .text.LPSPI_Enable
                0x0000000060006086       0x38 ./source/qtmr_inputcapture_outputpwm.o
 .text.LPSPI_ClearStatusFlags
                0x00000000600060be       0x1c ./source/qtmr_inputcapture_outputpwm.o
 .text.LPSPI_DisableInterrupts
                0x00000000600060da       0x24 ./source/qtmr_inputcapture_outputpwm.o
 .text.LPSPI_SetFifoWatermarks
                0x00000000600060fe       0x2c ./source/qtmr_inputcapture_outputpwm.o
 .text.LPSPI_WriteData
                0x000000006000612a       0x1c ./source/qtmr_inputcapture_outputpwm.o
 .text.HardFault_Handler
                0x0000000060006146       0x2c ./source/semihost_hardfault.o
                0x0000000060006146                HardFault_Handler
 .text.CLOCK_GetRtcFreq
                0x0000000060006172       0x12 ./drivers/fsl_clock.o
 .text.CLOCK_IsPllBypassed
                0x0000000060006184       0x32 ./drivers/fsl_clock.o
 .text.CLOCK_IsPllEnabled
                0x00000000600061b6       0x3c ./drivers/fsl_clock.o
 .text.CLOCK_GetPllBypassRefClk
                0x00000000600061f2       0x34 ./drivers/fsl_clock.o
 .text.CLOCK_EnableClock
                0x0000000060006226       0x1e ./drivers/fsl_lpspi.o
 .text.LPSPI_Enable
                0x0000000060006244       0x38 ./drivers/fsl_lpspi.o
 .text.LPSPI_SetMasterSlaveMode
                0x000000006000627c       0x2c ./drivers/fsl_lpspi.o
 .text.LPSPI_IsMaster
                0x00000000600062a8       0x26 ./drivers/fsl_lpspi.o
 .text.LPSPI_SetFifoWatermarks
                0x00000000600062ce       0x2c ./drivers/fsl_lpspi.o
 .text.LPSPI_SetOnePcsPolarity
                0x00000000600062fa       0x44 ./drivers/fsl_lpspi.o
 .text.CLOCK_EnableClock
                0x000000006000633e       0x1e ./drivers/fsl_qtmr.o
 .text.QTMR_ClearStatusFlags
                0x000000006000635c       0xac ./drivers/fsl_qtmr.o
                0x000000006000635c                QTMR_ClearStatusFlags
 .text.CLOCK_EnableClock
                0x0000000060006408       0x1e ./drivers/fsl_xbara.o
 .text.XBARA_Init
                0x0000000060006426       0x20 ./drivers/fsl_xbara.o
                0x0000000060006426                XBARA_Init
 .text.XBARA_SetSignalsConnection
                0x0000000060006446       0x5a ./drivers/fsl_xbara.o
                0x0000000060006446                XBARA_SetSignalsConnection
 .text.XBARA_ClearStatusFlags
                0x00000000600064a0       0x7c ./drivers/fsl_xbara.o
                0x00000000600064a0                XBARA_ClearStatusFlags
 .text.SystemInitHook
                0x000000006000651c        0xe ./device/system_MIMXRT1021.o
                0x000000006000651c                SystemInitHook
 .text.DbgConsole_Init
                0x000000006000652a       0x20 ./board/board.o
 .text.BOARD_InitDebugConsole
                0x000000006000654a       0x22 ./board/board.o
                0x000000006000654a                BOARD_InitDebugConsole
 .text.CLOCK_DisableClock
                0x000000006000656c       0x1e ./board/clock_config.o
 .text.CLOCK_SetPllBypass
                0x000000006000658a       0x4e ./board/clock_config.o
 .text.IOMUXC_SetSaiMClkClockSource
                0x00000000600065d8       0x6c ./board/clock_config.o
 .text.CLOCK_EnableClock
                0x0000000060006644       0x1e ./board/pin_mux.o
 .text.IOMUXC_SetPinMux
                0x0000000060006662       0x3a ./board/pin_mux.o
 .text.IOMUXC_SetPinConfig
                0x000000006000669c       0x26 ./board/pin_mux.o
 .text.__main   0x00000000600066c2        0xe /usr/local/mcuxpressoide-11.1.0_3209/ide/plugins/com.nxp.mcuxpresso.tools.linux_11.1.0.201909161352/tools/bin/../lib/gcc/arm-none-eabi/8.3.1/../../../../arm-none-eabi/lib/thumb/v7e-m+dp/hard/libcr_semihost_nf.a(_cr__main.o)
                0x00000000600066c2                __main
                0x00000000600066c2                __CR_SEMIHOST
 .text.memset   0x00000000600066d0        0x4 /usr/local/mcuxpressoide-11.1.0_3209/ide/plugins/com.nxp.mcuxpresso.tools.linux_11.1.0.201909161352/tools/bin/../lib/gcc/arm-none-eabi/8.3.1/../../../../arm-none-eabi/lib/thumb/v7e-m+dp/hard/libcr_c.a(memset.o)
                0x00000000600066d0                memset
 .text.free     0x00000000600066d4       0x30 /usr/local/mcuxpressoide-11.1.0_3209/ide/plugins/com.nxp.mcuxpresso.tools.linux_11.1.0.201909161352/tools/bin/../lib/gcc/arm-none-eabi/8.3.1/../../../../arm-none-eabi/lib/thumb/v7e-m+dp/hard/libcr_c.a(alloc.o)
                0x00000000600066d4                free
 .text.no_fp_display
                0x0000000060006704        0x4 /usr/local/mcuxpressoide-11.1.0_3209/ide/plugins/com.nxp.mcuxpresso.tools.linux_11.1.0.201909161352/tools/bin/../lib/gcc/arm-none-eabi/8.3.1/../../../../arm-none-eabi/lib/thumb/v7e-m+dp/hard/libcr_c.a(printf.o)
 .text.strlen   0x0000000060006708       0x4c /usr/local/mcuxpressoide-11.1.0_3209/ide/plugins/com.nxp.mcuxpresso.tools.linux_11.1.0.201909161352/tools/bin/../lib/gcc/arm-none-eabi/8.3.1/../../../../arm-none-eabi/lib/thumb/v7e-m+dp/hard/libcr_c.a(strlen.o)
                0x0000000060006708                strlen
 .text._deferredlazyseek
                0x0000000060006754       0x40 /usr/local/mcuxpressoide-11.1.0_3209/ide/plugins/com.nxp.mcuxpresso.tools.linux_11.1.0.201909161352/tools/bin/../lib/gcc/arm-none-eabi/8.3.1/../../../../arm-none-eabi/lib/thumb/v7e-m+dp/hard/libcr_c.a(_deferredlazyseek.o)
                0x0000000060006754                _deferredlazyseek
 .text.__flsbuf
                0x0000000060006794      0x140 /usr/local/mcuxpressoide-11.1.0_3209/ide/plugins/com.nxp.mcuxpresso.tools.linux_11.1.0.201909161352/tools/bin/../lib/gcc/arm-none-eabi/8.3.1/../../../../arm-none-eabi/lib/thumb/v7e-m+dp/hard/libcr_c.a(_deferredlazyseek.o)
                0x0000000060006794                __flsbuf
 .text._fdopen  0x00000000600068d4       0x68 /usr/local/mcuxpressoide-11.1.0_3209/ide/plugins/com.nxp.mcuxpresso.tools.linux_11.1.0.201909161352/tools/bin/../lib/gcc/arm-none-eabi/8.3.1/../../../../arm-none-eabi/lib/thumb/v7e-m+dp/hard/libcr_c.a(_fdopen.o)
                0x00000000600068d4                _fdopen
 .text._fflush  0x000000006000693c       0x52 /usr/local/mcuxpressoide-11.1.0_3209/ide/plugins/com.nxp.mcuxpresso.tools.linux_11.1.0.201909161352/tools/bin/../lib/gcc/arm-none-eabi/8.3.1/../../../../arm-none-eabi/lib/thumb/v7e-m+dp/hard/libcr_c.a(_fflush.o)
                0x000000006000693c                _fflush
 .text.fclose   0x000000006000698e       0x58 /usr/local/mcuxpressoide-11.1.0_3209/ide/plugins/com.nxp.mcuxpresso.tools.linux_11.1.0.201909161352/tools/bin/../lib/gcc/arm-none-eabi/8.3.1/../../../../arm-none-eabi/lib/thumb/v7e-m+dp/hard/libcr_c.a(fclose.o)
                0x000000006000698e                fclose
 .text.remove   0x00000000600069e6       0x14 /usr/local/mcuxpressoide-11.1.0_3209/ide/plugins/com.nxp.mcuxpresso.tools.linux_11.1.0.201909161352/tools/bin/../lib/gcc/arm-none-eabi/8.3.1/../../../../arm-none-eabi/lib/thumb/v7e-m+dp/hard/libcr_c.a(remove.o)
                0x00000000600069e6                remove
 .text._do_fflush
                0x00000000600069fa       0x40 /usr/local/mcuxpressoide-11.1.0_3209/ide/plugins/com.nxp.mcuxpresso.tools.linux_11.1.0.201909161352/tools/bin/../lib/gcc/arm-none-eabi/8.3.1/../../../../arm-none-eabi/lib/thumb/v7e-m+dp/hard/libcr_c.a(_do_fflush.o)
                0x00000000600069fa                _do_fflush
 .text.__aeabi_division_uldivmod
                0x0000000060006a3a      0x174 /usr/local/mcuxpressoide-11.1.0_3209/ide/plugins/com.nxp.mcuxpresso.tools.linux_11.1.0.201909161352/tools/bin/../lib/gcc/arm-none-eabi/8.3.1/thumb/v7e-m+dp/hard/libcr_eabihelpers.a(division_64.o)
                0x0000000060006a3a                __aeabi_uldivmod
                0x0000000060006a3e                __bhs_ldivmod1
 .text.__aeabi_division_idiv0
                0x0000000060006bae        0x2 /usr/local/mcuxpressoide-11.1.0_3209/ide/plugins/com.nxp.mcuxpresso.tools.linux_11.1.0.201909161352/tools/bin/../lib/gcc/arm-none-eabi/8.3.1/thumb/v7e-m+dp/hard/libcr_eabihelpers.a(division_idiv0.o)
                0x0000000060006bae                __aeabi_idiv0
 .text.__aeabi_memset_lowlevel
                0x0000000060006bb0       0x32 /usr/local/mcuxpressoide-11.1.0_3209/ide/plugins/com.nxp.mcuxpresso.tools.linux_11.1.0.201909161352/tools/bin/../lib/gcc/arm-none-eabi/8.3.1/thumb/v7e-m+dp/hard/libcr_eabihelpers.a(memcpy.o)
                0x0000000060006bb0                __aeabi_lowlevel_memset
 .text.__sys_close
                0x0000000060006be2        0xc /usr/local/mcuxpressoide-11.1.0_3209/ide/plugins/com.nxp.mcuxpresso.tools.linux_11.1.0.201909161352/tools/bin/../lib/gcc/arm-none-eabi/8.3.1/../../../../arm-none-eabi/lib/thumb/v7e-m+dp/hard/libcr_semihost_nf.a(__sys_close.o)
                0x0000000060006be2                __sys_close
 .text.__sys_flen
                0x0000000060006bee        0xc /usr/local/mcuxpressoide-11.1.0_3209/ide/plugins/com.nxp.mcuxpresso.tools.linux_11.1.0.201909161352/tools/bin/../lib/gcc/arm-none-eabi/8.3.1/../../../../arm-none-eabi/lib/thumb/v7e-m+dp/hard/libcr_semihost_nf.a(__sys_flen.o)
                0x0000000060006bee                __sys_flen
 .text.__sys_istty
                0x0000000060006bfa        0xc /usr/local/mcuxpressoide-11.1.0_3209/ide/plugins/com.nxp.mcuxpresso.tools.linux_11.1.0.201909161352/tools/bin/../lib/gcc/arm-none-eabi/8.3.1/../../../../arm-none-eabi/lib/thumb/v7e-m+dp/hard/libcr_semihost_nf.a(__sys_istty.o)
                0x0000000060006bfa                __sys_istty
 .text.__sys_remove
                0x0000000060006c06        0xc /usr/local/mcuxpressoide-11.1.0_3209/ide/plugins/com.nxp.mcuxpresso.tools.linux_11.1.0.201909161352/tools/bin/../lib/gcc/arm-none-eabi/8.3.1/../../../../arm-none-eabi/lib/thumb/v7e-m+dp/hard/libcr_semihost_nf.a(__sys_remove.o)
                0x0000000060006c06                __sys_remove
 .text.__sys_seek
                0x0000000060006c12        0xc /usr/local/mcuxpressoide-11.1.0_3209/ide/plugins/com.nxp.mcuxpresso.tools.linux_11.1.0.201909161352/tools/bin/../lib/gcc/arm-none-eabi/8.3.1/../../../../arm-none-eabi/lib/thumb/v7e-m+dp/hard/libcr_semihost_nf.a(__sys_seek.o)
                0x0000000060006c12                __sys_seek
 .text.__sys_tmpnam
                0x0000000060006c1e        0xc /usr/local/mcuxpressoide-11.1.0_3209/ide/plugins/com.nxp.mcuxpresso.tools.linux_11.1.0.201909161352/tools/bin/../lib/gcc/arm-none-eabi/8.3.1/../../../../arm-none-eabi/lib/thumb/v7e-m+dp/hard/libcr_semihost_nf.a(__sys_tmpnam.o)
                0x0000000060006c1e                __sys_tmpnam
 .text.__sys_write
                0x0000000060006c2a        0xc /usr/local/mcuxpressoide-11.1.0_3209/ide/plugins/com.nxp.mcuxpresso.tools.linux_11.1.0.201909161352/tools/bin/../lib/gcc/arm-none-eabi/8.3.1/../../../../arm-none-eabi/lib/thumb/v7e-m+dp/hard/libcr_semihost_nf.a(__sys_write.o)
                0x0000000060006c2a                __sys_write
 *(SORT_BY_ALIGNMENT(.rodata) SORT_BY_ALIGNMENT(.rodata.*) SORT_BY_ALIGNMENT(.constdata) SORT_BY_ALIGNMENT(.constdata.*))
 *fill*         0x0000000060006c36        0x2 ff
 .rodata.__assertion_failed.str1.4
                0x0000000060006c38       0x14 ./utilities/fsl_assert.o
 .rodata.main.str1.4
                0x0000000060006c4c       0xc1 ./source/qtmr_inputcapture_outputpwm.o
 *fill*         0x0000000060006d0d        0x3 ff
 .rodata.CLOCK_InitExternalClk.str1.4
                0x0000000060006d10       0x22 ./drivers/fsl_clock.o
 *fill*         0x0000000060006d32        0x2 ff
 .rodata.CLOCK_GetPllFreq.str1.4
                0x0000000060006d34       0x35 ./drivers/fsl_clock.o
 *fill*         0x0000000060006d69        0x3 ff
 .rodata        0x0000000060006d6c       0x10 ./drivers/fsl_clock.o
 .rodata.CLOCK_ControlGate.str1.4
                0x0000000060006d7c       0x20 ./drivers/fsl_lpspi.o
 .rodata.s_baudratePrescaler
                0x0000000060006d9c        0x8 ./drivers/fsl_lpspi.o
 .rodata.s_lpspiBases
                0x0000000060006da4       0x14 ./drivers/fsl_lpspi.o
 .rodata.s_lpspiClocks
                0x0000000060006db8        0xa ./drivers/fsl_lpspi.o
 *fill*         0x0000000060006dc2        0x2 ff
 .rodata.LPSPI_GetInstance.str1.4
                0x0000000060006dc4       0x37 ./drivers/fsl_lpspi.o
 *fill*         0x0000000060006dfb        0x1 ff
 .rodata.LPSPI_MasterInit.str1.4
                0x0000000060006dfc       0x20 ./drivers/fsl_lpspi.o
 .rodata.LPSPI_MasterSetBaudRate.str1.4
                0x0000000060006e1c       0x24 ./drivers/fsl_lpspi.o
 .rodata.LPSPI_MasterSetDelayScaler.str1.4
                0x0000000060006e40       0x19 ./drivers/fsl_lpspi.o
 *fill*         0x0000000060006e59        0x3 ff
 .rodata.LPSPI1_DriverIRQHandler.str1.4
                0x0000000060006e5c       0x25 ./drivers/fsl_lpspi.o
 *fill*         0x0000000060006e81        0x3 ff
 .rodata.LPSPI2_DriverIRQHandler.str1.4
                0x0000000060006e84       0x25 ./drivers/fsl_lpspi.o
 *fill*         0x0000000060006ea9        0x3 ff
 .rodata.LPSPI3_DriverIRQHandler.str1.4
                0x0000000060006eac       0x25 ./drivers/fsl_lpspi.o
 *fill*         0x0000000060006ed1        0x3 ff
 .rodata.LPSPI4_DriverIRQHandler.str1.4
                0x0000000060006ed4       0x25 ./drivers/fsl_lpspi.o
 .rodata.CLOCK_ControlGate.str1.4
                0x0000000060006ef9       0x20 ./drivers/fsl_qtmr.o
 *fill*         0x0000000060006ef9        0x3 ff
 .rodata.s_qtmrBases
                0x0000000060006efc        0xc ./drivers/fsl_qtmr.o
 .rodata.s_qtmrClocks
                0x0000000060006f08        0x6 ./drivers/fsl_qtmr.o
 *fill*         0x0000000060006f0e        0x2 ff
 .rodata.QTMR_GetInstance.str1.4
                0x0000000060006f10       0x34 ./drivers/fsl_qtmr.o
 .rodata.QTMR_Init.str1.4
                0x0000000060006f44       0x20 ./drivers/fsl_qtmr.o
 .rodata.QTMR_GetDefaultConfig.str1.4
                0x0000000060006f64       0x21 ./drivers/fsl_qtmr.o
 .rodata.CLOCK_ControlGate.str1.4
                0x0000000060006f85       0x20 ./drivers/fsl_xbara.o
 *fill*         0x0000000060006f85        0x3 ff
 .rodata.XBARA_GetInstance.str1.4
                0x0000000060006f88       0x36 ./drivers/fsl_xbara.o
 *fill*         0x0000000060006fbe        0x2 ff
 .rodata.XBARA_SetOutputSignalConfig.str1.4
                0x0000000060006fc0       0x4d ./drivers/fsl_xbara.o
 *fill*         0x000000006000700d        0x3 ff
 .rodata.BOARD_ConfigMPU.str1.4
                0x0000000060007010       0x6a ./board/board.o
 *fill*         0x000000006000707a        0x2 ff
 .rodata.CLOCK_SetMux.str1.4
                0x000000006000707c       0x97 ./board/clock_config.o
 *fill*         0x0000000060007113        0x1 ff
 .rodata.CLOCK_SetDiv.str1.4
                0x0000000060007114       0x97 ./board/clock_config.o
 *fill*         0x00000000600071ab        0x1 ff
 .rodata.CLOCK_ControlGate.str1.4
                0x00000000600071ac       0x88 ./board/clock_config.o
                                         0x86 (size before relaxing)
 .rodata.sysPllConfig_BOARD_BootClockRUN
                0x0000000060007234       0x14 ./board/clock_config.o
                0x0000000060007234                sysPllConfig_BOARD_BootClockRUN
 .rodata.enetPllConfig_BOARD_BootClockRUN
                0x0000000060007248        0x5 ./board/clock_config.o
                0x0000000060007248                enetPllConfig_BOARD_BootClockRUN
 .rodata.CLOCK_ControlGate.str1.4
                0x000000006000724d       0x86 ./board/pin_mux.o
 *fill*         0x000000006000724d        0x3 ff
 .rodata.__num_Ciob_streams
                0x0000000060007250        0x4 /usr/local/mcuxpressoide-11.1.0_3209/ide/plugins/com.nxp.mcuxpresso.tools.linux_11.1.0.201909161352/tools/bin/../lib/gcc/arm-none-eabi/8.3.1/../../../../arm-none-eabi/lib/thumb/v7e-m+dp/hard/libcr_semihost_nf.a(__ciob.o)
                0x0000000060007250                __num_Ciob_streams
 .rodata._Csys_alloc.str1.1
                0x0000000060007254       0x18 /usr/local/mcuxpressoide-11.1.0_3209/ide/plugins/com.nxp.mcuxpresso.tools.linux_11.1.0.201909161352/tools/bin/../lib/gcc/arm-none-eabi/8.3.1/../../../../arm-none-eabi/lib/thumb/v7e-m+dp/hard/libcr_c.a(alloc.o)
 .rodata._initio.str1.1
                0x000000006000726c        0x4 /usr/local/mcuxpressoide-11.1.0_3209/ide/plugins/com.nxp.mcuxpresso.tools.linux_11.1.0.201909161352/tools/bin/../lib/gcc/arm-none-eabi/8.3.1/../../../../arm-none-eabi/lib/thumb/v7e-m+dp/hard/libcr_c.a(initio.o)
 .rodata.__vfprintf.str1.1
                0x0000000060007270       0x37 /usr/local/mcuxpressoide-11.1.0_3209/ide/plugins/com.nxp.mcuxpresso.tools.linux_11.1.0.201909161352/tools/bin/../lib/gcc/arm-none-eabi/8.3.1/../../../../arm-none-eabi/lib/thumb/v7e-m+dp/hard/libcr_c.a(printf.o)
                                         0x38 (size before relaxing)
                0x00000000600072a8                . = ALIGN (0x4)
 *fill*         0x00000000600072a7        0x1 ff

.glue_7         0x00000000600072a8        0x0
 .glue_7        0x00000000600072a8        0x0 linker stubs

.glue_7t        0x00000000600072a8        0x0
 .glue_7t       0x00000000600072a8        0x0 linker stubs

.vfp11_veneer   0x00000000600072a8        0x0
 .vfp11_veneer  0x00000000600072a8        0x0 linker stubs

.v4_bx          0x00000000600072a8        0x0
 .v4_bx         0x00000000600072a8        0x0 linker stubs

.iplt           0x00000000600072a8        0x0
 .iplt          0x00000000600072a8        0x0 ./xip/evkmimxrt1020_flexspi_nor_config.o

.rel.dyn        0x00000000600072a8        0x0
 .rel.iplt      0x00000000600072a8        0x0 ./xip/evkmimxrt1020_flexspi_nor_config.o

.ARM.extab
 *(SORT_BY_ALIGNMENT(.ARM.extab*) SORT_BY_ALIGNMENT(.gnu.linkonce.armextab.*))
                0x00000000600072a8                __exidx_start = .

.ARM.exidx
 *(SORT_BY_ALIGNMENT(.ARM.exidx*) SORT_BY_ALIGNMENT(.gnu.linkonce.armexidx.*))
                0x00000000600072a8                __exidx_end = .
                0x00000000600072a8                _etext = .

.data_RAM2      0x0000000000000000        0x0 load address 0x00000000600072a8
 FILL mask 0xff
                [!provide]                        PROVIDE (__start_data_RAM2 = .)
                [!provide]                        PROVIDE (__start_data_SRAM_ITC = .)
 *(SORT_BY_ALIGNMENT(.ramfunc.$RAM2))
 *(SORT_BY_ALIGNMENT(.ramfunc.$SRAM_ITC))
 *(SORT_BY_ALIGNMENT(.data.$RAM2))
 *(SORT_BY_ALIGNMENT(.data.$SRAM_ITC))
 *(SORT_BY_ALIGNMENT(.data.$RAM2.*))
 *(SORT_BY_ALIGNMENT(.data.$SRAM_ITC.*))
                0x0000000000000000                . = ALIGN (0x4)
                [!provide]                        PROVIDE (__end_data_RAM2 = .)
                [!provide]                        PROVIDE (__end_data_SRAM_ITC = .)

.data_RAM3      0x0000000020200000        0x0 load address 0x00000000600072a8
 FILL mask 0xff
                [!provide]                        PROVIDE (__start_data_RAM3 = .)
                [!provide]                        PROVIDE (__start_data_SRAM_OC = .)
 *(SORT_BY_ALIGNMENT(.ramfunc.$RAM3))
 *(SORT_BY_ALIGNMENT(.ramfunc.$SRAM_OC))
 *(SORT_BY_ALIGNMENT(.data.$RAM3))
 *(SORT_BY_ALIGNMENT(.data.$SRAM_OC))
 *(SORT_BY_ALIGNMENT(.data.$RAM3.*))
 *(SORT_BY_ALIGNMENT(.data.$SRAM_OC.*))
                0x0000000020200000                . = ALIGN (0x4)
                [!provide]                        PROVIDE (__end_data_RAM3 = .)
                [!provide]                        PROVIDE (__end_data_SRAM_OC = .)

.data_RAM4      0x0000000080000000        0x0 load address 0x00000000600072a8
 FILL mask 0xff
                [!provide]                        PROVIDE (__start_data_RAM4 = .)
                [!provide]                        PROVIDE (__start_data_BOARD_SDRAM = .)
 *(SORT_BY_ALIGNMENT(.ramfunc.$RAM4))
 *(SORT_BY_ALIGNMENT(.ramfunc.$BOARD_SDRAM))
 *(SORT_BY_ALIGNMENT(.data.$RAM4))
 *(SORT_BY_ALIGNMENT(.data.$BOARD_SDRAM))
 *(SORT_BY_ALIGNMENT(.data.$RAM4.*))
 *(SORT_BY_ALIGNMENT(.data.$BOARD_SDRAM.*))
                0x0000000080000000                . = ALIGN (0x4)
                [!provide]                        PROVIDE (__end_data_RAM4 = .)
                [!provide]                        PROVIDE (__end_data_BOARD_SDRAM = .)

.data_RAM5      0x0000000081e00000        0x0 load address 0x00000000600072a8
 FILL mask 0xff
                [!provide]                        PROVIDE (__start_data_RAM5 = .)
                [!provide]                        PROVIDE (__start_data_NCACHE_REGION = .)
 *(SORT_BY_ALIGNMENT(.ramfunc.$RAM5))
 *(SORT_BY_ALIGNMENT(.ramfunc.$NCACHE_REGION))
 *(SORT_BY_ALIGNMENT(.data.$RAM5))
 *(SORT_BY_ALIGNMENT(.data.$NCACHE_REGION))
 *(SORT_BY_ALIGNMENT(.data.$RAM5.*))
 *(SORT_BY_ALIGNMENT(.data.$NCACHE_REGION.*))
                0x0000000081e00000                . = ALIGN (0x4)
                [!provide]                        PROVIDE (__end_data_RAM5 = .)
                [!provide]                        PROVIDE (__end_data_NCACHE_REGION = .)

.uninit_RESERVED
                0x0000000020000000        0x0
                0x0000000020000000                _start_uninit_RESERVED = .
 *(SORT_BY_ALIGNMENT(.bss.$RESERVED*))
                0x0000000020000000                . = ALIGN (0x4)
                0x0000000020000000                _end_uninit_RESERVED = .

.data           0x0000000020000000        0x4 load address 0x00000000600072a8
 FILL mask 0xff
                0x0000000020000000                _data = .
                [!provide]                        PROVIDE (__start_data_RAM = .)
                [!provide]                        PROVIDE (__start_data_SRAM_DTC = .)
 *(SORT_BY_ALIGNMENT(vtable))
 *(SORT_BY_ALIGNMENT(.ramfunc*))
 *(SORT_BY_ALIGNMENT(CodeQuickAccess))
 *(SORT_BY_ALIGNMENT(DataQuickAccess))
 *(SORT_BY_ALIGNMENT(RamFunction))
 *(SORT_BY_ALIGNMENT(NonCacheable.init))
 *(SORT_BY_ALIGNMENT(.data*))
 .data.SystemCoreClock
                0x0000000020000000        0x4 ./device/system_MIMXRT1021.o
                0x0000000020000000                SystemCoreClock
                0x0000000020000004                . = ALIGN (0x4)
                0x0000000020000004                _edata = .
                [!provide]                        PROVIDE (__end_data_RAM = .)
                [!provide]                        PROVIDE (__end_data_SRAM_DTC = .)

.igot.plt       0x0000000020000004        0x0 load address 0x00000000600072ac
 .igot.plt      0x0000000020000004        0x0 ./xip/evkmimxrt1020_flexspi_nor_config.o

.bss_RAM2       0x0000000000000000        0x0
                [!provide]                        PROVIDE (__start_bss_RAM2 = .)
                [!provide]                        PROVIDE (__start_bss_SRAM_ITC = .)
 *(SORT_BY_ALIGNMENT(.bss.$RAM2))
 *(SORT_BY_ALIGNMENT(.bss.$SRAM_ITC))
 *(SORT_BY_ALIGNMENT(.bss.$RAM2.*))
 *(SORT_BY_ALIGNMENT(.bss.$SRAM_ITC.*))
                0x0000000000000000                . = ALIGN ((. != 0x0)?0x4:0x1)
                [!provide]                        PROVIDE (__end_bss_RAM2 = .)
                [!provide]                        PROVIDE (__end_bss_SRAM_ITC = .)

.bss_RAM3       0x0000000020200000        0x0
                [!provide]                        PROVIDE (__start_bss_RAM3 = .)
                [!provide]                        PROVIDE (__start_bss_SRAM_OC = .)
 *(SORT_BY_ALIGNMENT(.bss.$RAM3))
 *(SORT_BY_ALIGNMENT(.bss.$SRAM_OC))
 *(SORT_BY_ALIGNMENT(.bss.$RAM3.*))
 *(SORT_BY_ALIGNMENT(.bss.$SRAM_OC.*))
                0x0000000020200000                . = ALIGN ((. != 0x0)?0x4:0x1)
                [!provide]                        PROVIDE (__end_bss_RAM3 = .)
                [!provide]                        PROVIDE (__end_bss_SRAM_OC = .)

.bss_RAM4       0x0000000080000000        0x0
                [!provide]                        PROVIDE (__start_bss_RAM4 = .)
                [!provide]                        PROVIDE (__start_bss_BOARD_SDRAM = .)
 *(SORT_BY_ALIGNMENT(.bss.$RAM4))
 *(SORT_BY_ALIGNMENT(.bss.$BOARD_SDRAM))
 *(SORT_BY_ALIGNMENT(.bss.$RAM4.*))
 *(SORT_BY_ALIGNMENT(.bss.$BOARD_SDRAM.*))
                0x0000000080000000                . = ALIGN ((. != 0x0)?0x4:0x1)
                [!provide]                        PROVIDE (__end_bss_RAM4 = .)
                [!provide]                        PROVIDE (__end_bss_BOARD_SDRAM = .)

.bss_RAM5       0x0000000081e00000        0x0
                [!provide]                        PROVIDE (__start_bss_RAM5 = .)
                [!provide]                        PROVIDE (__start_bss_NCACHE_REGION = .)
 *(SORT_BY_ALIGNMENT(.bss.$RAM5))
 *(SORT_BY_ALIGNMENT(.bss.$NCACHE_REGION))
 *(SORT_BY_ALIGNMENT(.bss.$RAM5.*))
 *(SORT_BY_ALIGNMENT(.bss.$NCACHE_REGION.*))
                0x0000000081e00000                . = ALIGN ((. != 0x0)?0x4:0x1)
                [!provide]                        PROVIDE (__end_bss_RAM5 = .)
                [!provide]                        PROVIDE (__end_bss_NCACHE_REGION = .)

.bss            0x0000000020000004      0x118
                0x0000000020000004                _bss = .
                [!provide]                        PROVIDE (__start_bss_RAM = .)
                [!provide]                        PROVIDE (__start_bss_SRAM_DTC = .)
 *(SORT_BY_ALIGNMENT(NonCacheable))
 *(SORT_BY_ALIGNMENT(.bss*))
 .bss.g_xtalFreq
                0x0000000020000004        0x4 ./drivers/fsl_clock.o
                0x0000000020000004                g_xtalFreq
 .bss.g_rtcXtalFreq
                0x0000000020000008        0x4 ./drivers/fsl_clock.o
                0x0000000020000008                g_rtcXtalFreq
 .bss.s_lpspiHandle
                0x000000002000000c       0x14 ./drivers/fsl_lpspi.o
 .bss.s_lpspiMasterIsr
                0x0000000020000020        0x4 ./drivers/fsl_lpspi.o
 .bss.s_lpspiSlaveIsr
                0x0000000020000024        0x4 ./drivers/fsl_lpspi.o
 .bss.g_lpspiDummyData
                0x0000000020000028        0x5 ./drivers/fsl_lpspi.o
                0x0000000020000028                g_lpspiDummyData
 *fill*         0x000000002000002d        0x3 
 .bss.s_lpuartHandle
                0x0000000020000030       0x24 ./drivers/fsl_lpuart.o
 .bss.s_lpuartIsr
                0x0000000020000054        0x4 ./drivers/fsl_lpuart.o
 .bss.__end_of_heap
                0x0000000020000058        0x4 /usr/local/mcuxpressoide-11.1.0_3209/ide/plugins/com.nxp.mcuxpresso.tools.linux_11.1.0.201909161352/tools/bin/../lib/gcc/arm-none-eabi/8.3.1/../../../../arm-none-eabi/lib/thumb/v7e-m+dp/hard/libcr_c.a(__init_alloc.o)
                0x0000000020000058                __end_of_heap
 .bss.__heaps   0x000000002000005c        0x4 /usr/local/mcuxpressoide-11.1.0_3209/ide/plugins/com.nxp.mcuxpresso.tools.linux_11.1.0.201909161352/tools/bin/../lib/gcc/arm-none-eabi/8.3.1/../../../../arm-none-eabi/lib/thumb/v7e-m+dp/hard/libcr_c.a(__init_alloc.o)
                0x000000002000005c                __heaps
 .bss.errno     0x0000000020000060        0x4 /usr/local/mcuxpressoide-11.1.0_3209/ide/plugins/com.nxp.mcuxpresso.tools.linux_11.1.0.201909161352/tools/bin/../lib/gcc/arm-none-eabi/8.3.1/../../../../arm-none-eabi/lib/thumb/v7e-m+dp/hard/libcr_c.a(errno.o)
                0x0000000020000060                errno
 .bss.__Ciob    0x0000000020000064       0xb4 /usr/local/mcuxpressoide-11.1.0_3209/ide/plugins/com.nxp.mcuxpresso.tools.linux_11.1.0.201909161352/tools/bin/../lib/gcc/arm-none-eabi/8.3.1/../../../../arm-none-eabi/lib/thumb/v7e-m+dp/hard/libcr_semihost_nf.a(__ciob.o)
                0x0000000020000064                __Ciob
 .bss.qtmrIsrFlag
                0x0000000020000118        0x1 ./source/qtmr_inputcapture_outputpwm.o
                0x0000000020000118                qtmrIsrFlag
 *(SORT_BY_ALIGNMENT(COMMON))
                0x000000002000011c                . = ALIGN (0x4)
 *fill*         0x0000000020000119        0x3 
                0x000000002000011c                _ebss = .
                [!provide]                        PROVIDE (__end_bss_RAM = .)
                [!provide]                        PROVIDE (__end_bss_SRAM_DTC = .)
                [!provide]                        PROVIDE (end = .)

.noinit_RAM2    0x0000000000000000        0x0
                [!provide]                        PROVIDE (__start_noinit_RAM2 = .)
                [!provide]                        PROVIDE (__start_noinit_SRAM_ITC = .)
 *(SORT_BY_ALIGNMENT(.noinit.$RAM2))
 *(SORT_BY_ALIGNMENT(.noinit.$SRAM_ITC))
 *(SORT_BY_ALIGNMENT(.noinit.$RAM2.*))
 *(SORT_BY_ALIGNMENT(.noinit.$SRAM_ITC.*))
                0x0000000000000000                . = ALIGN (0x4)
                [!provide]                        PROVIDE (__end_noinit_RAM2 = .)
                [!provide]                        PROVIDE (__end_noinit_SRAM_ITC = .)

.noinit_RAM3    0x0000000020200000        0x0
                [!provide]                        PROVIDE (__start_noinit_RAM3 = .)
                [!provide]                        PROVIDE (__start_noinit_SRAM_OC = .)
 *(SORT_BY_ALIGNMENT(.noinit.$RAM3))
 *(SORT_BY_ALIGNMENT(.noinit.$SRAM_OC))
 *(SORT_BY_ALIGNMENT(.noinit.$RAM3.*))
 *(SORT_BY_ALIGNMENT(.noinit.$SRAM_OC.*))
                0x0000000020200000                . = ALIGN (0x4)
                [!provide]                        PROVIDE (__end_noinit_RAM3 = .)
                [!provide]                        PROVIDE (__end_noinit_SRAM_OC = .)

.noinit_RAM4    0x0000000080000000        0x0
                [!provide]                        PROVIDE (__start_noinit_RAM4 = .)
                [!provide]                        PROVIDE (__start_noinit_BOARD_SDRAM = .)
 *(SORT_BY_ALIGNMENT(.noinit.$RAM4))
 *(SORT_BY_ALIGNMENT(.noinit.$BOARD_SDRAM))
 *(SORT_BY_ALIGNMENT(.noinit.$RAM4.*))
 *(SORT_BY_ALIGNMENT(.noinit.$BOARD_SDRAM.*))
                0x0000000080000000                . = ALIGN (0x4)
                [!provide]                        PROVIDE (__end_noinit_RAM4 = .)
                [!provide]                        PROVIDE (__end_noinit_BOARD_SDRAM = .)

.noinit_RAM5    0x0000000081e00000        0x0
                [!provide]                        PROVIDE (__start_noinit_RAM5 = .)
                [!provide]                        PROVIDE (__start_noinit_NCACHE_REGION = .)
 *(SORT_BY_ALIGNMENT(.noinit.$RAM5))
 *(SORT_BY_ALIGNMENT(.noinit.$NCACHE_REGION))
 *(SORT_BY_ALIGNMENT(.noinit.$RAM5.*))
 *(SORT_BY_ALIGNMENT(.noinit.$NCACHE_REGION.*))
                0x0000000081e00000                . = ALIGN (0x4)
                [!provide]                        PROVIDE (__end_noinit_RAM5 = .)
                [!provide]                        PROVIDE (__end_noinit_NCACHE_REGION = .)

.noinit         0x000000002000011c        0x0
                0x000000002000011c                _noinit = .
                [!provide]                        PROVIDE (__start_noinit_RAM = .)
                [!provide]                        PROVIDE (__start_noinit_SRAM_DTC = .)
 *(SORT_BY_ALIGNMENT(.noinit*))
                0x000000002000011c                . = ALIGN (0x4)
                0x000000002000011c                _end_noinit = .
                [!provide]                        PROVIDE (__end_noinit_RAM = .)
                [!provide]                        PROVIDE (__end_noinit_SRAM_DTC = .)
                0x0000000000001000                _HeapSize = 0x1000

.heap           0x000000002000011c     0x1000
                0x000000002000011c                _pvHeapStart = .
                0x000000002000111c                . = (. + _HeapSize)
 *fill*         0x000000002000011c     0x1000 
                0x000000002000111c                . = ALIGN (0x4)
                0x000000002000111c                _pvHeapLimit = .
                0x0000000000001000                _StackSize = 0x1000

.heap2stackfill
                0x000000002000111c     0x1000
                0x000000002000211c                . = (. + _StackSize)
 *fill*         0x000000002000111c     0x1000 

.stack          0x000000002000f000        0x0
                0x000000002000f000                _vStackBase = .
                0x000000002000f000                . = ALIGN (0x4)
                0x0000000020010000                _vStackTop = (. + _StackSize)
                0x0000000060002000                _image_start = LOADADDR (.text)
                0x00000000600072ac                _image_end = (LOADADDR (.data) + SIZEOF (.data))
                0x00000000000052ac                _image_size = (_image_end - _image_start)
OUTPUT(evkmimxrt1020_qtmr_inputcapture_outputpwm.axf elf32-littlearm)

.debug_info     0x0000000000000000    0x11007
 .debug_info    0x0000000000000000      0x7e9 ./xip/evkmimxrt1020_flexspi_nor_config.o
 .debug_info    0x00000000000007e9      0x5d7 ./xip/fsl_flexspi_nor_boot.o
 .debug_info    0x0000000000000dc0      0x260 ./utilities/fsl_assert.o
 .debug_info    0x0000000000001020      0xcb5 ./startup/startup_mimxrt1021.o
 .debug_info    0x0000000000001cd5     0x230d ./source/qtmr_inputcapture_outputpwm.o
 .debug_info    0x0000000000003fe2       0x3c ./source/semihost_hardfault.o
 .debug_info    0x000000000000401e     0x1b12 ./drivers/fsl_clock.o
 .debug_info    0x0000000000005b30     0x2936 ./drivers/fsl_lpspi.o
 .debug_info    0x0000000000008466     0x20f3 ./drivers/fsl_lpuart.o
 .debug_info    0x000000000000a559     0x1273 ./drivers/fsl_qtmr.o
 .debug_info    0x000000000000b7cc     0x186f ./drivers/fsl_xbara.o
 .debug_info    0x000000000000d03b      0xc9e ./device/system_MIMXRT1021.o
 .debug_info    0x000000000000dcd9     0x135f ./board/board.o
 .debug_info    0x000000000000f038     0x16ac ./board/clock_config.o
 .debug_info    0x00000000000106e4      0x923 ./board/pin_mux.o

.debug_abbrev   0x0000000000000000     0x1f4e
 .debug_abbrev  0x0000000000000000      0x14c ./xip/evkmimxrt1020_flexspi_nor_config.o
 .debug_abbrev  0x000000000000014c      0x13f ./xip/fsl_flexspi_nor_boot.o
 .debug_abbrev  0x000000000000028b       0xe9 ./utilities/fsl_assert.o
 .debug_abbrev  0x0000000000000374      0x147 ./startup/startup_mimxrt1021.o
 .debug_abbrev  0x00000000000004bb      0x29e ./source/qtmr_inputcapture_outputpwm.o
 .debug_abbrev  0x0000000000000759       0x31 ./source/semihost_hardfault.o
 .debug_abbrev  0x000000000000078a      0x38b ./drivers/fsl_clock.o
 .debug_abbrev  0x0000000000000b15      0x34e ./drivers/fsl_lpspi.o
 .debug_abbrev  0x0000000000000e63      0x364 ./drivers/fsl_lpuart.o
 .debug_abbrev  0x00000000000011c7      0x27d ./drivers/fsl_qtmr.o
 .debug_abbrev  0x0000000000001444      0x24c ./drivers/fsl_xbara.o
 .debug_abbrev  0x0000000000001690      0x1c7 ./device/system_MIMXRT1021.o
 .debug_abbrev  0x0000000000001857      0x357 ./board/board.o
 .debug_abbrev  0x0000000000001bae      0x218 ./board/clock_config.o
 .debug_abbrev  0x0000000000001dc6      0x188 ./board/pin_mux.o

.debug_aranges  0x0000000000000000      0xc70
 .debug_aranges
                0x0000000000000000       0x18 ./xip/evkmimxrt1020_flexspi_nor_config.o
 .debug_aranges
                0x0000000000000018       0x18 ./xip/fsl_flexspi_nor_boot.o
 .debug_aranges
                0x0000000000000030       0x20 ./utilities/fsl_assert.o
 .debug_aranges
                0x0000000000000050      0x4d0 ./startup/startup_mimxrt1021.o
 .debug_aranges
                0x0000000000000520       0x70 ./source/qtmr_inputcapture_outputpwm.o
 .debug_aranges
                0x0000000000000590       0x20 ./source/semihost_hardfault.o
 .debug_aranges
                0x00000000000005b0      0x128 ./drivers/fsl_clock.o
 .debug_aranges
                0x00000000000006d8      0x1c8 ./drivers/fsl_lpspi.o
 .debug_aranges
                0x00000000000008a0      0x160 ./drivers/fsl_lpuart.o
 .debug_aranges
                0x0000000000000a00       0xa0 ./drivers/fsl_qtmr.o
 .debug_aranges
                0x0000000000000aa0       0x68 ./drivers/fsl_xbara.o
 .debug_aranges
                0x0000000000000b08       0x30 ./device/system_MIMXRT1021.o
 .debug_aranges
                0x0000000000000b38       0x78 ./board/board.o
 .debug_aranges
                0x0000000000000bb0       0x78 ./board/clock_config.o
 .debug_aranges
                0x0000000000000c28       0x48 ./board/pin_mux.o

.debug_macro    0x0000000000000000    0x25b4e
 .debug_macro   0x0000000000000000      0x118 ./xip/evkmimxrt1020_flexspi_nor_config.o
 .debug_macro   0x0000000000000118      0xafc ./xip/evkmimxrt1020_flexspi_nor_config.o
 .debug_macro   0x0000000000000c14       0x10 ./xip/evkmimxrt1020_flexspi_nor_config.o
 .debug_macro   0x0000000000000c24      0x12e ./xip/evkmimxrt1020_flexspi_nor_config.o
 .debug_macro   0x0000000000000d52      0x5b3 ./xip/evkmimxrt1020_flexspi_nor_config.o