Archive member included to satisfy reference by file (symbol)

/usr/local/mcuxpressoide-11.1.0_3209/ide/plugins/com.nxp.mcuxpresso.tools.linux_11.1.0.201909161352/tools/bin/../lib/gcc/arm-none-eabi/8.3.1/../../../../arm-none-eabi/lib/thumb/v7e-m+fp/hard/libcr_semihost_nf.a(_cr__main.o)
                              ./startup/startup_mimxrt1021.o (__main)
/usr/local/mcuxpressoide-11.1.0_3209/ide/plugins/com.nxp.mcuxpresso.tools.linux_11.1.0.201909161352/tools/bin/../lib/gcc/arm-none-eabi/8.3.1/../../../../arm-none-eabi/lib/thumb/v7e-m+fp/hard/libcr_semihost_nf.a(_cr_assert.o)
                              ./utilities/fsl_debug_console.o (__assertion_failed)
/usr/local/mcuxpressoide-11.1.0_3209/ide/plugins/com.nxp.mcuxpresso.tools.linux_11.1.0.201909161352/tools/bin/../lib/gcc/arm-none-eabi/8.3.1/../../../../arm-none-eabi/lib/thumb/v7e-m+fp/hard/libcr_semihost_nf.a(__ciob.o)
                              /usr/local/mcuxpressoide-11.1.0_3209/ide/plugins/com.nxp.mcuxpresso.tools.linux_11.1.0.201909161352/tools/bin/../lib/gcc/arm-none-eabi/8.3.1/../../../../arm-none-eabi/lib/thumb/v7e-m+fp/hard/libcr_semihost_nf.a(_cr_assert.o) (__Ciob)
/usr/local/mcuxpressoide-11.1.0_3209/ide/plugins/com.nxp.mcuxpresso.tools.linux_11.1.0.201909161352/tools/bin/../lib/gcc/arm-none-eabi/8.3.1/../../../../arm-none-eabi/lib/thumb/v7e-m+fp/hard/libcr_semihost_nf.a(__sys_appexit.o)
                              /usr/local/mcuxpressoide-11.1.0_3209/ide/plugins/com.nxp.mcuxpresso.tools.linux_11.1.0.201909161352/tools/bin/../lib/gcc/arm-none-eabi/8.3.1/../../../../arm-none-eabi/lib/thumb/v7e-m+fp/hard/libcr_semihost_nf.a(_cr_assert.o) (__sys_appexit)
/usr/local/mcuxpressoide-11.1.0_3209/ide/plugins/com.nxp.mcuxpresso.tools.linux_11.1.0.201909161352/tools/bin/../lib/gcc/arm-none-eabi/8.3.1/../../../../arm-none-eabi/lib/thumb/v7e-m+fp/hard/libcr_c.a(memset.o)
                              ./drivers/fsl_lpuart.o (memset)
/usr/local/mcuxpressoide-11.1.0_3209/ide/plugins/com.nxp.mcuxpresso.tools.linux_11.1.0.201909161352/tools/bin/../lib/gcc/arm-none-eabi/8.3.1/../../../../arm-none-eabi/lib/thumb/v7e-m+fp/hard/libcr_c.a(_deferredlazyseek.o)
                              /usr/local/mcuxpressoide-11.1.0_3209/ide/plugins/com.nxp.mcuxpresso.tools.linux_11.1.0.201909161352/tools/bin/../lib/gcc/arm-none-eabi/8.3.1/../../../../arm-none-eabi/lib/thumb/v7e-m+fp/hard/libcr_semihost_nf.a(_cr_assert.o) (__flsbuf)
/usr/local/mcuxpressoide-11.1.0_3209/ide/plugins/com.nxp.mcuxpresso.tools.linux_11.1.0.201909161352/tools/bin/../lib/gcc/arm-none-eabi/8.3.1/../../../../arm-none-eabi/lib/thumb/v7e-m+fp/hard/libcr_c.a(_fflush.o)
                              /usr/local/mcuxpressoide-11.1.0_3209/ide/plugins/com.nxp.mcuxpresso.tools.linux_11.1.0.201909161352/tools/bin/../lib/gcc/arm-none-eabi/8.3.1/../../../../arm-none-eabi/lib/thumb/v7e-m+fp/hard/libcr_c.a(_deferredlazyseek.o) (_fflush)
/usr/local/mcuxpressoide-11.1.0_3209/ide/plugins/com.nxp.mcuxpresso.tools.linux_11.1.0.201909161352/tools/bin/../lib/gcc/arm-none-eabi/8.3.1/../../../../arm-none-eabi/lib/thumb/v7e-m+fp/hard/libcr_c.a(_writebuf.o)
                              /usr/local/mcuxpressoide-11.1.0_3209/ide/plugins/com.nxp.mcuxpresso.tools.linux_11.1.0.201909161352/tools/bin/../lib/gcc/arm-none-eabi/8.3.1/../../../../arm-none-eabi/lib/thumb/v7e-m+fp/hard/libcr_c.a(_deferredlazyseek.o) (_Cwritebuf)
/usr/local/mcuxpressoide-11.1.0_3209/ide/plugins/com.nxp.mcuxpresso.tools.linux_11.1.0.201909161352/tools/bin/../lib/gcc/arm-none-eabi/8.3.1/../../../../arm-none-eabi/lib/thumb/v7e-m+fp/hard/libcr_c.a(alloc.o)
                              ./drivers/fsl_common.o (malloc)
/usr/local/mcuxpressoide-11.1.0_3209/ide/plugins/com.nxp.mcuxpresso.tools.linux_11.1.0.201909161352/tools/bin/../lib/gcc/arm-none-eabi/8.3.1/../../../../arm-none-eabi/lib/thumb/v7e-m+fp/hard/libcr_c.a(fputs.o)
                              /usr/local/mcuxpressoide-11.1.0_3209/ide/plugins/com.nxp.mcuxpresso.tools.linux_11.1.0.201909161352/tools/bin/../lib/gcc/arm-none-eabi/8.3.1/../../../../arm-none-eabi/lib/thumb/v7e-m+fp/hard/libcr_semihost_nf.a(_cr_assert.o) (fputs)
/usr/local/mcuxpressoide-11.1.0_3209/ide/plugins/com.nxp.mcuxpresso.tools.linux_11.1.0.201909161352/tools/bin/../lib/gcc/arm-none-eabi/8.3.1/../../../../arm-none-eabi/lib/thumb/v7e-m+fp/hard/libcr_c.a(fseek.o)
                              /usr/local/mcuxpressoide-11.1.0_3209/ide/plugins/com.nxp.mcuxpresso.tools.linux_11.1.0.201909161352/tools/bin/../lib/gcc/arm-none-eabi/8.3.1/../../../../arm-none-eabi/lib/thumb/v7e-m+fp/hard/libcr_c.a(_deferredlazyseek.o) (fseek)
/usr/local/mcuxpressoide-11.1.0_3209/ide/plugins/com.nxp.mcuxpresso.tools.linux_11.1.0.201909161352/tools/bin/../lib/gcc/arm-none-eabi/8.3.1/../../../../arm-none-eabi/lib/thumb/v7e-m+fp/hard/libcr_c.a(ftell.o)
[...]
Memory Configuration

Name             Origin             Length             Attributes
BOARD_FLASH      0x0000000060000000 0x0000000000800000 xr
SRAM_DTC         0x0000000020000000 0x0000000000010000 xrw
SRAM_ITC         0x0000000000000000 0x0000000000010000 xrw
SRAM_OC          0x0000000020200000 0x0000000000020000 xrw
BOARD_SDRAM      0x0000000080000000 0x0000000001e00000 xrw
NCACHE_REGION    0x0000000081e00000 0x0000000000200000 xrw
*default*        0x0000000000000000 0xffffffffffffffff

Linker script and memory map

LOAD ./xip/evkmimxrt1020_flexspi_nor_config.o
LOAD ./xip/evkmimxrt1020_sdram_ini_dcd.o
LOAD ./xip/fsl_flexspi_nor_boot.o
LOAD ./utilities/fsl_debug_console.o
LOAD ./utilities/fsl_str.o
LOAD ./startup/startup_mimxrt1021.o
LOAD ./source/MIMXRT10211st_Project.o
LOAD ./source/semihost_hardfault.o
LOAD ./drivers/fsl_clock.o
LOAD ./drivers/fsl_common.o
LOAD ./drivers/fsl_gpio.o
LOAD ./drivers/fsl_lpuart.o
LOAD ./device/system_MIMXRT1021.o
LOAD ./component/uart/lpuart_adapter.o
LOAD ./component/serial_manager/serial_manager.o
LOAD ./component/serial_manager/serial_port_uart.o
LOAD ./component/lists/generic_list.o
LOAD ./board/board.o
LOAD ./board/clock_config.o
LOAD ./board/peripherals.o
LOAD ./board/pin_mux.o
START GROUP
LOAD /usr/local/mcuxpressoide-11.1.0_3209/ide/plugins/com.nxp.mcuxpresso.tools.linux_11.1.0.201909161352/tools/bin/../lib/gcc/arm-none-eabi/8.3.1/../../../../arm-none-eabi/lib/thumb/v7e-m+fp/hard/libcr_semihost_nf.a
LOAD /usr/local/mcuxpressoide-11.1.0_3209/ide/plugins/com.nxp.mcuxpresso.tools.linux_11.1.0.201909161352/tools/bin/../lib/gcc/arm-none-eabi/8.3.1/../../../../arm-none-eabi/lib/thumb/v7e-m+fp/hard/libcr_c.a
LOAD /usr/local/mcuxpressoide-11.1.0_3209/ide/plugins/com.nxp.mcuxpresso.tools.linux_11.1.0.201909161352/tools/bin/../lib/gcc/arm-none-eabi/8.3.1/thumb/v7e-m+fp/hard/libcr_eabihelpers.a
LOAD /usr/local/mcuxpressoide-11.1.0_3209/ide/plugins/com.nxp.mcuxpresso.tools.linux_11.1.0.201909161352/tools/bin/../lib/gcc/arm-none-eabi/8.3.1/thumb/v7e-m+fp/hard/libgcc.a
END GROUP
                0x0000000060000000                __base_BOARD_FLASH = 0x60000000
                0x0000000060000000                __base_Flash = 0x60000000
                0x0000000060800000                __top_BOARD_FLASH = 0x60800000
                0x0000000060800000                __top_Flash = 0x60800000
                0x0000000020000000                __base_SRAM_DTC = 0x20000000
                0x0000000020000000                __base_RAM = 0x20000000
                0x0000000020010000                __top_SRAM_DTC = 0x20010000
                0x0000000020010000                __top_RAM = 0x20010000
                0x0000000000000000                __base_SRAM_ITC = 0x0
                0x0000000000000000                __base_RAM2 = 0x0
                0x0000000000010000                __top_SRAM_ITC = 0x10000
                0x0000000000010000                __top_RAM2 = 0x10000
                0x0000000020200000                __base_SRAM_OC = 0x20200000
                0x0000000020200000                __base_RAM3 = 0x20200000
                0x0000000020220000                __top_SRAM_OC = 0x20220000
                0x0000000020220000                __top_RAM3 = 0x20220000
                0x0000000080000000                __base_BOARD_SDRAM = 0x80000000
                0x0000000080000000                __base_RAM4 = 0x80000000
                0x0000000081e00000                __top_BOARD_SDRAM = 0x81e00000
                0x0000000081e00000                __top_RAM4 = 0x81e00000
                0x0000000081e00000                __base_NCACHE_REGION = 0x81e00000
                0x0000000081e00000                __base_RAM5 = 0x81e00000
                0x0000000082000000                __top_NCACHE_REGION = 0x82000000
                0x0000000082000000                __top_RAM5 = 0x82000000

.boot_hdr       0x0000000060000000     0x2000
 FILL mask 0xff
                0x0000000060000000                __boot_hdr_start__ = ABSOLUTE (.)
 *(SORT_BY_ALIGNMENT(.boot_hdr.conf))
 .boot_hdr.conf
                0x0000000060000000      0x200 ./xip/evkmimxrt1020_flexspi_nor_config.o
                0x0000000060000000                qspiflash_config
                0x0000000000001000                . = 0x1000
 *fill*         0x0000000060000200      0xe00 ff
 *(SORT_BY_ALIGNMENT(.boot_hdr.ivt))
 .boot_hdr.ivt  0x0000000060001000       0x20 ./xip/fsl_flexspi_nor_boot.o
                0x0000000060001000                image_vector_table
                0x0000000000001020                . = 0x1020
 *(SORT_BY_ALIGNMENT(.boot_hdr.boot_data))
 .boot_hdr.boot_data
                0x0000000060001020       0x10 ./xip/fsl_flexspi_nor_boot.o
                0x0000000060001020                boot_data
                0x0000000000001030                . = 0x1030
 *(SORT_BY_ALIGNMENT(.boot_hdr.dcd_data))
                0x0000000060001030                __boot_hdr_end__ = ABSOLUTE (.)
                0x0000000000002000                . = 0x2000
 *fill*         0x0000000060001030      0xfd0 ff

.text           0x0000000060002000     0x3818
 FILL mask 0xff
                0x0000000060002000                __vectors_start__ = ABSOLUTE (.)
 *(SORT_BY_ALIGNMENT(.isr_vector))
 .isr_vector    0x0000000060002000      0x278 ./startup/startup_mimxrt1021.o
                0x0000000060002000                __Vectors
                0x0000000060002000                g_pfnVectors
                0x0000000060002278                . = ALIGN (0x4)
                0x0000000060002278                __section_table_start = .
                0x0000000060002278                __data_section_table = .
                0x0000000060002278        0x4 LONG 0x60005818 LOADADDR (.data)
                0x000000006000227c        0x4 LONG 0x20000000 ADDR (.data)
                0x0000000060002280        0x4 LONG 0x4 SIZEOF (.data)
                0x0000000060002284        0x4 LONG 0x60005818 LOADADDR (.data_RAM2)
                0x0000000060002288        0x4 LONG 0x0 ADDR (.data_RAM2)
                0x000000006000228c        0x4 LONG 0x0 SIZEOF (.data_RAM2)
                0x0000000060002290        0x4 LONG 0x60005818 LOADADDR (.data_RAM3)
                0x0000000060002294        0x4 LONG 0x20200000 ADDR (.data_RAM3)
                0x0000000060002298        0x4 LONG 0x0 SIZEOF (.data_RAM3)
                0x000000006000229c        0x4 LONG 0x60005818 LOADADDR (.data_RAM4)
                0x00000000600022a0        0x4 LONG 0x80000000 ADDR (.data_RAM4)
                0x00000000600022a4        0x4 LONG 0x0 SIZEOF (.data_RAM4)
                0x00000000600022a8        0x4 LONG 0x60005818 LOADADDR (.data_RAM5)
                0x00000000600022ac        0x4 LONG 0x81e00000 ADDR (.data_RAM5)
                0x00000000600022b0        0x4 LONG 0x0 SIZEOF (.data_RAM5)
                0x00000000600022b4                __data_section_table_end = .
                0x00000000600022b4                __bss_section_table = .
                0x00000000600022b4        0x4 LONG 0x20000004 ADDR (.bss)
                0x00000000600022b8        0x4 LONG 0xf4 SIZEOF (.bss)
                0x00000000600022bc        0x4 LONG 0x0 ADDR (.bss_RAM2)
                0x00000000600022c0        0x4 LONG 0x0 SIZEOF (.bss_RAM2)
                0x00000000600022c4        0x4 LONG 0x20200000 ADDR (.bss_RAM3)
                0x00000000600022c8        0x4 LONG 0x0 SIZEOF (.bss_RAM3)
                0x00000000600022cc        0x4 LONG 0x80000000 ADDR (.bss_RAM4)
                0x00000000600022d0        0x4 LONG 0x0 SIZEOF (.bss_RAM4)
                0x00000000600022d4        0x4 LONG 0x81e00000 ADDR (.bss_RAM5)
                0x00000000600022d8        0x4 LONG 0x0 SIZEOF (.bss_RAM5)
                0x00000000600022dc                __bss_section_table_end = .
                0x00000000600022dc                __section_table_end = .
 *(SORT_BY_ALIGNMENT(.after_vectors*))
 .after_vectors.reset
                0x00000000600022dc       0x4c ./startup/startup_mimxrt1021.o
                0x00000000600022dc                ResetISR
 .after_vectors.init_data
                0x0000000060002328       0x1e ./startup/startup_mimxrt1021.o
                0x0000000060002328                data_init
 .after_vectors.init_bss
                0x0000000060002346       0x12 ./startup/startup_mimxrt1021.o
                0x0000000060002346                bss_init
 .after_vectors
                0x0000000060002358        0xc ./startup/startup_mimxrt1021.o
                0x0000000060002358                NMI_Handler
                0x000000006000235c                SVC_Handler
                0x000000006000235e                PendSV_Handler
                0x0000000060002360                SysTick_Handler
                0x0000000060002362                ACMP4_DriverIRQHandler
                0x0000000060002362                Reserved87_DriverIRQHandler
                0x0000000060002362                KPP_DriverIRQHandler
                0x0000000060002362                LPSPI2_DriverIRQHandler
                0x0000000060002362                SAI3_RX_DriverIRQHandler
                0x0000000060002362                CCM_2_DriverIRQHandler
                0x0000000060002362                PIT_DriverIRQHandler
                0x0000000060002362                Reserved102_DriverIRQHandler
                0x0000000060002362                Reserved152_DriverIRQHandler
                0x0000000060002362                DMA13_DMA29_DriverIRQHandler
                0x0000000060002362                FLEXRAM_DriverIRQHandler
                0x0000000060002362                LPSPI4_DriverIRQHandler
                0x0000000060002362                SEMC_DriverIRQHandler
                0x0000000060002362                SPDIF_DriverIRQHandler
                0x0000000060002362                USB_PHY_DriverIRQHandler
                0x0000000060002362                GPIO3_Combined_0_15_DriverIRQHandler
                0x0000000060002362                Reserved82_DriverIRQHandler
                0x0000000060002362                DMA7_DMA23_DriverIRQHandler
                0x0000000060002362                BEE_DriverIRQHandler
                0x0000000060002362                LPI2C3_DriverIRQHandler
                0x0000000060002362                GPR_IRQ_DriverIRQHandler
                0x0000000060002362                Reserved103_DriverIRQHandler
                0x0000000060002362                PWM2_FAULT_DriverIRQHandler
                0x0000000060002362                Reserved56_DriverIRQHandler
                0x0000000060002362                DMA14_DMA30_DriverIRQHandler
                0x0000000060002362                TMR1_DriverIRQHandler
                0x0000000060002362                TRNG_DriverIRQHandler
                0x0000000060002362                ENET_1588_Timer_DriverIRQHandler
                0x0000000060002362                GPIO2_Combined_16_31_DriverIRQHandler
                0x0000000060002362                Reserved143_DriverIRQHandler
                0x0000000060002362                Reserved151_DriverIRQHandler
                0x0000000060002362                DMA0_DMA16_DriverIRQHandler
                0x0000000060002362                IntDefaultHandler
                0x0000000060002362                DMA2_DMA18_DriverIRQHandler
                0x0000000060002362                SRC_DriverIRQHandler
                0x0000000060002362                GPIO1_INT4_DriverIRQHandler
                0x0000000060002362                Reserved144_DriverIRQHandler
                0x0000000060002362                USDHC1_DriverIRQHandler
                0x0000000060002362                EWM_DriverIRQHandler
                0x0000000060002362                WDOG1_DriverIRQHandler
                0x0000000060002362                FLEXIO1_DriverIRQHandler
                0x0000000060002362                ENET_DriverIRQHandler
                0x0000000060002362                Reserved78_DriverIRQHandler
                0x0000000060002362                ENC2_DriverIRQHandler
                0x0000000060002362                ADC_ETC_IRQ2_DriverIRQHandler
                0x0000000060002362                GPIO1_Combined_16_31_DriverIRQHandler
                0x0000000060002362                GPIO1_INT7_DriverIRQHandler
                0x0000000060002362                SAI1_DriverIRQHandler
                0x0000000060002362                DCDC_DriverIRQHandler
                0x0000000060002362                DMA12_DMA28_DriverIRQHandler
                0x0000000060002362                ADC_ETC_ERROR_IRQ_DriverIRQHandler
                0x0000000060002362                ACMP2_DriverIRQHandler
                0x0000000060002362                GPIO5_Combined_0_15_DriverIRQHandler
                0x0000000060002362                GPIO1_INT0_DriverIRQHandler
                0x0000000060002362                GPIO1_INT2_DriverIRQHandler
                0x0000000060002362                RTWDOG_DriverIRQHandler
                0x0000000060002362                FLEXSPI_DriverIRQHandler
                0x0000000060002362                GPT2_DriverIRQHandler
                0x0000000060002362                DMA10_DMA26_DriverIRQHandler
                0x0000000060002362                PWM2_1_DriverIRQHandler
                0x0000000060002362                PWM1_1_DriverIRQHandler
                0x0000000060002362                ADC1_DriverIRQHandler
                0x0000000060002362                Reserved148_DriverIRQHandler
                0x0000000060002362                PWM1_0_DriverIRQHandler
                0x0000000060002362                DMA1_DMA17_DriverIRQHandler
                0x0000000060002362                ENC1_DriverIRQHandler
                0x0000000060002362                CAN2_DriverIRQHandler
                0x0000000060002362                DCP_DriverIRQHandler
                0x0000000060002362                CTI0_ERROR_DriverIRQHandler
                0x0000000060002362                DMA8_DMA24_DriverIRQHandler
                0x0000000060002362                GPT1_DriverIRQHandler
                0x0000000060002362                ACMP3_DriverIRQHandler
                0x0000000060002362                DMA6_DMA22_DriverIRQHandler
                0x0000000060002362                CSU_DriverIRQHandler
                0x0000000060002362                GPIO1_INT5_DriverIRQHandler
                0x0000000060002362                TMR2_DriverIRQHandler
                0x0000000060002362                CTI1_ERROR_DriverIRQHandler
                0x0000000060002362                GPIO1_Combined_0_15_DriverIRQHandler
                0x0000000060002362                USDHC2_DriverIRQHandler
                0x0000000060002362                SAI2_DriverIRQHandler
                0x0000000060002362                CORE_DriverIRQHandler
                0x0000000060002362                Reserved147_DriverIRQHandler
                0x0000000060002362                DMA11_DMA27_DriverIRQHandler
                0x0000000060002362                PWM2_3_DriverIRQHandler
                0x0000000060002362                Reserved60_DriverIRQHandler
                0x0000000060002362                XBAR1_IRQ_2_3_DriverIRQHandler
                0x0000000060002362                SNVS_HP_WRAPPER_TZ_DriverIRQHandler
                0x0000000060002362                GPIO3_Combined_16_31_DriverIRQHandler
                0x0000000060002362                PWM1_FAULT_DriverIRQHandler
                0x0000000060002362                LPI2C1_DriverIRQHandler
                0x0000000060002362                PWM2_2_DriverIRQHandler
                0x0000000060002362                Reserved128_DriverIRQHandler
                0x0000000060002362                DMA4_DMA20_DriverIRQHandler
                0x0000000060002362                DMA9_DMA25_DriverIRQHandler
                0x0000000060002362                SNVS_HP_WRAPPER_DriverIRQHandler
                0x0000000060002362                XBAR1_IRQ_0_1_DriverIRQHandler
                0x0000000060002362                ADC_ETC_IRQ1_DriverIRQHandler
                0x0000000060002362                LPSPI1_DriverIRQHandler
                0x0000000060002362                DMA3_DMA19_DriverIRQHandler
                0x0000000060002362                GPIO1_INT3_DriverIRQHandler
                0x0000000060002362                DCP_VMI_DriverIRQHandler
                0x0000000060002362                LPI2C4_DriverIRQHandler
                0x0000000060002362                GPC_DriverIRQHandler
                0x0000000060002362                Reserved123_DriverIRQHandler
                0x0000000060002362                GPIO2_Combined_0_15_DriverIRQHandler
                0x0000000060002362                PWM1_2_DriverIRQHandler
                0x0000000060002362                USB_OTG1_DriverIRQHandler
                0x0000000060002362                TEMP_LOW_HIGH_DriverIRQHandler
                0x0000000060002362                SAI3_TX_DriverIRQHandler
                0x0000000060002362                WDOG2_DriverIRQHandler
                0x0000000060002362                Reserved68_DriverIRQHandler
                0x0000000060002362                PMU_DriverIRQHandler
                0x0000000060002362                Reserved59_DriverIRQHandler
                0x0000000060002362                GPIO5_Combined_16_31_DriverIRQHandler
                0x0000000060002362                DMA5_DMA21_DriverIRQHandler
                0x0000000060002362                CCM_1_DriverIRQHandler
                0x0000000060002362                ADC2_DriverIRQHandler
                0x0000000060002362                Reserved58_DriverIRQHandler
                0x0000000060002362                Reserved115_DriverIRQHandler
                0x0000000060002362                TEMP_PANIC_DriverIRQHandler
                0x0000000060002362                DMA15_DMA31_DriverIRQHandler
                0x0000000060002362                Reserved107_DriverIRQHandler
                0x0000000060002362                LPSPI3_DriverIRQHandler
                0x0000000060002362                PWM1_3_DriverIRQHandler
                0x0000000060002362                Reserved70_DriverIRQHandler
                0x0000000060002362                ACMP1_DriverIRQHandler
                0x0000000060002362                LPI2C2_DriverIRQHandler
                0x0000000060002362                Reserved86_DriverIRQHandler
                0x0000000060002362                DMA_ERROR_DriverIRQHandler
                0x0000000060002362                ADC_ETC_IRQ0_DriverIRQHandler
                0x0000000060002362                CAN1_DriverIRQHandler
                0x0000000060002362                GPIO1_INT6_DriverIRQHandler
                0x0000000060002362                GPIO1_INT1_DriverIRQHandler
                0x0000000060002362                PWM2_0_DriverIRQHandler
                0x0000000060002362                SNVS_LP_WRAPPER_DriverIRQHandler
 *(SORT_BY_ALIGNMENT(.text*))
 .text.main     0x0000000060002364       0x30 ./source/MIMXRT10211st_Project.o
                0x0000000060002364                main
 .text.CLOCK_GetOscFreq
                0x0000000060002394       0x30 ./drivers/fsl_clock.o
 .text.CLOCK_InitExternalClk
                0x00000000600023c4       0x6c ./drivers/fsl_clock.o
                0x00000000600023c4                CLOCK_InitExternalClk
 .text.CLOCK_SwitchOsc
                0x0000000060002430       0x34 ./drivers/fsl_clock.o
                0x0000000060002430                CLOCK_SwitchOsc
 .text.CLOCK_InitRcOsc24M
                0x0000000060002464       0x24 ./drivers/fsl_clock.o
                0x0000000060002464                CLOCK_InitRcOsc24M
 .text.CLOCK_InitSysPll
                0x0000000060002488       0x9c ./drivers/fsl_clock.o
                0x0000000060002488                CLOCK_InitSysPll
 .text.CLOCK_DeinitAudioPll
                0x0000000060002524       0x1c ./drivers/fsl_clock.o
                0x0000000060002524                CLOCK_DeinitAudioPll
 .text.CLOCK_InitEnetPll
                0x0000000060002540       0xa4 ./drivers/fsl_clock.o
                0x0000000060002540                CLOCK_InitEnetPll
 .text.CLOCK_GetPllFreq
                0x00000000600025e4      0x25c ./drivers/fsl_clock.o
                0x00000000600025e4                CLOCK_GetPllFreq
 .text.CLOCK_InitSysPfd
                0x0000000060002840       0x64 ./drivers/fsl_clock.o
                0x0000000060002840                CLOCK_InitSysPfd
 .text.LPUART1_DriverIRQHandler
                0x00000000600028a4       0x24 ./drivers/fsl_lpuart.o
                0x00000000600028a4                LPUART1_DriverIRQHandler
 .text.LPUART2_DriverIRQHandler
                0x00000000600028c8       0x24 ./drivers/fsl_lpuart.o
                0x00000000600028c8                LPUART2_DriverIRQHandler
 .text.LPUART3_DriverIRQHandler
                0x00000000600028ec       0x24 ./drivers/fsl_lpuart.o
                0x00000000600028ec                LPUART3_DriverIRQHandler
 .text.LPUART4_DriverIRQHandler
                0x0000000060002910       0x24 ./drivers/fsl_lpuart.o
                0x0000000060002910                LPUART4_DriverIRQHandler
 .text.LPUART5_DriverIRQHandler
                0x0000000060002934       0x24 ./drivers/fsl_lpuart.o
                0x0000000060002934                LPUART5_DriverIRQHandler
 .text.LPUART6_DriverIRQHandler
                0x0000000060002958       0x24 ./drivers/fsl_lpuart.o
                0x0000000060002958                LPUART6_DriverIRQHandler
 .text.LPUART7_DriverIRQHandler
                0x000000006000297c       0x24 ./drivers/fsl_lpuart.o
                0x000000006000297c                LPUART7_DriverIRQHandler
 .text.LPUART8_DriverIRQHandler
                0x00000000600029a0       0x24 ./drivers/fsl_lpuart.o
                0x00000000600029a0                LPUART8_DriverIRQHandler
 .text.SystemInit
                0x00000000600029c4      0x1c8 ./device/system_MIMXRT1021.o
                0x00000000600029c4                SystemInit
 .text.ARM_MPU_Enable
                0x0000000060002b8c       0x3c ./board/board.o
 .text.ARM_MPU_Disable
                0x0000000060002bc8       0x34 ./board/board.o
 .text.CLOCK_GetMux
                0x0000000060002bfc       0x44 ./board/board.o
 .text.CLOCK_GetDiv
                0x0000000060002c40       0x44 ./board/board.o
 .text.CLOCK_GetOscFreq
                0x0000000060002c84       0x30 ./board/board.o
 .text.BOARD_DebugConsoleSrcFreq
                0x0000000060002cb4       0x64 ./board/board.o
                0x0000000060002cb4                BOARD_DebugConsoleSrcFreq
 .text.BOARD_ConfigMPU
                0x0000000060002d18      0x29c ./board/board.o
                0x0000000060002d18                BOARD_ConfigMPU
 .text.CLOCK_SetMux
                0x0000000060002fb4       0x9c ./board/clock_config.o
 .text.CLOCK_SetDiv
                0x0000000060003050       0x9c ./board/clock_config.o
 .text.CLOCK_ControlGate
                0x00000000600030ec       0x64 ./board/clock_config.o
 .text.CLOCK_SetXtalFreq
                0x0000000060003150       0x20 ./board/clock_config.o
 .text.CLOCK_SetRtcXtalFreq
                0x0000000060003170       0x20 ./board/clock_config.o
 .text.IOMUXC_EnableMode
                0x0000000060003190       0x48 ./board/clock_config.o
 .text.IOMUXC_MQSConfig
                0x00000000600031d8       0x44 ./board/clock_config.o
 .text.BOARD_BootClockRUN
                0x000000006000321c      0x4ec ./board/clock_config.o
                0x000000006000321c                BOARD_BootClockRUN
 .text.CLOCK_ControlGate
                0x0000000060003708       0x64 ./board/pin_mux.o
 .text.BOARD_InitDEBUG_UARTPins
                0x000000006000376c       0x4c ./board/pin_mux.o
                0x000000006000376c                BOARD_InitDEBUG_UARTPins
 .text.__assertion_failed
                0x00000000600037b8       0x4c /usr/local/mcuxpressoide-11.1.0_3209/ide/plugins/com.nxp.mcuxpresso.tools.linux_11.1.0.201909161352/tools/bin/../lib/gcc/arm-none-eabi/8.3.1/../../../../arm-none-eabi/lib/thumb/v7e-m+fp/hard/libcr_semihost_nf.a(_cr_assert.o)
                0x00000000600037b8                __assertion_failed
 .text.__sys_appexit
                0x0000000060003804        0xc /usr/local/mcuxpressoide-11.1.0_3209/ide/plugins/com.nxp.mcuxpresso.tools.linux_11.1.0.201909161352/tools/bin/../lib/gcc/arm-none-eabi/8.3.1/../../../../arm-none-eabi/lib/thumb/v7e-m+fp/hard/libcr_semihost_nf.a(__sys_appexit.o)
                0x0000000060003804                __exit
                0x0000000060003804                __sys_appexit
 .text._Cwritebuf
                0x0000000060003810       0x6c /usr/local/mcuxpressoide-11.1.0_3209/ide/plugins/com.nxp.mcuxpresso.tools.linux_11.1.0.201909161352/tools/bin/../lib/gcc/arm-none-eabi/8.3.1/../../../../arm-none-eabi/lib/thumb/v7e-m+fp/hard/libcr_c.a(_writebuf.o)
                0x0000000060003810                _Cwritebuf
 .text.malloc   0x000000006000387c       0xc8 /usr/local/mcuxpressoide-11.1.0_3209/ide/plugins/com.nxp.mcuxpresso.tools.linux_11.1.0.201909161352/tools/bin/../lib/gcc/arm-none-eabi/8.3.1/../../../../arm-none-eabi/lib/thumb/v7e-m+fp/hard/libcr_c.a(alloc.o)
                0x000000006000387c                malloc
 .text._Csys_alloc
                0x0000000060003944       0x20 /usr/local/mcuxpressoide-11.1.0_3209/ide/plugins/com.nxp.mcuxpresso.tools.linux_11.1.0.201909161352/tools/bin/../lib/gcc/arm-none-eabi/8.3.1/../../../../arm-none-eabi/lib/thumb/v7e-m+fp/hard/libcr_c.a(alloc.o)
                0x0000000060003944                _Csys_alloc
 .text.fseek    0x0000000060003964      0x100 /usr/local/mcuxpressoide-11.1.0_3209/ide/plugins/com.nxp.mcuxpresso.tools.linux_11.1.0.201909161352/tools/bin/../lib/gcc/arm-none-eabi/8.3.1/../../../../arm-none-eabi/lib/thumb/v7e-m+fp/hard/libcr_c.a(fseek.o)
                0x0000000060003964                fseek
 .text.ftell    0x0000000060003a64       0x48 /usr/local/mcuxpressoide-11.1.0_3209/ide/plugins/com.nxp.mcuxpresso.tools.linux_11.1.0.201909161352/tools/bin/../lib/gcc/arm-none-eabi/8.3.1/../../../../arm-none-eabi/lib/thumb/v7e-m+fp/hard/libcr_c.a(ftell.o)
                0x0000000060003a64                ftell
 .text._initio  0x0000000060003aac       0x78 /usr/local/mcuxpressoide-11.1.0_3209/ide/plugins/com.nxp.mcuxpresso.tools.linux_11.1.0.201909161352/tools/bin/../lib/gcc/arm-none-eabi/8.3.1/../../../../arm-none-eabi/lib/thumb/v7e-m+fp/hard/libcr_c.a(initio.o)
                0x0000000060003aac                _initio
 .text.__vfprintf
                0x0000000060003b24      0xbe0 /usr/local/mcuxpressoide-11.1.0_3209/ide/plugins/com.nxp.mcuxpresso.tools.linux_11.1.0.201909161352/tools/bin/../lib/gcc/arm-none-eabi/8.3.1/../../../../arm-none-eabi/lib/thumb/v7e-m+fp/hard/libcr_c.a(printf.o)
                0x0000000060003b24                __vfprintf
 .text._vsnprintf
                0x0000000060004704       0x68 /usr/local/mcuxpressoide-11.1.0_3209/ide/plugins/com.nxp.mcuxpresso.tools.linux_11.1.0.201909161352/tools/bin/../lib/gcc/arm-none-eabi/8.3.1/../../../../arm-none-eabi/lib/thumb/v7e-m+fp/hard/libcr_c.a(printf.o)
                0x0000000060004704                _vsnprintf
 .text._printf  0x000000006000476c       0x54 /usr/local/mcuxpressoide-11.1.0_3209/ide/plugins/com.nxp.mcuxpresso.tools.linux_11.1.0.201909161352/tools/bin/../lib/gcc/arm-none-eabi/8.3.1/../../../../arm-none-eabi/lib/thumb/v7e-m+fp/hard/libcr_c.a(printf.o)
                0x000000006000476c                _printf
 .text.setvbuf  0x00000000600047c0       0x40 /usr/local/mcuxpressoide-11.1.0_3209/ide/plugins/com.nxp.mcuxpresso.tools.linux_11.1.0.201909161352/tools/bin/../lib/gcc/arm-none-eabi/8.3.1/../../../../arm-none-eabi/lib/thumb/v7e-m+fp/hard/libcr_c.a(setvbuf.o)
                0x00000000600047c0                setvbuf
 .text._sbrk    0x0000000060004800       0x3c /usr/local/mcuxpressoide-11.1.0_3209/ide/plugins/com.nxp.mcuxpresso.tools.linux_11.1.0.201909161352/tools/bin/../lib/gcc/arm-none-eabi/8.3.1/../../../../arm-none-eabi/lib/thumb/v7e-m+fp/hard/libcr_c.a(_cr_sbrk.o)
                0x0000000060004800                _sbrk
 .text.fflush   0x000000006000483c       0x44 /usr/local/mcuxpressoide-11.1.0_3209/ide/plugins/com.nxp.mcuxpresso.tools.linux_11.1.0.201909161352/tools/bin/../lib/gcc/arm-none-eabi/8.3.1/../../../../arm-none-eabi/lib/thumb/v7e-m+fp/hard/libcr_c.a(fflush.o)
                0x000000006000483c                fflush
 .text.__check_heap_overflow
                0x0000000060004880       0x18 /usr/local/mcuxpressoide-11.1.0_3209/ide/plugins/com.nxp.mcuxpresso.tools.linux_11.1.0.201909161352/tools/bin/../lib/gcc/arm-none-eabi/8.3.1/../../../../arm-none-eabi/lib/thumb/v7e-m+fp/hard/libcr_c.a(_cr_check_heap.o)
                0x0000000060004880                __check_heap_overflow
 .text.DMA0_DMA16_IRQHandler
                0x0000000060004898        0x8 ./startup/startup_mimxrt1021.o
                0x0000000060004898                DMA0_DMA16_IRQHandler
 .text.DMA1_DMA17_IRQHandler
                0x00000000600048a0        0x8 ./startup/startup_mimxrt1021.o
                0x00000000600048a0                DMA1_DMA17_IRQHandler
 .text.DMA2_DMA18_IRQHandler
                0x00000000600048a8        0x8 ./startup/startup_mimxrt1021.o
                0x00000000600048a8                DMA2_DMA18_IRQHandler
 .text.DMA3_DMA19_IRQHandler
                0x00000000600048b0        0x8 ./startup/startup_mimxrt1021.o
                0x00000000600048b0                DMA3_DMA19_IRQHandler
 .text.DMA4_DMA20_IRQHandler
                0x00000000600048b8        0x8 ./startup/startup_mimxrt1021.o
                0x00000000600048b8                DMA4_DMA20_IRQHandler
 .text.DMA5_DMA21_IRQHandler
                0x00000000600048c0        0x8 ./startup/startup_mimxrt1021.o
                0x00000000600048c0                DMA5_DMA21_IRQHandler
 .text.DMA6_DMA22_IRQHandler
                0x00000000600048c8        0x8 ./startup/startup_mimxrt1021.o
                0x00000000600048c8                DMA6_DMA22_IRQHandler
 .text.DMA7_DMA23_IRQHandler
                0x00000000600048d0        0x8 ./startup/startup_mimxrt1021.o
                0x00000000600048d0                DMA7_DMA23_IRQHandler
 .text.DMA8_DMA24_IRQHandler
                0x00000000600048d8        0x8 ./startup/startup_mimxrt1021.o
                0x00000000600048d8                DMA8_DMA24_IRQHandler
 .text.DMA9_DMA25_IRQHandler
                0x00000000600048e0        0x8 ./startup/startup_mimxrt1021.o
                0x00000000600048e0                DMA9_DMA25_IRQHandler
 .text.DMA10_DMA26_IRQHandler
                0x00000000600048e8        0x8 ./startup/startup_mimxrt1021.o
                0x00000000600048e8                DMA10_DMA26_IRQHandler
 .text.DMA11_DMA27_IRQHandler
                0x00000000600048f0        0x8 ./startup/startup_mimxrt1021.o
                0x00000000600048f0                DMA11_DMA27_IRQHandler
 .text.DMA12_DMA28_IRQHandler
                0x00000000600048f8        0x8 ./startup/startup_mimxrt1021.o
                0x00000000600048f8                DMA12_DMA28_IRQHandler
 .text.DMA13_DMA29_IRQHandler
                0x0000000060004900        0x8 ./startup/startup_mimxrt1021.o
                0x0000000060004900                DMA13_DMA29_IRQHandler
 .text.DMA14_DMA30_IRQHandler
                0x0000000060004908        0x8 ./startup/startup_mimxrt1021.o
                0x0000000060004908                DMA14_DMA30_IRQHandler
 .text.DMA15_DMA31_IRQHandler
                0x0000000060004910        0x8 ./startup/startup_mimxrt1021.o
                0x0000000060004910                DMA15_DMA31_IRQHandler
 .text.DMA_ERROR_IRQHandler
                0x0000000060004918        0x8 ./startup/startup_mimxrt1021.o
                0x0000000060004918                DMA_ERROR_IRQHandler
 .text.CTI0_ERROR_IRQHandler
                0x0000000060004920        0x8 ./startup/startup_mimxrt1021.o
                0x0000000060004920                CTI0_ERROR_IRQHandler
 .text.CTI1_ERROR_IRQHandler
                0x0000000060004928        0x8 ./startup/startup_mimxrt1021.o
                0x0000000060004928                CTI1_ERROR_IRQHandler
 .text.CORE_IRQHandler
                0x0000000060004930        0x8 ./startup/startup_mimxrt1021.o
                0x0000000060004930                CORE_IRQHandler
 .text.LPUART1_IRQHandler
                0x0000000060004938        0x8 ./startup/startup_mimxrt1021.o
                0x0000000060004938                LPUART1_IRQHandler
 .text.LPUART2_IRQHandler
                0x0000000060004940        0x8 ./startup/startup_mimxrt1021.o
                0x0000000060004940                LPUART2_IRQHandler
 .text.LPUART3_IRQHandler
                0x0000000060004948        0x8 ./startup/startup_mimxrt1021.o
                0x0000000060004948                LPUART3_IRQHandler
 .text.LPUART4_IRQHandler
                0x0000000060004950        0x8 ./startup/startup_mimxrt1021.o
                0x0000000060004950                LPUART4_IRQHandler
 .text.LPUART5_IRQHandler
                0x0000000060004958        0x8 ./startup/startup_mimxrt1021.o
                0x0000000060004958                LPUART5_IRQHandler
 .text.LPUART6_IRQHandler
                0x0000000060004960        0x8 ./startup/startup_mimxrt1021.o
                0x0000000060004960                LPUART6_IRQHandler
 .text.LPUART7_IRQHandler
                0x0000000060004968        0x8 ./startup/startup_mimxrt1021.o
                0x0000000060004968                LPUART7_IRQHandler
 .text.LPUART8_IRQHandler
                0x0000000060004970        0x8 ./startup/startup_mimxrt1021.o
                0x0000000060004970                LPUART8_IRQHandler
 .text.LPI2C1_IRQHandler
                0x0000000060004978        0x8 ./startup/startup_mimxrt1021.o
                0x0000000060004978                LPI2C1_IRQHandler
 .text.LPI2C2_IRQHandler
                0x0000000060004980        0x8 ./startup/startup_mimxrt1021.o
                0x0000000060004980                LPI2C2_IRQHandler
 .text.LPI2C3_IRQHandler
                0x0000000060004988        0x8 ./startup/startup_mimxrt1021.o
                0x0000000060004988                LPI2C3_IRQHandler
 .text.LPI2C4_IRQHandler
                0x0000000060004990        0x8 ./startup/startup_mimxrt1021.o
                0x0000000060004990                LPI2C4_IRQHandler
 .text.LPSPI1_IRQHandler
                0x0000000060004998        0x8 ./startup/startup_mimxrt1021.o
                0x0000000060004998                LPSPI1_IRQHandler
 .text.LPSPI2_IRQHandler
                0x00000000600049a0        0x8 ./startup/startup_mimxrt1021.o
                0x00000000600049a0                LPSPI2_IRQHandler
 .text.LPSPI3_IRQHandler
                0x00000000600049a8        0x8 ./startup/startup_mimxrt1021.o
                0x00000000600049a8                LPSPI3_IRQHandler
 .text.LPSPI4_IRQHandler
                0x00000000600049b0        0x8 ./startup/startup_mimxrt1021.o
                0x00000000600049b0                LPSPI4_IRQHandler
 .text.CAN1_IRQHandler
                0x00000000600049b8        0x8 ./startup/startup_mimxrt1021.o
                0x00000000600049b8                CAN1_IRQHandler
 .text.CAN2_IRQHandler
                0x00000000600049c0        0x8 ./startup/startup_mimxrt1021.o
                0x00000000600049c0                CAN2_IRQHandler
 .text.FLEXRAM_IRQHandler
                0x00000000600049c8        0x8 ./startup/startup_mimxrt1021.o
                0x00000000600049c8                FLEXRAM_IRQHandler
 .text.KPP_IRQHandler
                0x00000000600049d0        0x8 ./startup/startup_mimxrt1021.o
                0x00000000600049d0                KPP_IRQHandler
 .text.Reserved56_IRQHandler
                0x00000000600049d8        0x8 ./startup/startup_mimxrt1021.o
                0x00000000600049d8                Reserved56_IRQHandler
 .text.GPR_IRQ_IRQHandler
                0x00000000600049e0        0x8 ./startup/startup_mimxrt1021.o
                0x00000000600049e0                GPR_IRQ_IRQHandler
 .text.Reserved58_IRQHandler
                0x00000000600049e8        0x8 ./startup/startup_mimxrt1021.o
                0x00000000600049e8                Reserved58_IRQHandler
 .text.Reserved59_IRQHandler
                0x00000000600049f0        0x8 ./startup/startup_mimxrt1021.o
                0x00000000600049f0                Reserved59_IRQHandler
 .text.Reserved60_IRQHandler
                0x00000000600049f8        0x8 ./startup/startup_mimxrt1021.o
                0x00000000600049f8                Reserved60_IRQHandler
 .text.WDOG2_IRQHandler
                0x0000000060004a00        0x8 ./startup/startup_mimxrt1021.o
                0x0000000060004a00                WDOG2_IRQHandler
 .text.SNVS_HP_WRAPPER_IRQHandler
                0x0000000060004a08        0x8 ./startup/startup_mimxrt1021.o
                0x0000000060004a08                SNVS_HP_WRAPPER_IRQHandler
 .text.SNVS_HP_WRAPPER_TZ_IRQHandler
                0x0000000060004a10        0x8 ./startup/startup_mimxrt1021.o
                0x0000000060004a10                SNVS_HP_WRAPPER_TZ_IRQHandler
 .text.SNVS_LP_WRAPPER_IRQHandler
                0x0000000060004a18        0x8 ./startup/startup_mimxrt1021.o
                0x0000000060004a18                SNVS_LP_WRAPPER_IRQHandler
 .text.CSU_IRQHandler
                0x0000000060004a20        0x8 ./startup/startup_mimxrt1021.o
                0x0000000060004a20                CSU_IRQHandler
 .text.DCP_IRQHandler
                0x0000000060004a28        0x8 ./startup/startup_mimxrt1021.o
                0x0000000060004a28                DCP_IRQHandler
 .text.DCP_VMI_IRQHandler
                0x0000000060004a30        0x8 ./startup/startup_mimxrt1021.o
                0x0000000060004a30                DCP_VMI_IRQHandler
 .text.Reserved68_IRQHandler
                0x0000000060004a38        0x8 ./startup/startup_mimxrt1021.o
                0x0000000060004a38                Reserved68_IRQHandler
 .text.TRNG_IRQHandler
                0x0000000060004a40        0x8 ./startup/startup_mimxrt1021.o
                0x0000000060004a40                TRNG_IRQHandler
 .text.Reserved70_IRQHandler
                0x0000000060004a48        0x8 ./startup/startup_mimxrt1021.o
                0x0000000060004a48                Reserved70_IRQHandler
 .text.BEE_IRQHandler
                0x0000000060004a50        0x8 ./startup/startup_mimxrt1021.o
                0x0000000060004a50                BEE_IRQHandler
 .text.SAI1_IRQHandler
                0x0000000060004a58        0x8 ./startup/startup_mimxrt1021.o
                0x0000000060004a58                SAI1_IRQHandler
 .text.SAI2_IRQHandler
                0x0000000060004a60        0x8 ./startup/startup_mimxrt1021.o
                0x0000000060004a60                SAI2_IRQHandler
 .text.SAI3_RX_IRQHandler
                0x0000000060004a68        0x8 ./startup/startup_mimxrt1021.o
                0x0000000060004a68                SAI3_RX_IRQHandler
 .text.SAI3_TX_IRQHandler
                0x0000000060004a70        0x8 ./startup/startup_mimxrt1021.o
                0x0000000060004a70                SAI3_TX_IRQHandler
 .text.SPDIF_IRQHandler
                0x0000000060004a78        0x8 ./startup/startup_mimxrt1021.o
                0x0000000060004a78                SPDIF_IRQHandler
 .text.PMU_IRQHandler
                0x0000000060004a80        0x8 ./startup/startup_mimxrt1021.o
                0x0000000060004a80                PMU_IRQHandler
 .text.Reserved78_IRQHandler
                0x0000000060004a88        0x8 ./startup/startup_mimxrt1021.o
                0x0000000060004a88                Reserved78_IRQHandler
 .text.TEMP_LOW_HIGH_IRQHandler
                0x0000000060004a90        0x8 ./startup/startup_mimxrt1021.o
                0x0000000060004a90                TEMP_LOW_HIGH_IRQHandler
 .text.TEMP_PANIC_IRQHandler
                0x0000000060004a98        0x8 ./startup/startup_mimxrt1021.o
                0x0000000060004a98                TEMP_PANIC_IRQHandler
 .text.USB_PHY_IRQHandler
                0x0000000060004aa0        0x8 ./startup/startup_mimxrt1021.o
                0x0000000060004aa0                USB_PHY_IRQHandler
 .text.Reserved82_IRQHandler
                0x0000000060004aa8        0x8 ./startup/startup_mimxrt1021.o
                0x0000000060004aa8                Reserved82_IRQHandler
 .text.ADC1_IRQHandler
                0x0000000060004ab0        0x8 ./startup/startup_mimxrt1021.o
                0x0000000060004ab0                ADC1_IRQHandler
 .text.ADC2_IRQHandler
                0x0000000060004ab8        0x8 ./startup/startup_mimxrt1021.o
                0x0000000060004ab8                ADC2_IRQHandler
 .text.DCDC_IRQHandler
                0x0000000060004ac0        0x8 ./startup/startup_mimxrt1021.o
                0x0000000060004ac0                DCDC_IRQHandler
 .text.Reserved86_IRQHandler
                0x0000000060004ac8        0x8 ./startup/startup_mimxrt1021.o
                0x0000000060004ac8                Reserved86_IRQHandler
 .text.Reserved87_IRQHandler
                0x0000000060004ad0        0x8 ./startup/startup_mimxrt1021.o
                0x0000000060004ad0                Reserved87_IRQHandler
 .text.GPIO1_INT0_IRQHandler
                0x0000000060004ad8        0x8 ./startup/startup_mimxrt1021.o
                0x0000000060004ad8                GPIO1_INT0_IRQHandler
 .text.GPIO1_INT1_IRQHandler
                0x0000000060004ae0        0x8 ./startup/startup_mimxrt1021.o
                0x0000000060004ae0                GPIO1_INT1_IRQHandler
 .text.GPIO1_INT2_IRQHandler
                0x0000000060004ae8        0x8 ./startup/startup_mimxrt1021.o
                0x0000000060004ae8                GPIO1_INT2_IRQHandler
 .text.GPIO1_INT3_IRQHandler
                0x0000000060004af0        0x8 ./startup/startup_mimxrt1021.o
                0x0000000060004af0                GPIO1_INT3_IRQHandler
 .text.GPIO1_INT4_IRQHandler
                0x0000000060004af8        0x8 ./startup/startup_mimxrt1021.o
                0x0000000060004af8                GPIO1_INT4_IRQHandler
 .text.GPIO1_INT5_IRQHandler
                0x0000000060004b00        0x8 ./startup/startup_mimxrt1021.o
                0x0000000060004b00                GPIO1_INT5_IRQHandler
 .text.GPIO1_INT6_IRQHandler
                0x0000000060004b08        0x8 ./startup/startup_mimxrt1021.o
                0x0000000060004b08                GPIO1_INT6_IRQHandler
 .text.GPIO1_INT7_IRQHandler
                0x0000000060004b10        0x8 ./startup/startup_mimxrt1021.o
                0x0000000060004b10                GPIO1_INT7_IRQHandler
 .text.GPIO1_Combined_0_15_IRQHandler
                0x0000000060004b18        0x8 ./startup/startup_mimxrt1021.o
                0x0000000060004b18                GPIO1_Combined_0_15_IRQHandler
 .text.GPIO1_Combined_16_31_IRQHandler
                0x0000000060004b20        0x8 ./startup/startup_mimxrt1021.o
                0x0000000060004b20                GPIO1_Combined_16_31_IRQHandler
 .text.GPIO2_Combined_0_15_IRQHandler
                0x0000000060004b28        0x8 ./startup/startup_mimxrt1021.o
                0x0000000060004b28                GPIO2_Combined_0_15_IRQHandler
 .text.GPIO2_Combined_16_31_IRQHandler
                0x0000000060004b30        0x8 ./startup/startup_mimxrt1021.o
                0x0000000060004b30                GPIO2_Combined_16_31_IRQHandler
 .text.GPIO3_Combined_0_15_IRQHandler
                0x0000000060004b38        0x8 ./startup/startup_mimxrt1021.o
                0x0000000060004b38                GPIO3_Combined_0_15_IRQHandler
 .text.GPIO3_Combined_16_31_IRQHandler
                0x0000000060004b40        0x8 ./startup/startup_mimxrt1021.o
                0x0000000060004b40                GPIO3_Combined_16_31_IRQHandler
 .text.Reserved102_IRQHandler
                0x0000000060004b48        0x8 ./startup/startup_mimxrt1021.o
                0x0000000060004b48                Reserved102_IRQHandler
 .text.Reserved103_IRQHandler
                0x0000000060004b50        0x8 ./startup/startup_mimxrt1021.o
                0x0000000060004b50                Reserved103_IRQHandler
 .text.GPIO5_Combined_0_15_IRQHandler
                0x0000000060004b58        0x8 ./startup/startup_mimxrt1021.o
                0x0000000060004b58                GPIO5_Combined_0_15_IRQHandler
 .text.GPIO5_Combined_16_31_IRQHandler
                0x0000000060004b60        0x8 ./startup/startup_mimxrt1021.o
                0x0000000060004b60                GPIO5_Combined_16_31_IRQHandler
 .text.FLEXIO1_IRQHandler
                0x0000000060004b68        0x8 ./startup/startup_mimxrt1021.o
                0x0000000060004b68                FLEXIO1_IRQHandler
 .text.Reserved107_IRQHandler
                0x0000000060004b70        0x8 ./startup/startup_mimxrt1021.o
                0x0000000060004b70                Reserved107_IRQHandler
 .text.WDOG1_IRQHandler
                0x0000000060004b78        0x8 ./startup/startup_mimxrt1021.o
                0x0000000060004b78                WDOG1_IRQHandler
 .text.RTWDOG_IRQHandler
                0x0000000060004b80        0x8 ./startup/startup_mimxrt1021.o
                0x0000000060004b80                RTWDOG_IRQHandler
 .text.EWM_IRQHandler
                0x0000000060004b88        0x8 ./startup/startup_mimxrt1021.o
                0x0000000060004b88                EWM_IRQHandler
 .text.CCM_1_IRQHandler
                0x0000000060004b90        0x8 ./startup/startup_mimxrt1021.o
                0x0000000060004b90                CCM_1_IRQHandler
 .text.CCM_2_IRQHandler
                0x0000000060004b98        0x8 ./startup/startup_mimxrt1021.o
                0x0000000060004b98                CCM_2_IRQHandler
 .text.GPC_IRQHandler
                0x0000000060004ba0        0x8 ./startup/startup_mimxrt1021.o
                0x0000000060004ba0                GPC_IRQHandler
 .text.SRC_IRQHandler
                0x0000000060004ba8        0x8 ./startup/startup_mimxrt1021.o
                0x0000000060004ba8                SRC_IRQHandler
 .text.Reserved115_IRQHandler
                0x0000000060004bb0        0x8 ./startup/startup_mimxrt1021.o
                0x0000000060004bb0                Reserved115_IRQHandler
 .text.GPT1_IRQHandler
                0x0000000060004bb8        0x8 ./startup/startup_mimxrt1021.o
                0x0000000060004bb8                GPT1_IRQHandler
 .text.GPT2_IRQHandler
                0x0000000060004bc0        0x8 ./startup/startup_mimxrt1021.o
                0x0000000060004bc0                GPT2_IRQHandler
 .text.PWM1_0_IRQHandler
                0x0000000060004bc8        0x8 ./startup/startup_mimxrt1021.o
                0x0000000060004bc8                PWM1_0_IRQHandler
 .text.PWM1_1_IRQHandler
                0x0000000060004bd0        0x8 ./startup/startup_mimxrt1021.o
                0x0000000060004bd0                PWM1_1_IRQHandler
 .text.PWM1_2_IRQHandler
                0x0000000060004bd8        0x8 ./startup/startup_mimxrt1021.o
                0x0000000060004bd8                PWM1_2_IRQHandler
 .text.PWM1_3_IRQHandler
                0x0000000060004be0        0x8 ./startup/startup_mimxrt1021.o
                0x0000000060004be0                PWM1_3_IRQHandler
 .text.PWM1_FAULT_IRQHandler
                0x0000000060004be8        0x8 ./startup/startup_mimxrt1021.o
                0x0000000060004be8                PWM1_FAULT_IRQHandler
 .text.Reserved123_IRQHandler
                0x0000000060004bf0        0x8 ./startup/startup_mimxrt1021.o
                0x0000000060004bf0                Reserved123_IRQHandler
 .text.FLEXSPI_IRQHandler
                0x0000000060004bf8        0x8 ./startup/startup_mimxrt1021.o
                0x0000000060004bf8                FLEXSPI_IRQHandler
 .text.SEMC_IRQHandler
                0x0000000060004c00        0x8 ./startup/startup_mimxrt1021.o
                0x0000000060004c00                SEMC_IRQHandler
 .text.USDHC1_IRQHandler
                0x0000000060004c08        0x8 ./startup/startup_mimxrt1021.o
                0x0000000060004c08                USDHC1_IRQHandler
 .text.USDHC2_IRQHandler
                0x0000000060004c10        0x8 ./startup/startup_mimxrt1021.o
                0x0000000060004c10                USDHC2_IRQHandler
 .text.Reserved128_IRQHandler
                0x0000000060004c18        0x8 ./startup/startup_mimxrt1021.o
                0x0000000060004c18                Reserved128_IRQHandler
 .text.USB_OTG1_IRQHandler
                0x0000000060004c20        0x8 ./startup/startup_mimxrt1021.o
                0x0000000060004c20                USB_OTG1_IRQHandler
 .text.ENET_IRQHandler
                0x0000000060004c28        0x8 ./startup/startup_mimxrt1021.o
                0x0000000060004c28                ENET_IRQHandler
 .text.ENET_1588_Timer_IRQHandler
                0x0000000060004c30        0x8 ./startup/startup_mimxrt1021.o
                0x0000000060004c30                ENET_1588_Timer_IRQHandler
 .text.XBAR1_IRQ_0_1_IRQHandler
                0x0000000060004c38        0x8 ./startup/startup_mimxrt1021.o
                0x0000000060004c38                XBAR1_IRQ_0_1_IRQHandler
 .text.XBAR1_IRQ_2_3_IRQHandler
                0x0000000060004c40        0x8 ./startup/startup_mimxrt1021.o
                0x0000000060004c40                XBAR1_IRQ_2_3_IRQHandler
 .text.ADC_ETC_IRQ0_IRQHandler
                0x0000000060004c48        0x8 ./startup/startup_mimxrt1021.o
                0x0000000060004c48                ADC_ETC_IRQ0_IRQHandler
 .text.ADC_ETC_IRQ1_IRQHandler
                0x0000000060004c50        0x8 ./startup/startup_mimxrt1021.o
                0x0000000060004c50                ADC_ETC_IRQ1_IRQHandler
 .text.ADC_ETC_IRQ2_IRQHandler
                0x0000000060004c58        0x8 ./startup/startup_mimxrt1021.o
                0x0000000060004c58                ADC_ETC_IRQ2_IRQHandler
 .text.ADC_ETC_ERROR_IRQ_IRQHandler
                0x0000000060004c60        0x8 ./startup/startup_mimxrt1021.o
                0x0000000060004c60                ADC_ETC_ERROR_IRQ_IRQHandler
 .text.PIT_IRQHandler
                0x0000000060004c68        0x8 ./startup/startup_mimxrt1021.o
                0x0000000060004c68                PIT_IRQHandler
 .text.ACMP1_IRQHandler
                0x0000000060004c70        0x8 ./startup/startup_mimxrt1021.o
                0x0000000060004c70                ACMP1_IRQHandler
 .text.ACMP2_IRQHandler
                0x0000000060004c78        0x8 ./startup/startup_mimxrt1021.o
                0x0000000060004c78                ACMP2_IRQHandler
 .text.ACMP3_IRQHandler
                0x0000000060004c80        0x8 ./startup/startup_mimxrt1021.o
                0x0000000060004c80                ACMP3_IRQHandler
 .text.ACMP4_IRQHandler
                0x0000000060004c88        0x8 ./startup/startup_mimxrt1021.o
                0x0000000060004c88                ACMP4_IRQHandler
 .text.Reserved143_IRQHandler
                0x0000000060004c90        0x8 ./startup/startup_mimxrt1021.o
                0x0000000060004c90                Reserved143_IRQHandler
 .text.Reserved144_IRQHandler
                0x0000000060004c98        0x8 ./startup/startup_mimxrt1021.o
                0x0000000060004c98                Reserved144_IRQHandler
 .text.ENC1_IRQHandler
                0x0000000060004ca0        0x8 ./startup/startup_mimxrt1021.o
                0x0000000060004ca0                ENC1_IRQHandler
 .text.ENC2_IRQHandler
                0x0000000060004ca8        0x8 ./startup/startup_mimxrt1021.o
                0x0000000060004ca8                ENC2_IRQHandler
 .text.Reserved147_IRQHandler
                0x0000000060004cb0        0x8 ./startup/startup_mimxrt1021.o
                0x0000000060004cb0                Reserved147_IRQHandler
 .text.Reserved148_IRQHandler
                0x0000000060004cb8        0x8 ./startup/startup_mimxrt1021.o
                0x0000000060004cb8                Reserved148_IRQHandler
 .text.TMR1_IRQHandler
                0x0000000060004cc0        0x8 ./startup/startup_mimxrt1021.o
                0x0000000060004cc0                TMR1_IRQHandler
 .text.TMR2_IRQHandler
                0x0000000060004cc8        0x8 ./startup/startup_mimxrt1021.o
                0x0000000060004cc8                TMR2_IRQHandler
 .text.Reserved151_IRQHandler
                0x0000000060004cd0        0x8 ./startup/startup_mimxrt1021.o
                0x0000000060004cd0                Reserved151_IRQHandler
 .text.Reserved152_IRQHandler
                0x0000000060004cd8        0x8 ./startup/startup_mimxrt1021.o
                0x0000000060004cd8                Reserved152_IRQHandler
 .text.PWM2_0_IRQHandler
                0x0000000060004ce0        0x8 ./startup/startup_mimxrt1021.o
                0x0000000060004ce0                PWM2_0_IRQHandler
 .text.PWM2_1_IRQHandler
                0x0000000060004ce8        0x8 ./startup/startup_mimxrt1021.o
                0x0000000060004ce8                PWM2_1_IRQHandler
 .text.PWM2_2_IRQHandler
                0x0000000060004cf0        0x8 ./startup/startup_mimxrt1021.o
                0x0000000060004cf0                PWM2_2_IRQHandler
 .text.PWM2_3_IRQHandler
                0x0000000060004cf8        0x8 ./startup/startup_mimxrt1021.o
                0x0000000060004cf8                PWM2_3_IRQHandler
 .text.PWM2_FAULT_IRQHandler
                0x0000000060004d00        0x8 ./startup/startup_mimxrt1021.o
                0x0000000060004d00                PWM2_FAULT_IRQHandler
 .text.HardFault_Handler
                0x0000000060004d08       0x2c ./source/semihost_hardfault.o
                0x0000000060004d08                HardFault_Handler
 .text.CLOCK_IsPllBypassed
                0x0000000060004d34       0x32 ./drivers/fsl_clock.o
 .text.CLOCK_IsPllEnabled
                0x0000000060004d66       0x3c ./drivers/fsl_clock.o
 .text.CLOCK_GetPllBypassRefClk
                0x0000000060004da2       0x34 ./drivers/fsl_clock.o
 .text.SystemInitHook
                0x0000000060004dd6        0xe ./device/system_MIMXRT1021.o
                0x0000000060004dd6                SystemInitHook
 .text.DbgConsole_Init
                0x0000000060004de4       0x20 ./board/board.o
 .text.BOARD_InitDebugConsole
                0x0000000060004e04       0x22 ./board/board.o
                0x0000000060004e04                BOARD_InitDebugConsole
 .text.CLOCK_DisableClock
                0x0000000060004e26       0x1e ./board/clock_config.o
 .text.CLOCK_SetPllBypass
                0x0000000060004e44       0x4e ./board/clock_config.o
 .text.IOMUXC_SetSaiMClkClockSource
                0x0000000060004e92       0x6c ./board/clock_config.o
 .text.BOARD_InitBootClocks
                0x0000000060004efe        0xc ./board/clock_config.o
                0x0000000060004efe                BOARD_InitBootClocks
 .text.BOARD_InitBootPeripherals
                0x0000000060004f0a        0xc ./board/peripherals.o
                0x0000000060004f0a                BOARD_InitBootPeripherals
 .text.CLOCK_EnableClock
                0x0000000060004f16       0x1e ./board/pin_mux.o
 .text.IOMUXC_SetPinMux
                0x0000000060004f34       0x3a ./board/pin_mux.o
 .text.BOARD_InitBootPins
                0x0000000060004f6e       0x10 ./board/pin_mux.o
                0x0000000060004f6e                BOARD_InitBootPins
 .text.BOARD_InitPins
                0x0000000060004f7e        0xe ./board/pin_mux.o
                0x0000000060004f7e                BOARD_InitPins
 .text.__main   0x0000000060004f8c        0xe /usr/local/mcuxpressoide-11.1.0_3209/ide/plugins/com.nxp.mcuxpresso.tools.linux_11.1.0.201909161352/tools/bin/../lib/gcc/arm-none-eabi/8.3.1/../../../../arm-none-eabi/lib/thumb/v7e-m+fp/hard/libcr_semihost_nf.a(_cr__main.o)
                0x0000000060004f8c                __main
                0x0000000060004f8c                __CR_SEMIHOST
 .text.memset   0x0000000060004f9a        0x4 /usr/local/mcuxpressoide-11.1.0_3209/ide/plugins/com.nxp.mcuxpresso.tools.linux_11.1.0.201909161352/tools/bin/../lib/gcc/arm-none-eabi/8.3.1/../../../../arm-none-eabi/lib/thumb/v7e-m+fp/hard/libcr_c.a(memset.o)
                0x0000000060004f9a                memset
 .text._deferredlazyseek
                0x0000000060004f9e       0x40 /usr/local/mcuxpressoide-11.1.0_3209/ide/plugins/com.nxp.mcuxpresso.tools.linux_11.1.0.201909161352/tools/bin/../lib/gcc/arm-none-eabi/8.3.1/../../../../arm-none-eabi/lib/thumb/v7e-m+fp/hard/libcr_c.a(_deferredlazyseek.o)
                0x0000000060004f9e                _deferredlazyseek
 .text.__flsbuf
                0x0000000060004fde      0x140 /usr/local/mcuxpressoide-11.1.0_3209/ide/plugins/com.nxp.mcuxpresso.tools.linux_11.1.0.201909161352/tools/bin/../lib/gcc/arm-none-eabi/8.3.1/../../../../arm-none-eabi/lib/thumb/v7e-m+fp/hard/libcr_c.a(_deferredlazyseek.o)
                0x0000000060004fde                __flsbuf
 .text._fflush  0x000000006000511e       0x52 /usr/local/mcuxpressoide-11.1.0_3209/ide/plugins/com.nxp.mcuxpresso.tools.linux_11.1.0.201909161352/tools/bin/../lib/gcc/arm-none-eabi/8.3.1/../../../../arm-none-eabi/lib/thumb/v7e-m+fp/hard/libcr_c.a(_fflush.o)
                0x000000006000511e                _fflush
 .text.free     0x0000000060005170       0x30 /usr/local/mcuxpressoide-11.1.0_3209/ide/plugins/com.nxp.mcuxpresso.tools.linux_11.1.0.201909161352/tools/bin/../lib/gcc/arm-none-eabi/8.3.1/../../../../arm-none-eabi/lib/thumb/v7e-m+fp/hard/libcr_c.a(alloc.o)
                0x0000000060005170                free
 .text.fputs    0x00000000600051a0       0x2c /usr/local/mcuxpressoide-11.1.0_3209/ide/plugins/com.nxp.mcuxpresso.tools.linux_11.1.0.201909161352/tools/bin/../lib/gcc/arm-none-eabi/8.3.1/../../../../arm-none-eabi/lib/thumb/v7e-m+fp/hard/libcr_c.a(fputs.o)
                0x00000000600051a0                fputs
 .text.no_fp_display
                0x00000000600051cc        0x4 /usr/local/mcuxpressoide-11.1.0_3209/ide/plugins/com.nxp.mcuxpresso.tools.linux_11.1.0.201909161352/tools/bin/../lib/gcc/arm-none-eabi/8.3.1/../../../../arm-none-eabi/lib/thumb/v7e-m+fp/hard/libcr_c.a(printf.o)
 .text.strlen   0x00000000600051d0       0x4c /usr/local/mcuxpressoide-11.1.0_3209/ide/plugins/com.nxp.mcuxpresso.tools.linux_11.1.0.201909161352/tools/bin/../lib/gcc/arm-none-eabi/8.3.1/../../../../arm-none-eabi/lib/thumb/v7e-m+fp/hard/libcr_c.a(strlen.o)
                0x00000000600051d0                strlen
 .text._fdopen  0x000000006000521c       0x68 /usr/local/mcuxpressoide-11.1.0_3209/ide/plugins/com.nxp.mcuxpresso.tools.linux_11.1.0.201909161352/tools/bin/../lib/gcc/arm-none-eabi/8.3.1/../../../../arm-none-eabi/lib/thumb/v7e-m+fp/hard/libcr_c.a(_fdopen.o)
                0x000000006000521c                _fdopen
 .text.fclose   0x0000000060005284       0x58 /usr/local/mcuxpressoide-11.1.0_3209/ide/plugins/com.nxp.mcuxpresso.tools.linux_11.1.0.201909161352/tools/bin/../lib/gcc/arm-none-eabi/8.3.1/../../../../arm-none-eabi/lib/thumb/v7e-m+fp/hard/libcr_c.a(fclose.o)
                0x0000000060005284                fclose
 .text.remove   0x00000000600052dc       0x14 /usr/local/mcuxpressoide-11.1.0_3209/ide/plugins/com.nxp.mcuxpresso.tools.linux_11.1.0.201909161352/tools/bin/../lib/gcc/arm-none-eabi/8.3.1/../../../../arm-none-eabi/lib/thumb/v7e-m+fp/hard/libcr_c.a(remove.o)
                0x00000000600052dc                remove
 .text._do_fflush
                0x00000000600052f0       0x40 /usr/local/mcuxpressoide-11.1.0_3209/ide/plugins/com.nxp.mcuxpresso.tools.linux_11.1.0.201909161352/tools/bin/../lib/gcc/arm-none-eabi/8.3.1/../../../../arm-none-eabi/lib/thumb/v7e-m+fp/hard/libcr_c.a(_do_fflush.o)
                0x00000000600052f0                _do_fflush
 .text.__aeabi_division_uldivmod
                0x0000000060005330      0x174 /usr/local/mcuxpressoide-11.1.0_3209/ide/plugins/com.nxp.mcuxpresso.tools.linux_11.1.0.201909161352/tools/bin/../lib/gcc/arm-none-eabi/8.3.1/thumb/v7e-m+fp/hard/libcr_eabihelpers.a(division_64.o)
                0x0000000060005330                __aeabi_uldivmod
                0x0000000060005334                __bhs_ldivmod1
 .text.__aeabi_division_idiv0
                0x00000000600054a4        0x2 /usr/local/mcuxpressoide-11.1.0_3209/ide/plugins/com.nxp.mcuxpresso.tools.linux_11.1.0.201909161352/tools/bin/../lib/gcc/arm-none-eabi/8.3.1/thumb/v7e-m+fp/hard/libcr_eabihelpers.a(division_idiv0.o)
                0x00000000600054a4                __aeabi_idiv0
 .text.__aeabi_memset_lowlevel
                0x00000000600054a6       0x32 /usr/local/mcuxpressoide-11.1.0_3209/ide/plugins/com.nxp.mcuxpresso.tools.linux_11.1.0.201909161352/tools/bin/../lib/gcc/arm-none-eabi/8.3.1/thumb/v7e-m+fp/hard/libcr_eabihelpers.a(memcpy.o)
                0x00000000600054a6                __aeabi_lowlevel_memset
 .text.__sys_close
                0x00000000600054d8        0xc /usr/local/mcuxpressoide-11.1.0_3209/ide/plugins/com.nxp.mcuxpresso.tools.linux_11.1.0.201909161352/tools/bin/../lib/gcc/arm-none-eabi/8.3.1/../../../../arm-none-eabi/lib/thumb/v7e-m+fp/hard/libcr_semihost_nf.a(__sys_close.o)
                0x00000000600054d8                __sys_close
 .text.__sys_flen
                0x00000000600054e4        0xc /usr/local/mcuxpressoide-11.1.0_3209/ide/plugins/com.nxp.mcuxpresso.tools.linux_11.1.0.201909161352/tools/bin/../lib/gcc/arm-none-eabi/8.3.1/../../../../arm-none-eabi/lib/thumb/v7e-m+fp/hard/libcr_semihost_nf.a(__sys_flen.o)
                0x00000000600054e4                __sys_flen
 .text.__sys_istty
                0x00000000600054f0        0xc /usr/local/mcuxpressoide-11.1.0_3209/ide/plugins/com.nxp.mcuxpresso.tools.linux_11.1.0.201909161352/tools/bin/../lib/gcc/arm-none-eabi/8.3.1/../../../../arm-none-eabi/lib/thumb/v7e-m+fp/hard/libcr_semihost_nf.a(__sys_istty.o)
                0x00000000600054f0                __sys_istty
 .text.__sys_remove
                0x00000000600054fc        0xc /usr/local/mcuxpressoide-11.1.0_3209/ide/plugins/com.nxp.mcuxpresso.tools.linux_11.1.0.201909161352/tools/bin/../lib/gcc/arm-none-eabi/8.3.1/../../../../arm-none-eabi/lib/thumb/v7e-m+fp/hard/libcr_semihost_nf.a(__sys_remove.o)
                0x00000000600054fc                __sys_remove
 .text.__sys_seek
                0x0000000060005508        0xc /usr/local/mcuxpressoide-11.1.0_3209/ide/plugins/com.nxp.mcuxpresso.tools.linux_11.1.0.201909161352/tools/bin/../lib/gcc/arm-none-eabi/8.3.1/../../../../arm-none-eabi/lib/thumb/v7e-m+fp/hard/libcr_semihost_nf.a(__sys_seek.o)
                0x0000000060005508                __sys_seek
 .text.__sys_tmpnam
                0x0000000060005514        0xc /usr/local/mcuxpressoide-11.1.0_3209/ide/plugins/com.nxp.mcuxpresso.tools.linux_11.1.0.201909161352/tools/bin/../lib/gcc/arm-none-eabi/8.3.1/../../../../arm-none-eabi/lib/thumb/v7e-m+fp/hard/libcr_semihost_nf.a(__sys_tmpnam.o)
                0x0000000060005514                __sys_tmpnam
 .text.__sys_write
                0x0000000060005520        0xc /usr/local/mcuxpressoide-11.1.0_3209/ide/plugins/com.nxp.mcuxpresso.tools.linux_11.1.0.201909161352/tools/bin/../lib/gcc/arm-none-eabi/8.3.1/../../../../arm-none-eabi/lib/thumb/v7e-m+fp/hard/libcr_semihost_nf.a(__sys_write.o)
                0x0000000060005520                __sys_write
 *(SORT_BY_ALIGNMENT(.rodata) SORT_BY_ALIGNMENT(.rodata.*) SORT_BY_ALIGNMENT(.constdata) SORT_BY_ALIGNMENT(.constdata.*))
 .rodata.main.str1.4
                0x000000006000552c        0xd ./source/MIMXRT10211st_Project.o
 *fill*         0x0000000060005539        0x3 ff
 .rodata.CLOCK_InitExternalClk.str1.4
                0x000000006000553c       0x22 ./drivers/fsl_clock.o
 *fill*         0x000000006000555e        0x2 ff
 .rodata.CLOCK_GetPllFreq.str1.4
                0x0000000060005560       0x35 ./drivers/fsl_clock.o
 *fill*         0x0000000060005595        0x3 ff
 .rodata        0x0000000060005598       0x10 ./drivers/fsl_clock.o
 .rodata.BOARD_ConfigMPU.str1.4
                0x00000000600055a8       0x6a ./board/board.o
 *fill*         0x0000000060005612        0x2 ff
 .rodata.CLOCK_SetMux.str1.4
                0x0000000060005614       0x83 ./board/clock_config.o
 *fill*         0x0000000060005697        0x1 ff
 .rodata.CLOCK_SetDiv.str1.4
                0x0000000060005698       0x83 ./board/clock_config.o
 *fill*         0x000000006000571b        0x1 ff
 .rodata.CLOCK_ControlGate.str1.4
                0x000000006000571c       0x74 ./board/clock_config.o
                                         0x72 (size before relaxing)
 .rodata.sysPllConfig_BOARD_BootClockRUN
                0x0000000060005790       0x14 ./board/clock_config.o
                0x0000000060005790                sysPllConfig_BOARD_BootClockRUN
 .rodata.enetPllConfig_BOARD_BootClockRUN
                0x00000000600057a4        0x5 ./board/clock_config.o
                0x00000000600057a4                enetPllConfig_BOARD_BootClockRUN
 .rodata.CLOCK_ControlGate.str1.4
                0x00000000600057a9       0x72 ./board/pin_mux.o
 *fill*         0x00000000600057a9        0x3 ff
 .rodata.__num_Ciob_streams
                0x00000000600057ac        0x4 /usr/local/mcuxpressoide-11.1.0_3209/ide/plugins/com.nxp.mcuxpresso.tools.linux_11.1.0.201909161352/tools/bin/../lib/gcc/arm-none-eabi/8.3.1/../../../../arm-none-eabi/lib/thumb/v7e-m+fp/hard/libcr_semihost_nf.a(__ciob.o)
                0x00000000600057ac                __num_Ciob_streams
 .rodata.__assertion_failed.str1.1
                0x00000000600057b0       0x15 /usr/local/mcuxpressoide-11.1.0_3209/ide/plugins/com.nxp.mcuxpresso.tools.linux_11.1.0.201909161352/tools/bin/../lib/gcc/arm-none-eabi/8.3.1/../../../../arm-none-eabi/lib/thumb/v7e-m+fp/hard/libcr_semihost_nf.a(_cr_assert.o)
 .rodata._Csys_alloc.str1.1
                0x00000000600057c5       0x18 /usr/local/mcuxpressoide-11.1.0_3209/ide/plugins/com.nxp.mcuxpresso.tools.linux_11.1.0.201909161352/tools/bin/../lib/gcc/arm-none-eabi/8.3.1/../../../../arm-none-eabi/lib/thumb/v7e-m+fp/hard/libcr_c.a(alloc.o)
 .rodata._initio.str1.1
                0x00000000600057dd        0x4 /usr/local/mcuxpressoide-11.1.0_3209/ide/plugins/com.nxp.mcuxpresso.tools.linux_11.1.0.201909161352/tools/bin/../lib/gcc/arm-none-eabi/8.3.1/../../../../arm-none-eabi/lib/thumb/v7e-m+fp/hard/libcr_c.a(initio.o)
 .rodata.__vfprintf.str1.1
                0x00000000600057e1       0x35 /usr/local/mcuxpressoide-11.1.0_3209/ide/plugins/com.nxp.mcuxpresso.tools.linux_11.1.0.201909161352/tools/bin/../lib/gcc/arm-none-eabi/8.3.1/../../../../arm-none-eabi/lib/thumb/v7e-m+fp/hard/libcr_c.a(printf.o)
                                         0x38 (size before relaxing)
                0x0000000060005818                . = ALIGN (0x4)
 *fill*         0x0000000060005816        0x2 ff

.glue_7         0x0000000060005818        0x0
 .glue_7        0x0000000060005818        0x0 linker stubs

.glue_7t        0x0000000060005818        0x0
 .glue_7t       0x0000000060005818        0x0 linker stubs

.vfp11_veneer   0x0000000060005818        0x0
 .vfp11_veneer  0x0000000060005818        0x0 linker stubs

.v4_bx          0x0000000060005818        0x0
 .v4_bx         0x0000000060005818        0x0 linker stubs

.iplt           0x0000000060005818        0x0
 .iplt          0x0000000060005818        0x0 ./xip/evkmimxrt1020_flexspi_nor_config.o

.rel.dyn        0x0000000060005818        0x0
 .rel.iplt      0x0000000060005818        0x0 ./xip/evkmimxrt1020_flexspi_nor_config.o

.ARM.extab
 *(SORT_BY_ALIGNMENT(.ARM.extab*) SORT_BY_ALIGNMENT(.gnu.linkonce.armextab.*))
                0x0000000060005818                __exidx_start = .

.ARM.exidx
 *(SORT_BY_ALIGNMENT(.ARM.exidx*) SORT_BY_ALIGNMENT(.gnu.linkonce.armexidx.*))
                0x0000000060005818                __exidx_end = .
                0x0000000060005818                _etext = .

.data_RAM2      0x0000000000000000        0x0 load address 0x0000000060005818
 FILL mask 0xff
                [!provide]                        PROVIDE (__start_data_RAM2 = .)
                [!provide]                        PROVIDE (__start_data_SRAM_ITC = .)
 *(SORT_BY_ALIGNMENT(.ramfunc.$RAM2))
 *(SORT_BY_ALIGNMENT(.ramfunc.$SRAM_ITC))
 *(SORT_BY_ALIGNMENT(.data.$RAM2))
 *(SORT_BY_ALIGNMENT(.data.$SRAM_ITC))
 *(SORT_BY_ALIGNMENT(.data.$RAM2.*))
 *(SORT_BY_ALIGNMENT(.data.$SRAM_ITC.*))
                0x0000000000000000                . = ALIGN (0x4)
                [!provide]                        PROVIDE (__end_data_RAM2 = .)
                [!provide]                        PROVIDE (__end_data_SRAM_ITC = .)

.data_RAM3      0x0000000020200000        0x0 load address 0x0000000060005818
 FILL mask 0xff
                [!provide]                        PROVIDE (__start_data_RAM3 = .)
                [!provide]                        PROVIDE (__start_data_SRAM_OC = .)
 *(SORT_BY_ALIGNMENT(.ramfunc.$RAM3))
 *(SORT_BY_ALIGNMENT(.ramfunc.$SRAM_OC))
 *(SORT_BY_ALIGNMENT(.data.$RAM3))
 *(SORT_BY_ALIGNMENT(.data.$SRAM_OC))
 *(SORT_BY_ALIGNMENT(.data.$RAM3.*))
 *(SORT_BY_ALIGNMENT(.data.$SRAM_OC.*))
                0x0000000020200000                . = ALIGN (0x4)
                [!provide]                        PROVIDE (__end_data_RAM3 = .)
                [!provide]                        PROVIDE (__end_data_SRAM_OC = .)

.data_RAM4      0x0000000080000000        0x0 load address 0x0000000060005818
 FILL mask 0xff
                [!provide]                        PROVIDE (__start_data_RAM4 = .)
                [!provide]                        PROVIDE (__start_data_BOARD_SDRAM = .)
 *(SORT_BY_ALIGNMENT(.ramfunc.$RAM4))
 *(SORT_BY_ALIGNMENT(.ramfunc.$BOARD_SDRAM))
 *(SORT_BY_ALIGNMENT(.data.$RAM4))
 *(SORT_BY_ALIGNMENT(.data.$BOARD_SDRAM))
 *(SORT_BY_ALIGNMENT(.data.$RAM4.*))
 *(SORT_BY_ALIGNMENT(.data.$BOARD_SDRAM.*))
                0x0000000080000000                . = ALIGN (0x4)
                [!provide]                        PROVIDE (__end_data_RAM4 = .)
                [!provide]                        PROVIDE (__end_data_BOARD_SDRAM = .)

.data_RAM5      0x0000000081e00000        0x0 load address 0x0000000060005818
 FILL mask 0xff
                [!provide]                        PROVIDE (__start_data_RAM5 = .)
                [!provide]                        PROVIDE (__start_data_NCACHE_REGION = .)
 *(SORT_BY_ALIGNMENT(.ramfunc.$RAM5))
 *(SORT_BY_ALIGNMENT(.ramfunc.$NCACHE_REGION))
 *(SORT_BY_ALIGNMENT(.data.$RAM5))
 *(SORT_BY_ALIGNMENT(.data.$NCACHE_REGION))
 *(SORT_BY_ALIGNMENT(.data.$RAM5.*))
 *(SORT_BY_ALIGNMENT(.data.$NCACHE_REGION.*))
                0x0000000081e00000                . = ALIGN (0x4)
                [!provide]                        PROVIDE (__end_data_RAM5 = .)
                [!provide]                        PROVIDE (__end_data_NCACHE_REGION = .)

.uninit_RESERVED
                0x0000000020000000        0x0
                0x0000000020000000                _start_uninit_RESERVED = .
 *(SORT_BY_ALIGNMENT(.bss.$RESERVED*))
                0x0000000020000000                . = ALIGN (0x4)
                0x0000000020000000                _end_uninit_RESERVED = .

.data           0x0000000020000000        0x4 load address 0x0000000060005818
 FILL mask 0xff
                0x0000000020000000                _data = .
                [!provide]                        PROVIDE (__start_data_RAM = .)
                [!provide]                        PROVIDE (__start_data_SRAM_DTC = .)
 *(SORT_BY_ALIGNMENT(vtable))
 *(SORT_BY_ALIGNMENT(.ramfunc*))
 *(SORT_BY_ALIGNMENT(CodeQuickAccess))
 *(SORT_BY_ALIGNMENT(DataQuickAccess))
 *(SORT_BY_ALIGNMENT(RamFunction))
 *(SORT_BY_ALIGNMENT(.data*))
 .data.SystemCoreClock
                0x0000000020000000        0x4 ./device/system_MIMXRT1021.o
                0x0000000020000000                SystemCoreClock
                0x0000000020000004                . = ALIGN (0x4)
                0x0000000020000004                _edata = .
                [!provide]                        PROVIDE (__end_data_RAM = .)
                [!provide]                        PROVIDE (__end_data_SRAM_DTC = .)

.igot.plt       0x0000000020000004        0x0 load address 0x000000006000581c
 .igot.plt      0x0000000020000004        0x0 ./xip/evkmimxrt1020_flexspi_nor_config.o

.bss_RAM2       0x0000000000000000        0x0
                [!provide]                        PROVIDE (__start_bss_RAM2 = .)
                [!provide]                        PROVIDE (__start_bss_SRAM_ITC = .)
 *(SORT_BY_ALIGNMENT(.bss.$RAM2))
 *(SORT_BY_ALIGNMENT(.bss.$SRAM_ITC))
 *(SORT_BY_ALIGNMENT(.bss.$RAM2.*))
 *(SORT_BY_ALIGNMENT(.bss.$SRAM_ITC.*))
                0x0000000000000000                . = ALIGN ((. != 0x0)?0x4:0x1)
                [!provide]                        PROVIDE (__end_bss_RAM2 = .)
                [!provide]                        PROVIDE (__end_bss_SRAM_ITC = .)

.bss_RAM3       0x0000000020200000        0x0
                [!provide]                        PROVIDE (__start_bss_RAM3 = .)
                [!provide]                        PROVIDE (__start_bss_SRAM_OC = .)
 *(SORT_BY_ALIGNMENT(.bss.$RAM3))
 *(SORT_BY_ALIGNMENT(.bss.$SRAM_OC))
 *(SORT_BY_ALIGNMENT(.bss.$RAM3.*))
 *(SORT_BY_ALIGNMENT(.bss.$SRAM_OC.*))
                0x0000000020200000                . = ALIGN ((. != 0x0)?0x4:0x1)
                [!provide]                        PROVIDE (__end_bss_RAM3 = .)
                [!provide]                        PROVIDE (__end_bss_SRAM_OC = .)

.bss_RAM4       0x0000000080000000        0x0
                [!provide]                        PROVIDE (__start_bss_RAM4 = .)
                [!provide]                        PROVIDE (__start_bss_BOARD_SDRAM = .)
 *(SORT_BY_ALIGNMENT(.bss.$RAM4))
 *(SORT_BY_ALIGNMENT(.bss.$BOARD_SDRAM))
 *(SORT_BY_ALIGNMENT(.bss.$RAM4.*))
 *(SORT_BY_ALIGNMENT(.bss.$BOARD_SDRAM.*))
                0x0000000080000000                . = ALIGN ((. != 0x0)?0x4:0x1)
                [!provide]                        PROVIDE (__end_bss_RAM4 = .)
                [!provide]                        PROVIDE (__end_bss_BOARD_SDRAM = .)

.bss_RAM5       0x0000000081e00000        0x0
                [!provide]                        PROVIDE (__start_bss_RAM5 = .)
                [!provide]                        PROVIDE (__start_bss_NCACHE_REGION = .)
 *(SORT_BY_ALIGNMENT(.bss.$RAM5))
 *(SORT_BY_ALIGNMENT(.bss.$NCACHE_REGION))
 *(SORT_BY_ALIGNMENT(.bss.$RAM5.*))
 *(SORT_BY_ALIGNMENT(.bss.$NCACHE_REGION.*))
                0x0000000081e00000                . = ALIGN ((. != 0x0)?0x4:0x1)
                [!provide]                        PROVIDE (__end_bss_RAM5 = .)
                [!provide]                        PROVIDE (__end_bss_NCACHE_REGION = .)

.bss            0x0000000020000004       0xf4
                0x0000000020000004                _bss = .
                [!provide]                        PROVIDE (__start_bss_RAM = .)
                [!provide]                        PROVIDE (__start_bss_SRAM_DTC = .)
 *(SORT_BY_ALIGNMENT(.bss*))
 .bss.i.9630    0x0000000020000004        0x4 ./source/MIMXRT10211st_Project.o
 .bss.g_xtalFreq
                0x0000000020000008        0x4 ./drivers/fsl_clock.o
                0x0000000020000008                g_xtalFreq
 .bss.g_rtcXtalFreq
                0x000000002000000c        0x4 ./drivers/fsl_clock.o
                0x000000002000000c                g_rtcXtalFreq
 .bss.s_lpuartHandle
                0x0000000020000010       0x24 ./drivers/fsl_lpuart.o
 .bss.s_lpuartIsr
                0x0000000020000034        0x4 ./drivers/fsl_lpuart.o
 .bss.__Ciob    0x0000000020000038       0xb4 /usr/local/mcuxpressoide-11.1.0_3209/ide/plugins/com.nxp.mcuxpresso.tools.linux_11.1.0.201909161352/tools/bin/../lib/gcc/arm-none-eabi/8.3.1/../../../../arm-none-eabi/lib/thumb/v7e-m+fp/hard/libcr_semihost_nf.a(__ciob.o)
                0x0000000020000038                __Ciob
 .bss.__end_of_heap
                0x00000000200000ec        0x4 /usr/local/mcuxpressoide-11.1.0_3209/ide/plugins/com.nxp.mcuxpresso.tools.linux_11.1.0.201909161352/tools/bin/../lib/gcc/arm-none-eabi/8.3.1/../../../../arm-none-eabi/lib/thumb/v7e-m+fp/hard/libcr_c.a(__init_alloc.o)
                0x00000000200000ec                __end_of_heap
 .bss.__heaps   0x00000000200000f0        0x4 /usr/local/mcuxpressoide-11.1.0_3209/ide/plugins/com.nxp.mcuxpresso.tools.linux_11.1.0.201909161352/tools/bin/../lib/gcc/arm-none-eabi/8.3.1/../../../../arm-none-eabi/lib/thumb/v7e-m+fp/hard/libcr_c.a(__init_alloc.o)
                0x00000000200000f0                __heaps
 .bss.errno     0x00000000200000f4        0x4 /usr/local/mcuxpressoide-11.1.0_3209/ide/plugins/com.nxp.mcuxpresso.tools.linux_11.1.0.201909161352/tools/bin/../lib/gcc/arm-none-eabi/8.3.1/../../../../arm-none-eabi/lib/thumb/v7e-m+fp/hard/libcr_c.a(errno.o)
                0x00000000200000f4                errno
 *(SORT_BY_ALIGNMENT(COMMON))
                0x00000000200000f8                . = ALIGN (0x4)
                0x00000000200000f8                _ebss = .
                [!provide]                        PROVIDE (__end_bss_RAM = .)
                [!provide]                        PROVIDE (__end_bss_SRAM_DTC = .)
                [!provide]                        PROVIDE (end = .)

.noinit_RAM2    0x0000000000000000        0x0
                [!provide]                        PROVIDE (__start_noinit_RAM2 = .)
                [!provide]                        PROVIDE (__start_noinit_SRAM_ITC = .)
 *(SORT_BY_ALIGNMENT(.noinit.$RAM2))
 *(SORT_BY_ALIGNMENT(.noinit.$SRAM_ITC))
 *(SORT_BY_ALIGNMENT(.noinit.$RAM2.*))
 *(SORT_BY_ALIGNMENT(.noinit.$SRAM_ITC.*))
                0x0000000000000000                . = ALIGN (0x4)
                [!provide]                        PROVIDE (__end_noinit_RAM2 = .)
                [!provide]                        PROVIDE (__end_noinit_SRAM_ITC = .)

.noinit_RAM3    0x0000000020200000        0x0
                [!provide]                        PROVIDE (__start_noinit_RAM3 = .)
                [!provide]                        PROVIDE (__start_noinit_SRAM_OC = .)
 *(SORT_BY_ALIGNMENT(.noinit.$RAM3))
 *(SORT_BY_ALIGNMENT(.noinit.$SRAM_OC))
 *(SORT_BY_ALIGNMENT(.noinit.$RAM3.*))
 *(SORT_BY_ALIGNMENT(.noinit.$SRAM_OC.*))
                0x0000000020200000                . = ALIGN (0x4)
                [!provide]                        PROVIDE (__end_noinit_RAM3 = .)
                [!provide]                        PROVIDE (__end_noinit_SRAM_OC = .)

.noinit_RAM4    0x0000000080000000        0x0
                [!provide]                        PROVIDE (__start_noinit_RAM4 = .)
                [!provide]                        PROVIDE (__start_noinit_BOARD_SDRAM = .)
 *(SORT_BY_ALIGNMENT(.noinit.$RAM4))
 *(SORT_BY_ALIGNMENT(.noinit.$BOARD_SDRAM))
 *(SORT_BY_ALIGNMENT(.noinit.$RAM4.*))
 *(SORT_BY_ALIGNMENT(.noinit.$BOARD_SDRAM.*))
                0x0000000080000000                . = ALIGN (0x4)
                [!provide]                        PROVIDE (__end_noinit_RAM4 = .)
                [!provide]                        PROVIDE (__end_noinit_BOARD_SDRAM = .)

.noinit_RAM5    0x0000000081e00000        0x0
                [!provide]                        PROVIDE (__start_noinit_RAM5 = .)
                [!provide]                        PROVIDE (__start_noinit_NCACHE_REGION = .)
 *(SORT_BY_ALIGNMENT(.noinit.$RAM5))
 *(SORT_BY_ALIGNMENT(.noinit.$NCACHE_REGION))
 *(SORT_BY_ALIGNMENT(.noinit.$RAM5.*))
 *(SORT_BY_ALIGNMENT(.noinit.$NCACHE_REGION.*))
                0x0000000081e00000                . = ALIGN (0x4)
                [!provide]                        PROVIDE (__end_noinit_RAM5 = .)
                [!provide]                        PROVIDE (__end_noinit_NCACHE_REGION = .)

.noinit         0x00000000200000f8        0x0
                0x00000000200000f8                _noinit = .
                [!provide]                        PROVIDE (__start_noinit_RAM = .)
                [!provide]                        PROVIDE (__start_noinit_SRAM_DTC = .)
 *(SORT_BY_ALIGNMENT(.noinit*))
                0x00000000200000f8                . = ALIGN (0x4)
                0x00000000200000f8                _end_noinit = .
                [!provide]                        PROVIDE (__end_noinit_RAM = .)
                [!provide]                        PROVIDE (__end_noinit_SRAM_DTC = .)
                0x0000000000001000                _HeapSize = 0x1000

.heap           0x00000000200000f8     0x1000
                0x00000000200000f8                _pvHeapStart = .
                0x00000000200010f8                . = (. + _HeapSize)
 *fill*         0x00000000200000f8     0x1000 
                0x00000000200010f8                . = ALIGN (0x4)
                0x00000000200010f8                _pvHeapLimit = .
                0x0000000000001000                _StackSize = 0x1000

.heap2stackfill
                0x00000000200010f8     0x1000
                0x00000000200020f8                . = (. + _StackSize)
 *fill*         0x00000000200010f8     0x1000 

.stack          0x000000002000f000        0x0
                0x000000002000f000                _vStackBase = .
                0x000000002000f000                . = ALIGN (0x4)
                0x0000000020010000                _vStackTop = (. + _StackSize)
                0x0000000060002000                _image_start = LOADADDR (.text)
                0x000000006000581c                _image_end = (LOADADDR (.data) + SIZEOF (.data))
                0x000000000000381c                _image_size = (_image_end - _image_start)
OUTPUT(MIMXRT10211st_Project.axf elf32-littlearm)

.debug_info     0x0000000000000000     0x98fb
 .debug_info    0x0000000000000000      0x7e9 ./xip/evkmimxrt1020_flexspi_nor_config.o
 .debug_info    0x00000000000007e9      0x5d7 ./xip/fsl_flexspi_nor_boot.o
 .debug_info    0x0000000000000dc0      0xcb5 ./startup/startup_mimxrt1021.o
 .debug_info    0x0000000000001a75      0x3bc ./source/MIMXRT10211st_Project.o
 .debug_info    0x0000000000001e31       0x3c ./source/semihost_hardfault.o
 .debug_info    0x0000000000001e6d     0x1b1e ./drivers/fsl_clock.o
 .debug_info    0x000000000000398b     0x20f3 ./drivers/fsl_lpuart.o
 .debug_info    0x0000000000005a7e      0xc9e ./device/system_MIMXRT1021.o
 .debug_info    0x000000000000671c     0x135f ./board/board.o
 .debug_info    0x0000000000007a7b     0x16ac ./board/clock_config.o
 .debug_info    0x0000000000009127       0x3c ./board/peripherals.o
 .debug_info    0x0000000000009163      0x798 ./board/pin_mux.o

.debug_abbrev   0x0000000000000000     0x1544
 .debug_abbrev  0x0000000000000000      0x14c ./xip/evkmimxrt1020_flexspi_nor_config.o
 .debug_abbrev  0x000000000000014c      0x13f ./xip/fsl_flexspi_nor_boot.o
 .debug_abbrev  0x000000000000028b      0x147 ./startup/startup_mimxrt1021.o
 .debug_abbrev  0x00000000000003d2      0x12f ./source/MIMXRT10211st_Project.o
 .debug_abbrev  0x0000000000000501       0x31 ./source/semihost_hardfault.o
 .debug_abbrev  0x0000000000000532      0x38b ./drivers/fsl_clock.o
 .debug_abbrev  0x00000000000008bd      0x364 ./drivers/fsl_lpuart.o
 .debug_abbrev  0x0000000000000c21      0x1c7 ./device/system_MIMXRT1021.o
 .debug_abbrev  0x0000000000000de8      0x357 ./board/board.o
 .debug_abbrev  0x000000000000113f      0x218 ./board/clock_config.o
 .debug_abbrev  0x0000000000001357       0x31 ./board/peripherals.o
 .debug_abbrev  0x0000000000001388      0x1bc ./board/pin_mux.o

.debug_aranges  0x0000000000000000      0x978
 .debug_aranges
                0x0000000000000000       0x18 ./xip/evkmimxrt1020_flexspi_nor_config.o
 .debug_aranges
                0x0000000000000018       0x18 ./xip/fsl_flexspi_nor_boot.o
 .debug_aranges
                0x0000000000000030      0x4d0 ./startup/startup_mimxrt1021.o
 .debug_aranges
                0x0000000000000500       0x20 ./source/MIMXRT10211st_Project.o
 .debug_aranges
                0x0000000000000520       0x20 ./source/semihost_hardfault.o
 .debug_aranges
                0x0000000000000540      0x128 ./drivers/fsl_clock.o
 .debug_aranges
                0x0000000000000668      0x160 ./drivers/fsl_lpuart.o
 .debug_aranges
                0x00000000000007c8       0x30 ./device/system_MIMXRT1021.o
 .debug_aranges
                0x00000000000007f8       0x78 ./board/board.o
 .debug_aranges
                0x0000000000000870       0x78 ./board/clock_config.o
 .debug_aranges
                0x00000000000008e8       0x20 ./board/peripherals.o
 .debug_aranges
                0x0000000000000908       0x70 ./board/pin_mux.o

.debug_macro    0x0000000000000000    0x25fb2
 .debug_macro   0x0000000000000000      0x118 ./xip/evkmimxrt1020_flexspi_nor_config.o
 .debug_macro   0x0000000000000118      0xae4 ./xip/evkmimxrt1020_flexspi_nor_config.o
 .debug_macro   0x0000000000000bfc       0x10 ./xip/evkmimxrt1020_flexspi_nor_config.o
 .debug_macro   0x0000000000000c0c      0x12e ./xip/evkmimxrt1020_flexspi_nor_config.o
 .debug_macro   0x0000000000000d3a      0x5b3 ./xip/evkmimxrt1020_flexspi_nor_config.o
 .debug_macro   0x00000000000012ed       0x22 ./xip/evkmimxrt1020_flexspi_nor_config.o
 .debug_macro   0x000000000000130f       0x16 ./xip/evkmimxrt1020_flexspi_nor_config.o
 .debug_macro   0x0000000000001325       0x22 ./xip/evkmimxrt1020_flexspi_nor_config.o
 .debug_macro   0x0000000000001347       0x10 ./xip/evkmimxrt1020_flexspi_nor_config.o
 .debug_macro   0x0000000000001357       0x4d ./xip/evkmimxrt1020_flexspi_nor_config.o
 .debug_macro   0x00000000000013a4       0x1c ./xip/evkmimxrt1020_flexspi_nor_config.o
 .debug_macro   0x00000000000013c0       0x22 ./xip/evkmimxrt1020_flexspi_nor_config.o
 .debug_macro   0x00000000000013e2       0xd8 ./xip/evkmimxrt1020_flexspi_nor_config.o
 .debug_macro   0x00000000000014ba     0x1305 ./xip/evkmimxrt1020_flexspi_nor_config.o
 .debug_macro   0x00000000000027bf      0x11f ./xip/evkmimxrt1020_flexspi_nor_config.o
 .debug_macro   0x00000000000028de       0x20 ./xip/evkmimxrt1020_flexspi_nor_config.o
 .debug_macro   0x00000000000028fe       0x1c ./xip/evkmimxrt1020_flexspi_nor_config.o
 .debug_macro   0x000000000000291a    0x1ffc2 ./xip/evkmimxrt1020_flexspi_nor_config.o
 .debug_macro   0x00000000000228dc      0x678 ./xip/evkmimxrt1020_flexspi_nor_config.o
 .debug_macro   0x0000000000022f54       0xd7 ./xip/evkmimxrt1020_flexspi_nor_config.o
 .debug_macro   0x000000000002302b      0x1fb ./xip/evkmimxrt1020_flexspi_nor_config.o
 .debug_macro   0x0000000000023226      0x1a4 ./xip/evkmimxrt1020_flexspi_nor_config.o
 .debug_macro   0x00000000000233ca      0x13f ./xip/fsl_flexspi_nor_boot.o
 .debug_macro   0x0000000000023509      0x106 ./xip/fsl_flexspi_nor_boot.o
 .debug_macro   0x000000000002360f       0x10 ./xip/fsl_flexspi_nor_boot.o
 .debug_macro   0x000000000002361f      0x23d ./xip/fsl_flexspi_nor_boot.o
 .debug_macro   0x000000000002385c       0x7c ./xip/fsl_flexspi_nor_boot.o
 .debug_macro   0x00000000000238d8       0x29 ./startup/startup_mimxrt1021.o
 .debug_macro   0x0000000000023901      0x188 ./source/MIMXRT10211st_Project.o
 .debug_macro   0x0000000000023a89       0xd8 ./source/MIMXRT10211st_Project.o
 .debug_macro   0x0000000000023b61      0xa82 ./source/MIMXRT10211st_Project.o
 .debug_macro   0x00000000000245e3       0x2e ./source/MIMXRT10211st_Project.o
 .debug_macro   0x0000000000024611       0x11 ./source/semihost_hardfault.o
 .debug_macro   0x0000000000024622      0x103 ./drivers/fsl_clock.o
 .debug_macro   0x0000000000024725       0x1c ./drivers/fsl_clock.o
 .debug_macro   0x0000000000024741      0x113 ./drivers/fsl_lpuart.o
 .debug_macro   0x0000000000024854       0xa7 ./device/system_MIMXRT1021.o
 .debug_macro   0x00000000000248fb      0x175 ./board/board.o
 .debug_macro   0x0000000000024a70       0x16 ./board/board.o
 .debug_macro   0x0000000000024a86      0x10c ./board/board.o
 .debug_macro   0x0000000000024b92     0x11de ./board/board.o
 .debug_macro   0x0000000000025d70      0x115 ./board/clock_config.o
 .debug_macro   0x0000000000025e85       0x1b ./board/peripherals.o
 .debug_macro   0x0000000000025ea0      0x112 ./board/pin_mux.o

.debug_line     0x0000000000000000     0x53ef
 .debug_line    0x0000000000000000      0x39b ./xip/evkmimxrt1020_flexspi_nor_config.o
 .debug_line    0x000000000000039b      0x3ff ./xip/fsl_flexspi_nor_boot.o
 .debug_line    0x000000000000079a      0xe4d ./startup/startup_mimxrt1021.o
 .debug_line    0x00000000000015e7      0x59d ./source/MIMXRT10211st_Project.o
 .debug_line    0x0000000000001b84       0x5a ./source/semihost_hardfault.o
 .debug_line    0x0000000000001bde      0xc07 ./drivers/fsl_clock.o
 .debug_line    0x00000000000027e5     0x11df ./drivers/fsl_lpuart.o
 .debug_line    0x00000000000039c4      0x4dd ./device/system_MIMXRT1021.o
 .debug_line    0x0000000000003ea1      0x902 ./board/board.o
 .debug_line    0x00000000000047a3      0x6cc ./board/clock_config.o
 .debug_line    0x0000000000004e6f       0x5f ./board/peripherals.o
 .debug_line    0x0000000000004ece      0x521 ./board/pin_mux.o

.debug_str      0x0000000000000000   0x12efd1
 .debug_str     0x0000000000000000   0x11795f ./xip/evkmimxrt1020_flexspi_nor_config.o
                                     0x1179f6 (size before relaxing)
 .debug_str     0x000000000011795f     0x1f49 ./xip/fsl_flexspi_nor_boot.o
                                     0x118c40 (size before relaxing)
 .debug_str     0x00000000001198a8      0xcce ./startup/startup_mimxrt1021.o
                                       0x3c33 (size before relaxing)
 .debug_str     0x000000000011a576     0x4f6a ./source/MIMXRT10211st_Project.o
                                     0x11d013 (size before relaxing)
 .debug_str     0x000000000011f4e0       0x1f ./source/semihost_hardfault.o
                                       0x2f00 (size before relaxing)
 .debug_str     0x000000000011f4ff      0xd50 ./drivers/fsl_clock.o
                                     0x117bf8 (size before relaxing)
 .debug_str     0x000000000012024f     0x201c ./drivers/fsl_lpuart.o
                                     0x118e9b (size before relaxing)
 .debug_str     0x000000000012226b      0x204 ./device/system_MIMXRT1021.o
                                     0x115233 (size before relaxing)
 .debug_str     0x000000000012246f     0xc68e ./board/board.o
                                     0x12535c (size before relaxing)
 .debug_str     0x000000000012eafd      0x3d7 ./board/clock_config.o
                                     0x124819 (size before relaxing)
 .debug_str     0x000000000012eed4       0x31 ./board/peripherals.o
                                       0x2f11 (size before relaxing)
 .debug_str     0x000000000012ef05       0xcc ./board/pin_mux.o
                                     0x1275a1 (size before relaxing)

.comment        0x0000000000000000       0x76
 .comment       0x0000000000000000       0x76 ./xip/evkmimxrt1020_flexspi_nor_config.o
                                         0x77 (size before relaxing)
 .comment       0x0000000000000076       0x77 ./xip/fsl_flexspi_nor_boot.o
 .comment       0x0000000000000076       0x77 ./startup/startup_mimxrt1021.o
 .comment       0x0000000000000076       0x77 ./source/MIMXRT10211st_Project.o
 .comment       0x0000000000000076       0x77 ./source/semihost_hardfault.o
 .comment       0x0000000000000076       0x77 ./drivers/fsl_clock.o
 .comment       0x0000000000000076       0x77 ./drivers/fsl_lpuart.o
 .comment       0x0000000000000076       0x77 ./device/system_MIMXRT1021.o
 .comment       0x0000000000000076       0x77 ./board/board.o
 .comment       0x0000000000000076       0x77 ./board/clock_config.o
 .comment       0x0000000000000076       0x77 ./board/peripherals.o
 .comment       0x0000000000000076       0x77 ./board/pin_mux.o
 .comment       0x0000000000000076       0x77 /usr/local/mcuxpressoide-11.1.0_3209/ide/plugins/com.nxp.mcuxpresso.tools.linux_11.1.0.201909161352/tools/bin/../lib/gcc/arm-none-eabi/8.3.1/../../../../arm-none-eabi/lib/thumb/v7e-m+fp/hard/libcr_semihost_nf.a(_cr__main.o)
 .comment       0x0000000000000076       0x77 /usr/local/mcuxpressoide-11.1.0_3209/ide/plugins/com.nxp.mcuxpresso.tools.linux_11.1.0.201909161352/tools/bin/../lib/gcc/arm-none-eabi/8.3.1/../../../../arm-none-eabi/lib/thumb/v7e-m+fp/hard/libcr_semihost_nf.a(_cr_assert.o)
 .comment       0x0000000000000076       0x77 /usr/local/mcuxpressoide-11.1.0_3209/ide/plugins/com.nxp.mcuxpresso.tools.linux_11.1.0.201909161352/tools/bin/../lib/gcc/arm-none-eabi/8.3.1/../../../../arm-none-eabi/lib/thumb/v7e-m+fp/hard/libcr_semihost_nf.a(__ciob.o)
 .comment       0x0000000000000076       0x77 /usr/local/mcuxpressoide-11.1.0_3209/ide/plugins/com.nxp.mcuxpresso.tools.linux_11.1.0.201909161352/tools/bin/../lib/gcc/arm-none-eabi/8.3.1/../../../../arm-none-eabi/lib/thumb/v7e-m+fp/hard/libcr_c.a(memset.o)
 .comment       0x0000000000000076       0x77 /usr/local/mcuxpressoide-11.1.0_3209/ide/plugins/com.nxp.mcuxpresso.tools.linux_11.1.0.201909161352/tools/bin/../lib/gcc/arm-none-eabi/8.3.1/../../../../arm-none-eabi/lib/thumb/v7e-m+fp/hard/libcr_c.a(_deferredlazyseek.o)
 .comment       0x0000000000000076       0x77 /usr/local/mcuxpressoide-11.1.0_3209/ide/plugins/com.nxp.mcuxpresso.tools.linux_11.1.0.201909161352/tools/bin/../lib/gcc/arm-none-eabi/8.3.1/../../../../arm-none-eabi/lib/thumb/v7e-m+fp/hard/libcr_c.a(_fflush.o)
 .comment       0x0000000000000076       0x77 /usr/local/mcuxpressoide-11.1.0_3209/ide/plugins/com.nxp.mcuxpresso.tools.linux_11.1.0.201909161352/tools/bin/../lib/gcc/arm-none-eabi/8.3.1/../../../../arm-none-eabi/lib/thumb/v7e-m+fp/hard/libcr_c.a(_writebuf.o)
 .comment       0x0000000000000076       0x77 /usr/local/mcuxpressoide-11.1.0_3209/ide/plugins/com.nxp.mcuxpresso.tools.linux_11.1.0.201909161352/tools/bin/../lib/gcc/arm-none-eabi/8.3.1/../../../../arm-none-eabi/lib/thumb/v7e-m+fp/hard/libcr_c.a(alloc.o)
 .comment       0x0000000000000076       0x77 /usr/local/mcuxpressoide-11.1.0_3209/ide/plugins/com.nxp.mcuxpresso.tools.linux_11.1.0.201909161352/tools/bin/../lib/gcc/arm-none-eabi/8.3.1/../../../../arm-none-eabi/lib/thumb/v7e-m+fp/hard/libcr_c.a(fputs.o)
 .comment       0x0000000000000076       0x77 /usr/local/mcuxpressoide-11.1.0_3209/ide/plugins/com.nxp.mcuxpresso.tools.linux_11.1.0.201909161352/tools/bin/../lib/gcc/arm-none-eabi/8.3.1/../../../../arm-none-eabi/lib/thumb/v7e-m+fp/hard/libcr_c.a(fseek.o)