Archive member included to satisfy reference by file (symbol)

/usr/local/mcuxpressoide-11.1.0_3209/ide/plugins/com.nxp.mcuxpresso.tools.linux_11.1.0.201909161352/tools/bin/../lib/gcc/arm-none-eabi/8.3.1/../../../../arm-none-eabi/lib/thumb/v7e-m+dp/hard/libcr_nohost_nf.a(_cr__main.o)
                              ./startup/startup_mimxrt1021.o (__main)
/usr/local/mcuxpressoide-11.1.0_3209/ide/plugins/com.nxp.mcuxpresso.tools.linux_11.1.0.201909161352/tools/bin/../lib/gcc/arm-none-eabi/8.3.1/../../../../arm-none-eabi/lib/thumb/v7e-m+dp/hard/libcr_c.a(memset.o)
                              ./utilities/fsl_debug_console.o (memset)
/usr/local/mcuxpressoide-11.1.0_3209/ide/plugins/com.nxp.mcuxpresso.tools.linux_11.1.0.201909161352/tools/bin/../lib/gcc/arm-none-eabi/8.3.1/../../../../arm-none-eabi/lib/thumb/v7e-m+dp/hard/libcr_c.a(alloc.o)
                              ./drivers/fsl_common.o (malloc)
/usr/local/mcuxpressoide-11.1.0_3209/ide/plugins/com.nxp.mcuxpresso.tools.linux_11.1.0.201909161352/tools/bin/../lib/gcc/arm-none-eabi/8.3.1/../../../../arm-none-eabi/lib/thumb/v7e-m+dp/hard/libcr_c.a(fpprintf.o)
                              ./source/hello_world.o (printf)
/usr/local/mcuxpressoide-11.1.0_3209/ide/plugins/com.nxp.mcuxpresso.tools.linux_11.1.0.201909161352/tools/bin/../lib/gcc/arm-none-eabi/8.3.1/../../../../arm-none-eabi/lib/thumb/v7e-m+dp/hard/libcr_c.a(initio.o)
                              /usr/local/mcuxpressoide-11.1.0_3209/ide/plugins/com.nxp.mcuxpresso.tools.linux_11.1.0.201909161352/tools/bin/../lib/gcc/arm-none-eabi/8.3.1/../../../../arm-none-eabi/lib/thumb/v7e-m+dp/hard/libcr_nohost_nf.a(_cr__main.o) (_initio)
/usr/local/mcuxpressoide-11.1.0_3209/ide/plugins/com.nxp.mcuxpresso.tools.linux_11.1.0.201909161352/tools/bin/../lib/gcc/arm-none-eabi/8.3.1/../../../../arm-none-eabi/lib/thumb/v7e-m+dp/hard/libcr_c.a(printf.o)
                              /usr/local/mcuxpressoide-11.1.0_3209/ide/plugins/com.nxp.mcuxpresso.tools.linux_11.1.0.201909161352/tools/bin/../lib/gcc/arm-none-eabi/8.3.1/../../../../arm-none-eabi/lib/thumb/v7e-m+dp/hard/libcr_c.a(fpprintf.o) (__vfprintf)
/usr/local/mcuxpressoide-11.1.0_3209/ide/plugins/com.nxp.mcuxpresso.tools.linux_11.1.0.201909161352/tools/bin/../lib/gcc/arm-none-eabi/8.3.1/../../../../arm-none-eabi/lib/thumb/v7e-m+dp/hard/libcr_c.a(setvbuf.o)
                              /usr/local/mcuxpressoide-11.1.0_3209/ide/plugins/com.nxp.mcuxpresso.tools.linux_11.1.0.201909161352/tools/bin/../lib/gcc/arm-none-eabi/8.3.1/../../../../arm-none-eabi/lib/thumb/v7e-m+dp/hard/libcr_c.a(initio.o) (setvbuf)
/usr/local/mcuxpressoide-11.1.0_3209/ide/plugins/com.nxp.mcuxpresso.tools.linux_11.1.0.201909161352/tools/bin/../lib/gcc/arm-none-eabi/8.3.1/../../../../arm-none-eabi/lib/thumb/v7e-m+dp/hard/libcr_c.a(strlen.o)
                              ./utilities/fsl_str.o (strlen)
/usr/local/mcuxpressoide-11.1.0_3209/ide/plugins/com.nxp.mcuxpresso.tools.linux_11.1.0.201909161352/tools/bin/../lib/gcc/arm-none-eabi/8.3.1/../../../../arm-none-eabi/lib/thumb/v7e-m+dp/hard/libcr_c.a(memcpy.o)
                              /usr/local/mcuxpressoide-11.1.0_3209/ide/plugins/com.nxp.mcuxpresso.tools.linux_11.1.0.201909161352/tools/bin/../lib/gcc/arm-none-eabi/8.3.1/../../../../arm-none-eabi/lib/thumb/v7e-m+dp/hard/libcr_c.a(alloc.o) (memcpy)
/usr/local/mcuxpressoide-11.1.0_3209/ide/plugins/com.nxp.mcuxpresso.tools.linux_11.1.0.201909161352/tools/bin/../lib/gcc/arm-none-eabi/8.3.1/../../../../arm-none-eabi/lib/thumb/v7e-m+dp/hard/libcr_c.a(__init_alloc.o)
                              /usr/local/mcuxpressoide-11.1.0_3209/ide/plugins/com.nxp.mcuxpresso.tools.linux_11.1.0.201909161352/tools/bin/../lib/gcc/arm-none-eabi/8.3.1/../../../../arm-none-eabi/lib/thumb/v7e-m+dp/hard/libcr_c.a(alloc.o) (__heaps)
/usr/local/mcuxpressoide-11.1.0_3209/ide/plugins/com.nxp.mcuxpresso.tools.linux_11.1.0.201909161352/tools/bin/../lib/gcc/arm-none-eabi/8.3.1/../../../../arm-none-eabi/lib/thumb/v7e-m+dp/hard/libcr_c.a(_cr_sbrk.o)
                              /usr/local/mcuxpressoide-11.1.0_3209/ide/plugins/com.nxp.mcuxpresso.tools.linux_11.1.0.201909161352/tools/bin/../lib/gcc/arm-none-eabi/8.3.1/../../../../arm-none-eabi/lib/thumb/v7e-m+dp/hard/libcr_c.a(alloc.o) (_sbrk)
/usr/local/mcuxpressoide-11.1.0_3209/ide/plugins/com.nxp.mcuxpresso.tools.linux_11.1.0.201909161352/tools/bin/../lib/gcc/arm-none-eabi/8.3.1/../../../../arm-none-eabi/lib/thumb/v7e-m+dp/hard/libcr_c.a(_deferredlazyseek.o)
                              /usr/local/mcuxpressoide-11.1.0_3209/ide/plugins/com.nxp.mcuxpresso.tools.linux_11.1.0.201909161352/tools/bin/../lib/gcc/arm-none-eabi/8.3.1/../../../../arm-none-eabi/lib/thumb/v7e-m+dp/hard/libcr_c.a(fpprintf.o) (__flsbuf)
/usr/local/mcuxpressoide-11.1.0_3209/ide/plugins/com.nxp.mcuxpresso.tools.linux_11.1.0.201909161352/tools/bin/../lib/gcc/arm-none-eabi/8.3.1/../../../../arm-none-eabi/lib/thumb/v7e-m+dp/hard/libcr_c.a(_fdopen.o)
[...]
Memory Configuration

Name             Origin             Length             Attributes
BOARD_FLASH      0x0000000060000000 0x0000000000800000 xr
BOARD_SDRAM      0x0000000080000000 0x0000000001e00000 xrw
NCACHE_REGION    0x0000000081e00000 0x0000000000200000 xrw
SRAM_DTC         0x0000000020000000 0x0000000000010000 xrw
SRAM_ITC         0x0000000000000000 0x0000000000010000 xrw
SRAM_OC          0x0000000020200000 0x0000000000020000 xrw
*default*        0x0000000000000000 0xffffffffffffffff

Linker script and memory map

LOAD ./xip/evkmimxrt1020_flexspi_nor_config.o
LOAD ./xip/evkmimxrt1020_sdram_ini_dcd.o
LOAD ./xip/fsl_flexspi_nor_boot.o
LOAD ./utilities/fsl_assert.o
LOAD ./utilities/fsl_debug_console.o
LOAD ./utilities/fsl_str.o
LOAD ./startup/startup_mimxrt1021.o
LOAD ./source/hello_world.o
LOAD ./source/semihost_hardfault.o
LOAD ./drivers/fsl_clock.o
LOAD ./drivers/fsl_common.o
LOAD ./drivers/fsl_gpio.o
LOAD ./drivers/fsl_lpuart.o
LOAD ./device/system_MIMXRT1021.o
LOAD ./component/uart/lpuart_adapter.o
LOAD ./component/serial_manager/serial_manager.o
LOAD ./component/serial_manager/serial_port_uart.o
LOAD ./component/lists/generic_list.o
LOAD ./board/board.o
LOAD ./board/clock_config.o
LOAD ./board/pin_mux.o
START GROUP
LOAD /usr/local/mcuxpressoide-11.1.0_3209/ide/plugins/com.nxp.mcuxpresso.tools.linux_11.1.0.201909161352/tools/bin/../lib/gcc/arm-none-eabi/8.3.1/../../../../arm-none-eabi/lib/thumb/v7e-m+dp/hard/libcr_nohost_nf.a
LOAD /usr/local/mcuxpressoide-11.1.0_3209/ide/plugins/com.nxp.mcuxpresso.tools.linux_11.1.0.201909161352/tools/bin/../lib/gcc/arm-none-eabi/8.3.1/../../../../arm-none-eabi/lib/thumb/v7e-m+dp/hard/libcr_c.a
LOAD /usr/local/mcuxpressoide-11.1.0_3209/ide/plugins/com.nxp.mcuxpresso.tools.linux_11.1.0.201909161352/tools/bin/../lib/gcc/arm-none-eabi/8.3.1/thumb/v7e-m+dp/hard/libcr_eabihelpers.a
LOAD /usr/local/mcuxpressoide-11.1.0_3209/ide/plugins/com.nxp.mcuxpresso.tools.linux_11.1.0.201909161352/tools/bin/../lib/gcc/arm-none-eabi/8.3.1/thumb/v7e-m+dp/hard/libgcc.a
END GROUP
                0x0000000060000000                __base_BOARD_FLASH = 0x60000000
                0x0000000060000000                __base_Flash = 0x60000000
                0x0000000060800000                __top_BOARD_FLASH = 0x60800000
                0x0000000060800000                __top_Flash = 0x60800000
                0x0000000080000000                __base_BOARD_SDRAM = 0x80000000
                0x0000000080000000                __base_RAM = 0x80000000
                0x0000000081e00000                __top_BOARD_SDRAM = 0x81e00000
                0x0000000081e00000                __top_RAM = 0x81e00000
                0x0000000081e00000                __base_NCACHE_REGION = 0x81e00000
                0x0000000081e00000                __base_RAM2 = 0x81e00000
                0x0000000082000000                __top_NCACHE_REGION = 0x82000000
                0x0000000082000000                __top_RAM2 = 0x82000000
                0x0000000020000000                __base_SRAM_DTC = 0x20000000
                0x0000000020000000                __base_RAM3 = 0x20000000
                0x0000000020010000                __top_SRAM_DTC = 0x20010000
                0x0000000020010000                __top_RAM3 = 0x20010000
                0x0000000000000000                __base_SRAM_ITC = 0x0
                0x0000000000000000                __base_RAM4 = 0x0
                0x0000000000010000                __top_SRAM_ITC = 0x10000
                0x0000000000010000                __top_RAM4 = 0x10000
                0x0000000020200000                __base_SRAM_OC = 0x20200000
                0x0000000020200000                __base_RAM5 = 0x20200000
                0x0000000020220000                __top_SRAM_OC = 0x20220000
                0x0000000020220000                __top_RAM5 = 0x20220000

.boot_hdr       0x0000000060000000     0x2000
 FILL mask 0xff
                0x0000000060000000                __boot_hdr_start__ = ABSOLUTE (.)
 *(SORT_BY_ALIGNMENT(.boot_hdr.conf))
 .boot_hdr.conf
                0x0000000060000000      0x200 ./xip/evkmimxrt1020_flexspi_nor_config.o
                0x0000000060000000                qspiflash_config
                0x0000000000001000                . = 0x1000
 *fill*         0x0000000060000200      0xe00 ff
 *(SORT_BY_ALIGNMENT(.boot_hdr.ivt))
 .boot_hdr.ivt  0x0000000060001000       0x20 ./xip/fsl_flexspi_nor_boot.o
                0x0000000060001000                image_vector_table
                0x0000000000001020                . = 0x1020
 *(SORT_BY_ALIGNMENT(.boot_hdr.boot_data))
 .boot_hdr.boot_data
                0x0000000060001020       0x10 ./xip/fsl_flexspi_nor_boot.o
                0x0000000060001020                boot_data
                0x0000000000001030                . = 0x1030
 *(SORT_BY_ALIGNMENT(.boot_hdr.dcd_data))
 .boot_hdr.dcd_data
                0x0000000060001030      0x408 ./xip/evkmimxrt1020_sdram_ini_dcd.o
                0x0000000060001030                dcd_data
                0x0000000060001438                __boot_hdr_end__ = ABSOLUTE (.)
                0x0000000000002000                . = 0x2000
 *fill*         0x0000000060001438      0xbc8 ff

.text           0x0000000060002000     0x5bc0
 FILL mask 0xff
                0x0000000060002000                __vectors_start__ = ABSOLUTE (.)
 *(SORT_BY_ALIGNMENT(.isr_vector))
 .isr_vector    0x0000000060002000      0x278 ./startup/startup_mimxrt1021.o
                0x0000000060002000                __Vectors
                0x0000000060002000                g_pfnVectors
                0x0000000060002278                . = ALIGN (0x4)
                0x0000000060002278                __section_table_start = .
                0x0000000060002278                __data_section_table = .
                0x0000000060002278        0x4 LONG 0x60007bc0 LOADADDR (.data)
                0x000000006000227c        0x4 LONG 0x80000000 ADDR (.data)
                0x0000000060002280        0x4 LONG 0x4 SIZEOF (.data)
                0x0000000060002284        0x4 LONG 0x60007bc0 LOADADDR (.data_RAM2)
                0x0000000060002288        0x4 LONG 0x81e00000 ADDR (.data_RAM2)
                0x000000006000228c        0x4 LONG 0x0 SIZEOF (.data_RAM2)
                0x0000000060002290        0x4 LONG 0x60007bc0 LOADADDR (.data_RAM3)
                0x0000000060002294        0x4 LONG 0x20000000 ADDR (.data_RAM3)
                0x0000000060002298        0x4 LONG 0x0 SIZEOF (.data_RAM3)
                0x000000006000229c        0x4 LONG 0x60007bc0 LOADADDR (.data_RAM4)
                0x00000000600022a0        0x4 LONG 0x0 ADDR (.data_RAM4)
                0x00000000600022a4        0x4 LONG 0x0 SIZEOF (.data_RAM4)
                0x00000000600022a8        0x4 LONG 0x60007bc0 LOADADDR (.data_RAM5)
                0x00000000600022ac        0x4 LONG 0x20200000 ADDR (.data_RAM5)
                0x00000000600022b0        0x4 LONG 0x0 SIZEOF (.data_RAM5)
                0x00000000600022b4                __data_section_table_end = .
                0x00000000600022b4                __bss_section_table = .
                0x00000000600022b4        0x4 LONG 0x80000004 ADDR (.bss)
                0x00000000600022b8        0x4 LONG 0x110 SIZEOF (.bss)
                0x00000000600022bc        0x4 LONG 0x81e00000 ADDR (.bss_RAM2)
                0x00000000600022c0        0x4 LONG 0x0 SIZEOF (.bss_RAM2)
                0x00000000600022c4        0x4 LONG 0x20000000 ADDR (.bss_RAM3)
                0x00000000600022c8        0x4 LONG 0x0 SIZEOF (.bss_RAM3)
                0x00000000600022cc        0x4 LONG 0x0 ADDR (.bss_RAM4)
                0x00000000600022d0        0x4 LONG 0x0 SIZEOF (.bss_RAM4)
                0x00000000600022d4        0x4 LONG 0x20200000 ADDR (.bss_RAM5)
                0x00000000600022d8        0x4 LONG 0x0 SIZEOF (.bss_RAM5)
                0x00000000600022dc                __bss_section_table_end = .
                0x00000000600022dc                __section_table_end = .
 *(SORT_BY_ALIGNMENT(.after_vectors*))
 .after_vectors.reset
                0x00000000600022dc       0x4c ./startup/startup_mimxrt1021.o
                0x00000000600022dc                ResetISR
 .after_vectors.init_data
                0x0000000060002328       0x1e ./startup/startup_mimxrt1021.o
                0x0000000060002328                data_init
 .after_vectors.init_bss
                0x0000000060002346       0x12 ./startup/startup_mimxrt1021.o
                0x0000000060002346                bss_init
 .after_vectors
                0x0000000060002358        0xc ./startup/startup_mimxrt1021.o
                0x0000000060002358                NMI_Handler
                0x000000006000235c                SVC_Handler
                0x000000006000235e                PendSV_Handler
                0x0000000060002360                SysTick_Handler
                0x0000000060002362                ACMP4_DriverIRQHandler
                0x0000000060002362                Reserved87_DriverIRQHandler
                0x0000000060002362                KPP_DriverIRQHandler
                0x0000000060002362                LPSPI2_DriverIRQHandler
                0x0000000060002362                SAI3_RX_DriverIRQHandler
                0x0000000060002362                CCM_2_DriverIRQHandler
                0x0000000060002362                PIT_DriverIRQHandler
                0x0000000060002362                Reserved102_DriverIRQHandler
                0x0000000060002362                Reserved152_DriverIRQHandler
                0x0000000060002362                DMA13_DMA29_DriverIRQHandler
                0x0000000060002362                FLEXRAM_DriverIRQHandler
                0x0000000060002362                LPSPI4_DriverIRQHandler
                0x0000000060002362                SEMC_DriverIRQHandler
                0x0000000060002362                SPDIF_DriverIRQHandler
                0x0000000060002362                USB_PHY_DriverIRQHandler
                0x0000000060002362                GPIO3_Combined_0_15_DriverIRQHandler
                0x0000000060002362                Reserved82_DriverIRQHandler
                0x0000000060002362                DMA7_DMA23_DriverIRQHandler
                0x0000000060002362                BEE_DriverIRQHandler
                0x0000000060002362                LPI2C3_DriverIRQHandler
                0x0000000060002362                GPR_IRQ_DriverIRQHandler
                0x0000000060002362                Reserved103_DriverIRQHandler
                0x0000000060002362                PWM2_FAULT_DriverIRQHandler
                0x0000000060002362                Reserved56_DriverIRQHandler
                0x0000000060002362                DMA14_DMA30_DriverIRQHandler
                0x0000000060002362                TMR1_DriverIRQHandler
                0x0000000060002362                TRNG_DriverIRQHandler
                0x0000000060002362                ENET_1588_Timer_DriverIRQHandler
                0x0000000060002362                GPIO2_Combined_16_31_DriverIRQHandler
                0x0000000060002362                Reserved143_DriverIRQHandler
                0x0000000060002362                Reserved151_DriverIRQHandler
                0x0000000060002362                DMA0_DMA16_DriverIRQHandler
                0x0000000060002362                IntDefaultHandler
                0x0000000060002362                DMA2_DMA18_DriverIRQHandler
                0x0000000060002362                SRC_DriverIRQHandler
                0x0000000060002362                GPIO1_INT4_DriverIRQHandler
                0x0000000060002362                Reserved144_DriverIRQHandler
                0x0000000060002362                USDHC1_DriverIRQHandler
                0x0000000060002362                EWM_DriverIRQHandler
                0x0000000060002362                WDOG1_DriverIRQHandler
                0x0000000060002362                FLEXIO1_DriverIRQHandler
                0x0000000060002362                ENET_DriverIRQHandler
                0x0000000060002362                Reserved78_DriverIRQHandler
                0x0000000060002362                ENC2_DriverIRQHandler
                0x0000000060002362                ADC_ETC_IRQ2_DriverIRQHandler
                0x0000000060002362                GPIO1_Combined_16_31_DriverIRQHandler
                0x0000000060002362                GPIO1_INT7_DriverIRQHandler
                0x0000000060002362                SAI1_DriverIRQHandler
                0x0000000060002362                DCDC_DriverIRQHandler
                0x0000000060002362                DMA12_DMA28_DriverIRQHandler
                0x0000000060002362                ADC_ETC_ERROR_IRQ_DriverIRQHandler
                0x0000000060002362                ACMP2_DriverIRQHandler
                0x0000000060002362                GPIO5_Combined_0_15_DriverIRQHandler
                0x0000000060002362                GPIO1_INT0_DriverIRQHandler
                0x0000000060002362                GPIO1_INT2_DriverIRQHandler
                0x0000000060002362                RTWDOG_DriverIRQHandler
                0x0000000060002362                FLEXSPI_DriverIRQHandler
                0x0000000060002362                GPT2_DriverIRQHandler
                0x0000000060002362                DMA10_DMA26_DriverIRQHandler
                0x0000000060002362                PWM2_1_DriverIRQHandler
                0x0000000060002362                PWM1_1_DriverIRQHandler
                0x0000000060002362                ADC1_DriverIRQHandler
                0x0000000060002362                Reserved148_DriverIRQHandler
                0x0000000060002362                PWM1_0_DriverIRQHandler
                0x0000000060002362                DMA1_DMA17_DriverIRQHandler
                0x0000000060002362                ENC1_DriverIRQHandler
                0x0000000060002362                CAN2_DriverIRQHandler
                0x0000000060002362                DCP_DriverIRQHandler
                0x0000000060002362                CTI0_ERROR_DriverIRQHandler
                0x0000000060002362                DMA8_DMA24_DriverIRQHandler
                0x0000000060002362                GPT1_DriverIRQHandler
                0x0000000060002362                ACMP3_DriverIRQHandler
                0x0000000060002362                DMA6_DMA22_DriverIRQHandler
                0x0000000060002362                CSU_DriverIRQHandler
                0x0000000060002362                GPIO1_INT5_DriverIRQHandler
                0x0000000060002362                TMR2_DriverIRQHandler
                0x0000000060002362                CTI1_ERROR_DriverIRQHandler
                0x0000000060002362                GPIO1_Combined_0_15_DriverIRQHandler
                0x0000000060002362                USDHC2_DriverIRQHandler
                0x0000000060002362                SAI2_DriverIRQHandler
                0x0000000060002362                CORE_DriverIRQHandler
                0x0000000060002362                Reserved147_DriverIRQHandler
                0x0000000060002362                DMA11_DMA27_DriverIRQHandler
                0x0000000060002362                PWM2_3_DriverIRQHandler
                0x0000000060002362                Reserved60_DriverIRQHandler
                0x0000000060002362                XBAR1_IRQ_2_3_DriverIRQHandler
                0x0000000060002362                SNVS_HP_WRAPPER_TZ_DriverIRQHandler
                0x0000000060002362                GPIO3_Combined_16_31_DriverIRQHandler
                0x0000000060002362                PWM1_FAULT_DriverIRQHandler
                0x0000000060002362                LPI2C1_DriverIRQHandler
                0x0000000060002362                PWM2_2_DriverIRQHandler
                0x0000000060002362                Reserved128_DriverIRQHandler
                0x0000000060002362                DMA4_DMA20_DriverIRQHandler
                0x0000000060002362                DMA9_DMA25_DriverIRQHandler
                0x0000000060002362                SNVS_HP_WRAPPER_DriverIRQHandler
                0x0000000060002362                XBAR1_IRQ_0_1_DriverIRQHandler
                0x0000000060002362                ADC_ETC_IRQ1_DriverIRQHandler
                0x0000000060002362                LPSPI1_DriverIRQHandler
                0x0000000060002362                DMA3_DMA19_DriverIRQHandler
                0x0000000060002362                GPIO1_INT3_DriverIRQHandler
                0x0000000060002362                DCP_VMI_DriverIRQHandler
                0x0000000060002362                LPI2C4_DriverIRQHandler
                0x0000000060002362                GPC_DriverIRQHandler
                0x0000000060002362                Reserved123_DriverIRQHandler
                0x0000000060002362                GPIO2_Combined_0_15_DriverIRQHandler
                0x0000000060002362                PWM1_2_DriverIRQHandler
                0x0000000060002362                USB_OTG1_DriverIRQHandler
                0x0000000060002362                TEMP_LOW_HIGH_DriverIRQHandler
                0x0000000060002362                SAI3_TX_DriverIRQHandler
                0x0000000060002362                WDOG2_DriverIRQHandler
                0x0000000060002362                Reserved68_DriverIRQHandler
                0x0000000060002362                PMU_DriverIRQHandler
                0x0000000060002362                Reserved59_DriverIRQHandler
                0x0000000060002362                GPIO5_Combined_16_31_DriverIRQHandler
                0x0000000060002362                DMA5_DMA21_DriverIRQHandler
                0x0000000060002362                CCM_1_DriverIRQHandler
                0x0000000060002362                ADC2_DriverIRQHandler
                0x0000000060002362                Reserved58_DriverIRQHandler
                0x0000000060002362                Reserved115_DriverIRQHandler
                0x0000000060002362                TEMP_PANIC_DriverIRQHandler
                0x0000000060002362                DMA15_DMA31_DriverIRQHandler
                0x0000000060002362                Reserved107_DriverIRQHandler
                0x0000000060002362                LPSPI3_DriverIRQHandler
                0x0000000060002362                PWM1_3_DriverIRQHandler
                0x0000000060002362                Reserved70_DriverIRQHandler
                0x0000000060002362                ACMP1_DriverIRQHandler
                0x0000000060002362                LPI2C2_DriverIRQHandler
                0x0000000060002362                Reserved86_DriverIRQHandler
                0x0000000060002362                DMA_ERROR_DriverIRQHandler
                0x0000000060002362                ADC_ETC_IRQ0_DriverIRQHandler
                0x0000000060002362                CAN1_DriverIRQHandler
                0x0000000060002362                GPIO1_INT6_DriverIRQHandler
                0x0000000060002362                GPIO1_INT1_DriverIRQHandler
                0x0000000060002362                PWM2_0_DriverIRQHandler
                0x0000000060002362                SNVS_LP_WRAPPER_DriverIRQHandler
 *(SORT_BY_ALIGNMENT(.text*))
 *fill*         0x0000000060002364        0x4 ff
 .text.fp_display
                0x0000000060002368      0x874 /usr/local/mcuxpressoide-11.1.0_3209/ide/plugins/com.nxp.mcuxpresso.tools.linux_11.1.0.201909161352/tools/bin/../lib/gcc/arm-none-eabi/8.3.1/../../../../arm-none-eabi/lib/thumb/v7e-m+dp/hard/libcr_c.a(fpprintf.o)
 *fill*         0x0000000060002bdc        0x4 ff
 .text._frexpl  0x0000000060002be0       0x68 /usr/local/mcuxpressoide-11.1.0_3209/ide/plugins/com.nxp.mcuxpresso.tools.linux_11.1.0.201909161352/tools/bin/../lib/gcc/arm-none-eabi/8.3.1/../../../../arm-none-eabi/lib/thumb/v7e-m+dp/hard/libcr_c.a(_frexpl.o)
                0x0000000060002be0                _frexpl
 .text._ldexpl  0x0000000060002c48       0x5c /usr/local/mcuxpressoide-11.1.0_3209/ide/plugins/com.nxp.mcuxpresso.tools.linux_11.1.0.201909161352/tools/bin/../lib/gcc/arm-none-eabi/8.3.1/../../../../arm-none-eabi/lib/thumb/v7e-m+dp/hard/libcr_c.a(_ldexpl.o)
                0x0000000060002c48                _ldexpl
 .text.__assertion_failed
                0x0000000060002ca4       0x18 ./utilities/fsl_assert.o
                0x0000000060002ca4                __assertion_failed
 .text.DbgConsole_ReadOneCharacter
                0x0000000060002cbc       0x34 ./utilities/fsl_debug_console.o
                0x0000000060002cbc                DbgConsole_ReadOneCharacter
 .text.DbgConsole_SendDataReliable
                0x0000000060002cf0       0x68 ./utilities/fsl_debug_console.o
                0x0000000060002cf0                DbgConsole_SendDataReliable
 .text.DbgConsole_ReadCharacter
                0x0000000060002d58       0x4c ./utilities/fsl_debug_console.o
                0x0000000060002d58                DbgConsole_ReadCharacter
 .text.DbgConsole_Init
                0x0000000060002da4      0x104 ./utilities/fsl_debug_console.o
                0x0000000060002da4                DbgConsole_Init
 .text.DbgConsole_Printf
                0x0000000060002ea8       0x74 ./utilities/fsl_debug_console.o
                0x0000000060002ea8                DbgConsole_Printf
 .text.main     0x0000000060002f1c       0x34 ./source/hello_world.o
                0x0000000060002f1c                main
 .text.CLOCK_GetOscFreq
                0x0000000060002f50       0x30 ./drivers/fsl_clock.o
 .text.CLOCK_InitExternalClk
                0x0000000060002f80       0x6c ./drivers/fsl_clock.o
                0x0000000060002f80                CLOCK_InitExternalClk
 .text.CLOCK_SwitchOsc
                0x0000000060002fec       0x34 ./drivers/fsl_clock.o
                0x0000000060002fec                CLOCK_SwitchOsc
 .text.CLOCK_InitRcOsc24M
                0x0000000060003020       0x24 ./drivers/fsl_clock.o
                0x0000000060003020                CLOCK_InitRcOsc24M
 .text.CLOCK_DeinitAudioPll
                0x0000000060003044       0x1c ./drivers/fsl_clock.o
                0x0000000060003044                CLOCK_DeinitAudioPll
 .text.CLOCK_InitEnetPll
                0x0000000060003060       0xa4 ./drivers/fsl_clock.o
                0x0000000060003060                CLOCK_InitEnetPll
 .text.CLOCK_GetPllFreq
                0x0000000060003104      0x250 ./drivers/fsl_clock.o
                0x0000000060003104                CLOCK_GetPllFreq
 .text.CLOCK_ControlGate
                0x0000000060003354       0x64 ./drivers/fsl_lpuart.o
 .text.LPUART_GetInstance
                0x00000000600033b8       0x4c ./drivers/fsl_lpuart.o
                0x00000000600033b8                LPUART_GetInstance
 .text.LPUART_Init
                0x0000000060003404      0x310 ./drivers/fsl_lpuart.o
                0x0000000060003404                LPUART_Init
 .text.LPUART_GetDefaultConfig
                0x0000000060003714       0x88 ./drivers/fsl_lpuart.o
                0x0000000060003714                LPUART_GetDefaultConfig
 .text.LPUART_ClearStatusFlags
                0x000000006000379c       0xa4 ./drivers/fsl_lpuart.o
                0x000000006000379c                LPUART_ClearStatusFlags
 .text.LPUART_WriteBlocking
                0x0000000060003840       0x68 ./drivers/fsl_lpuart.o
                0x0000000060003840                LPUART_WriteBlocking
 .text.LPUART_ReadBlocking
                0x00000000600038a8      0x160 ./drivers/fsl_lpuart.o
                0x00000000600038a8                LPUART_ReadBlocking
 .text.LPUART1_DriverIRQHandler
                0x0000000060003a08       0x24 ./drivers/fsl_lpuart.o
                0x0000000060003a08                LPUART1_DriverIRQHandler
 .text.LPUART2_DriverIRQHandler
                0x0000000060003a2c       0x24 ./drivers/fsl_lpuart.o
                0x0000000060003a2c                LPUART2_DriverIRQHandler
 .text.LPUART3_DriverIRQHandler
                0x0000000060003a50       0x24 ./drivers/fsl_lpuart.o
                0x0000000060003a50                LPUART3_DriverIRQHandler
 .text.LPUART4_DriverIRQHandler
                0x0000000060003a74       0x24 ./drivers/fsl_lpuart.o
                0x0000000060003a74                LPUART4_DriverIRQHandler
 .text.LPUART5_DriverIRQHandler
                0x0000000060003a98       0x24 ./drivers/fsl_lpuart.o
                0x0000000060003a98                LPUART5_DriverIRQHandler
 .text.LPUART6_DriverIRQHandler
                0x0000000060003abc       0x24 ./drivers/fsl_lpuart.o
                0x0000000060003abc                LPUART6_DriverIRQHandler
 .text.LPUART7_DriverIRQHandler
                0x0000000060003ae0       0x24 ./drivers/fsl_lpuart.o
                0x0000000060003ae0                LPUART7_DriverIRQHandler
 .text.LPUART8_DriverIRQHandler
                0x0000000060003b04       0x24 ./drivers/fsl_lpuart.o
                0x0000000060003b04                LPUART8_DriverIRQHandler
 .text.SystemInit
                0x0000000060003b28      0x1c8 ./device/system_MIMXRT1021.o
                0x0000000060003b28                SystemInit
 .text.HAL_UartInit
                0x0000000060003cf0      0x100 ./component/uart/lpuart_adapter.o
                0x0000000060003cf0                HAL_UartInit
 .text.HAL_UartReceiveBlocking
                0x0000000060003df0       0x6c ./component/uart/lpuart_adapter.o
                0x0000000060003df0                HAL_UartReceiveBlocking
 .text.HAL_UartSendBlocking
                0x0000000060003e5c       0x64 ./component/uart/lpuart_adapter.o
                0x0000000060003e5c                HAL_UartSendBlocking
 .text.SerialManager_Write
                0x0000000060003ec0       0x6c ./component/serial_manager/serial_manager.o
 .text.SerialManager_Read
                0x0000000060003f2c       0x6c ./component/serial_manager/serial_manager.o
 .text.SerialManager_Init
                0x0000000060003f98       0x74 ./component/serial_manager/serial_manager.o
                0x0000000060003f98                SerialManager_Init
 .text.SerialManager_OpenWriteHandle
                0x000000006000400c       0x64 ./component/serial_manager/serial_manager.o
                0x000000006000400c                SerialManager_OpenWriteHandle
 .text.SerialManager_OpenReadHandle
                0x0000000060004070       0x74 ./component/serial_manager/serial_manager.o
                0x0000000060004070                SerialManager_OpenReadHandle
 .text.Serial_UartInit
                0x00000000600040e4       0x80 ./component/serial_manager/serial_port_uart.o
                0x00000000600040e4                Serial_UartInit
 .text.Serial_UartWrite
                0x0000000060004164       0x58 ./component/serial_manager/serial_port_uart.o
                0x0000000060004164                Serial_UartWrite
 .text.Serial_UartRead
                0x00000000600041bc       0x58 ./component/serial_manager/serial_port_uart.o
                0x00000000600041bc                Serial_UartRead
 .text.ARM_MPU_Enable
                0x0000000060004214       0x3c ./board/board.o
 .text.ARM_MPU_Disable
                0x0000000060004250       0x34 ./board/board.o
 .text.CLOCK_GetMux
                0x0000000060004284       0x44 ./board/board.o
 .text.CLOCK_GetDiv
                0x00000000600042c8       0x44 ./board/board.o
 .text.CLOCK_GetOscFreq
                0x000000006000430c       0x30 ./board/board.o
 .text.BOARD_DebugConsoleSrcFreq
                0x000000006000433c       0x64 ./board/board.o
                0x000000006000433c                BOARD_DebugConsoleSrcFreq
 .text.BOARD_ConfigMPU
                0x00000000600043a0      0x29c ./board/board.o
                0x00000000600043a0                BOARD_ConfigMPU
 .text.CLOCK_SetMux
                0x000000006000463c       0x9c ./board/clock_config.o
 .text.CLOCK_SetDiv
                0x00000000600046d8       0x9c ./board/clock_config.o
 .text.CLOCK_ControlGate
                0x0000000060004774       0x64 ./board/clock_config.o
 .text.CLOCK_SetXtalFreq
                0x00000000600047d8       0x20 ./board/clock_config.o
 .text.CLOCK_SetRtcXtalFreq
                0x00000000600047f8       0x20 ./board/clock_config.o
 .text.IOMUXC_EnableMode
                0x0000000060004818       0x48 ./board/clock_config.o
 .text.IOMUXC_MQSConfig
                0x0000000060004860       0x44 ./board/clock_config.o
 .text.BOARD_BootClockRUN
                0x00000000600048a4      0x498 ./board/clock_config.o
                0x00000000600048a4                BOARD_BootClockRUN
 .text.CLOCK_ControlGate
                0x0000000060004d3c       0x64 ./board/pin_mux.o
 .text.BOARD_InitPins
                0x0000000060004da0       0x78 ./board/pin_mux.o
                0x0000000060004da0                BOARD_InitPins
 .text.malloc   0x0000000060004e18       0xc8 /usr/local/mcuxpressoide-11.1.0_3209/ide/plugins/com.nxp.mcuxpresso.tools.linux_11.1.0.201909161352/tools/bin/../lib/gcc/arm-none-eabi/8.3.1/../../../../arm-none-eabi/lib/thumb/v7e-m+dp/hard/libcr_c.a(alloc.o)
                0x0000000060004e18                malloc
 .text._Csys_alloc
                0x0000000060004ee0       0x20 /usr/local/mcuxpressoide-11.1.0_3209/ide/plugins/com.nxp.mcuxpresso.tools.linux_11.1.0.201909161352/tools/bin/../lib/gcc/arm-none-eabi/8.3.1/../../../../arm-none-eabi/lib/thumb/v7e-m+dp/hard/libcr_c.a(alloc.o)
                0x0000000060004ee0                _Csys_alloc
 .text.sprintf  0x0000000060004f00       0x6c /usr/local/mcuxpressoide-11.1.0_3209/ide/plugins/com.nxp.mcuxpresso.tools.linux_11.1.0.201909161352/tools/bin/../lib/gcc/arm-none-eabi/8.3.1/../../../../arm-none-eabi/lib/thumb/v7e-m+dp/hard/libcr_c.a(fpprintf.o)
                0x0000000060004f00                sprintf
 .text.vsnprintf
                0x0000000060004f6c       0x68 /usr/local/mcuxpressoide-11.1.0_3209/ide/plugins/com.nxp.mcuxpresso.tools.linux_11.1.0.201909161352/tools/bin/../lib/gcc/arm-none-eabi/8.3.1/../../../../arm-none-eabi/lib/thumb/v7e-m+dp/hard/libcr_c.a(fpprintf.o)
                0x0000000060004f6c                vsnprintf
 .text.printf   0x0000000060004fd4       0x54 /usr/local/mcuxpressoide-11.1.0_3209/ide/plugins/com.nxp.mcuxpresso.tools.linux_11.1.0.201909161352/tools/bin/../lib/gcc/arm-none-eabi/8.3.1/../../../../arm-none-eabi/lib/thumb/v7e-m+dp/hard/libcr_c.a(fpprintf.o)
                0x0000000060004fd4                printf
 .text._initio  0x0000000060005028       0x78 /usr/local/mcuxpressoide-11.1.0_3209/ide/plugins/com.nxp.mcuxpresso.tools.linux_11.1.0.201909161352/tools/bin/../lib/gcc/arm-none-eabi/8.3.1/../../../../arm-none-eabi/lib/thumb/v7e-m+dp/hard/libcr_c.a(initio.o)
                0x0000000060005028                _initio
 .text.__vfprintf
                0x00000000600050a0      0xbdc /usr/local/mcuxpressoide-11.1.0_3209/ide/plugins/com.nxp.mcuxpresso.tools.linux_11.1.0.201909161352/tools/bin/../lib/gcc/arm-none-eabi/8.3.1/../../../../arm-none-eabi/lib/thumb/v7e-m+dp/hard/libcr_c.a(printf.o)
                0x00000000600050a0                __vfprintf
 .text.setvbuf  0x0000000060005c7c       0x40 /usr/local/mcuxpressoide-11.1.0_3209/ide/plugins/com.nxp.mcuxpresso.tools.linux_11.1.0.201909161352/tools/bin/../lib/gcc/arm-none-eabi/8.3.1/../../../../arm-none-eabi/lib/thumb/v7e-m+dp/hard/libcr_c.a(setvbuf.o)
                0x0000000060005c7c                setvbuf
 .text._sbrk    0x0000000060005cbc       0x3c /usr/local/mcuxpressoide-11.1.0_3209/ide/plugins/com.nxp.mcuxpresso.tools.linux_11.1.0.201909161352/tools/bin/../lib/gcc/arm-none-eabi/8.3.1/../../../../arm-none-eabi/lib/thumb/v7e-m+dp/hard/libcr_c.a(_cr_sbrk.o)
                0x0000000060005cbc                _sbrk
 .text._Cwritebuf
                0x0000000060005cf8       0x6c /usr/local/mcuxpressoide-11.1.0_3209/ide/plugins/com.nxp.mcuxpresso.tools.linux_11.1.0.201909161352/tools/bin/../lib/gcc/arm-none-eabi/8.3.1/../../../../arm-none-eabi/lib/thumb/v7e-m+dp/hard/libcr_c.a(_writebuf.o)
                0x0000000060005cf8                _Cwritebuf
 .text.fflush   0x0000000060005d64       0x44 /usr/local/mcuxpressoide-11.1.0_3209/ide/plugins/com.nxp.mcuxpresso.tools.linux_11.1.0.201909161352/tools/bin/../lib/gcc/arm-none-eabi/8.3.1/../../../../arm-none-eabi/lib/thumb/v7e-m+dp/hard/libcr_c.a(fflush.o)
                0x0000000060005d64                fflush
 .text.fseek    0x0000000060005da8      0x100 /usr/local/mcuxpressoide-11.1.0_3209/ide/plugins/com.nxp.mcuxpresso.tools.linux_11.1.0.201909161352/tools/bin/../lib/gcc/arm-none-eabi/8.3.1/../../../../arm-none-eabi/lib/thumb/v7e-m+dp/hard/libcr_c.a(fseek.o)
                0x0000000060005da8                fseek
 .text.ftell    0x0000000060005ea8       0x48 /usr/local/mcuxpressoide-11.1.0_3209/ide/plugins/com.nxp.mcuxpresso.tools.linux_11.1.0.201909161352/tools/bin/../lib/gcc/arm-none-eabi/8.3.1/../../../../arm-none-eabi/lib/thumb/v7e-m+dp/hard/libcr_c.a(ftell.o)
                0x0000000060005ea8                ftell
 .text.__check_heap_overflow
                0x0000000060005ef0       0x18 /usr/local/mcuxpressoide-11.1.0_3209/ide/plugins/com.nxp.mcuxpresso.tools.linux_11.1.0.201909161352/tools/bin/../lib/gcc/arm-none-eabi/8.3.1/../../../../arm-none-eabi/lib/thumb/v7e-m+dp/hard/libcr_c.a(_cr_check_heap.o)
                0x0000000060005ef0                __check_heap_overflow
 .text.DbgConsole_PrintCallback
                0x0000000060005f08       0x64 ./utilities/fsl_debug_console.o
 .text.DbgConsole_Putchar
                0x0000000060005f6c       0x1c ./utilities/fsl_debug_console.o
                0x0000000060005f6c                DbgConsole_Putchar
 .text.DbgConsole_Getchar
                0x0000000060005f88       0x1c ./utilities/fsl_debug_console.o
                0x0000000060005f88                DbgConsole_Getchar
 .text.ConvertRadixNumToString
                0x0000000060005fa4      0x114 ./utilities/fsl_str.o
 .text.StrFormatPrintf
                0x00000000600060b8      0x30c ./utilities/fsl_str.o
                0x00000000600060b8                StrFormatPrintf
 .text.DMA0_DMA16_IRQHandler
                0x00000000600063c4        0x8 ./startup/startup_mimxrt1021.o
                0x00000000600063c4                DMA0_DMA16_IRQHandler
 .text.DMA1_DMA17_IRQHandler
                0x00000000600063cc        0x8 ./startup/startup_mimxrt1021.o
                0x00000000600063cc                DMA1_DMA17_IRQHandler
 .text.DMA2_DMA18_IRQHandler
                0x00000000600063d4        0x8 ./startup/startup_mimxrt1021.o
                0x00000000600063d4                DMA2_DMA18_IRQHandler
 .text.DMA3_DMA19_IRQHandler
                0x00000000600063dc        0x8 ./startup/startup_mimxrt1021.o
                0x00000000600063dc                DMA3_DMA19_IRQHandler
 .text.DMA4_DMA20_IRQHandler
                0x00000000600063e4        0x8 ./startup/startup_mimxrt1021.o
                0x00000000600063e4                DMA4_DMA20_IRQHandler
 .text.DMA5_DMA21_IRQHandler
                0x00000000600063ec        0x8 ./startup/startup_mimxrt1021.o
                0x00000000600063ec                DMA5_DMA21_IRQHandler
 .text.DMA6_DMA22_IRQHandler
                0x00000000600063f4        0x8 ./startup/startup_mimxrt1021.o
                0x00000000600063f4                DMA6_DMA22_IRQHandler
 .text.DMA7_DMA23_IRQHandler
                0x00000000600063fc        0x8 ./startup/startup_mimxrt1021.o
                0x00000000600063fc                DMA7_DMA23_IRQHandler
 .text.DMA8_DMA24_IRQHandler
                0x0000000060006404        0x8 ./startup/startup_mimxrt1021.o
                0x0000000060006404                DMA8_DMA24_IRQHandler
 .text.DMA9_DMA25_IRQHandler
                0x000000006000640c        0x8 ./startup/startup_mimxrt1021.o
                0x000000006000640c                DMA9_DMA25_IRQHandler
 .text.DMA10_DMA26_IRQHandler
                0x0000000060006414        0x8 ./startup/startup_mimxrt1021.o
                0x0000000060006414                DMA10_DMA26_IRQHandler
 .text.DMA11_DMA27_IRQHandler
                0x000000006000641c        0x8 ./startup/startup_mimxrt1021.o
                0x000000006000641c                DMA11_DMA27_IRQHandler
 .text.DMA12_DMA28_IRQHandler
                0x0000000060006424        0x8 ./startup/startup_mimxrt1021.o
                0x0000000060006424                DMA12_DMA28_IRQHandler
 .text.DMA13_DMA29_IRQHandler
                0x000000006000642c        0x8 ./startup/startup_mimxrt1021.o
                0x000000006000642c                DMA13_DMA29_IRQHandler
 .text.DMA14_DMA30_IRQHandler
                0x0000000060006434        0x8 ./startup/startup_mimxrt1021.o
                0x0000000060006434                DMA14_DMA30_IRQHandler
 .text.DMA15_DMA31_IRQHandler
                0x000000006000643c        0x8 ./startup/startup_mimxrt1021.o
                0x000000006000643c                DMA15_DMA31_IRQHandler
 .text.DMA_ERROR_IRQHandler
                0x0000000060006444        0x8 ./startup/startup_mimxrt1021.o
                0x0000000060006444                DMA_ERROR_IRQHandler
 .text.CTI0_ERROR_IRQHandler
                0x000000006000644c        0x8 ./startup/startup_mimxrt1021.o
                0x000000006000644c                CTI0_ERROR_IRQHandler
 .text.CTI1_ERROR_IRQHandler
                0x0000000060006454        0x8 ./startup/startup_mimxrt1021.o
                0x0000000060006454                CTI1_ERROR_IRQHandler
 .text.CORE_IRQHandler
                0x000000006000645c        0x8 ./startup/startup_mimxrt1021.o
                0x000000006000645c                CORE_IRQHandler
 .text.LPUART1_IRQHandler
                0x0000000060006464        0x8 ./startup/startup_mimxrt1021.o
                0x0000000060006464                LPUART1_IRQHandler
 .text.LPUART2_IRQHandler
                0x000000006000646c        0x8 ./startup/startup_mimxrt1021.o
                0x000000006000646c                LPUART2_IRQHandler
 .text.LPUART3_IRQHandler
                0x0000000060006474        0x8 ./startup/startup_mimxrt1021.o
                0x0000000060006474                LPUART3_IRQHandler
 .text.LPUART4_IRQHandler
                0x000000006000647c        0x8 ./startup/startup_mimxrt1021.o
                0x000000006000647c                LPUART4_IRQHandler
 .text.LPUART5_IRQHandler
                0x0000000060006484        0x8 ./startup/startup_mimxrt1021.o
                0x0000000060006484                LPUART5_IRQHandler
 .text.LPUART6_IRQHandler
                0x000000006000648c        0x8 ./startup/startup_mimxrt1021.o
                0x000000006000648c                LPUART6_IRQHandler
 .text.LPUART7_IRQHandler
                0x0000000060006494        0x8 ./startup/startup_mimxrt1021.o
                0x0000000060006494                LPUART7_IRQHandler
 .text.LPUART8_IRQHandler
                0x000000006000649c        0x8 ./startup/startup_mimxrt1021.o
                0x000000006000649c                LPUART8_IRQHandler
 .text.LPI2C1_IRQHandler
                0x00000000600064a4        0x8 ./startup/startup_mimxrt1021.o
                0x00000000600064a4                LPI2C1_IRQHandler
 .text.LPI2C2_IRQHandler
                0x00000000600064ac        0x8 ./startup/startup_mimxrt1021.o
                0x00000000600064ac                LPI2C2_IRQHandler
 .text.LPI2C3_IRQHandler
                0x00000000600064b4        0x8 ./startup/startup_mimxrt1021.o
                0x00000000600064b4                LPI2C3_IRQHandler
 .text.LPI2C4_IRQHandler
                0x00000000600064bc        0x8 ./startup/startup_mimxrt1021.o
                0x00000000600064bc                LPI2C4_IRQHandler
 .text.LPSPI1_IRQHandler
                0x00000000600064c4        0x8 ./startup/startup_mimxrt1021.o
                0x00000000600064c4                LPSPI1_IRQHandler
 .text.LPSPI2_IRQHandler
                0x00000000600064cc        0x8 ./startup/startup_mimxrt1021.o
                0x00000000600064cc                LPSPI2_IRQHandler
 .text.LPSPI3_IRQHandler
                0x00000000600064d4        0x8 ./startup/startup_mimxrt1021.o
                0x00000000600064d4                LPSPI3_IRQHandler
 .text.LPSPI4_IRQHandler
                0x00000000600064dc        0x8 ./startup/startup_mimxrt1021.o
                0x00000000600064dc                LPSPI4_IRQHandler
 .text.CAN1_IRQHandler
                0x00000000600064e4        0x8 ./startup/startup_mimxrt1021.o
                0x00000000600064e4                CAN1_IRQHandler
 .text.CAN2_IRQHandler
                0x00000000600064ec        0x8 ./startup/startup_mimxrt1021.o
                0x00000000600064ec                CAN2_IRQHandler
 .text.FLEXRAM_IRQHandler
                0x00000000600064f4        0x8 ./startup/startup_mimxrt1021.o
                0x00000000600064f4                FLEXRAM_IRQHandler
 .text.KPP_IRQHandler
                0x00000000600064fc        0x8 ./startup/startup_mimxrt1021.o
                0x00000000600064fc                KPP_IRQHandler
 .text.Reserved56_IRQHandler
                0x0000000060006504        0x8 ./startup/startup_mimxrt1021.o
                0x0000000060006504                Reserved56_IRQHandler
 .text.GPR_IRQ_IRQHandler
                0x000000006000650c        0x8 ./startup/startup_mimxrt1021.o
                0x000000006000650c                GPR_IRQ_IRQHandler
 .text.Reserved58_IRQHandler
                0x0000000060006514        0x8 ./startup/startup_mimxrt1021.o
                0x0000000060006514                Reserved58_IRQHandler
 .text.Reserved59_IRQHandler
                0x000000006000651c        0x8 ./startup/startup_mimxrt1021.o
                0x000000006000651c                Reserved59_IRQHandler
 .text.Reserved60_IRQHandler
                0x0000000060006524        0x8 ./startup/startup_mimxrt1021.o
                0x0000000060006524                Reserved60_IRQHandler
 .text.WDOG2_IRQHandler
                0x000000006000652c        0x8 ./startup/startup_mimxrt1021.o
                0x000000006000652c                WDOG2_IRQHandler
 .text.SNVS_HP_WRAPPER_IRQHandler
                0x0000000060006534        0x8 ./startup/startup_mimxrt1021.o
                0x0000000060006534                SNVS_HP_WRAPPER_IRQHandler
 .text.SNVS_HP_WRAPPER_TZ_IRQHandler
                0x000000006000653c        0x8 ./startup/startup_mimxrt1021.o
                0x000000006000653c                SNVS_HP_WRAPPER_TZ_IRQHandler
 .text.SNVS_LP_WRAPPER_IRQHandler
                0x0000000060006544        0x8 ./startup/startup_mimxrt1021.o
                0x0000000060006544                SNVS_LP_WRAPPER_IRQHandler
 .text.CSU_IRQHandler
                0x000000006000654c        0x8 ./startup/startup_mimxrt1021.o
                0x000000006000654c                CSU_IRQHandler
 .text.DCP_IRQHandler
                0x0000000060006554        0x8 ./startup/startup_mimxrt1021.o
                0x0000000060006554                DCP_IRQHandler
 .text.DCP_VMI_IRQHandler
                0x000000006000655c        0x8 ./startup/startup_mimxrt1021.o
                0x000000006000655c                DCP_VMI_IRQHandler
 .text.Reserved68_IRQHandler
                0x0000000060006564        0x8 ./startup/startup_mimxrt1021.o
                0x0000000060006564                Reserved68_IRQHandler
 .text.TRNG_IRQHandler
                0x000000006000656c        0x8 ./startup/startup_mimxrt1021.o
                0x000000006000656c                TRNG_IRQHandler
 .text.Reserved70_IRQHandler
                0x0000000060006574        0x8 ./startup/startup_mimxrt1021.o
                0x0000000060006574                Reserved70_IRQHandler
 .text.BEE_IRQHandler
                0x000000006000657c        0x8 ./startup/startup_mimxrt1021.o
                0x000000006000657c                BEE_IRQHandler
 .text.SAI1_IRQHandler
                0x0000000060006584        0x8 ./startup/startup_mimxrt1021.o
                0x0000000060006584                SAI1_IRQHandler
 .text.SAI2_IRQHandler
                0x000000006000658c        0x8 ./startup/startup_mimxrt1021.o
                0x000000006000658c                SAI2_IRQHandler
 .text.SAI3_RX_IRQHandler
                0x0000000060006594        0x8 ./startup/startup_mimxrt1021.o
                0x0000000060006594                SAI3_RX_IRQHandler
 .text.SAI3_TX_IRQHandler
                0x000000006000659c        0x8 ./startup/startup_mimxrt1021.o
                0x000000006000659c                SAI3_TX_IRQHandler
 .text.SPDIF_IRQHandler
                0x00000000600065a4        0x8 ./startup/startup_mimxrt1021.o
                0x00000000600065a4                SPDIF_IRQHandler
 .text.PMU_IRQHandler
                0x00000000600065ac        0x8 ./startup/startup_mimxrt1021.o
                0x00000000600065ac                PMU_IRQHandler
 .text.Reserved78_IRQHandler
                0x00000000600065b4        0x8 ./startup/startup_mimxrt1021.o
                0x00000000600065b4                Reserved78_IRQHandler
 .text.TEMP_LOW_HIGH_IRQHandler
                0x00000000600065bc        0x8 ./startup/startup_mimxrt1021.o
                0x00000000600065bc                TEMP_LOW_HIGH_IRQHandler
 .text.TEMP_PANIC_IRQHandler
                0x00000000600065c4        0x8 ./startup/startup_mimxrt1021.o
                0x00000000600065c4                TEMP_PANIC_IRQHandler
 .text.USB_PHY_IRQHandler
                0x00000000600065cc        0x8 ./startup/startup_mimxrt1021.o
                0x00000000600065cc                USB_PHY_IRQHandler
 .text.Reserved82_IRQHandler
                0x00000000600065d4        0x8 ./startup/startup_mimxrt1021.o
                0x00000000600065d4                Reserved82_IRQHandler
 .text.ADC1_IRQHandler
                0x00000000600065dc        0x8 ./startup/startup_mimxrt1021.o
                0x00000000600065dc                ADC1_IRQHandler
 .text.ADC2_IRQHandler
                0x00000000600065e4        0x8 ./startup/startup_mimxrt1021.o
                0x00000000600065e4                ADC2_IRQHandler
 .text.DCDC_IRQHandler
                0x00000000600065ec        0x8 ./startup/startup_mimxrt1021.o
                0x00000000600065ec                DCDC_IRQHandler
 .text.Reserved86_IRQHandler
                0x00000000600065f4        0x8 ./startup/startup_mimxrt1021.o
                0x00000000600065f4                Reserved86_IRQHandler
 .text.Reserved87_IRQHandler
                0x00000000600065fc        0x8 ./startup/startup_mimxrt1021.o
                0x00000000600065fc                Reserved87_IRQHandler
 .text.GPIO1_INT0_IRQHandler
                0x0000000060006604        0x8 ./startup/startup_mimxrt1021.o
                0x0000000060006604                GPIO1_INT0_IRQHandler
 .text.GPIO1_INT1_IRQHandler
                0x000000006000660c        0x8 ./startup/startup_mimxrt1021.o
                0x000000006000660c                GPIO1_INT1_IRQHandler
 .text.GPIO1_INT2_IRQHandler
                0x0000000060006614        0x8 ./startup/startup_mimxrt1021.o
                0x0000000060006614                GPIO1_INT2_IRQHandler
 .text.GPIO1_INT3_IRQHandler
                0x000000006000661c        0x8 ./startup/startup_mimxrt1021.o
                0x000000006000661c                GPIO1_INT3_IRQHandler
 .text.GPIO1_INT4_IRQHandler
                0x0000000060006624        0x8 ./startup/startup_mimxrt1021.o
                0x0000000060006624                GPIO1_INT4_IRQHandler
 .text.GPIO1_INT5_IRQHandler
                0x000000006000662c        0x8 ./startup/startup_mimxrt1021.o
                0x000000006000662c                GPIO1_INT5_IRQHandler
 .text.GPIO1_INT6_IRQHandler
                0x0000000060006634        0x8 ./startup/startup_mimxrt1021.o
                0x0000000060006634                GPIO1_INT6_IRQHandler
 .text.GPIO1_INT7_IRQHandler
                0x000000006000663c        0x8 ./startup/startup_mimxrt1021.o
                0x000000006000663c                GPIO1_INT7_IRQHandler
 .text.GPIO1_Combined_0_15_IRQHandler
                0x0000000060006644        0x8 ./startup/startup_mimxrt1021.o
                0x0000000060006644                GPIO1_Combined_0_15_IRQHandler
 .text.GPIO1_Combined_16_31_IRQHandler
                0x000000006000664c        0x8 ./startup/startup_mimxrt1021.o
                0x000000006000664c                GPIO1_Combined_16_31_IRQHandler
 .text.GPIO2_Combined_0_15_IRQHandler
                0x0000000060006654        0x8 ./startup/startup_mimxrt1021.o
                0x0000000060006654                GPIO2_Combined_0_15_IRQHandler
 .text.GPIO2_Combined_16_31_IRQHandler
                0x000000006000665c        0x8 ./startup/startup_mimxrt1021.o
                0x000000006000665c                GPIO2_Combined_16_31_IRQHandler
 .text.GPIO3_Combined_0_15_IRQHandler
                0x0000000060006664        0x8 ./startup/startup_mimxrt1021.o
                0x0000000060006664                GPIO3_Combined_0_15_IRQHandler
 .text.GPIO3_Combined_16_31_IRQHandler
                0x000000006000666c        0x8 ./startup/startup_mimxrt1021.o
                0x000000006000666c                GPIO3_Combined_16_31_IRQHandler
 .text.Reserved102_IRQHandler
                0x0000000060006674        0x8 ./startup/startup_mimxrt1021.o
                0x0000000060006674                Reserved102_IRQHandler
 .text.Reserved103_IRQHandler
                0x000000006000667c        0x8 ./startup/startup_mimxrt1021.o
                0x000000006000667c                Reserved103_IRQHandler
 .text.GPIO5_Combined_0_15_IRQHandler
                0x0000000060006684        0x8 ./startup/startup_mimxrt1021.o
                0x0000000060006684                GPIO5_Combined_0_15_IRQHandler
 .text.GPIO5_Combined_16_31_IRQHandler
                0x000000006000668c        0x8 ./startup/startup_mimxrt1021.o
                0x000000006000668c                GPIO5_Combined_16_31_IRQHandler
 .text.FLEXIO1_IRQHandler
                0x0000000060006694        0x8 ./startup/startup_mimxrt1021.o
                0x0000000060006694                FLEXIO1_IRQHandler
 .text.Reserved107_IRQHandler
                0x000000006000669c        0x8 ./startup/startup_mimxrt1021.o
                0x000000006000669c                Reserved107_IRQHandler
 .text.WDOG1_IRQHandler
                0x00000000600066a4        0x8 ./startup/startup_mimxrt1021.o
                0x00000000600066a4                WDOG1_IRQHandler
 .text.RTWDOG_IRQHandler
                0x00000000600066ac        0x8 ./startup/startup_mimxrt1021.o
                0x00000000600066ac                RTWDOG_IRQHandler
 .text.EWM_IRQHandler
                0x00000000600066b4        0x8 ./startup/startup_mimxrt1021.o
                0x00000000600066b4                EWM_IRQHandler
 .text.CCM_1_IRQHandler
                0x00000000600066bc        0x8 ./startup/startup_mimxrt1021.o
                0x00000000600066bc                CCM_1_IRQHandler
 .text.CCM_2_IRQHandler
                0x00000000600066c4        0x8 ./startup/startup_mimxrt1021.o
                0x00000000600066c4                CCM_2_IRQHandler
 .text.GPC_IRQHandler
                0x00000000600066cc        0x8 ./startup/startup_mimxrt1021.o
                0x00000000600066cc                GPC_IRQHandler
 .text.SRC_IRQHandler
                0x00000000600066d4        0x8 ./startup/startup_mimxrt1021.o
                0x00000000600066d4                SRC_IRQHandler
 .text.Reserved115_IRQHandler
                0x00000000600066dc        0x8 ./startup/startup_mimxrt1021.o
                0x00000000600066dc                Reserved115_IRQHandler
 .text.GPT1_IRQHandler
                0x00000000600066e4        0x8 ./startup/startup_mimxrt1021.o
                0x00000000600066e4                GPT1_IRQHandler
 .text.GPT2_IRQHandler
                0x00000000600066ec        0x8 ./startup/startup_mimxrt1021.o
                0x00000000600066ec                GPT2_IRQHandler
 .text.PWM1_0_IRQHandler
                0x00000000600066f4        0x8 ./startup/startup_mimxrt1021.o
                0x00000000600066f4                PWM1_0_IRQHandler
 .text.PWM1_1_IRQHandler
                0x00000000600066fc        0x8 ./startup/startup_mimxrt1021.o
                0x00000000600066fc                PWM1_1_IRQHandler
 .text.PWM1_2_IRQHandler
                0x0000000060006704        0x8 ./startup/startup_mimxrt1021.o
                0x0000000060006704                PWM1_2_IRQHandler
 .text.PWM1_3_IRQHandler
                0x000000006000670c        0x8 ./startup/startup_mimxrt1021.o
                0x000000006000670c                PWM1_3_IRQHandler
 .text.PWM1_FAULT_IRQHandler
                0x0000000060006714        0x8 ./startup/startup_mimxrt1021.o
                0x0000000060006714                PWM1_FAULT_IRQHandler
 .text.Reserved123_IRQHandler
                0x000000006000671c        0x8 ./startup/startup_mimxrt1021.o
                0x000000006000671c                Reserved123_IRQHandler
 .text.FLEXSPI_IRQHandler
                0x0000000060006724        0x8 ./startup/startup_mimxrt1021.o
                0x0000000060006724                FLEXSPI_IRQHandler
 .text.SEMC_IRQHandler
                0x000000006000672c        0x8 ./startup/startup_mimxrt1021.o
                0x000000006000672c                SEMC_IRQHandler
 .text.USDHC1_IRQHandler
                0x0000000060006734        0x8 ./startup/startup_mimxrt1021.o
                0x0000000060006734                USDHC1_IRQHandler
 .text.USDHC2_IRQHandler
                0x000000006000673c        0x8 ./startup/startup_mimxrt1021.o
                0x000000006000673c                USDHC2_IRQHandler
 .text.Reserved128_IRQHandler
                0x0000000060006744        0x8 ./startup/startup_mimxrt1021.o
                0x0000000060006744                Reserved128_IRQHandler
 .text.USB_OTG1_IRQHandler
                0x000000006000674c        0x8 ./startup/startup_mimxrt1021.o
                0x000000006000674c                USB_OTG1_IRQHandler
 .text.ENET_IRQHandler
                0x0000000060006754        0x8 ./startup/startup_mimxrt1021.o
                0x0000000060006754                ENET_IRQHandler
 .text.ENET_1588_Timer_IRQHandler
                0x000000006000675c        0x8 ./startup/startup_mimxrt1021.o
                0x000000006000675c                ENET_1588_Timer_IRQHandler
 .text.XBAR1_IRQ_0_1_IRQHandler
                0x0000000060006764        0x8 ./startup/startup_mimxrt1021.o
                0x0000000060006764                XBAR1_IRQ_0_1_IRQHandler
 .text.XBAR1_IRQ_2_3_IRQHandler
                0x000000006000676c        0x8 ./startup/startup_mimxrt1021.o
                0x000000006000676c                XBAR1_IRQ_2_3_IRQHandler
 .text.ADC_ETC_IRQ0_IRQHandler
                0x0000000060006774        0x8 ./startup/startup_mimxrt1021.o
                0x0000000060006774                ADC_ETC_IRQ0_IRQHandler
 .text.ADC_ETC_IRQ1_IRQHandler
                0x000000006000677c        0x8 ./startup/startup_mimxrt1021.o
                0x000000006000677c                ADC_ETC_IRQ1_IRQHandler
 .text.ADC_ETC_IRQ2_IRQHandler
                0x0000000060006784        0x8 ./startup/startup_mimxrt1021.o
                0x0000000060006784                ADC_ETC_IRQ2_IRQHandler
 .text.ADC_ETC_ERROR_IRQ_IRQHandler
                0x000000006000678c        0x8 ./startup/startup_mimxrt1021.o
                0x000000006000678c                ADC_ETC_ERROR_IRQ_IRQHandler
 .text.PIT_IRQHandler
                0x0000000060006794        0x8 ./startup/startup_mimxrt1021.o
                0x0000000060006794                PIT_IRQHandler
 .text.ACMP1_IRQHandler
                0x000000006000679c        0x8 ./startup/startup_mimxrt1021.o
                0x000000006000679c                ACMP1_IRQHandler
 .text.ACMP2_IRQHandler
                0x00000000600067a4        0x8 ./startup/startup_mimxrt1021.o
                0x00000000600067a4                ACMP2_IRQHandler
 .text.ACMP3_IRQHandler
                0x00000000600067ac        0x8 ./startup/startup_mimxrt1021.o
                0x00000000600067ac                ACMP3_IRQHandler
 .text.ACMP4_IRQHandler
                0x00000000600067b4        0x8 ./startup/startup_mimxrt1021.o
                0x00000000600067b4                ACMP4_IRQHandler
 .text.Reserved143_IRQHandler
                0x00000000600067bc        0x8 ./startup/startup_mimxrt1021.o
                0x00000000600067bc                Reserved143_IRQHandler
 .text.Reserved144_IRQHandler
                0x00000000600067c4        0x8 ./startup/startup_mimxrt1021.o
                0x00000000600067c4                Reserved144_IRQHandler
 .text.ENC1_IRQHandler
                0x00000000600067cc        0x8 ./startup/startup_mimxrt1021.o
                0x00000000600067cc                ENC1_IRQHandler
 .text.ENC2_IRQHandler
                0x00000000600067d4        0x8 ./startup/startup_mimxrt1021.o
                0x00000000600067d4                ENC2_IRQHandler
 .text.Reserved147_IRQHandler
                0x00000000600067dc        0x8 ./startup/startup_mimxrt1021.o
                0x00000000600067dc                Reserved147_IRQHandler
 .text.Reserved148_IRQHandler
                0x00000000600067e4        0x8 ./startup/startup_mimxrt1021.o
                0x00000000600067e4                Reserved148_IRQHandler
 .text.TMR1_IRQHandler
                0x00000000600067ec        0x8 ./startup/startup_mimxrt1021.o
                0x00000000600067ec                TMR1_IRQHandler
 .text.TMR2_IRQHandler
                0x00000000600067f4        0x8 ./startup/startup_mimxrt1021.o
                0x00000000600067f4                TMR2_IRQHandler
 .text.Reserved151_IRQHandler
                0x00000000600067fc        0x8 ./startup/startup_mimxrt1021.o
                0x00000000600067fc                Reserved151_IRQHandler
 .text.Reserved152_IRQHandler
                0x0000000060006804        0x8 ./startup/startup_mimxrt1021.o
                0x0000000060006804                Reserved152_IRQHandler
 .text.PWM2_0_IRQHandler
                0x000000006000680c        0x8 ./startup/startup_mimxrt1021.o
                0x000000006000680c                PWM2_0_IRQHandler
 .text.PWM2_1_IRQHandler
                0x0000000060006814        0x8 ./startup/startup_mimxrt1021.o
                0x0000000060006814                PWM2_1_IRQHandler
 .text.PWM2_2_IRQHandler
                0x000000006000681c        0x8 ./startup/startup_mimxrt1021.o
                0x000000006000681c                PWM2_2_IRQHandler
 .text.PWM2_3_IRQHandler
                0x0000000060006824        0x8 ./startup/startup_mimxrt1021.o
                0x0000000060006824                PWM2_3_IRQHandler
 .text.PWM2_FAULT_IRQHandler
                0x000000006000682c        0x8 ./startup/startup_mimxrt1021.o
                0x000000006000682c                PWM2_FAULT_IRQHandler
 .text.HardFault_Handler
                0x0000000060006834       0x2c ./source/semihost_hardfault.o
                0x0000000060006834                HardFault_Handler
 .text.CLOCK_IsPllBypassed
                0x0000000060006860       0x32 ./drivers/fsl_clock.o
 .text.CLOCK_IsPllEnabled
                0x0000000060006892       0x3c ./drivers/fsl_clock.o
 .text.CLOCK_GetPllBypassRefClk
                0x00000000600068ce       0x34 ./drivers/fsl_clock.o
 .text.CLOCK_EnableClock
                0x0000000060006902       0x1e ./drivers/fsl_lpuart.o
 .text.LPUART_SoftwareReset
                0x0000000060006920       0x2c ./drivers/fsl_lpuart.o
 .text.LPUART_GetStatusFlags
                0x000000006000694c       0x2c ./drivers/fsl_lpuart.o
                0x000000006000694c                LPUART_GetStatusFlags
 .text.SystemInitHook
                0x0000000060006978        0xe ./device/system_MIMXRT1021.o
                0x0000000060006978                SystemInitHook
 .text.HAL_UartGetStatus
                0x0000000060006986       0x22 ./component/uart/lpuart_adapter.o
 .text.DisableGlobalIRQ
                0x00000000600069a8       0x20 ./component/serial_manager/serial_manager.o
 .text.EnableGlobalIRQ
                0x00000000600069c8       0x1e ./component/serial_manager/serial_manager.o
 .text.SerialManager_StartWriting
                0x00000000600069e6       0x4a ./component/serial_manager/serial_manager.o
 .text.SerialManager_StartReading
                0x0000000060006a30       0x4a ./component/serial_manager/serial_manager.o
 .text.SerialManager_WriteBlocking
                0x0000000060006a7a       0x20 ./component/serial_manager/serial_manager.o
                0x0000000060006a7a                SerialManager_WriteBlocking
 .text.SerialManager_ReadBlocking
                0x0000000060006a9a       0x20 ./component/serial_manager/serial_manager.o
                0x0000000060006a9a                SerialManager_ReadBlocking
 .text.BOARD_InitDebugConsole
                0x0000000060006aba       0x22 ./board/board.o
                0x0000000060006aba                BOARD_InitDebugConsole
 .text.CLOCK_DisableClock
                0x0000000060006adc       0x1e ./board/clock_config.o
 .text.CLOCK_SetPllBypass
                0x0000000060006afa       0x4e ./board/clock_config.o
 .text.IOMUXC_SetSaiMClkClockSource
                0x0000000060006b48       0x6c ./board/clock_config.o
 .text.BOARD_InitBootClocks
                0x0000000060006bb4        0xc ./board/clock_config.o
                0x0000000060006bb4                BOARD_InitBootClocks
 .text.CLOCK_EnableClock
                0x0000000060006bc0       0x1e ./board/pin_mux.o
 .text.IOMUXC_SetPinMux
                0x0000000060006bde       0x3a ./board/pin_mux.o
 .text.IOMUXC_SetPinConfig
                0x0000000060006c18       0x26 ./board/pin_mux.o
 .text.__main   0x0000000060006c3e        0xe /usr/local/mcuxpressoide-11.1.0_3209/ide/plugins/com.nxp.mcuxpresso.tools.linux_11.1.0.201909161352/tools/bin/../lib/gcc/arm-none-eabi/8.3.1/../../../../arm-none-eabi/lib/thumb/v7e-m+dp/hard/libcr_nohost_nf.a(_cr__main.o)
                0x0000000060006c3e                __main
 .text.memset   0x0000000060006c4c        0x4 /usr/local/mcuxpressoide-11.1.0_3209/ide/plugins/com.nxp.mcuxpresso.tools.linux_11.1.0.201909161352/tools/bin/../lib/gcc/arm-none-eabi/8.3.1/../../../../arm-none-eabi/lib/thumb/v7e-m+dp/hard/libcr_c.a(memset.o)
                0x0000000060006c4c                memset
 .text.free     0x0000000060006c50       0x30 /usr/local/mcuxpressoide-11.1.0_3209/ide/plugins/com.nxp.mcuxpresso.tools.linux_11.1.0.201909161352/tools/bin/../lib/gcc/arm-none-eabi/8.3.1/../../../../arm-none-eabi/lib/thumb/v7e-m+dp/hard/libcr_c.a(alloc.o)
                0x0000000060006c50                free
 .text.fp_round
                0x0000000060006c80       0x4c /usr/local/mcuxpressoide-11.1.0_3209/ide/plugins/com.nxp.mcuxpresso.tools.linux_11.1.0.201909161352/tools/bin/../lib/gcc/arm-none-eabi/8.3.1/../../../../arm-none-eabi/lib/thumb/v7e-m+dp/hard/libcr_c.a(fpprintf.o)
 .text.pr_dec.constprop.1
                0x0000000060006ccc       0x26 /usr/local/mcuxpressoide-11.1.0_3209/ide/plugins/com.nxp.mcuxpresso.tools.linux_11.1.0.201909161352/tools/bin/../lib/gcc/arm-none-eabi/8.3.1/../../../../arm-none-eabi/lib/thumb/v7e-m+dp/hard/libcr_c.a(fpprintf.o)
 .text.strlen   0x0000000060006cf2       0x4c /usr/local/mcuxpressoide-11.1.0_3209/ide/plugins/com.nxp.mcuxpresso.tools.linux_11.1.0.201909161352/tools/bin/../lib/gcc/arm-none-eabi/8.3.1/../../../../arm-none-eabi/lib/thumb/v7e-m+dp/hard/libcr_c.a(strlen.o)
                0x0000000060006cf2                strlen
 .text._deferredlazyseek
                0x0000000060006d3e       0x40 /usr/local/mcuxpressoide-11.1.0_3209/ide/plugins/com.nxp.mcuxpresso.tools.linux_11.1.0.201909161352/tools/bin/../lib/gcc/arm-none-eabi/8.3.1/../../../../arm-none-eabi/lib/thumb/v7e-m+dp/hard/libcr_c.a(_deferredlazyseek.o)
                0x0000000060006d3e                _deferredlazyseek
 .text.__flsbuf
                0x0000000060006d7e      0x140 /usr/local/mcuxpressoide-11.1.0_3209/ide/plugins/com.nxp.mcuxpresso.tools.linux_11.1.0.201909161352/tools/bin/../lib/gcc/arm-none-eabi/8.3.1/../../../../arm-none-eabi/lib/thumb/v7e-m+dp/hard/libcr_c.a(_deferredlazyseek.o)
                0x0000000060006d7e                __flsbuf
 .text._fdopen  0x0000000060006ebe       0x68 /usr/local/mcuxpressoide-11.1.0_3209/ide/plugins/com.nxp.mcuxpresso.tools.linux_11.1.0.201909161352/tools/bin/../lib/gcc/arm-none-eabi/8.3.1/../../../../arm-none-eabi/lib/thumb/v7e-m+dp/hard/libcr_c.a(_fdopen.o)
                0x0000000060006ebe                _fdopen
 .text._fflush  0x0000000060006f26       0x52 /usr/local/mcuxpressoide-11.1.0_3209/ide/plugins/com.nxp.mcuxpresso.tools.linux_11.1.0.201909161352/tools/bin/../lib/gcc/arm-none-eabi/8.3.1/../../../../arm-none-eabi/lib/thumb/v7e-m+dp/hard/libcr_c.a(_fflush.o)
                0x0000000060006f26                _fflush
 .text.fclose   0x0000000060006f78       0x58 /usr/local/mcuxpressoide-11.1.0_3209/ide/plugins/com.nxp.mcuxpresso.tools.linux_11.1.0.201909161352/tools/bin/../lib/gcc/arm-none-eabi/8.3.1/../../../../arm-none-eabi/lib/thumb/v7e-m+dp/hard/libcr_c.a(fclose.o)
                0x0000000060006f78                fclose
 .text.remove   0x0000000060006fd0       0x14 /usr/local/mcuxpressoide-11.1.0_3209/ide/plugins/com.nxp.mcuxpresso.tools.linux_11.1.0.201909161352/tools/bin/../lib/gcc/arm-none-eabi/8.3.1/../../../../arm-none-eabi/lib/thumb/v7e-m+dp/hard/libcr_c.a(remove.o)
                0x0000000060006fd0                remove
 .text._do_fflush
                0x0000000060006fe4       0x40 /usr/local/mcuxpressoide-11.1.0_3209/ide/plugins/com.nxp.mcuxpresso.tools.linux_11.1.0.201909161352/tools/bin/../lib/gcc/arm-none-eabi/8.3.1/../../../../arm-none-eabi/lib/thumb/v7e-m+dp/hard/libcr_c.a(_do_fflush.o)
                0x0000000060006fe4                _do_fflush
 .text.__aeabi_memset_lowlevel
                0x0000000060007024       0x32 /usr/local/mcuxpressoide-11.1.0_3209/ide/plugins/com.nxp.mcuxpresso.tools.linux_11.1.0.201909161352/tools/bin/../lib/gcc/arm-none-eabi/8.3.1/thumb/v7e-m+dp/hard/libcr_eabihelpers.a(memcpy.o)
                0x0000000060007024                __aeabi_lowlevel_memset
 .text.__sys_appexit
                0x0000000060007056        0x2 /usr/local/mcuxpressoide-11.1.0_3209/ide/plugins/com.nxp.mcuxpresso.tools.linux_11.1.0.201909161352/tools/bin/../lib/gcc/arm-none-eabi/8.3.1/../../../../arm-none-eabi/lib/thumb/v7e-m+dp/hard/libcr_nohost_nf.a(__sys_appexit.o)
                0x0000000060007056                __exit
                0x0000000060007056                __sys_appexit
 .text.__sys_close
                0x0000000060007058        0x6 /usr/local/mcuxpressoide-11.1.0_3209/ide/plugins/com.nxp.mcuxpresso.tools.linux_11.1.0.201909161352/tools/bin/../lib/gcc/arm-none-eabi/8.3.1/../../../../arm-none-eabi/lib/thumb/v7e-m+dp/hard/libcr_nohost_nf.a(__sys_close.o)
                0x0000000060007058                __sys_close
 .text.__sys_flen
                0x000000006000705e        0x6 /usr/local/mcuxpressoide-11.1.0_3209/ide/plugins/com.nxp.mcuxpresso.tools.linux_11.1.0.201909161352/tools/bin/../lib/gcc/arm-none-eabi/8.3.1/../../../../arm-none-eabi/lib/thumb/v7e-m+dp/hard/libcr_nohost_nf.a(__sys_flen.o)
                0x000000006000705e                __sys_flen
 .text.__sys_istty
                0x0000000060007064        0x6 /usr/local/mcuxpressoide-11.1.0_3209/ide/plugins/com.nxp.mcuxpresso.tools.linux_11.1.0.201909161352/tools/bin/../lib/gcc/arm-none-eabi/8.3.1/../../../../arm-none-eabi/lib/thumb/v7e-m+dp/hard/libcr_nohost_nf.a(__sys_istty.o)
                0x0000000060007064                __sys_istty
 .text.__sys_remove
                0x000000006000706a        0x6 /usr/local/mcuxpressoide-11.1.0_3209/ide/plugins/com.nxp.mcuxpresso.tools.linux_11.1.0.201909161352/tools/bin/../lib/gcc/arm-none-eabi/8.3.1/../../../../arm-none-eabi/lib/thumb/v7e-m+dp/hard/libcr_nohost_nf.a(__sys_remove.o)
                0x000000006000706a                __sys_remove
 .text.__sys_seek
                0x0000000060007070        0x6 /usr/local/mcuxpressoide-11.1.0_3209/ide/plugins/com.nxp.mcuxpresso.tools.linux_11.1.0.201909161352/tools/bin/../lib/gcc/arm-none-eabi/8.3.1/../../../../arm-none-eabi/lib/thumb/v7e-m+dp/hard/libcr_nohost_nf.a(__sys_seek.o)
                0x0000000060007070                __sys_seek
 .text.__sys_tmpnam
                0x0000000060007076        0x6 /usr/local/mcuxpressoide-11.1.0_3209/ide/plugins/com.nxp.mcuxpresso.tools.linux_11.1.0.201909161352/tools/bin/../lib/gcc/arm-none-eabi/8.3.1/../../../../arm-none-eabi/lib/thumb/v7e-m+dp/hard/libcr_nohost_nf.a(__sys_tmpnam.o)
                0x0000000060007076                __sys_tmpnam
 .text.__sys_write
                0x000000006000707c        0x4 /usr/local/mcuxpressoide-11.1.0_3209/ide/plugins/com.nxp.mcuxpresso.tools.linux_11.1.0.201909161352/tools/bin/../lib/gcc/arm-none-eabi/8.3.1/../../../../arm-none-eabi/lib/thumb/v7e-m+dp/hard/libcr_nohost_nf.a(__sys_write.o)
                0x000000006000707c                __sys_write
 *(SORT_BY_ALIGNMENT(.rodata) SORT_BY_ALIGNMENT(.rodata.*) SORT_BY_ALIGNMENT(.constdata) SORT_BY_ALIGNMENT(.constdata.*))
 .rodata.__assertion_failed.str1.4
                0x0000000060007080       0x14 ./utilities/fsl_assert.o
 .rodata.DbgConsole_SendDataReliable.str1.4
                0x0000000060007094       0x4d ./utilities/fsl_debug_console.o
 *fill*         0x00000000600070e1        0x3 ff
 .rodata.DbgConsole_ReadCharacter.str1.4
                0x00000000600070e4       0x1e ./utilities/fsl_debug_console.o
 *fill*         0x0000000060007102        0x2 ff
 .rodata.DbgConsole_Init.str1.4
                0x0000000060007104       0xcb ./utilities/fsl_debug_console.o
 *fill*         0x00000000600071cf        0x1 ff
 .rodata.main.str1.4
                0x00000000600071d0        0xf ./source/hello_world.o
 *fill*         0x00000000600071df        0x1 ff
 .rodata.CLOCK_InitExternalClk.str1.4
                0x00000000600071e0       0x22 ./drivers/fsl_clock.o
 *fill*         0x0000000060007202        0x2 ff
 .rodata.CLOCK_GetPllFreq.str1.4
                0x0000000060007204       0x35 ./drivers/fsl_clock.o
 *fill*         0x0000000060007239        0x3 ff
 .rodata        0x000000006000723c       0x10 ./drivers/fsl_clock.o
 .rodata.CLOCK_ControlGate.str1.4
                0x000000006000724c       0x20 ./drivers/fsl_lpuart.o
 .rodata.s_lpuartBases
                0x000000006000726c       0x24 ./drivers/fsl_lpuart.o
 .rodata.s_lpuartClock
                0x0000000060007290       0x12 ./drivers/fsl_lpuart.o
 *fill*         0x00000000600072a2        0x2 ff
 .rodata.LPUART_GetInstance.str1.4
                0x00000000600072a4       0x39 ./drivers/fsl_lpuart.o
 *fill*         0x00000000600072dd        0x3 ff
 .rodata.LPUART_Init.str1.4
                0x00000000600072e0      0x10c ./drivers/fsl_lpuart.o
 .rodata.LPUART_GetDefaultConfig.str1.4
                0x00000000600073ec       0x23 ./drivers/fsl_lpuart.o
 *fill*         0x000000006000740f        0x1 ff
 .rodata.LPUART_WriteBlocking.str1.4
                0x0000000060007410       0x21 ./drivers/fsl_lpuart.o
 *fill*         0x0000000060007431        0x3 ff
 .rodata.LPUART_ReadBlocking.str1.4
                0x0000000060007434       0x21 ./drivers/fsl_lpuart.o
 *fill*         0x0000000060007455        0x3 ff
 .rodata.s_LpuartAdapterBase
                0x0000000060007458       0x24 ./component/uart/lpuart_adapter.o
 .rodata.HAL_UartInit.str1.4
                0x000000006000747c       0xe2 ./component/uart/lpuart_adapter.o
 *fill*         0x000000006000755e        0x2 ff
 .rodata.HAL_UartReceiveBlocking.str1.4
                0x0000000060007560       0x5f ./component/uart/lpuart_adapter.o
 *fill*         0x00000000600075bf        0x1 ff
 .rodata.HAL_UartSendBlocking.str1.4
                0x00000000600075c0       0x5f ./component/uart/lpuart_adapter.o
 *fill*         0x000000006000761f        0x1 ff
 .rodata.SerialManager_Write.str1.4
                0x0000000060007620       0x83 ./component/serial_manager/serial_manager.o
 *fill*         0x00000000600076a3        0x1 ff
 .rodata.SerialManager_Read.str1.4
                0x00000000600076a4       0x83 ./component/serial_manager/serial_manager.o
 *fill*         0x0000000060007727        0x1 ff
 .rodata.SerialManager_Init.str1.4
                0x0000000060007728       0x45 ./component/serial_manager/serial_manager.o
 *fill*         0x000000006000776d        0x3 ff
 .rodata.SerialManager_OpenWriteHandle.str1.4
                0x0000000060007770       0x4d ./component/serial_manager/serial_manager.o
 *fill*         0x00000000600077bd        0x3 ff
 .rodata.SerialManager_OpenReadHandle.str1.4
                0x00000000600077c0       0x4c ./component/serial_manager/serial_manager.o
 .rodata.Serial_UartInit.str1.4
                0x000000006000780c       0x4f ./component/serial_manager/serial_port_uart.o
 *fill*         0x000000006000785b        0x1 ff
 .rodata.Serial_UartWrite.str1.4
                0x000000006000785c       0x6d ./component/serial_manager/serial_port_uart.o
 *fill*         0x00000000600078c9        0x3 ff
 .rodata.Serial_UartRead.str1.4
                0x00000000600078cc       0x6d ./component/serial_manager/serial_port_uart.o
 *fill*         0x0000000060007939        0x3 ff
 .rodata.BOARD_ConfigMPU.str1.4
                0x000000006000793c       0x6a ./board/board.o
 *fill*         0x00000000600079a6        0x2 ff
 .rodata.CLOCK_SetMux.str1.4
                0x00000000600079a8       0x87 ./board/clock_config.o
 *fill*         0x0000000060007a2f        0x1 ff
 .rodata.CLOCK_SetDiv.str1.4
                0x0000000060007a30       0x87 ./board/clock_config.o
 *fill*         0x0000000060007ab7        0x1 ff
 .rodata.CLOCK_ControlGate.str1.4
                0x0000000060007ab8       0x78 ./board/clock_config.o
                                         0x76 (size before relaxing)
 .rodata.enetPllConfig_BOARD_BootClockRUN
                0x0000000060007b30        0x5 ./board/clock_config.o
                0x0000000060007b30                enetPllConfig_BOARD_BootClockRUN
 .rodata.CLOCK_ControlGate.str1.4
                0x0000000060007b35       0x76 ./board/pin_mux.o
 *fill*         0x0000000060007b35        0x3 ff
 .rodata.__num_Ciob_streams
                0x0000000060007b38        0x4 /usr/local/mcuxpressoide-11.1.0_3209/ide/plugins/com.nxp.mcuxpresso.tools.linux_11.1.0.201909161352/tools/bin/../lib/gcc/arm-none-eabi/8.3.1/../../../../arm-none-eabi/lib/thumb/v7e-m+dp/hard/libcr_nohost_nf.a(__ciob.o)
                0x0000000060007b38                __num_Ciob_streams
 .rodata._Csys_alloc.str1.1
                0x0000000060007b3c       0x18 /usr/local/mcuxpressoide-11.1.0_3209/ide/plugins/com.nxp.mcuxpresso.tools.linux_11.1.0.201909161352/tools/bin/../lib/gcc/arm-none-eabi/8.3.1/../../../../arm-none-eabi/lib/thumb/v7e-m+dp/hard/libcr_c.a(alloc.o)
 .rodata.fp_display.str1.1
                0x0000000060007b54       0x34 /usr/local/mcuxpressoide-11.1.0_3209/ide/plugins/com.nxp.mcuxpresso.tools.linux_11.1.0.201909161352/tools/bin/../lib/gcc/arm-none-eabi/8.3.1/../../../../arm-none-eabi/lib/thumb/v7e-m+dp/hard/libcr_c.a(fpprintf.o)
                                         0x35 (size before relaxing)
 .rodata._initio.str1.1
                0x0000000060007b88        0x4 /usr/local/mcuxpressoide-11.1.0_3209/ide/plugins/com.nxp.mcuxpresso.tools.linux_11.1.0.201909161352/tools/bin/../lib/gcc/arm-none-eabi/8.3.1/../../../../arm-none-eabi/lib/thumb/v7e-m+dp/hard/libcr_c.a(initio.o)
 .rodata.__vfprintf.str1.1
                0x0000000060007b8c       0x31 /usr/local/mcuxpressoide-11.1.0_3209/ide/plugins/com.nxp.mcuxpresso.tools.linux_11.1.0.201909161352/tools/bin/../lib/gcc/arm-none-eabi/8.3.1/../../../../arm-none-eabi/lib/thumb/v7e-m+dp/hard/libcr_c.a(printf.o)
                                         0x38 (size before relaxing)
                0x0000000060007bc0                . = ALIGN (0x4)
 *fill*         0x0000000060007bbd        0x3 ff

.glue_7         0x0000000060007bc0        0x0
 .glue_7        0x0000000060007bc0        0x0 linker stubs

.glue_7t        0x0000000060007bc0        0x0
 .glue_7t       0x0000000060007bc0        0x0 linker stubs

.vfp11_veneer   0x0000000060007bc0        0x0
 .vfp11_veneer  0x0000000060007bc0        0x0 linker stubs

.v4_bx          0x0000000060007bc0        0x0
 .v4_bx         0x0000000060007bc0        0x0 linker stubs

.iplt           0x0000000060007bc0        0x0
 .iplt          0x0000000060007bc0        0x0 ./xip/evkmimxrt1020_flexspi_nor_config.o

.rel.dyn        0x0000000060007bc0        0x0
 .rel.iplt      0x0000000060007bc0        0x0 ./xip/evkmimxrt1020_flexspi_nor_config.o

.ARM.extab
 *(SORT_BY_ALIGNMENT(.ARM.extab*) SORT_BY_ALIGNMENT(.gnu.linkonce.armextab.*))
                0x0000000060007bc0                __exidx_start = .

.ARM.exidx
 *(SORT_BY_ALIGNMENT(.ARM.exidx*) SORT_BY_ALIGNMENT(.gnu.linkonce.armexidx.*))
                0x0000000060007bc0                __exidx_end = .
                0x0000000060007bc0                _etext = .

.data_RAM2      0x0000000081e00000        0x0 load address 0x0000000060007bc0
 FILL mask 0xff
                [!provide]                        PROVIDE (__start_data_RAM2 = .)
                [!provide]                        PROVIDE (__start_data_NCACHE_REGION = .)
 *(SORT_BY_ALIGNMENT(.ramfunc.$RAM2))
 *(SORT_BY_ALIGNMENT(.ramfunc.$NCACHE_REGION))
 *(SORT_BY_ALIGNMENT(NonCacheable.init))
 *(SORT_BY_ALIGNMENT(.data.$RAM2))
 *(SORT_BY_ALIGNMENT(.data.$NCACHE_REGION))
 *(SORT_BY_ALIGNMENT(.data.$RAM2.*))
 *(SORT_BY_ALIGNMENT(.data.$NCACHE_REGION.*))
                0x0000000081e00000                . = ALIGN (0x4)
                [!provide]                        PROVIDE (__end_data_RAM2 = .)
                [!provide]                        PROVIDE (__end_data_NCACHE_REGION = .)

.data_RAM3      0x0000000020000000        0x0 load address 0x0000000060007bc0
 FILL mask 0xff
                [!provide]                        PROVIDE (__start_data_RAM3 = .)
                [!provide]                        PROVIDE (__start_data_SRAM_DTC = .)
 *(SORT_BY_ALIGNMENT(.ramfunc.$RAM3))
 *(SORT_BY_ALIGNMENT(.ramfunc.$SRAM_DTC))
 *(SORT_BY_ALIGNMENT(.data.$RAM3))
 *(SORT_BY_ALIGNMENT(.data.$SRAM_DTC))
 *(SORT_BY_ALIGNMENT(.data.$RAM3.*))
 *(SORT_BY_ALIGNMENT(.data.$SRAM_DTC.*))
                0x0000000020000000                . = ALIGN (0x4)
                [!provide]                        PROVIDE (__end_data_RAM3 = .)
                [!provide]                        PROVIDE (__end_data_SRAM_DTC = .)

.data_RAM4      0x0000000000000000        0x0 load address 0x0000000060007bc0
 FILL mask 0xff
                [!provide]                        PROVIDE (__start_data_RAM4 = .)
                [!provide]                        PROVIDE (__start_data_SRAM_ITC = .)
 *(SORT_BY_ALIGNMENT(.ramfunc.$RAM4))
 *(SORT_BY_ALIGNMENT(.ramfunc.$SRAM_ITC))
 *(SORT_BY_ALIGNMENT(.data.$RAM4))
 *(SORT_BY_ALIGNMENT(.data.$SRAM_ITC))
 *(SORT_BY_ALIGNMENT(.data.$RAM4.*))
 *(SORT_BY_ALIGNMENT(.data.$SRAM_ITC.*))
                0x0000000000000000                . = ALIGN (0x4)
                [!provide]                        PROVIDE (__end_data_RAM4 = .)
                [!provide]                        PROVIDE (__end_data_SRAM_ITC = .)

.data_RAM5      0x0000000020200000        0x0 load address 0x0000000060007bc0
 FILL mask 0xff
                [!provide]                        PROVIDE (__start_data_RAM5 = .)
                [!provide]                        PROVIDE (__start_data_SRAM_OC = .)
 *(SORT_BY_ALIGNMENT(.ramfunc.$RAM5))
 *(SORT_BY_ALIGNMENT(.ramfunc.$SRAM_OC))
 *(SORT_BY_ALIGNMENT(.data.$RAM5))
 *(SORT_BY_ALIGNMENT(.data.$SRAM_OC))
 *(SORT_BY_ALIGNMENT(.data.$RAM5.*))
 *(SORT_BY_ALIGNMENT(.data.$SRAM_OC.*))
                0x0000000020200000                . = ALIGN (0x4)
                [!provide]                        PROVIDE (__end_data_RAM5 = .)
                [!provide]                        PROVIDE (__end_data_SRAM_OC = .)

.uninit_RESERVED
                0x0000000080000000        0x0
                0x0000000080000000                _start_uninit_RESERVED = .
 *(SORT_BY_ALIGNMENT(.bss.$RESERVED*))
                0x0000000080000000                . = ALIGN (0x4)
                0x0000000080000000                _end_uninit_RESERVED = .

.data           0x0000000080000000        0x4 load address 0x0000000060007bc0
 FILL mask 0xff
                0x0000000080000000                _data = .
                [!provide]                        PROVIDE (__start_data_RAM = .)
                [!provide]                        PROVIDE (__start_data_BOARD_SDRAM = .)
 *(SORT_BY_ALIGNMENT(vtable))
 *(SORT_BY_ALIGNMENT(.ramfunc*))
 *(SORT_BY_ALIGNMENT(CodeQuickAccess))
 *(SORT_BY_ALIGNMENT(DataQuickAccess))
 *(SORT_BY_ALIGNMENT(RamFunction))
 *(SORT_BY_ALIGNMENT(.data*))
 .data.SystemCoreClock
                0x0000000080000000        0x4 ./device/system_MIMXRT1021.o
                0x0000000080000000                SystemCoreClock
                0x0000000080000004                . = ALIGN (0x4)
                0x0000000080000004                _edata = .
                [!provide]                        PROVIDE (__end_data_RAM = .)
                [!provide]                        PROVIDE (__end_data_BOARD_SDRAM = .)

.igot.plt       0x0000000080000004        0x0 load address 0x0000000060007bc4
 .igot.plt      0x0000000080000004        0x0 ./xip/evkmimxrt1020_flexspi_nor_config.o

.bss_RAM2       0x0000000081e00000        0x0
                [!provide]                        PROVIDE (__start_bss_RAM2 = .)
                [!provide]                        PROVIDE (__start_bss_NCACHE_REGION = .)
 *(SORT_BY_ALIGNMENT(NonCacheable))
 *(SORT_BY_ALIGNMENT(.bss.$RAM2))
 *(SORT_BY_ALIGNMENT(.bss.$NCACHE_REGION))
 *(SORT_BY_ALIGNMENT(.bss.$RAM2.*))
 *(SORT_BY_ALIGNMENT(.bss.$NCACHE_REGION.*))
                0x0000000081e00000                . = ALIGN ((. != 0x0)?0x4:0x1)
                [!provide]                        PROVIDE (__end_bss_RAM2 = .)
                [!provide]                        PROVIDE (__end_bss_NCACHE_REGION = .)

.bss_RAM3       0x0000000020000000        0x0
                [!provide]                        PROVIDE (__start_bss_RAM3 = .)
                [!provide]                        PROVIDE (__start_bss_SRAM_DTC = .)
 *(SORT_BY_ALIGNMENT(.bss.$RAM3))
 *(SORT_BY_ALIGNMENT(.bss.$SRAM_DTC))
 *(SORT_BY_ALIGNMENT(.bss.$RAM3.*))
 *(SORT_BY_ALIGNMENT(.bss.$SRAM_DTC.*))
                0x0000000020000000                . = ALIGN ((. != 0x0)?0x4:0x1)
                [!provide]                        PROVIDE (__end_bss_RAM3 = .)
                [!provide]                        PROVIDE (__end_bss_SRAM_DTC = .)

.bss_RAM4       0x0000000000000000        0x0
                [!provide]                        PROVIDE (__start_bss_RAM4 = .)
                [!provide]                        PROVIDE (__start_bss_SRAM_ITC = .)
 *(SORT_BY_ALIGNMENT(.bss.$RAM4))
 *(SORT_BY_ALIGNMENT(.bss.$SRAM_ITC))
 *(SORT_BY_ALIGNMENT(.bss.$RAM4.*))
 *(SORT_BY_ALIGNMENT(.bss.$SRAM_ITC.*))
                0x0000000000000000                . = ALIGN ((. != 0x0)?0x4:0x1)
                [!provide]                        PROVIDE (__end_bss_RAM4 = .)
                [!provide]                        PROVIDE (__end_bss_SRAM_ITC = .)

.bss_RAM5       0x0000000020200000        0x0
                [!provide]                        PROVIDE (__start_bss_RAM5 = .)
                [!provide]                        PROVIDE (__start_bss_SRAM_OC = .)
 *(SORT_BY_ALIGNMENT(.bss.$RAM5))
 *(SORT_BY_ALIGNMENT(.bss.$SRAM_OC))
 *(SORT_BY_ALIGNMENT(.bss.$RAM5.*))
 *(SORT_BY_ALIGNMENT(.bss.$SRAM_OC.*))
                0x0000000020200000                . = ALIGN ((. != 0x0)?0x4:0x1)
                [!provide]                        PROVIDE (__end_bss_RAM5 = .)
                [!provide]                        PROVIDE (__end_bss_SRAM_OC = .)

.bss            0x0000000080000004      0x110
                0x0000000080000004                _bss = .
                [!provide]                        PROVIDE (__start_bss_RAM = .)
                [!provide]                        PROVIDE (__start_bss_BOARD_SDRAM = .)
 *(SORT_BY_ALIGNMENT(.bss*))
 .bss.s_debugConsoleState
                0x0000000080000004       0x1c ./utilities/fsl_debug_console.o
 .bss.g_serialHandle
                0x0000000080000020        0x4 ./utilities/fsl_debug_console.o
                0x0000000080000020                g_serialHandle
 .bss.g_xtalFreq
                0x0000000080000024        0x4 ./drivers/fsl_clock.o
                0x0000000080000024                g_xtalFreq
 .bss.g_rtcXtalFreq
                0x0000000080000028        0x4 ./drivers/fsl_clock.o
                0x0000000080000028                g_rtcXtalFreq
 .bss.s_lpuartHandle
                0x000000008000002c       0x24 ./drivers/fsl_lpuart.o
 .bss.s_lpuartIsr
                0x0000000080000050        0x4 ./drivers/fsl_lpuart.o
 .bss.__end_of_heap
                0x0000000080000054        0x4 /usr/local/mcuxpressoide-11.1.0_3209/ide/plugins/com.nxp.mcuxpresso.tools.linux_11.1.0.201909161352/tools/bin/../lib/gcc/arm-none-eabi/8.3.1/../../../../arm-none-eabi/lib/thumb/v7e-m+dp/hard/libcr_c.a(__init_alloc.o)
                0x0000000080000054                __end_of_heap
 .bss.__heaps   0x0000000080000058        0x4 /usr/local/mcuxpressoide-11.1.0_3209/ide/plugins/com.nxp.mcuxpresso.tools.linux_11.1.0.201909161352/tools/bin/../lib/gcc/arm-none-eabi/8.3.1/../../../../arm-none-eabi/lib/thumb/v7e-m+dp/hard/libcr_c.a(__init_alloc.o)
                0x0000000080000058                __heaps
 .bss.errno     0x000000008000005c        0x4 /usr/local/mcuxpressoide-11.1.0_3209/ide/plugins/com.nxp.mcuxpresso.tools.linux_11.1.0.201909161352/tools/bin/../lib/gcc/arm-none-eabi/8.3.1/../../../../arm-none-eabi/lib/thumb/v7e-m+dp/hard/libcr_c.a(errno.o)
                0x000000008000005c                errno
 .bss.__Ciob    0x0000000080000060       0xb4 /usr/local/mcuxpressoide-11.1.0_3209/ide/plugins/com.nxp.mcuxpresso.tools.linux_11.1.0.201909161352/tools/bin/../lib/gcc/arm-none-eabi/8.3.1/../../../../arm-none-eabi/lib/thumb/v7e-m+dp/hard/libcr_nohost_nf.a(__ciob.o)
                0x0000000080000060                __Ciob
 *(SORT_BY_ALIGNMENT(COMMON))
                0x0000000080000114                . = ALIGN (0x4)
                0x0000000080000114                _ebss = .
                [!provide]                        PROVIDE (__end_bss_RAM = .)
                [!provide]                        PROVIDE (__end_bss_BOARD_SDRAM = .)
                [!provide]                        PROVIDE (end = .)

.noinit_RAM2    0x0000000081e00000        0x0
                [!provide]                        PROVIDE (__start_noinit_RAM2 = .)
                [!provide]                        PROVIDE (__start_noinit_NCACHE_REGION = .)
 *(SORT_BY_ALIGNMENT(.noinit.$RAM2))
 *(SORT_BY_ALIGNMENT(.noinit.$NCACHE_REGION))
 *(SORT_BY_ALIGNMENT(.noinit.$RAM2.*))
 *(SORT_BY_ALIGNMENT(.noinit.$NCACHE_REGION.*))
                0x0000000081e00000                . = ALIGN (0x4)
                [!provide]                        PROVIDE (__end_noinit_RAM2 = .)
                [!provide]                        PROVIDE (__end_noinit_NCACHE_REGION = .)

.noinit_RAM3    0x0000000020000000        0x0
                [!provide]                        PROVIDE (__start_noinit_RAM3 = .)
                [!provide]                        PROVIDE (__start_noinit_SRAM_DTC = .)
 *(SORT_BY_ALIGNMENT(.noinit.$RAM3))
 *(SORT_BY_ALIGNMENT(.noinit.$SRAM_DTC))
 *(SORT_BY_ALIGNMENT(.noinit.$RAM3.*))
 *(SORT_BY_ALIGNMENT(.noinit.$SRAM_DTC.*))
                0x0000000020000000                . = ALIGN (0x4)
                [!provide]                        PROVIDE (__end_noinit_RAM3 = .)
                [!provide]                        PROVIDE (__end_noinit_SRAM_DTC = .)

.noinit_RAM4    0x0000000000000000        0x0
                [!provide]                        PROVIDE (__start_noinit_RAM4 = .)
                [!provide]                        PROVIDE (__start_noinit_SRAM_ITC = .)
 *(SORT_BY_ALIGNMENT(.noinit.$RAM4))
 *(SORT_BY_ALIGNMENT(.noinit.$SRAM_ITC))
 *(SORT_BY_ALIGNMENT(.noinit.$RAM4.*))
 *(SORT_BY_ALIGNMENT(.noinit.$SRAM_ITC.*))
                0x0000000000000000                . = ALIGN (0x4)
                [!provide]                        PROVIDE (__end_noinit_RAM4 = .)
                [!provide]                        PROVIDE (__end_noinit_SRAM_ITC = .)

.noinit_RAM5    0x0000000020200000        0x0
                [!provide]                        PROVIDE (__start_noinit_RAM5 = .)
                [!provide]                        PROVIDE (__start_noinit_SRAM_OC = .)
 *(SORT_BY_ALIGNMENT(.noinit.$RAM5))
 *(SORT_BY_ALIGNMENT(.noinit.$SRAM_OC))
 *(SORT_BY_ALIGNMENT(.noinit.$RAM5.*))
 *(SORT_BY_ALIGNMENT(.noinit.$SRAM_OC.*))
                0x0000000020200000                . = ALIGN (0x4)
                [!provide]                        PROVIDE (__end_noinit_RAM5 = .)
                [!provide]                        PROVIDE (__end_noinit_SRAM_OC = .)

.noinit         0x0000000080000114        0x0
                0x0000000080000114                _noinit = .
                [!provide]                        PROVIDE (__start_noinit_RAM = .)
                [!provide]                        PROVIDE (__start_noinit_BOARD_SDRAM = .)
 *(SORT_BY_ALIGNMENT(.noinit*))
                0x0000000080000114                . = ALIGN (0x4)
                0x0000000080000114                _end_noinit = .
                [!provide]                        PROVIDE (__end_noinit_RAM = .)
                [!provide]                        PROVIDE (__end_noinit_BOARD_SDRAM = .)
                0x0000000000001000                _HeapSize = 0x1000

.heap           0x0000000080000114     0x1000
                0x0000000080000114                _pvHeapStart = .
                0x0000000080001114                . = (. + _HeapSize)
 *fill*         0x0000000080000114     0x1000 
                0x0000000080001114                . = ALIGN (0x4)
                0x0000000080001114                _pvHeapLimit = .
                0x0000000000001000                _StackSize = 0x1000

.heap2stackfill
                0x0000000080001114     0x1000
                0x0000000080002114                . = (. + _StackSize)
 *fill*         0x0000000080001114     0x1000 

.stack          0x0000000081dff000        0x0
                0x0000000081dff000                _vStackBase = .
                0x0000000081dff000                . = ALIGN (0x4)
                0x0000000081e00000                _vStackTop = (. + _StackSize)
                0x0000000060002000                _image_start = LOADADDR (.text)
                0x0000000060007bc4                _image_end = (LOADADDR (.data) + SIZEOF (.data))
                0x0000000000005bc4                _image_size = (_image_end - _image_start)
OUTPUT(evkmimxrt1020_hello_world.axf elf32-littlearm)

.debug_info     0x0000000000000000     0xc0ca
 .debug_info    0x0000000000000000      0x7e9 ./xip/evkmimxrt1020_flexspi_nor_config.o
 .debug_info    0x00000000000007e9       0xd9 ./xip/evkmimxrt1020_sdram_ini_dcd.o
 .debug_info    0x00000000000008c2      0x5f8 ./xip/fsl_flexspi_nor_boot.o
 .debug_info    0x0000000000000eba      0x14f ./utilities/fsl_assert.o
 .debug_info    0x0000000000001009      0xa9d ./utilities/fsl_debug_console.o
 .debug_info    0x0000000000001aa6      0x55e ./utilities/fsl_str.o
 .debug_info    0x0000000000002004      0xcb5 ./startup/startup_mimxrt1021.o
 .debug_info    0x0000000000002cb9      0x2bd ./source/hello_world.o
 .debug_info    0x0000000000002f76       0x3c ./source/semihost_hardfault.o
 .debug_info    0x0000000000002fb2     0x1b12 ./drivers/fsl_clock.o
 .debug_info    0x0000000000004ac4     0x20f3 ./drivers/fsl_lpuart.o
 .debug_info    0x0000000000006bb7      0xc9e ./device/system_MIMXRT1021.o
 .debug_info    0x0000000000007855      0xa44 ./component/uart/lpuart_adapter.o
 .debug_info    0x0000000000008299      0x8f1 ./component/serial_manager/serial_manager.o
 .debug_info    0x0000000000008b8a      0x57b ./component/serial_manager/serial_port_uart.o
 .debug_info    0x0000000000009105     0x11a6 ./board/board.o
 .debug_info    0x000000000000a2ab     0x1680 ./board/clock_config.o
 .debug_info    0x000000000000b92b      0x79f ./board/pin_mux.o

.debug_abbrev   0x0000000000000000     0x1f19
 .debug_abbrev  0x0000000000000000      0x14c ./xip/evkmimxrt1020_flexspi_nor_config.o
 .debug_abbrev  0x000000000000014c       0x9f ./xip/evkmimxrt1020_sdram_ini_dcd.o
 .debug_abbrev  0x00000000000001eb      0x13f ./xip/fsl_flexspi_nor_boot.o
 .debug_abbrev  0x000000000000032a       0xbe ./utilities/fsl_assert.o
 .debug_abbrev  0x00000000000003e8      0x20b ./utilities/fsl_debug_console.o
 .debug_abbrev  0x00000000000005f3      0x1b3 ./utilities/fsl_str.o
 .debug_abbrev  0x00000000000007a6      0x147 ./startup/startup_mimxrt1021.o
 .debug_abbrev  0x00000000000008ed      0x11e ./source/hello_world.o
 .debug_abbrev  0x0000000000000a0b       0x31 ./source/semihost_hardfault.o
 .debug_abbrev  0x0000000000000a3c      0x38b ./drivers/fsl_clock.o
 .debug_abbrev  0x0000000000000dc7      0x364 ./drivers/fsl_lpuart.o
 .debug_abbrev  0x000000000000112b      0x1c7 ./device/system_MIMXRT1021.o
 .debug_abbrev  0x00000000000012f2      0x1e1 ./component/uart/lpuart_adapter.o
 .debug_abbrev  0x00000000000014d3      0x240 ./component/serial_manager/serial_manager.o
 .debug_abbrev  0x0000000000001713      0x160 ./component/serial_manager/serial_port_uart.o
 .debug_abbrev  0x0000000000001873      0x306 ./board/board.o
 .debug_abbrev  0x0000000000001b79      0x218 ./board/clock_config.o
 .debug_abbrev  0x0000000000001d91      0x188 ./board/pin_mux.o

.debug_aranges  0x0000000000000000      0xb50
 .debug_aranges
                0x0000000000000000       0x18 ./xip/evkmimxrt1020_flexspi_nor_config.o
 .debug_aranges
                0x0000000000000018       0x18 ./xip/evkmimxrt1020_sdram_ini_dcd.o
 .debug_aranges
                0x0000000000000030       0x18 ./xip/fsl_flexspi_nor_boot.o
 .debug_aranges
                0x0000000000000048       0x20 ./utilities/fsl_assert.o
 .debug_aranges
                0x0000000000000068       0x88 ./utilities/fsl_debug_console.o
 .debug_aranges
                0x00000000000000f0       0x38 ./utilities/fsl_str.o
 .debug_aranges
                0x0000000000000128      0x4d0 ./startup/startup_mimxrt1021.o
 .debug_aranges
                0x00000000000005f8       0x20 ./source/hello_world.o
 .debug_aranges
                0x0000000000000618       0x20 ./source/semihost_hardfault.o
 .debug_aranges