22:59:32 **** Incremental Build of configuration Debug for project evkmimxrt1020_hello_world ****
make -r -j8 all 
Building file: ../source/hello_world.c
Invoking: MCU C Compiler
arm-none-eabi-gcc -std=gnu99 -D__REDLIB__ -DCPU_MIMXRT1021DAG5A -DCPU_MIMXRT1021DAG5A_cm7 -DXIP_BOOT_HEADER_DCD_ENABLE=1 -DSKIP_SYSCLK_INIT -DSDK_DEBUGCONSOLE=1 -DXIP_EXTERNAL_FLASH=1 -DXIP_BOOT_HEADER_ENABLE=1 -DPRINTF_FLOAT_ENABLE=0 -DSCANF_FLOAT_ENABLE=0 -DPRINTF_ADVANCED_ENABLE=0 -DSCANF_ADVANCED_ENABLE=0 -DSERIAL_PORT_TYPE_UART=1 -DCR_INTEGER_PRINTF -D__MCUXPRESSO -D__USE_CMSIS -DDEBUG -I"/home/bop/Documents/MCUXpresso_11.1.0_3209/workspace/evkmimxrt1020_hello_world/board" -I"/home/bop/Documents/MCUXpresso_11.1.0_3209/workspace/evkmimxrt1020_hello_world/source" -I"/home/bop/Documents/MCUXpresso_11.1.0_3209/workspace/evkmimxrt1020_hello_world" -I"/home/bop/Documents/MCUXpresso_11.1.0_3209/workspace/evkmimxrt1020_hello_world/drivers" -I"/home/bop/Documents/MCUXpresso_11.1.0_3209/workspace/evkmimxrt1020_hello_world/device" -I"/home/bop/Documents/MCUXpresso_11.1.0_3209/workspace/evkmimxrt1020_hello_world/CMSIS" -I"/home/bop/Documents/MCUXpresso_11.1.0_3209/workspace/evkmimxrt1020_hello_world/utilities" -I"/home/bop/Documents/MCUXpresso_11.1.0_3209/workspace/evkmimxrt1020_hello_world/component/serial_manager" -I"/home/bop/Documents/MCUXpresso_11.1.0_3209/workspace/evkmimxrt1020_hello_world/component/lists" -I"/home/bop/Documents/MCUXpresso_11.1.0_3209/workspace/evkmimxrt1020_hello_world/component/uart" -I"/home/bop/Documents/MCUXpresso_11.1.0_3209/workspace/evkmimxrt1020_hello_world/xip" -O0 -fno-common -g3 -Wall -c  -ffunction-sections  -fdata-sections  -ffreestanding  -fno-builtin -fmerge-constants -fmacro-prefix-map="../source/"=. -mcpu=cortex-m7 -mfpu=fpv5-d16 -mfloat-abi=hard -mthumb -D__REDLIB__ -fstack-usage -specs=redlib.specs -MMD -MP -MF"source/hello_world.d" -MT"source/hello_world.o" -MT"source/hello_world.d" -o "source/hello_world.o" "../source/hello_world.c"
../source/hello_world.c: In function 'main':
../source/hello_world.c:40:5: warning: implicit declaration of function 'printf' [-Wimplicit-function-declaration]
     printf("hello world.\r\n");
     ^~~~~~
../source/hello_world.c:40:5: note: 'printf' is defined in header '<stdio.h>'; did you forget to '#include <stdio.h>'?
../source/hello_world.c:15:1:
+#include <stdio.h>
 /*******************************************************************************
../source/hello_world.c:40:5:
     printf("hello world.\r\n");
     ^~~~~~
Finished building: ../source/hello_world.c
 
Building target: evkmimxrt1020_hello_world.axf
Invoking: MCU Linker
arm-none-eabi-gcc -nostdlib -Xlinker -Map="evkmimxrt1020_hello_world.map" -Xlinker --gc-sections -Xlinker -print-memory-usage -Xlinker --sort-section=alignment -Xlinker --cref -mcpu=cortex-m7 -mfpu=fpv5-d16 -mfloat-abi=hard -mthumb -T evkmimxrt1020_hello_world_Debug.ld -o "evkmimxrt1020_hello_world.axf"  ./xip/evkmimxrt1020_flexspi_nor_config.o ./xip/evkmimxrt1020_sdram_ini_dcd.o ./xip/fsl_flexspi_nor_boot.o  ./utilities/fsl_assert.o ./utilities/fsl_debug_console.o ./utilities/fsl_str.o  ./startup/startup_mimxrt1021.o  ./source/hello_world.o ./source/semihost_hardfault.o  ./drivers/fsl_clock.o ./drivers/fsl_common.o ./drivers/fsl_gpio.o ./drivers/fsl_lpuart.o  ./device/system_MIMXRT1021.o  ./component/uart/lpuart_adapter.o  ./component/serial_manager/serial_manager.o ./component/serial_manager/serial_port_uart.o  ./component/lists/generic_list.o  ./board/board.o ./board/clock_config.o ./board/pin_mux.o   
Memory region         Used Size  Region Size  %age Used
     BOARD_FLASH:       31684 B         8 MB      0.38%
     BOARD_SDRAM:        8468 B        30 MB      0.03%
   NCACHE_REGION:          0 GB         2 MB      0.00%
        SRAM_DTC:          0 GB        64 KB      0.00%
        SRAM_ITC:          0 GB        64 KB      0.00%
         SRAM_OC:          0 GB       128 KB      0.00%
Finished building target: evkmimxrt1020_hello_world.axf
 
make --no-print-directory post-build
Performing post-build steps
arm-none-eabi-size "evkmimxrt1020_hello_world.axf"; # arm-none-eabi-objcopy -v -O binary "evkmimxrt1020_hello_world.axf" "evkmimxrt1020_hello_world.bin" ; # checksum -p MIMXRT1021xxxxx -d "evkmimxrt1020_hello_world.bin";
   text	   data	    bss	    dec	    hex	filename
  31680	      4	   8464	  40148	   9cd4	evkmimxrt1020_hello_world.axf
 

22:59:33 Build Finished. 0 errors, 1 warnings. (took 1s.28ms)

