22:57:28 **** Build of configuration Debug for project evkmimxrt1020_hello_world ****
make -r -j8 all 
Building file: ../xip/evkmimxrt1020_flexspi_nor_config.c
Building file: ../xip/evkmimxrt1020_sdram_ini_dcd.c
Building file: ../xip/fsl_flexspi_nor_boot.c
Building file: ../utilities/fsl_debug_console.c
Building file: ../utilities/fsl_assert.c
Invoking: MCU C Compiler
Invoking: MCU C Compiler
arm-none-eabi-gcc -std=gnu99 -D__REDLIB__ -DCPU_MIMXRT1021DAG5A -DCPU_MIMXRT1021DAG5A_cm7 -DXIP_BOOT_HEADER_DCD_ENABLE=1 -DSKIP_SYSCLK_INIT -DSDK_DEBUGCONSOLE=1 -DXIP_EXTERNAL_FLASH=1 -DXIP_BOOT_HEADER_ENABLE=1 -DPRINTF_FLOAT_ENABLE=0 -DSCANF_FLOAT_ENABLE=0 -DPRINTF_ADVANCED_ENABLE=0 -DSCANF_ADVANCED_ENABLE=0 -DSERIAL_PORT_TYPE_UART=1 -DCR_INTEGER_PRINTF -D__MCUXPRESSO -D__USE_CMSIS -DDEBUG -I"/home/bop/Documents/MCUXpresso_11.1.0_3209/workspace/evkmimxrt1020_hello_world/board" -I"/home/bop/Documents/MCUXpresso_11.1.0_3209/workspace/evkmimxrt1020_hello_world/source" -I"/home/bop/Documents/MCUXpresso_11.1.0_3209/workspace/evkmimxrt1020_hello_world" -I"/home/bop/Documents/MCUXpresso_11.1.0_3209/workspace/evkmimxrt1020_hello_world/drivers" -I"/home/bop/Documents/MCUXpresso_11.1.0_3209/workspace/evkmimxrt1020_hello_world/device" -I"/home/bop/Documents/MCUXpresso_11.1.0_3209/workspace/evkmimxrt1020_hello_world/CMSIS" -I"/home/bop/Documents/MCUXpresso_11.1.0_3209/workspace/evkmimxrt1020_hello_world/utilities" -I"/home/bop/Documents/MCUXpresso_11.1.0_3209/workspace/evkmimxrt1020_hello_world/component/serial_manager" -I"/home/bop/Documents/MCUXpresso_11.1.0_3209/workspace/evkmimxrt1020_hello_world/component/lists" -I"/home/bop/Documents/MCUXpresso_11.1.0_3209/workspace/evkmimxrt1020_hello_world/component/uart" -I"/home/bop/Documents/MCUXpresso_11.1.0_3209/workspace/evkmimxrt1020_hello_world/xip" -O0 -fno-common -g3 -Wall -c  -ffunction-sections  -fdata-sections  -ffreestanding  -fno-builtin -fmerge-constants -fmacro-prefix-map="../xip/"=. -mcpu=cortex-m7 -mfpu=fpv5-d16 -mfloat-abi=hard -mthumb -D__REDLIB__ -fstack-usage -specs=redlib.specs -MMD -MP -MF"xip/evkmimxrt1020_sdram_ini_dcd.d" -MT"xip/evkmimxrt1020_sdram_ini_dcd.o" -MT"xip/evkmimxrt1020_sdram_ini_dcd.d" -o "xip/evkmimxrt1020_sdram_ini_dcd.o" "../xip/evkmimxrt1020_sdram_ini_dcd.c"
Invoking: MCU C Compiler
arm-none-eabi-gcc -std=gnu99 -D__REDLIB__ -DCPU_MIMXRT1021DAG5A -DCPU_MIMXRT1021DAG5A_cm7 -DXIP_BOOT_HEADER_DCD_ENABLE=1 -DSKIP_SYSCLK_INIT -DSDK_DEBUGCONSOLE=1 -DXIP_EXTERNAL_FLASH=1 -DXIP_BOOT_HEADER_ENABLE=1 -DPRINTF_FLOAT_ENABLE=0 -DSCANF_FLOAT_ENABLE=0 -DPRINTF_ADVANCED_ENABLE=0 -DSCANF_ADVANCED_ENABLE=0 -DSERIAL_PORT_TYPE_UART=1 -DCR_INTEGER_PRINTF -D__MCUXPRESSO -D__USE_CMSIS -DDEBUG -I"/home/bop/Documents/MCUXpresso_11.1.0_3209/workspace/evkmimxrt1020_hello_world/board" -I"/home/bop/Documents/MCUXpresso_11.1.0_3209/workspace/evkmimxrt1020_hello_world/source" -I"/home/bop/Documents/MCUXpresso_11.1.0_3209/workspace/evkmimxrt1020_hello_world" -I"/home/bop/Documents/MCUXpresso_11.1.0_3209/workspace/evkmimxrt1020_hello_world/drivers" -I"/home/bop/Documents/MCUXpresso_11.1.0_3209/workspace/evkmimxrt1020_hello_world/device" -I"/home/bop/Documents/MCUXpresso_11.1.0_3209/workspace/evkmimxrt1020_hello_world/CMSIS" -I"/home/bop/Documents/MCUXpresso_11.1.0_3209/workspace/evkmimxrt1020_hello_world/utilities" -I"/home/bop/Documents/MCUXpresso_11.1.0_3209/workspace/evkmimxrt1020_hello_world/component/serial_manager" -I"/home/bop/Documents/MCUXpresso_11.1.0_3209/workspace/evkmimxrt1020_hello_world/component/lists" -I"/home/bop/Documents/MCUXpresso_11.1.0_3209/workspace/evkmimxrt1020_hello_world/component/uart" -I"/home/bop/Documents/MCUXpresso_11.1.0_3209/workspace/evkmimxrt1020_hello_world/xip" -O0 -fno-common -g3 -Wall -c  -ffunction-sections  -fdata-sections  -ffreestanding  -fno-builtin -fmerge-constants -fmacro-prefix-map="../xip/"=. -mcpu=cortex-m7 -mfpu=fpv5-d16 -mfloat-abi=hard -mthumb -D__REDLIB__ -fstack-usage -specs=redlib.specs -MMD -MP -MF"xip/evkmimxrt1020_flexspi_nor_config.d" -MT"xip/evkmimxrt1020_flexspi_nor_config.o" -MT"xip/evkmimxrt1020_flexspi_nor_config.d" -o "xip/evkmimxrt1020_flexspi_nor_config.o" "../xip/evkmimxrt1020_flexspi_nor_config.c"
Building file: ../startup/startup_mimxrt1021.c
Building file: ../utilities/fsl_str.c
arm-none-eabi-gcc -std=gnu99 -D__REDLIB__ -DCPU_MIMXRT1021DAG5A -DCPU_MIMXRT1021DAG5A_cm7 -DXIP_BOOT_HEADER_DCD_ENABLE=1 -DSKIP_SYSCLK_INIT -DSDK_DEBUGCONSOLE=1 -DXIP_EXTERNAL_FLASH=1 -DXIP_BOOT_HEADER_ENABLE=1 -DPRINTF_FLOAT_ENABLE=0 -DSCANF_FLOAT_ENABLE=0 -DPRINTF_ADVANCED_ENABLE=0 -DSCANF_ADVANCED_ENABLE=0 -DSERIAL_PORT_TYPE_UART=1 -DCR_INTEGER_PRINTF -D__MCUXPRESSO -D__USE_CMSIS -DDEBUG -I"/home/bop/Documents/MCUXpresso_11.1.0_3209/workspace/evkmimxrt1020_hello_world/board" -I"/home/bop/Documents/MCUXpresso_11.1.0_3209/workspace/evkmimxrt1020_hello_world/source" -I"/home/bop/Documents/MCUXpresso_11.1.0_3209/workspace/evkmimxrt1020_hello_world" -I"/home/bop/Documents/MCUXpresso_11.1.0_3209/workspace/evkmimxrt1020_hello_world/drivers" -I"/home/bop/Documents/MCUXpresso_11.1.0_3209/workspace/evkmimxrt1020_hello_world/device" -I"/home/bop/Documents/MCUXpresso_11.1.0_3209/workspace/evkmimxrt1020_hello_world/CMSIS" -I"/home/bop/Documents/MCUXpresso_11.1.0_3209/workspace/evkmimxrt1020_hello_world/utilities" -I"/home/bop/Documents/MCUXpresso_11.1.0_3209/workspace/evkmimxrt1020_hello_world/component/serial_manager" -I"/home/bop/Documents/MCUXpresso_11.1.0_3209/workspace/evkmimxrt1020_hello_world/component/lists" -I"/home/bop/Documents/MCUXpresso_11.1.0_3209/workspace/evkmimxrt1020_hello_world/component/uart" -I"/home/bop/Documents/MCUXpresso_11.1.0_3209/workspace/evkmimxrt1020_hello_world/xip" -O0 -fno-common -g3 -Wall -c  -ffunction-sections  -fdata-sections  -ffreestanding  -fno-builtin -fmerge-constants -fmacro-prefix-map="../xip/"=. -mcpu=cortex-m7 -mfpu=fpv5-d16 -mfloat-abi=hard -mthumb -D__REDLIB__ -fstack-usage -specs=redlib.specs -MMD -MP -MF"xip/fsl_flexspi_nor_boot.d" -MT"xip/fsl_flexspi_nor_boot.o" -MT"xip/fsl_flexspi_nor_boot.d" -o "xip/fsl_flexspi_nor_boot.o" "../xip/fsl_flexspi_nor_boot.c"
Invoking: MCU C Compiler
Invoking: MCU C Compiler
arm-none-eabi-gcc -std=gnu99 -D__REDLIB__ -DCPU_MIMXRT1021DAG5A -DCPU_MIMXRT1021DAG5A_cm7 -DXIP_BOOT_HEADER_DCD_ENABLE=1 -DSKIP_SYSCLK_INIT -DSDK_DEBUGCONSOLE=1 -DXIP_EXTERNAL_FLASH=1 -DXIP_BOOT_HEADER_ENABLE=1 -DPRINTF_FLOAT_ENABLE=0 -DSCANF_FLOAT_ENABLE=0 -DPRINTF_ADVANCED_ENABLE=0 -DSCANF_ADVANCED_ENABLE=0 -DSERIAL_PORT_TYPE_UART=1 -DCR_INTEGER_PRINTF -D__MCUXPRESSO -D__USE_CMSIS -DDEBUG -I"/home/bop/Documents/MCUXpresso_11.1.0_3209/workspace/evkmimxrt1020_hello_world/board" -I"/home/bop/Documents/MCUXpresso_11.1.0_3209/workspace/evkmimxrt1020_hello_world/source" -I"/home/bop/Documents/MCUXpresso_11.1.0_3209/workspace/evkmimxrt1020_hello_world" -I"/home/bop/Documents/MCUXpresso_11.1.0_3209/workspace/evkmimxrt1020_hello_world/drivers" -I"/home/bop/Documents/MCUXpresso_11.1.0_3209/workspace/evkmimxrt1020_hello_world/device" -I"/home/bop/Documents/MCUXpresso_11.1.0_3209/workspace/evkmimxrt1020_hello_world/CMSIS" -I"/home/bop/Documents/MCUXpresso_11.1.0_3209/workspace/evkmimxrt1020_hello_world/utilities" -I"/home/bop/Documents/MCUXpresso_11.1.0_3209/workspace/evkmimxrt1020_hello_world/component/serial_manager" -I"/home/bop/Documents/MCUXpresso_11.1.0_3209/workspace/evkmimxrt1020_hello_world/component/lists" -I"/home/bop/Documents/MCUXpresso_11.1.0_3209/workspace/evkmimxrt1020_hello_world/component/uart" -I"/home/bop/Documents/MCUXpresso_11.1.0_3209/workspace/evkmimxrt1020_hello_world/xip" -O0 -fno-common -g3 -Wall -c  -ffunction-sections  -fdata-sections  -ffreestanding  -fno-builtin -fmerge-constants -fmacro-prefix-map="../utilities/"=. -mcpu=cortex-m7 -mfpu=fpv5-d16 -mfloat-abi=hard -mthumb -D__REDLIB__ -fstack-usage -specs=redlib.specs -MMD -MP -MF"utilities/fsl_debug_console.d" -MT"utilities/fsl_debug_console.o" -MT"utilities/fsl_debug_console.d" -o "utilities/fsl_debug_console.o" "../utilities/fsl_debug_console.c"
arm-none-eabi-gcc -std=gnu99 -D__REDLIB__ -DCPU_MIMXRT1021DAG5A -DCPU_MIMXRT1021DAG5A_cm7 -DXIP_BOOT_HEADER_DCD_ENABLE=1 -DSKIP_SYSCLK_INIT -DSDK_DEBUGCONSOLE=1 -DXIP_EXTERNAL_FLASH=1 -DXIP_BOOT_HEADER_ENABLE=1 -DPRINTF_FLOAT_ENABLE=0 -DSCANF_FLOAT_ENABLE=0 -DPRINTF_ADVANCED_ENABLE=0 -DSCANF_ADVANCED_ENABLE=0 -DSERIAL_PORT_TYPE_UART=1 -DCR_INTEGER_PRINTF -D__MCUXPRESSO -D__USE_CMSIS -DDEBUG -I"/home/bop/Documents/MCUXpresso_11.1.0_3209/workspace/evkmimxrt1020_hello_world/board" -I"/home/bop/Documents/MCUXpresso_11.1.0_3209/workspace/evkmimxrt1020_hello_world/source" -I"/home/bop/Documents/MCUXpresso_11.1.0_3209/workspace/evkmimxrt1020_hello_world" -I"/home/bop/Documents/MCUXpresso_11.1.0_3209/workspace/evkmimxrt1020_hello_world/drivers" -I"/home/bop/Documents/MCUXpresso_11.1.0_3209/workspace/evkmimxrt1020_hello_world/device" -I"/home/bop/Documents/MCUXpresso_11.1.0_3209/workspace/evkmimxrt1020_hello_world/CMSIS" -I"/home/bop/Documents/MCUXpresso_11.1.0_3209/workspace/evkmimxrt1020_hello_world/utilities" -I"/home/bop/Documents/MCUXpresso_11.1.0_3209/workspace/evkmimxrt1020_hello_world/component/serial_manager" -I"/home/bop/Documents/MCUXpresso_11.1.0_3209/workspace/evkmimxrt1020_hello_world/component/lists" -I"/home/bop/Documents/MCUXpresso_11.1.0_3209/workspace/evkmimxrt1020_hello_world/component/uart" -I"/home/bop/Documents/MCUXpresso_11.1.0_3209/workspace/evkmimxrt1020_hello_world/xip" -O0 -fno-common -g3 -Wall -c  -ffunction-sections  -fdata-sections  -ffreestanding  -fno-builtin -fmerge-constants -fmacro-prefix-map="../utilities/"=. -mcpu=cortex-m7 -mfpu=fpv5-d16 -mfloat-abi=hard -mthumb -D__REDLIB__ -fstack-usage -specs=redlib.specs -MMD -MP -MF"utilities/fsl_assert.d" -MT"utilities/fsl_assert.o" -MT"utilities/fsl_assert.d" -o "utilities/fsl_assert.o" "../utilities/fsl_assert.c"
Invoking: MCU C Compiler
arm-none-eabi-gcc -std=gnu99 -D__REDLIB__ -DCPU_MIMXRT1021DAG5A -DCPU_MIMXRT1021DAG5A_cm7 -DXIP_BOOT_HEADER_DCD_ENABLE=1 -DSKIP_SYSCLK_INIT -DSDK_DEBUGCONSOLE=1 -DXIP_EXTERNAL_FLASH=1 -DXIP_BOOT_HEADER_ENABLE=1 -DPRINTF_FLOAT_ENABLE=0 -DSCANF_FLOAT_ENABLE=0 -DPRINTF_ADVANCED_ENABLE=0 -DSCANF_ADVANCED_ENABLE=0 -DSERIAL_PORT_TYPE_UART=1 -DCR_INTEGER_PRINTF -D__MCUXPRESSO -D__USE_CMSIS -DDEBUG -I"/home/bop/Documents/MCUXpresso_11.1.0_3209/workspace/evkmimxrt1020_hello_world/board" -I"/home/bop/Documents/MCUXpresso_11.1.0_3209/workspace/evkmimxrt1020_hello_world/source" -I"/home/bop/Documents/MCUXpresso_11.1.0_3209/workspace/evkmimxrt1020_hello_world" -I"/home/bop/Documents/MCUXpresso_11.1.0_3209/workspace/evkmimxrt1020_hello_world/drivers" -I"/home/bop/Documents/MCUXpresso_11.1.0_3209/workspace/evkmimxrt1020_hello_world/device" -I"/home/bop/Documents/MCUXpresso_11.1.0_3209/workspace/evkmimxrt1020_hello_world/CMSIS" -I"/home/bop/Documents/MCUXpresso_11.1.0_3209/workspace/evkmimxrt1020_hello_world/utilities" -I"/home/bop/Documents/MCUXpresso_11.1.0_3209/workspace/evkmimxrt1020_hello_world/component/serial_manager" -I"/home/bop/Documents/MCUXpresso_11.1.0_3209/workspace/evkmimxrt1020_hello_world/component/lists" -I"/home/bop/Documents/MCUXpresso_11.1.0_3209/workspace/evkmimxrt1020_hello_world/component/uart" -I"/home/bop/Documents/MCUXpresso_11.1.0_3209/workspace/evkmimxrt1020_hello_world/xip" -O0 -fno-common -g3 -Wall -c  -ffunction-sections  -fdata-sections  -ffreestanding  -fno-builtin -fmerge-constants -fmacro-prefix-map="../startup/"=. -mcpu=cortex-m7 -mfpu=fpv5-d16 -mfloat-abi=hard -mthumb -D__REDLIB__ -fstack-usage -specs=redlib.specs -MMD -MP -MF"startup/startup_mimxrt1021.d" -MT"startup/startup_mimxrt1021.o" -MT"startup/startup_mimxrt1021.d" -o "startup/startup_mimxrt1021.o" "../startup/startup_mimxrt1021.c"
Building file: ../source/hello_world.c
Invoking: MCU C Compiler
arm-none-eabi-gcc -std=gnu99 -D__REDLIB__ -DCPU_MIMXRT1021DAG5A -DCPU_MIMXRT1021DAG5A_cm7 -DXIP_BOOT_HEADER_DCD_ENABLE=1 -DSKIP_SYSCLK_INIT -DSDK_DEBUGCONSOLE=1 -DXIP_EXTERNAL_FLASH=1 -DXIP_BOOT_HEADER_ENABLE=1 -DPRINTF_FLOAT_ENABLE=0 -DSCANF_FLOAT_ENABLE=0 -DPRINTF_ADVANCED_ENABLE=0 -DSCANF_ADVANCED_ENABLE=0 -DSERIAL_PORT_TYPE_UART=1 -DCR_INTEGER_PRINTF -D__MCUXPRESSO -D__USE_CMSIS -DDEBUG -I"/home/bop/Documents/MCUXpresso_11.1.0_3209/workspace/evkmimxrt1020_hello_world/board" -I"/home/bop/Documents/MCUXpresso_11.1.0_3209/workspace/evkmimxrt1020_hello_world/source" -I"/home/bop/Documents/MCUXpresso_11.1.0_3209/workspace/evkmimxrt1020_hello_world" -I"/home/bop/Documents/MCUXpresso_11.1.0_3209/workspace/evkmimxrt1020_hello_world/drivers" -I"/home/bop/Documents/MCUXpresso_11.1.0_3209/workspace/evkmimxrt1020_hello_world/device" -I"/home/bop/Documents/MCUXpresso_11.1.0_3209/workspace/evkmimxrt1020_hello_world/CMSIS" -I"/home/bop/Documents/MCUXpresso_11.1.0_3209/workspace/evkmimxrt1020_hello_world/utilities" -I"/home/bop/Documents/MCUXpresso_11.1.0_3209/workspace/evkmimxrt1020_hello_world/component/serial_manager" -I"/home/bop/Documents/MCUXpresso_11.1.0_3209/workspace/evkmimxrt1020_hello_world/component/lists" -I"/home/bop/Documents/MCUXpresso_11.1.0_3209/workspace/evkmimxrt1020_hello_world/component/uart" -I"/home/bop/Documents/MCUXpresso_11.1.0_3209/workspace/evkmimxrt1020_hello_world/xip" -O0 -fno-common -g3 -Wall -c  -ffunction-sections  -fdata-sections  -ffreestanding  -fno-builtin -fmerge-constants -fmacro-prefix-map="../utilities/"=. -mcpu=cortex-m7 -mfpu=fpv5-d16 -mfloat-abi=hard -mthumb -D__REDLIB__ -fstack-usage -specs=redlib.specs -MMD -MP -MF"utilities/fsl_str.d" -MT"utilities/fsl_str.o" -MT"utilities/fsl_str.d" -o "utilities/fsl_str.o" "../utilities/fsl_str.c"
Invoking: MCU C Compiler
arm-none-eabi-gcc -std=gnu99 -D__REDLIB__ -DCPU_MIMXRT1021DAG5A -DCPU_MIMXRT1021DAG5A_cm7 -DXIP_BOOT_HEADER_DCD_ENABLE=1 -DSKIP_SYSCLK_INIT -DSDK_DEBUGCONSOLE=1 -DXIP_EXTERNAL_FLASH=1 -DXIP_BOOT_HEADER_ENABLE=1 -DPRINTF_FLOAT_ENABLE=0 -DSCANF_FLOAT_ENABLE=0 -DPRINTF_ADVANCED_ENABLE=0 -DSCANF_ADVANCED_ENABLE=0 -DSERIAL_PORT_TYPE_UART=1 -DCR_INTEGER_PRINTF -D__MCUXPRESSO -D__USE_CMSIS -DDEBUG -I"/home/bop/Documents/MCUXpresso_11.1.0_3209/workspace/evkmimxrt1020_hello_world/board" -I"/home/bop/Documents/MCUXpresso_11.1.0_3209/workspace/evkmimxrt1020_hello_world/source" -I"/home/bop/Documents/MCUXpresso_11.1.0_3209/workspace/evkmimxrt1020_hello_world" -I"/home/bop/Documents/MCUXpresso_11.1.0_3209/workspace/evkmimxrt1020_hello_world/drivers" -I"/home/bop/Documents/MCUXpresso_11.1.0_3209/workspace/evkmimxrt1020_hello_world/device" -I"/home/bop/Documents/MCUXpresso_11.1.0_3209/workspace/evkmimxrt1020_hello_world/CMSIS" -I"/home/bop/Documents/MCUXpresso_11.1.0_3209/workspace/evkmimxrt1020_hello_world/utilities" -I"/home/bop/Documents/MCUXpresso_11.1.0_3209/workspace/evkmimxrt1020_hello_world/component/serial_manager" -I"/home/bop/Documents/MCUXpresso_11.1.0_3209/workspace/evkmimxrt1020_hello_world/component/lists" -I"/home/bop/Documents/MCUXpresso_11.1.0_3209/workspace/evkmimxrt1020_hello_world/component/uart" -I"/home/bop/Documents/MCUXpresso_11.1.0_3209/workspace/evkmimxrt1020_hello_world/xip" -O0 -fno-common -g3 -Wall -c  -ffunction-sections  -fdata-sections  -ffreestanding  -fno-builtin -fmerge-constants -fmacro-prefix-map="../source/"=. -mcpu=cortex-m7 -mfpu=fpv5-d16 -mfloat-abi=hard -mthumb -D__REDLIB__ -fstack-usage -specs=redlib.specs -MMD -MP -MF"source/hello_world.d" -MT"source/hello_world.o" -MT"source/hello_world.d" -o "source/hello_world.o" "../source/hello_world.c"
Finished building: ../xip/evkmimxrt1020_sdram_ini_dcd.c
 
Building file: ../source/semihost_hardfault.c
Invoking: MCU C Compiler
arm-none-eabi-gcc -std=gnu99 -D__REDLIB__ -DCPU_MIMXRT1021DAG5A -DCPU_MIMXRT1021DAG5A_cm7 -DXIP_BOOT_HEADER_DCD_ENABLE=1 -DSKIP_SYSCLK_INIT -DSDK_DEBUGCONSOLE=1 -DXIP_EXTERNAL_FLASH=1 -DXIP_BOOT_HEADER_ENABLE=1 -DPRINTF_FLOAT_ENABLE=0 -DSCANF_FLOAT_ENABLE=0 -DPRINTF_ADVANCED_ENABLE=0 -DSCANF_ADVANCED_ENABLE=0 -DSERIAL_PORT_TYPE_UART=1 -DCR_INTEGER_PRINTF -D__MCUXPRESSO -D__USE_CMSIS -DDEBUG -I"/home/bop/Documents/MCUXpresso_11.1.0_3209/workspace/evkmimxrt1020_hello_world/board" -I"/home/bop/Documents/MCUXpresso_11.1.0_3209/workspace/evkmimxrt1020_hello_world/source" -I"/home/bop/Documents/MCUXpresso_11.1.0_3209/workspace/evkmimxrt1020_hello_world" -I"/home/bop/Documents/MCUXpresso_11.1.0_3209/workspace/evkmimxrt1020_hello_world/drivers" -I"/home/bop/Documents/MCUXpresso_11.1.0_3209/workspace/evkmimxrt1020_hello_world/device" -I"/home/bop/Documents/MCUXpresso_11.1.0_3209/workspace/evkmimxrt1020_hello_world/CMSIS" -I"/home/bop/Documents/MCUXpresso_11.1.0_3209/workspace/evkmimxrt1020_hello_world/utilities" -I"/home/bop/Documents/MCUXpresso_11.1.0_3209/workspace/evkmimxrt1020_hello_world/component/serial_manager" -I"/home/bop/Documents/MCUXpresso_11.1.0_3209/workspace/evkmimxrt1020_hello_world/component/lists" -I"/home/bop/Documents/MCUXpresso_11.1.0_3209/workspace/evkmimxrt1020_hello_world/component/uart" -I"/home/bop/Documents/MCUXpresso_11.1.0_3209/workspace/evkmimxrt1020_hello_world/xip" -O0 -fno-common -g3 -Wall -c  -ffunction-sections  -fdata-sections  -ffreestanding  -fno-builtin -fmerge-constants -fmacro-prefix-map="../source/"=. -mcpu=cortex-m7 -mfpu=fpv5-d16 -mfloat-abi=hard -mthumb -D__REDLIB__ -fstack-usage -specs=redlib.specs -MMD -MP -MF"source/semihost_hardfault.d" -MT"source/semihost_hardfault.o" -MT"source/semihost_hardfault.d" -o "source/semihost_hardfault.o" "../source/semihost_hardfault.c"
Finished building: ../source/semihost_hardfault.c
 
Building file: ../drivers/fsl_clock.c
Invoking: MCU C Compiler
arm-none-eabi-gcc -std=gnu99 -D__REDLIB__ -DCPU_MIMXRT1021DAG5A -DCPU_MIMXRT1021DAG5A_cm7 -DXIP_BOOT_HEADER_DCD_ENABLE=1 -DSKIP_SYSCLK_INIT -DSDK_DEBUGCONSOLE=1 -DXIP_EXTERNAL_FLASH=1 -DXIP_BOOT_HEADER_ENABLE=1 -DPRINTF_FLOAT_ENABLE=0 -DSCANF_FLOAT_ENABLE=0 -DPRINTF_ADVANCED_ENABLE=0 -DSCANF_ADVANCED_ENABLE=0 -DSERIAL_PORT_TYPE_UART=1 -DCR_INTEGER_PRINTF -D__MCUXPRESSO -D__USE_CMSIS -DDEBUG -I"/home/bop/Documents/MCUXpresso_11.1.0_3209/workspace/evkmimxrt1020_hello_world/board" -I"/home/bop/Documents/MCUXpresso_11.1.0_3209/workspace/evkmimxrt1020_hello_world/source" -I"/home/bop/Documents/MCUXpresso_11.1.0_3209/workspace/evkmimxrt1020_hello_world" -I"/home/bop/Documents/MCUXpresso_11.1.0_3209/workspace/evkmimxrt1020_hello_world/drivers" -I"/home/bop/Documents/MCUXpresso_11.1.0_3209/workspace/evkmimxrt1020_hello_world/device" -I"/home/bop/Documents/MCUXpresso_11.1.0_3209/workspace/evkmimxrt1020_hello_world/CMSIS" -I"/home/bop/Documents/MCUXpresso_11.1.0_3209/workspace/evkmimxrt1020_hello_world/utilities" -I"/home/bop/Documents/MCUXpresso_11.1.0_3209/workspace/evkmimxrt1020_hello_world/component/serial_manager" -I"/home/bop/Documents/MCUXpresso_11.1.0_3209/workspace/evkmimxrt1020_hello_world/component/lists" -I"/home/bop/Documents/MCUXpresso_11.1.0_3209/workspace/evkmimxrt1020_hello_world/component/uart" -I"/home/bop/Documents/MCUXpresso_11.1.0_3209/workspace/evkmimxrt1020_hello_world/xip" -O0 -fno-common -g3 -Wall -c  -ffunction-sections  -fdata-sections  -ffreestanding  -fno-builtin -fmerge-constants -fmacro-prefix-map="../drivers/"=. -mcpu=cortex-m7 -mfpu=fpv5-d16 -mfloat-abi=hard -mthumb -D__REDLIB__ -fstack-usage -specs=redlib.specs -MMD -MP -MF"drivers/fsl_clock.d" -MT"drivers/fsl_clock.o" -MT"drivers/fsl_clock.d" -o "drivers/fsl_clock.o" "../drivers/fsl_clock.c"
Finished building: ../xip/evkmimxrt1020_flexspi_nor_config.c
 
Building file: ../drivers/fsl_common.c
Finished building: ../startup/startup_mimxrt1021.c
Invoking: MCU C Compiler
Finished building: ../source/hello_world.c
arm-none-eabi-gcc -std=gnu99 -D__REDLIB__ -DCPU_MIMXRT1021DAG5A -DCPU_MIMXRT1021DAG5A_cm7 -DXIP_BOOT_HEADER_DCD_ENABLE=1 -DSKIP_SYSCLK_INIT -DSDK_DEBUGCONSOLE=1 -DXIP_EXTERNAL_FLASH=1 -DXIP_BOOT_HEADER_ENABLE=1 -DPRINTF_FLOAT_ENABLE=0 -DSCANF_FLOAT_ENABLE=0 -DPRINTF_ADVANCED_ENABLE=0 -DSCANF_ADVANCED_ENABLE=0 -DSERIAL_PORT_TYPE_UART=1 -DCR_INTEGER_PRINTF -D__MCUXPRESSO -D__USE_CMSIS -DDEBUG -I"/home/bop/Documents/MCUXpresso_11.1.0_3209/workspace/evkmimxrt1020_hello_world/board" -I"/home/bop/Documents/MCUXpresso_11.1.0_3209/workspace/evkmimxrt1020_hello_world/source" -I"/home/bop/Documents/MCUXpresso_11.1.0_3209/workspace/evkmimxrt1020_hello_world" -I"/home/bop/Documents/MCUXpresso_11.1.0_3209/workspace/evkmimxrt1020_hello_world/drivers" -I"/home/bop/Documents/MCUXpresso_11.1.0_3209/workspace/evkmimxrt1020_hello_world/device" -I"/home/bop/Documents/MCUXpresso_11.1.0_3209/workspace/evkmimxrt1020_hello_world/CMSIS" -I"/home/bop/Documents/MCUXpresso_11.1.0_3209/workspace/evkmimxrt1020_hello_world/utilities" -I"/home/bop/Documents/MCUXpresso_11.1.0_3209/workspace/evkmimxrt1020_hello_world/component/serial_manager" -I"/home/bop/Documents/MCUXpresso_11.1.0_3209/workspace/evkmimxrt1020_hello_world/component/lists" -I"/home/bop/Documents/MCUXpresso_11.1.0_3209/workspace/evkmimxrt1020_hello_world/component/uart" -I"/home/bop/Documents/MCUXpresso_11.1.0_3209/workspace/evkmimxrt1020_hello_world/xip" -O0 -fno-common -g3 -Wall -c  -ffunction-sections  -fdata-sections  -ffreestanding  -fno-builtin -fmerge-constants -fmacro-prefix-map="../drivers/"=. -mcpu=cortex-m7 -mfpu=fpv5-d16 -mfloat-abi=hard -mthumb -D__REDLIB__ -fstack-usage -specs=redlib.specs -MMD -MP -MF"drivers/fsl_common.d" -MT"drivers/fsl_common.o" -MT"drivers/fsl_common.d" -o "drivers/fsl_common.o" "../drivers/fsl_common.c"
 
Building file: ../drivers/fsl_gpio.c
Invoking: MCU C Compiler
arm-none-eabi-gcc -std=gnu99 -D__REDLIB__ -DCPU_MIMXRT1021DAG5A -DCPU_MIMXRT1021DAG5A_cm7 -DXIP_BOOT_HEADER_DCD_ENABLE=1 -DSKIP_SYSCLK_INIT -DSDK_DEBUGCONSOLE=1 -DXIP_EXTERNAL_FLASH=1 -DXIP_BOOT_HEADER_ENABLE=1 -DPRINTF_FLOAT_ENABLE=0 -DSCANF_FLOAT_ENABLE=0 -DPRINTF_ADVANCED_ENABLE=0 -DSCANF_ADVANCED_ENABLE=0 -DSERIAL_PORT_TYPE_UART=1 -DCR_INTEGER_PRINTF -D__MCUXPRESSO -D__USE_CMSIS -DDEBUG -I"/home/bop/Documents/MCUXpresso_11.1.0_3209/workspace/evkmimxrt1020_hello_world/board" -I"/home/bop/Documents/MCUXpresso_11.1.0_3209/workspace/evkmimxrt1020_hello_world/source" -I"/home/bop/Documents/MCUXpresso_11.1.0_3209/workspace/evkmimxrt1020_hello_world" -I"/home/bop/Documents/MCUXpresso_11.1.0_3209/workspace/evkmimxrt1020_hello_world/drivers" -I"/home/bop/Documents/MCUXpresso_11.1.0_3209/workspace/evkmimxrt1020_hello_world/device" -I"/home/bop/Documents/MCUXpresso_11.1.0_3209/workspace/evkmimxrt1020_hello_world/CMSIS" -I"/home/bop/Documents/MCUXpresso_11.1.0_3209/workspace/evkmimxrt1020_hello_world/utilities" -I"/home/bop/Documents/MCUXpresso_11.1.0_3209/workspace/evkmimxrt1020_hello_world/component/serial_manager" -I"/home/bop/Documents/MCUXpresso_11.1.0_3209/workspace/evkmimxrt1020_hello_world/component/lists" -I"/home/bop/Documents/MCUXpresso_11.1.0_3209/workspace/evkmimxrt1020_hello_world/component/uart" -I"/home/bop/Documents/MCUXpresso_11.1.0_3209/workspace/evkmimxrt1020_hello_world/xip" -O0 -fno-common -g3 -Wall -c  -ffunction-sections  -fdata-sections  -ffreestanding  -fno-builtin -fmerge-constants -fmacro-prefix-map="../drivers/"=. -mcpu=cortex-m7 -mfpu=fpv5-d16 -mfloat-abi=hard -mthumb -D__REDLIB__ -fstack-usage -specs=redlib.specs -MMD -MP -MF"drivers/fsl_gpio.d" -MT"drivers/fsl_gpio.o" -MT"drivers/fsl_gpio.d" -o "drivers/fsl_gpio.o" "../drivers/fsl_gpio.c"
Finished building: ../utilities/fsl_assert.c
 
Finished building: ../xip/fsl_flexspi_nor_boot.c
 
Building file: ../drivers/fsl_lpuart.c
Building file: ../device/system_MIMXRT1021.c
Invoking: MCU C Compiler
arm-none-eabi-gcc -std=gnu99 -D__REDLIB__ -DCPU_MIMXRT1021DAG5A -DCPU_MIMXRT1021DAG5A_cm7 -DXIP_BOOT_HEADER_DCD_ENABLE=1 -DSKIP_SYSCLK_INIT -DSDK_DEBUGCONSOLE=1 -DXIP_EXTERNAL_FLASH=1 -DXIP_BOOT_HEADER_ENABLE=1 -DPRINTF_FLOAT_ENABLE=0 -DSCANF_FLOAT_ENABLE=0 -DPRINTF_ADVANCED_ENABLE=0 -DSCANF_ADVANCED_ENABLE=0 -DSERIAL_PORT_TYPE_UART=1 -DCR_INTEGER_PRINTF -D__MCUXPRESSO -D__USE_CMSIS -DDEBUG -I"/home/bop/Documents/MCUXpresso_11.1.0_3209/workspace/evkmimxrt1020_hello_world/board" -I"/home/bop/Documents/MCUXpresso_11.1.0_3209/workspace/evkmimxrt1020_hello_world/source" -I"/home/bop/Documents/MCUXpresso_11.1.0_3209/workspace/evkmimxrt1020_hello_world" -I"/home/bop/Documents/MCUXpresso_11.1.0_3209/workspace/evkmimxrt1020_hello_world/drivers" -I"/home/bop/Documents/MCUXpresso_11.1.0_3209/workspace/evkmimxrt1020_hello_world/device" -I"/home/bop/Documents/MCUXpresso_11.1.0_3209/workspace/evkmimxrt1020_hello_world/CMSIS" -I"/home/bop/Documents/MCUXpresso_11.1.0_3209/workspace/evkmimxrt1020_hello_world/utilities" -I"/home/bop/Documents/MCUXpresso_11.1.0_3209/workspace/evkmimxrt1020_hello_world/component/serial_manager" -I"/home/bop/Documents/MCUXpresso_11.1.0_3209/workspace/evkmimxrt1020_hello_world/component/lists" -I"/home/bop/Documents/MCUXpresso_11.1.0_3209/workspace/evkmimxrt1020_hello_world/component/uart" -I"/home/bop/Documents/MCUXpresso_11.1.0_3209/workspace/evkmimxrt1020_hello_world/xip" -O0 -fno-common -g3 -Wall -c  -ffunction-sections  -fdata-sections  -ffreestanding  -fno-builtin -fmerge-constants -fmacro-prefix-map="../device/"=. -mcpu=cortex-m7 -mfpu=fpv5-d16 -mfloat-abi=hard -mthumb -D__REDLIB__ -fstack-usage -specs=redlib.specs -MMD -MP -MF"device/system_MIMXRT1021.d" -MT"device/system_MIMXRT1021.o" -MT"device/system_MIMXRT1021.d" -o "device/system_MIMXRT1021.o" "../device/system_MIMXRT1021.c"
Invoking: MCU C Compiler
arm-none-eabi-gcc -std=gnu99 -D__REDLIB__ -DCPU_MIMXRT1021DAG5A -DCPU_MIMXRT1021DAG5A_cm7 -DXIP_BOOT_HEADER_DCD_ENABLE=1 -DSKIP_SYSCLK_INIT -DSDK_DEBUGCONSOLE=1 -DXIP_EXTERNAL_FLASH=1 -DXIP_BOOT_HEADER_ENABLE=1 -DPRINTF_FLOAT_ENABLE=0 -DSCANF_FLOAT_ENABLE=0 -DPRINTF_ADVANCED_ENABLE=0 -DSCANF_ADVANCED_ENABLE=0 -DSERIAL_PORT_TYPE_UART=1 -DCR_INTEGER_PRINTF -D__MCUXPRESSO -D__USE_CMSIS -DDEBUG -I"/home/bop/Documents/MCUXpresso_11.1.0_3209/workspace/evkmimxrt1020_hello_world/board" -I"/home/bop/Documents/MCUXpresso_11.1.0_3209/workspace/evkmimxrt1020_hello_world/source" -I"/home/bop/Documents/MCUXpresso_11.1.0_3209/workspace/evkmimxrt1020_hello_world" -I"/home/bop/Documents/MCUXpresso_11.1.0_3209/workspace/evkmimxrt1020_hello_world/drivers" -I"/home/bop/Documents/MCUXpresso_11.1.0_3209/workspace/evkmimxrt1020_hello_world/device" -I"/home/bop/Documents/MCUXpresso_11.1.0_3209/workspace/evkmimxrt1020_hello_world/CMSIS" -I"/home/bop/Documents/MCUXpresso_11.1.0_3209/workspace/evkmimxrt1020_hello_world/utilities" -I"/home/bop/Documents/MCUXpresso_11.1.0_3209/workspace/evkmimxrt1020_hello_world/component/serial_manager" -I"/home/bop/Documents/MCUXpresso_11.1.0_3209/workspace/evkmimxrt1020_hello_world/component/lists" -I"/home/bop/Documents/MCUXpresso_11.1.0_3209/workspace/evkmimxrt1020_hello_world/component/uart" -I"/home/bop/Documents/MCUXpresso_11.1.0_3209/workspace/evkmimxrt1020_hello_world/xip" -O0 -fno-common -g3 -Wall -c  -ffunction-sections  -fdata-sections  -ffreestanding  -fno-builtin -fmerge-constants -fmacro-prefix-map="../drivers/"=. -mcpu=cortex-m7 -mfpu=fpv5-d16 -mfloat-abi=hard -mthumb -D__REDLIB__ -fstack-usage -specs=redlib.specs -MMD -MP -MF"drivers/fsl_lpuart.d" -MT"drivers/fsl_lpuart.o" -MT"drivers/fsl_lpuart.d" -o "drivers/fsl_lpuart.o" "../drivers/fsl_lpuart.c"
 
Building file: ../component/uart/lpuart_adapter.c
Invoking: MCU C Compiler
arm-none-eabi-gcc -std=gnu99 -D__REDLIB__ -DCPU_MIMXRT1021DAG5A -DCPU_MIMXRT1021DAG5A_cm7 -DXIP_BOOT_HEADER_DCD_ENABLE=1 -DSKIP_SYSCLK_INIT -DSDK_DEBUGCONSOLE=1 -DXIP_EXTERNAL_FLASH=1 -DXIP_BOOT_HEADER_ENABLE=1 -DPRINTF_FLOAT_ENABLE=0 -DSCANF_FLOAT_ENABLE=0 -DPRINTF_ADVANCED_ENABLE=0 -DSCANF_ADVANCED_ENABLE=0 -DSERIAL_PORT_TYPE_UART=1 -DCR_INTEGER_PRINTF -D__MCUXPRESSO -D__USE_CMSIS -DDEBUG -I"/home/bop/Documents/MCUXpresso_11.1.0_3209/workspace/evkmimxrt1020_hello_world/board" -I"/home/bop/Documents/MCUXpresso_11.1.0_3209/workspace/evkmimxrt1020_hello_world/source" -I"/home/bop/Documents/MCUXpresso_11.1.0_3209/workspace/evkmimxrt1020_hello_world" -I"/home/bop/Documents/MCUXpresso_11.1.0_3209/workspace/evkmimxrt1020_hello_world/drivers" -I"/home/bop/Documents/MCUXpresso_11.1.0_3209/workspace/evkmimxrt1020_hello_world/device" -I"/home/bop/Documents/MCUXpresso_11.1.0_3209/workspace/evkmimxrt1020_hello_world/CMSIS" -I"/home/bop/Documents/MCUXpresso_11.1.0_3209/workspace/evkmimxrt1020_hello_world/utilities" -I"/home/bop/Documents/MCUXpresso_11.1.0_3209/workspace/evkmimxrt1020_hello_world/component/serial_manager" -I"/home/bop/Documents/MCUXpresso_11.1.0_3209/workspace/evkmimxrt1020_hello_world/component/lists" -I"/home/bop/Documents/MCUXpresso_11.1.0_3209/workspace/evkmimxrt1020_hello_world/component/uart" -I"/home/bop/Documents/MCUXpresso_11.1.0_3209/workspace/evkmimxrt1020_hello_world/xip" -O0 -fno-common -g3 -Wall -c  -ffunction-sections  -fdata-sections  -ffreestanding  -fno-builtin -fmerge-constants -fmacro-prefix-map="../component/uart/"=. -mcpu=cortex-m7 -mfpu=fpv5-d16 -mfloat-abi=hard -mthumb -D__REDLIB__ -fstack-usage -specs=redlib.specs -MMD -MP -MF"component/uart/lpuart_adapter.d" -MT"component/uart/lpuart_adapter.o" -MT"component/uart/lpuart_adapter.d" -o "component/uart/lpuart_adapter.o" "../component/uart/lpuart_adapter.c"
Finished building: ../utilities/fsl_str.c
 
Building file: ../component/serial_manager/serial_manager.c
Invoking: MCU C Compiler
arm-none-eabi-gcc -std=gnu99 -D__REDLIB__ -DCPU_MIMXRT1021DAG5A -DCPU_MIMXRT1021DAG5A_cm7 -DXIP_BOOT_HEADER_DCD_ENABLE=1 -DSKIP_SYSCLK_INIT -DSDK_DEBUGCONSOLE=1 -DXIP_EXTERNAL_FLASH=1 -DXIP_BOOT_HEADER_ENABLE=1 -DPRINTF_FLOAT_ENABLE=0 -DSCANF_FLOAT_ENABLE=0 -DPRINTF_ADVANCED_ENABLE=0 -DSCANF_ADVANCED_ENABLE=0 -DSERIAL_PORT_TYPE_UART=1 -DCR_INTEGER_PRINTF -D__MCUXPRESSO -D__USE_CMSIS -DDEBUG -I"/home/bop/Documents/MCUXpresso_11.1.0_3209/workspace/evkmimxrt1020_hello_world/board" -I"/home/bop/Documents/MCUXpresso_11.1.0_3209/workspace/evkmimxrt1020_hello_world/source" -I"/home/bop/Documents/MCUXpresso_11.1.0_3209/workspace/evkmimxrt1020_hello_world" -I"/home/bop/Documents/MCUXpresso_11.1.0_3209/workspace/evkmimxrt1020_hello_world/drivers" -I"/home/bop/Documents/MCUXpresso_11.1.0_3209/workspace/evkmimxrt1020_hello_world/device" -I"/home/bop/Documents/MCUXpresso_11.1.0_3209/workspace/evkmimxrt1020_hello_world/CMSIS" -I"/home/bop/Documents/MCUXpresso_11.1.0_3209/workspace/evkmimxrt1020_hello_world/utilities" -I"/home/bop/Documents/MCUXpresso_11.1.0_3209/workspace/evkmimxrt1020_hello_world/component/serial_manager" -I"/home/bop/Documents/MCUXpresso_11.1.0_3209/workspace/evkmimxrt1020_hello_world/component/lists" -I"/home/bop/Documents/MCUXpresso_11.1.0_3209/workspace/evkmimxrt1020_hello_world/component/uart" -I"/home/bop/Documents/MCUXpresso_11.1.0_3209/workspace/evkmimxrt1020_hello_world/xip" -O0 -fno-common -g3 -Wall -c  -ffunction-sections  -fdata-sections  -ffreestanding  -fno-builtin -fmerge-constants -fmacro-prefix-map="../component/serial_manager/"=. -mcpu=cortex-m7 -mfpu=fpv5-d16 -mfloat-abi=hard -mthumb -D__REDLIB__ -fstack-usage -specs=redlib.specs -MMD -MP -MF"component/serial_manager/serial_manager.d" -MT"component/serial_manager/serial_manager.o" -MT"component/serial_manager/serial_manager.d" -o "component/serial_manager/serial_manager.o" "../component/serial_manager/serial_manager.c"
Finished building: ../utilities/fsl_debug_console.c
 
Building file: ../component/serial_manager/serial_port_uart.c
Invoking: MCU C Compiler
arm-none-eabi-gcc -std=gnu99 -D__REDLIB__ -DCPU_MIMXRT1021DAG5A -DCPU_MIMXRT1021DAG5A_cm7 -DXIP_BOOT_HEADER_DCD_ENABLE=1 -DSKIP_SYSCLK_INIT -DSDK_DEBUGCONSOLE=1 -DXIP_EXTERNAL_FLASH=1 -DXIP_BOOT_HEADER_ENABLE=1 -DPRINTF_FLOAT_ENABLE=0 -DSCANF_FLOAT_ENABLE=0 -DPRINTF_ADVANCED_ENABLE=0 -DSCANF_ADVANCED_ENABLE=0 -DSERIAL_PORT_TYPE_UART=1 -DCR_INTEGER_PRINTF -D__MCUXPRESSO -D__USE_CMSIS -DDEBUG -I"/home/bop/Documents/MCUXpresso_11.1.0_3209/workspace/evkmimxrt1020_hello_world/board" -I"/home/bop/Documents/MCUXpresso_11.1.0_3209/workspace/evkmimxrt1020_hello_world/source" -I"/home/bop/Documents/MCUXpresso_11.1.0_3209/workspace/evkmimxrt1020_hello_world" -I"/home/bop/Documents/MCUXpresso_11.1.0_3209/workspace/evkmimxrt1020_hello_world/drivers" -I"/home/bop/Documents/MCUXpresso_11.1.0_3209/workspace/evkmimxrt1020_hello_world/device" -I"/home/bop/Documents/MCUXpresso_11.1.0_3209/workspace/evkmimxrt1020_hello_world/CMSIS" -I"/home/bop/Documents/MCUXpresso_11.1.0_3209/workspace/evkmimxrt1020_hello_world/utilities" -I"/home/bop/Documents/MCUXpresso_11.1.0_3209/workspace/evkmimxrt1020_hello_world/component/serial_manager" -I"/home/bop/Documents/MCUXpresso_11.1.0_3209/workspace/evkmimxrt1020_hello_world/component/lists" -I"/home/bop/Documents/MCUXpresso_11.1.0_3209/workspace/evkmimxrt1020_hello_world/component/uart" -I"/home/bop/Documents/MCUXpresso_11.1.0_3209/workspace/evkmimxrt1020_hello_world/xip" -O0 -fno-common -g3 -Wall -c  -ffunction-sections  -fdata-sections  -ffreestanding  -fno-builtin -fmerge-constants -fmacro-prefix-map="../component/serial_manager/"=. -mcpu=cortex-m7 -mfpu=fpv5-d16 -mfloat-abi=hard -mthumb -D__REDLIB__ -fstack-usage -specs=redlib.specs -MMD -MP -MF"component/serial_manager/serial_port_uart.d" -MT"component/serial_manager/serial_port_uart.o" -MT"component/serial_manager/serial_port_uart.d" -o "component/serial_manager/serial_port_uart.o" "../component/serial_manager/serial_port_uart.c"
Finished building: ../drivers/fsl_clock.c
 
Building file: ../component/lists/generic_list.c
Invoking: MCU C Compiler
arm-none-eabi-gcc -std=gnu99 -D__REDLIB__ -DCPU_MIMXRT1021DAG5A -DCPU_MIMXRT1021DAG5A_cm7 -DXIP_BOOT_HEADER_DCD_ENABLE=1 -DSKIP_SYSCLK_INIT -DSDK_DEBUGCONSOLE=1 -DXIP_EXTERNAL_FLASH=1 -DXIP_BOOT_HEADER_ENABLE=1 -DPRINTF_FLOAT_ENABLE=0 -DSCANF_FLOAT_ENABLE=0 -DPRINTF_ADVANCED_ENABLE=0 -DSCANF_ADVANCED_ENABLE=0 -DSERIAL_PORT_TYPE_UART=1 -DCR_INTEGER_PRINTF -D__MCUXPRESSO -D__USE_CMSIS -DDEBUG -I"/home/bop/Documents/MCUXpresso_11.1.0_3209/workspace/evkmimxrt1020_hello_world/board" -I"/home/bop/Documents/MCUXpresso_11.1.0_3209/workspace/evkmimxrt1020_hello_world/source" -I"/home/bop/Documents/MCUXpresso_11.1.0_3209/workspace/evkmimxrt1020_hello_world" -I"/home/bop/Documents/MCUXpresso_11.1.0_3209/workspace/evkmimxrt1020_hello_world/drivers" -I"/home/bop/Documents/MCUXpresso_11.1.0_3209/workspace/evkmimxrt1020_hello_world/device" -I"/home/bop/Documents/MCUXpresso_11.1.0_3209/workspace/evkmimxrt1020_hello_world/CMSIS" -I"/home/bop/Documents/MCUXpresso_11.1.0_3209/workspace/evkmimxrt1020_hello_world/utilities" -I"/home/bop/Documents/MCUXpresso_11.1.0_3209/workspace/evkmimxrt1020_hello_world/component/serial_manager" -I"/home/bop/Documents/MCUXpresso_11.1.0_3209/workspace/evkmimxrt1020_hello_world/component/lists" -I"/home/bop/Documents/MCUXpresso_11.1.0_3209/workspace/evkmimxrt1020_hello_world/component/uart" -I"/home/bop/Documents/MCUXpresso_11.1.0_3209/workspace/evkmimxrt1020_hello_world/xip" -O0 -fno-common -g3 -Wall -c  -ffunction-sections  -fdata-sections  -ffreestanding  -fno-builtin -fmerge-constants -fmacro-prefix-map="../component/lists/"=. -mcpu=cortex-m7 -mfpu=fpv5-d16 -mfloat-abi=hard -mthumb -D__REDLIB__ -fstack-usage -specs=redlib.specs -MMD -MP -MF"component/lists/generic_list.d" -MT"component/lists/generic_list.o" -MT"component/lists/generic_list.d" -o "component/lists/generic_list.o" "../component/lists/generic_list.c"
Finished building: ../drivers/fsl_gpio.c
 
Building file: ../board/board.c
Invoking: MCU C Compiler
arm-none-eabi-gcc -std=gnu99 -D__REDLIB__ -DCPU_MIMXRT1021DAG5A -DCPU_MIMXRT1021DAG5A_cm7 -DXIP_BOOT_HEADER_DCD_ENABLE=1 -DSKIP_SYSCLK_INIT -DSDK_DEBUGCONSOLE=1 -DXIP_EXTERNAL_FLASH=1 -DXIP_BOOT_HEADER_ENABLE=1 -DPRINTF_FLOAT_ENABLE=0 -DSCANF_FLOAT_ENABLE=0 -DPRINTF_ADVANCED_ENABLE=0 -DSCANF_ADVANCED_ENABLE=0 -DSERIAL_PORT_TYPE_UART=1 -DCR_INTEGER_PRINTF -D__MCUXPRESSO -D__USE_CMSIS -DDEBUG -I"/home/bop/Documents/MCUXpresso_11.1.0_3209/workspace/evkmimxrt1020_hello_world/board" -I"/home/bop/Documents/MCUXpresso_11.1.0_3209/workspace/evkmimxrt1020_hello_world/source" -I"/home/bop/Documents/MCUXpresso_11.1.0_3209/workspace/evkmimxrt1020_hello_world" -I"/home/bop/Documents/MCUXpresso_11.1.0_3209/workspace/evkmimxrt1020_hello_world/drivers" -I"/home/bop/Documents/MCUXpresso_11.1.0_3209/workspace/evkmimxrt1020_hello_world/device" -I"/home/bop/Documents/MCUXpresso_11.1.0_3209/workspace/evkmimxrt1020_hello_world/CMSIS" -I"/home/bop/Documents/MCUXpresso_11.1.0_3209/workspace/evkmimxrt1020_hello_world/utilities" -I"/home/bop/Documents/MCUXpresso_11.1.0_3209/workspace/evkmimxrt1020_hello_world/component/serial_manager" -I"/home/bop/Documents/MCUXpresso_11.1.0_3209/workspace/evkmimxrt1020_hello_world/component/lists" -I"/home/bop/Documents/MCUXpresso_11.1.0_3209/workspace/evkmimxrt1020_hello_world/component/uart" -I"/home/bop/Documents/MCUXpresso_11.1.0_3209/workspace/evkmimxrt1020_hello_world/xip" -O0 -fno-common -g3 -Wall -c  -ffunction-sections  -fdata-sections  -ffreestanding  -fno-builtin -fmerge-constants -fmacro-prefix-map="../board/"=. -mcpu=cortex-m7 -mfpu=fpv5-d16 -mfloat-abi=hard -mthumb -D__REDLIB__ -fstack-usage -specs=redlib.specs -MMD -MP -MF"board/board.d" -MT"board/board.o" -MT"board/board.d" -o "board/board.o" "../board/board.c"
Finished building: ../device/system_MIMXRT1021.c
 
Finished building: ../component/uart/lpuart_adapter.c
Building file: ../board/clock_config.c
 
Invoking: MCU C Compiler
arm-none-eabi-gcc -std=gnu99 -D__REDLIB__ -DCPU_MIMXRT1021DAG5A -DCPU_MIMXRT1021DAG5A_cm7 -DXIP_BOOT_HEADER_DCD_ENABLE=1 -DSKIP_SYSCLK_INIT -DSDK_DEBUGCONSOLE=1 -DXIP_EXTERNAL_FLASH=1 -DXIP_BOOT_HEADER_ENABLE=1 -DPRINTF_FLOAT_ENABLE=0 -DSCANF_FLOAT_ENABLE=0 -DPRINTF_ADVANCED_ENABLE=0 -DSCANF_ADVANCED_ENABLE=0 -DSERIAL_PORT_TYPE_UART=1 -DCR_INTEGER_PRINTF -D__MCUXPRESSO -D__USE_CMSIS -DDEBUG -I"/home/bop/Documents/MCUXpresso_11.1.0_3209/workspace/evkmimxrt1020_hello_world/board" -I"/home/bop/Documents/MCUXpresso_11.1.0_3209/workspace/evkmimxrt1020_hello_world/source" -I"/home/bop/Documents/MCUXpresso_11.1.0_3209/workspace/evkmimxrt1020_hello_world" -I"/home/bop/Documents/MCUXpresso_11.1.0_3209/workspace/evkmimxrt1020_hello_world/drivers" -I"/home/bop/Documents/MCUXpresso_11.1.0_3209/workspace/evkmimxrt1020_hello_world/device" -I"/home/bop/Documents/MCUXpresso_11.1.0_3209/workspace/evkmimxrt1020_hello_world/CMSIS" -I"/home/bop/Documents/MCUXpresso_11.1.0_3209/workspace/evkmimxrt1020_hello_world/utilities" -I"/home/bop/Documents/MCUXpresso_11.1.0_3209/workspace/evkmimxrt1020_hello_world/component/serial_manager" -I"/home/bop/Documents/MCUXpresso_11.1.0_3209/workspace/evkmimxrt1020_hello_world/component/lists" -I"/home/bop/Documents/MCUXpresso_11.1.0_3209/workspace/evkmimxrt1020_hello_world/component/uart" -I"/home/bop/Documents/MCUXpresso_11.1.0_3209/workspace/evkmimxrt1020_hello_world/xip" -O0 -fno-common -g3 -Wall -c  -ffunction-sections  -fdata-sections  -ffreestanding  -fno-builtin -fmerge-constants -fmacro-prefix-map="../board/"=. -mcpu=cortex-m7 -mfpu=fpv5-d16 -mfloat-abi=hard -mthumb -D__REDLIB__ -fstack-usage -specs=redlib.specs -MMD -MP -MF"board/clock_config.d" -MT"board/clock_config.o" -MT"board/clock_config.d" -o "board/clock_config.o" "../board/clock_config.c"
Building file: ../board/pin_mux.c
Invoking: MCU C Compiler
arm-none-eabi-gcc -std=gnu99 -D__REDLIB__ -DCPU_MIMXRT1021DAG5A -DCPU_MIMXRT1021DAG5A_cm7 -DXIP_BOOT_HEADER_DCD_ENABLE=1 -DSKIP_SYSCLK_INIT -DSDK_DEBUGCONSOLE=1 -DXIP_EXTERNAL_FLASH=1 -DXIP_BOOT_HEADER_ENABLE=1 -DPRINTF_FLOAT_ENABLE=0 -DSCANF_FLOAT_ENABLE=0 -DPRINTF_ADVANCED_ENABLE=0 -DSCANF_ADVANCED_ENABLE=0 -DSERIAL_PORT_TYPE_UART=1 -DCR_INTEGER_PRINTF -D__MCUXPRESSO -D__USE_CMSIS -DDEBUG -I"/home/bop/Documents/MCUXpresso_11.1.0_3209/workspace/evkmimxrt1020_hello_world/board" -I"/home/bop/Documents/MCUXpresso_11.1.0_3209/workspace/evkmimxrt1020_hello_world/source" -I"/home/bop/Documents/MCUXpresso_11.1.0_3209/workspace/evkmimxrt1020_hello_world" -I"/home/bop/Documents/MCUXpresso_11.1.0_3209/workspace/evkmimxrt1020_hello_world/drivers" -I"/home/bop/Documents/MCUXpresso_11.1.0_3209/workspace/evkmimxrt1020_hello_world/device" -I"/home/bop/Documents/MCUXpresso_11.1.0_3209/workspace/evkmimxrt1020_hello_world/CMSIS" -I"/home/bop/Documents/MCUXpresso_11.1.0_3209/workspace/evkmimxrt1020_hello_world/utilities" -I"/home/bop/Documents/MCUXpresso_11.1.0_3209/workspace/evkmimxrt1020_hello_world/component/serial_manager" -I"/home/bop/Documents/MCUXpresso_11.1.0_3209/workspace/evkmimxrt1020_hello_world/component/lists" -I"/home/bop/Documents/MCUXpresso_11.1.0_3209/workspace/evkmimxrt1020_hello_world/component/uart" -I"/home/bop/Documents/MCUXpresso_11.1.0_3209/workspace/evkmimxrt1020_hello_world/xip" -O0 -fno-common -g3 -Wall -c  -ffunction-sections  -fdata-sections  -ffreestanding  -fno-builtin -fmerge-constants -fmacro-prefix-map="../board/"=. -mcpu=cortex-m7 -mfpu=fpv5-d16 -mfloat-abi=hard -mthumb -D__REDLIB__ -fstack-usage -specs=redlib.specs -MMD -MP -MF"board/pin_mux.d" -MT"board/pin_mux.o" -MT"board/pin_mux.d" -o "board/pin_mux.o" "../board/pin_mux.c"
Finished building: ../drivers/fsl_common.c
 
Finished building: ../component/serial_manager/serial_port_uart.c
 
Finished building: ../drivers/fsl_lpuart.c
 
Finished building: ../component/serial_manager/serial_manager.c
 
Finished building: ../component/lists/generic_list.c
 
Finished building: ../board/clock_config.c
 
Finished building: ../board/board.c
 
Finished building: ../board/pin_mux.c
 
Building target: evkmimxrt1020_hello_world.axf
Invoking: MCU Linker
arm-none-eabi-gcc -nostdlib -Xlinker -Map="evkmimxrt1020_hello_world.map" -Xlinker --gc-sections -Xlinker -print-memory-usage -Xlinker --sort-section=alignment -Xlinker --cref -mcpu=cortex-m7 -mfpu=fpv5-d16 -mfloat-abi=hard -mthumb -T evkmimxrt1020_hello_world_Debug.ld -o "evkmimxrt1020_hello_world.axf"  ./xip/evkmimxrt1020_flexspi_nor_config.o ./xip/evkmimxrt1020_sdram_ini_dcd.o ./xip/fsl_flexspi_nor_boot.o  ./utilities/fsl_assert.o ./utilities/fsl_debug_console.o ./utilities/fsl_str.o  ./startup/startup_mimxrt1021.o  ./source/hello_world.o ./source/semihost_hardfault.o  ./drivers/fsl_clock.o ./drivers/fsl_common.o ./drivers/fsl_gpio.o ./drivers/fsl_lpuart.o  ./device/system_MIMXRT1021.o  ./component/uart/lpuart_adapter.o  ./component/serial_manager/serial_manager.o ./component/serial_manager/serial_port_uart.o  ./component/lists/generic_list.o  ./board/board.o ./board/clock_config.o ./board/pin_mux.o   
Memory region         Used Size  Region Size  %age Used
     BOARD_FLASH:       25104 B         8 MB      0.30%
     BOARD_SDRAM:        8460 B        30 MB      0.03%
   NCACHE_REGION:          0 GB         2 MB      0.00%
        SRAM_DTC:          0 GB        64 KB      0.00%
        SRAM_ITC:          0 GB        64 KB      0.00%
         SRAM_OC:          0 GB       128 KB      0.00%
Finished building target: evkmimxrt1020_hello_world.axf
 
make --no-print-directory post-build
Performing post-build steps
arm-none-eabi-size "evkmimxrt1020_hello_world.axf"; # arm-none-eabi-objcopy -v -O binary "evkmimxrt1020_hello_world.axf" "evkmimxrt1020_hello_world.bin" ; # checksum -p MIMXRT1021xxxxx -d "evkmimxrt1020_hello_world.bin";
   text	   data	    bss	    dec	    hex	filename
  25100	      4	   8456	  33560	   8318	evkmimxrt1020_hello_world.axf
 
22:57:44 **** Incremental Build of configuration Debug for project evkmimxrt1020_hello_world ****
make -r -j8 all 
make: Nothing to be done for 'all'.
22:59:32 **** Incremental Build of configuration Debug for project evkmimxrt1020_hello_world ****
make -r -j8 all 
Building file: ../source/hello_world.c
Invoking: MCU C Compiler
arm-none-eabi-gcc -std=gnu99 -D__REDLIB__ -DCPU_MIMXRT1021DAG5A -DCPU_MIMXRT1021DAG5A_cm7 -DXIP_BOOT_HEADER_DCD_ENABLE=1 -DSKIP_SYSCLK_INIT -DSDK_DEBUGCONSOLE=1 -DXIP_EXTERNAL_FLASH=1 -DXIP_BOOT_HEADER_ENABLE=1 -DPRINTF_FLOAT_ENABLE=0 -DSCANF_FLOAT_ENABLE=0 -DPRINTF_ADVANCED_ENABLE=0 -DSCANF_ADVANCED_ENABLE=0 -DSERIAL_PORT_TYPE_UART=1 -DCR_INTEGER_PRINTF -D__MCUXPRESSO -D__USE_CMSIS -DDEBUG -I"/home/bop/Documents/MCUXpresso_11.1.0_3209/workspace/evkmimxrt1020_hello_world/board" -I"/home/bop/Documents/MCUXpresso_11.1.0_3209/workspace/evkmimxrt1020_hello_world/source" -I"/home/bop/Documents/MCUXpresso_11.1.0_3209/workspace/evkmimxrt1020_hello_world" -I"/home/bop/Documents/MCUXpresso_11.1.0_3209/workspace/evkmimxrt1020_hello_world/drivers" -I"/home/bop/Documents/MCUXpresso_11.1.0_3209/workspace/evkmimxrt1020_hello_world/device" -I"/home/bop/Documents/MCUXpresso_11.1.0_3209/workspace/evkmimxrt1020_hello_world/CMSIS" -I"/home/bop/Documents/MCUXpresso_11.1.0_3209/workspace/evkmimxrt1020_hello_world/utilities" -I"/home/bop/Documents/MCUXpresso_11.1.0_3209/workspace/evkmimxrt1020_hello_world/component/serial_manager" -I"/home/bop/Documents/MCUXpresso_11.1.0_3209/workspace/evkmimxrt1020_hello_world/component/lists" -I"/home/bop/Documents/MCUXpresso_11.1.0_3209/workspace/evkmimxrt1020_hello_world/component/uart" -I"/home/bop/Documents/MCUXpresso_11.1.0_3209/workspace/evkmimxrt1020_hello_world/xip" -O0 -fno-common -g3 -Wall -c  -ffunction-sections  -fdata-sections  -ffreestanding  -fno-builtin -fmerge-constants -fmacro-prefix-map="../source/"=. -mcpu=cortex-m7 -mfpu=fpv5-d16 -mfloat-abi=hard -mthumb -D__REDLIB__ -fstack-usage -specs=redlib.specs -MMD -MP -MF"source/hello_world.d" -MT"source/hello_world.o" -MT"source/hello_world.d" -o "source/hello_world.o" "../source/hello_world.c"
../source/hello_world.c: In function 'main':
../source/hello_world.c:40:5: warning: implicit declaration of function 'printf' [-Wimplicit-function-declaration]
     printf("hello world.\r\n");
     ^~~~~~
../source/hello_world.c:40:5: note: 'printf' is defined in header '<stdio.h>'; did you forget to '#include <stdio.h>'?
../source/hello_world.c:15:1:
+#include <stdio.h>
 /*******************************************************************************
../source/hello_world.c:40:5:
     printf("hello world.\r\n");
     ^~~~~~
Finished building: ../source/hello_world.c
 
Building target: evkmimxrt1020_hello_world.axf
Invoking: MCU Linker
arm-none-eabi-gcc -nostdlib -Xlinker -Map="evkmimxrt1020_hello_world.map" -Xlinker --gc-sections -Xlinker -print-memory-usage -Xlinker --sort-section=alignment -Xlinker --cref -mcpu=cortex-m7 -mfpu=fpv5-d16 -mfloat-abi=hard -mthumb -T evkmimxrt1020_hello_world_Debug.ld -o "evkmimxrt1020_hello_world.axf"  ./xip/evkmimxrt1020_flexspi_nor_config.o ./xip/evkmimxrt1020_sdram_ini_dcd.o ./xip/fsl_flexspi_nor_boot.o  ./utilities/fsl_assert.o ./utilities/fsl_debug_console.o ./utilities/fsl_str.o  ./startup/startup_mimxrt1021.o  ./source/hello_world.o ./source/semihost_hardfault.o  ./drivers/fsl_clock.o ./drivers/fsl_common.o ./drivers/fsl_gpio.o ./drivers/fsl_lpuart.o  ./device/system_MIMXRT1021.o  ./component/uart/lpuart_adapter.o  ./component/serial_manager/serial_manager.o ./component/serial_manager/serial_port_uart.o  ./component/lists/generic_list.o  ./board/board.o ./board/clock_config.o ./board/pin_mux.o   
Memory region         Used Size  Region Size  %age Used
     BOARD_FLASH:       31684 B         8 MB      0.38%
     BOARD_SDRAM:        8468 B        30 MB      0.03%
   NCACHE_REGION:          0 GB         2 MB      0.00%
        SRAM_DTC:          0 GB        64 KB      0.00%
        SRAM_ITC:          0 GB        64 KB      0.00%
         SRAM_OC:          0 GB       128 KB      0.00%
Finished building target: evkmimxrt1020_hello_world.axf
 
make --no-print-directory post-build
Performing post-build steps
arm-none-eabi-size "evkmimxrt1020_hello_world.axf"; # arm-none-eabi-objcopy -v -O binary "evkmimxrt1020_hello_world.axf" "evkmimxrt1020_hello_world.bin" ; # checksum -p MIMXRT1021xxxxx -d "evkmimxrt1020_hello_world.bin";
   text	   data	    bss	    dec	    hex	filename
  31680	      4	   8464	  40148	   9cd4	evkmimxrt1020_hello_world.axf
 
23:03:31 **** Build of configuration Debug for project MIMXRT10211st_Project ****
make -r -j8 all 
Building file: ../xip/evkmimxrt1020_flexspi_nor_config.c
Building file: ../xip/evkmimxrt1020_sdram_ini_dcd.c
Building file: ../xip/fsl_flexspi_nor_boot.c
Building file: ../utilities/fsl_debug_console.c
Invoking: MCU C Compiler
Invoking: MCU C Compiler
Building file: ../utilities/fsl_str.c
Invoking: MCU C Compiler
arm-none-eabi-gcc -D__REDLIB__ -DCPU_MIMXRT1021DAG5A -DCPU_MIMXRT1021DAG5A_cm7 -DFSL_RTOS_BM -DSDK_OS_BAREMETAL -DSDK_DEBUGCONSOLE=0 -DCR_INTEGER_PRINTF -DPRINTF_FLOAT_ENABLE=0 -DXIP_EXTERNAL_FLASH=1 -DXIP_BOOT_HEADER_ENABLE=1 -DSERIAL_PORT_TYPE_UART=1 -D__MCUXPRESSO -D__USE_CMSIS -DDEBUG -I"/home/bop/Documents/MCUXpresso_11.1.0_3209/workspace/MIMXRT10211st_Project/board" -I"/home/bop/Documents/MCUXpresso_11.1.0_3209/workspace/MIMXRT10211st_Project/source" -I"/home/bop/Documents/MCUXpresso_11.1.0_3209/workspace/MIMXRT10211st_Project" -I"/home/bop/Documents/MCUXpresso_11.1.0_3209/workspace/MIMXRT10211st_Project/drivers" -I"/home/bop/Documents/MCUXpresso_11.1.0_3209/workspace/MIMXRT10211st_Project/device" -I"/home/bop/Documents/MCUXpresso_11.1.0_3209/workspace/MIMXRT10211st_Project/CMSIS" -I"/home/bop/Documents/MCUXpresso_11.1.0_3209/workspace/MIMXRT10211st_Project/xip" -I"/home/bop/Documents/MCUXpresso_11.1.0_3209/workspace/MIMXRT10211st_Project/utilities" -I"/home/bop/Documents/MCUXpresso_11.1.0_3209/workspace/MIMXRT10211st_Project/component/serial_manager" -I"/home/bop/Documents/MCUXpresso_11.1.0_3209/workspace/MIMXRT10211st_Project/component/lists" -I"/home/bop/Documents/MCUXpresso_11.1.0_3209/workspace/MIMXRT10211st_Project/component/uart" -O0 -fno-common -g3 -Wall -c -ffunction-sections -fdata-sections -ffreestanding -fno-builtin -fmerge-constants -fmacro-prefix-map="../xip/"=. -mcpu=cortex-m7 -mfpu=fpv5-sp-d16 -mfloat-abi=hard -mthumb -D__REDLIB__ -fstack-usage -specs=redlib.specs -MMD -MP -MF"xip/evkmimxrt1020_flexspi_nor_config.d" -MT"xip/evkmimxrt1020_flexspi_nor_config.o" -MT"xip/evkmimxrt1020_flexspi_nor_config.d" -o "xip/evkmimxrt1020_flexspi_nor_config.o" "../xip/evkmimxrt1020_flexspi_nor_config.c"
arm-none-eabi-gcc -D__REDLIB__ -DCPU_MIMXRT1021DAG5A -DCPU_MIMXRT1021DAG5A_cm7 -DFSL_RTOS_BM -DSDK_OS_BAREMETAL -DSDK_DEBUGCONSOLE=0 -DCR_INTEGER_PRINTF -DPRINTF_FLOAT_ENABLE=0 -DXIP_EXTERNAL_FLASH=1 -DXIP_BOOT_HEADER_ENABLE=1 -DSERIAL_PORT_TYPE_UART=1 -D__MCUXPRESSO -D__USE_CMSIS -DDEBUG -I"/home/bop/Documents/MCUXpresso_11.1.0_3209/workspace/MIMXRT10211st_Project/board" -I"/home/bop/Documents/MCUXpresso_11.1.0_3209/workspace/MIMXRT10211st_Project/source" -I"/home/bop/Documents/MCUXpresso_11.1.0_3209/workspace/MIMXRT10211st_Project" -I"/home/bop/Documents/MCUXpresso_11.1.0_3209/workspace/MIMXRT10211st_Project/drivers" -I"/home/bop/Documents/MCUXpresso_11.1.0_3209/workspace/MIMXRT10211st_Project/device" -I"/home/bop/Documents/MCUXpresso_11.1.0_3209/workspace/MIMXRT10211st_Project/CMSIS" -I"/home/bop/Documents/MCUXpresso_11.1.0_3209/workspace/MIMXRT10211st_Project/xip" -I"/home/bop/Documents/MCUXpresso_11.1.0_3209/workspace/MIMXRT10211st_Project/utilities" -I"/home/bop/Documents/MCUXpresso_11.1.0_3209/workspace/MIMXRT10211st_Project/component/serial_manager" -I"/home/bop/Documents/MCUXpresso_11.1.0_3209/workspace/MIMXRT10211st_Project/component/lists" -I"/home/bop/Documents/MCUXpresso_11.1.0_3209/workspace/MIMXRT10211st_Project/component/uart" -O0 -fno-common -g3 -Wall -c -ffunction-sections -fdata-sections -ffreestanding -fno-builtin -fmerge-constants -fmacro-prefix-map="../xip/"=. -mcpu=cortex-m7 -mfpu=fpv5-sp-d16 -mfloat-abi=hard -mthumb -D__REDLIB__ -fstack-usage -specs=redlib.specs -MMD -MP -MF"xip/evkmimxrt1020_sdram_ini_dcd.d" -MT"xip/evkmimxrt1020_sdram_ini_dcd.o" -MT"xip/evkmimxrt1020_sdram_ini_dcd.d" -o "xip/evkmimxrt1020_sdram_ini_dcd.o" "../xip/evkmimxrt1020_sdram_ini_dcd.c"
Invoking: MCU C Compiler
arm-none-eabi-gcc -D__REDLIB__ -DCPU_MIMXRT1021DAG5A -DCPU_MIMXRT1021DAG5A_cm7 -DFSL_RTOS_BM -DSDK_OS_BAREMETAL -DSDK_DEBUGCONSOLE=0 -DCR_INTEGER_PRINTF -DPRINTF_FLOAT_ENABLE=0 -DXIP_EXTERNAL_FLASH=1 -DXIP_BOOT_HEADER_ENABLE=1 -DSERIAL_PORT_TYPE_UART=1 -D__MCUXPRESSO -D__USE_CMSIS -DDEBUG -I"/home/bop/Documents/MCUXpresso_11.1.0_3209/workspace/MIMXRT10211st_Project/board" -I"/home/bop/Documents/MCUXpresso_11.1.0_3209/workspace/MIMXRT10211st_Project/source" -I"/home/bop/Documents/MCUXpresso_11.1.0_3209/workspace/MIMXRT10211st_Project" -I"/home/bop/Documents/MCUXpresso_11.1.0_3209/workspace/MIMXRT10211st_Project/drivers" -I"/home/bop/Documents/MCUXpresso_11.1.0_3209/workspace/MIMXRT10211st_Project/device" -I"/home/bop/Documents/MCUXpresso_11.1.0_3209/workspace/MIMXRT10211st_Project/CMSIS" -I"/home/bop/Documents/MCUXpresso_11.1.0_3209/workspace/MIMXRT10211st_Project/xip" -I"/home/bop/Documents/MCUXpresso_11.1.0_3209/workspace/MIMXRT10211st_Project/utilities" -I"/home/bop/Documents/MCUXpresso_11.1.0_3209/workspace/MIMXRT10211st_Project/component/serial_manager" -I"/home/bop/Documents/MCUXpresso_11.1.0_3209/workspace/MIMXRT10211st_Project/component/lists" -I"/home/bop/Documents/MCUXpresso_11.1.0_3209/workspace/MIMXRT10211st_Project/component/uart" -O0 -fno-common -g3 -Wall -c -ffunction-sections -fdata-sections -ffreestanding -fno-builtin -fmerge-constants -fmacro-prefix-map="../xip/"=. -mcpu=cortex-m7 -mfpu=fpv5-sp-d16 -mfloat-abi=hard -mthumb -D__REDLIB__ -fstack-usage -specs=redlib.specs -MMD -MP -MF"xip/fsl_flexspi_nor_boot.d" -MT"xip/fsl_flexspi_nor_boot.o" -MT"xip/fsl_flexspi_nor_boot.d" -o "xip/fsl_flexspi_nor_boot.o" "../xip/fsl_flexspi_nor_boot.c"
arm-none-eabi-gcc -D__REDLIB__ -DCPU_MIMXRT1021DAG5A -DCPU_MIMXRT1021DAG5A_cm7 -DFSL_RTOS_BM -DSDK_OS_BAREMETAL -DSDK_DEBUGCONSOLE=0 -DCR_INTEGER_PRINTF -DPRINTF_FLOAT_ENABLE=0 -DXIP_EXTERNAL_FLASH=1 -DXIP_BOOT_HEADER_ENABLE=1 -DSERIAL_PORT_TYPE_UART=1 -D__MCUXPRESSO -D__USE_CMSIS -DDEBUG -I"/home/bop/Documents/MCUXpresso_11.1.0_3209/workspace/MIMXRT10211st_Project/board" -I"/home/bop/Documents/MCUXpresso_11.1.0_3209/workspace/MIMXRT10211st_Project/source" -I"/home/bop/Documents/MCUXpresso_11.1.0_3209/workspace/MIMXRT10211st_Project" -I"/home/bop/Documents/MCUXpresso_11.1.0_3209/workspace/MIMXRT10211st_Project/drivers" -I"/home/bop/Documents/MCUXpresso_11.1.0_3209/workspace/MIMXRT10211st_Project/device" -I"/home/bop/Documents/MCUXpresso_11.1.0_3209/workspace/MIMXRT10211st_Project/CMSIS" -I"/home/bop/Documents/MCUXpresso_11.1.0_3209/workspace/MIMXRT10211st_Project/xip" -I"/home/bop/Documents/MCUXpresso_11.1.0_3209/workspace/MIMXRT10211st_Project/utilities" -I"/home/bop/Documents/MCUXpresso_11.1.0_3209/workspace/MIMXRT10211st_Project/component/serial_manager" -I"/home/bop/Documents/MCUXpresso_11.1.0_3209/workspace/MIMXRT10211st_Project/component/lists" -I"/home/bop/Documents/MCUXpresso_11.1.0_3209/workspace/MIMXRT10211st_Project/component/uart" -O0 -fno-common -g3 -Wall -c -ffunction-sections -fdata-sections -ffreestanding -fno-builtin -fmerge-constants -fmacro-prefix-map="../utilities/"=. -mcpu=cortex-m7 -mfpu=fpv5-sp-d16 -mfloat-abi=hard -mthumb -D__REDLIB__ -fstack-usage -specs=redlib.specs -MMD -MP -MF"utilities/fsl_debug_console.d" -MT"utilities/fsl_debug_console.o" -MT"utilities/fsl_debug_console.d" -o "utilities/fsl_debug_console.o" "../utilities/fsl_debug_console.c"
Building file: ../startup/startup_mimxrt1021.c
Invoking: MCU C Compiler
arm-none-eabi-gcc -D__REDLIB__ -DCPU_MIMXRT1021DAG5A -DCPU_MIMXRT1021DAG5A_cm7 -DFSL_RTOS_BM -DSDK_OS_BAREMETAL -DSDK_DEBUGCONSOLE=0 -DCR_INTEGER_PRINTF -DPRINTF_FLOAT_ENABLE=0 -DXIP_EXTERNAL_FLASH=1 -DXIP_BOOT_HEADER_ENABLE=1 -DSERIAL_PORT_TYPE_UART=1 -D__MCUXPRESSO -D__USE_CMSIS -DDEBUG -I"/home/bop/Documents/MCUXpresso_11.1.0_3209/workspace/MIMXRT10211st_Project/board" -I"/home/bop/Documents/MCUXpresso_11.1.0_3209/workspace/MIMXRT10211st_Project/source" -I"/home/bop/Documents/MCUXpresso_11.1.0_3209/workspace/MIMXRT10211st_Project" -I"/home/bop/Documents/MCUXpresso_11.1.0_3209/workspace/MIMXRT10211st_Project/drivers" -I"/home/bop/Documents/MCUXpresso_11.1.0_3209/workspace/MIMXRT10211st_Project/device" -I"/home/bop/Documents/MCUXpresso_11.1.0_3209/workspace/MIMXRT10211st_Project/CMSIS" -I"/home/bop/Documents/MCUXpresso_11.1.0_3209/workspace/MIMXRT10211st_Project/xip" -I"/home/bop/Documents/MCUXpresso_11.1.0_3209/workspace/MIMXRT10211st_Project/utilities" -I"/home/bop/Documents/MCUXpresso_11.1.0_3209/workspace/MIMXRT10211st_Project/component/serial_manager" -I"/home/bop/Documents/MCUXpresso_11.1.0_3209/workspace/MIMXRT10211st_Project/component/lists" -I"/home/bop/Documents/MCUXpresso_11.1.0_3209/workspace/MIMXRT10211st_Project/component/uart" -O0 -fno-common -g3 -Wall -c -ffunction-sections -fdata-sections -ffreestanding -fno-builtin -fmerge-constants -fmacro-prefix-map="../utilities/"=. -mcpu=cortex-m7 -mfpu=fpv5-sp-d16 -mfloat-abi=hard -mthumb -D__REDLIB__ -fstack-usage -specs=redlib.specs -MMD -MP -MF"utilities/fsl_str.d" -MT"utilities/fsl_str.o" -MT"utilities/fsl_str.d" -o "utilities/fsl_str.o" "../utilities/fsl_str.c"
Building file: ../source/MIMXRT10211st_Project.c
Invoking: MCU C Compiler
arm-none-eabi-gcc -D__REDLIB__ -DCPU_MIMXRT1021DAG5A -DCPU_MIMXRT1021DAG5A_cm7 -DFSL_RTOS_BM -DSDK_OS_BAREMETAL -DSDK_DEBUGCONSOLE=0 -DCR_INTEGER_PRINTF -DPRINTF_FLOAT_ENABLE=0 -DXIP_EXTERNAL_FLASH=1 -DXIP_BOOT_HEADER_ENABLE=1 -DSERIAL_PORT_TYPE_UART=1 -D__MCUXPRESSO -D__USE_CMSIS -DDEBUG -I"/home/bop/Documents/MCUXpresso_11.1.0_3209/workspace/MIMXRT10211st_Project/board" -I"/home/bop/Documents/MCUXpresso_11.1.0_3209/workspace/MIMXRT10211st_Project/source" -I"/home/bop/Documents/MCUXpresso_11.1.0_3209/workspace/MIMXRT10211st_Project" -I"/home/bop/Documents/MCUXpresso_11.1.0_3209/workspace/MIMXRT10211st_Project/drivers" -I"/home/bop/Documents/MCUXpresso_11.1.0_3209/workspace/MIMXRT10211st_Project/device" -I"/home/bop/Documents/MCUXpresso_11.1.0_3209/workspace/MIMXRT10211st_Project/CMSIS" -I"/home/bop/Documents/MCUXpresso_11.1.0_3209/workspace/MIMXRT10211st_Project/xip" -I"/home/bop/Documents/MCUXpresso_11.1.0_3209/workspace/MIMXRT10211st_Project/utilities" -I"/home/bop/Documents/MCUXpresso_11.1.0_3209/workspace/MIMXRT10211st_Project/component/serial_manager" -I"/home/bop/Documents/MCUXpresso_11.1.0_3209/workspace/MIMXRT10211st_Project/component/lists" -I"/home/bop/Documents/MCUXpresso_11.1.0_3209/workspace/MIMXRT10211st_Project/component/uart" -O0 -fno-common -g3 -Wall -c -ffunction-sections -fdata-sections -ffreestanding -fno-builtin -fmerge-constants -fmacro-prefix-map="../startup/"=. -mcpu=cortex-m7 -mfpu=fpv5-sp-d16 -mfloat-abi=hard -mthumb -D__REDLIB__ -fstack-usage -specs=redlib.specs -MMD -MP -MF"startup/startup_mimxrt1021.d" -MT"startup/startup_mimxrt1021.o" -MT"startup/startup_mimxrt1021.d" -o "startup/startup_mimxrt1021.o" "../startup/startup_mimxrt1021.c"
Building file: ../source/semihost_hardfault.c
Invoking: MCU C Compiler
arm-none-eabi-gcc -D__REDLIB__ -DCPU_MIMXRT1021DAG5A -DCPU_MIMXRT1021DAG5A_cm7 -DFSL_RTOS_BM -DSDK_OS_BAREMETAL -DSDK_DEBUGCONSOLE=0 -DCR_INTEGER_PRINTF -DPRINTF_FLOAT_ENABLE=0 -DXIP_EXTERNAL_FLASH=1 -DXIP_BOOT_HEADER_ENABLE=1 -DSERIAL_PORT_TYPE_UART=1 -D__MCUXPRESSO -D__USE_CMSIS -DDEBUG -I"/home/bop/Documents/MCUXpresso_11.1.0_3209/workspace/MIMXRT10211st_Project/board" -I"/home/bop/Documents/MCUXpresso_11.1.0_3209/workspace/MIMXRT10211st_Project/source" -I"/home/bop/Documents/MCUXpresso_11.1.0_3209/workspace/MIMXRT10211st_Project" -I"/home/bop/Documents/MCUXpresso_11.1.0_3209/workspace/MIMXRT10211st_Project/drivers" -I"/home/bop/Documents/MCUXpresso_11.1.0_3209/workspace/MIMXRT10211st_Project/device" -I"/home/bop/Documents/MCUXpresso_11.1.0_3209/workspace/MIMXRT10211st_Project/CMSIS" -I"/home/bop/Documents/MCUXpresso_11.1.0_3209/workspace/MIMXRT10211st_Project/xip" -I"/home/bop/Documents/MCUXpresso_11.1.0_3209/workspace/MIMXRT10211st_Project/utilities" -I"/home/bop/Documents/MCUXpresso_11.1.0_3209/workspace/MIMXRT10211st_Project/component/serial_manager" -I"/home/bop/Documents/MCUXpresso_11.1.0_3209/workspace/MIMXRT10211st_Project/component/lists" -I"/home/bop/Documents/MCUXpresso_11.1.0_3209/workspace/MIMXRT10211st_Project/component/uart" -O0 -fno-common -g3 -Wall -c -ffunction-sections -fdata-sections -ffreestanding -fno-builtin -fmerge-constants -fmacro-prefix-map="../source/"=. -mcpu=cortex-m7 -mfpu=fpv5-sp-d16 -mfloat-abi=hard -mthumb -D__REDLIB__ -fstack-usage -specs=redlib.specs -MMD -MP -MF"source/MIMXRT10211st_Project.d" -MT"source/MIMXRT10211st_Project.o" -MT"source/MIMXRT10211st_Project.d" -o "source/MIMXRT10211st_Project.o" "../source/MIMXRT10211st_Project.c"
Invoking: MCU C Compiler
arm-none-eabi-gcc -D__REDLIB__ -DCPU_MIMXRT1021DAG5A -DCPU_MIMXRT1021DAG5A_cm7 -DFSL_RTOS_BM -DSDK_OS_BAREMETAL -DSDK_DEBUGCONSOLE=0 -DCR_INTEGER_PRINTF -DPRINTF_FLOAT_ENABLE=0 -DXIP_EXTERNAL_FLASH=1 -DXIP_BOOT_HEADER_ENABLE=1 -DSERIAL_PORT_TYPE_UART=1 -D__MCUXPRESSO -D__USE_CMSIS -DDEBUG -I"/home/bop/Documents/MCUXpresso_11.1.0_3209/workspace/MIMXRT10211st_Project/board" -I"/home/bop/Documents/MCUXpresso_11.1.0_3209/workspace/MIMXRT10211st_Project/source" -I"/home/bop/Documents/MCUXpresso_11.1.0_3209/workspace/MIMXRT10211st_Project" -I"/home/bop/Documents/MCUXpresso_11.1.0_3209/workspace/MIMXRT10211st_Project/drivers" -I"/home/bop/Documents/MCUXpresso_11.1.0_3209/workspace/MIMXRT10211st_Project/device" -I"/home/bop/Documents/MCUXpresso_11.1.0_3209/workspace/MIMXRT10211st_Project/CMSIS" -I"/home/bop/Documents/MCUXpresso_11.1.0_3209/workspace/MIMXRT10211st_Project/xip" -I"/home/bop/Documents/MCUXpresso_11.1.0_3209/workspace/MIMXRT10211st_Project/utilities" -I"/home/bop/Documents/MCUXpresso_11.1.0_3209/workspace/MIMXRT10211st_Project/component/serial_manager" -I"/home/bop/Documents/MCUXpresso_11.1.0_3209/workspace/MIMXRT10211st_Project/component/lists" -I"/home/bop/Documents/MCUXpresso_11.1.0_3209/workspace/MIMXRT10211st_Project/component/uart" -O0 -fno-common -g3 -Wall -c -ffunction-sections -fdata-sections -ffreestanding -fno-builtin -fmerge-constants -fmacro-prefix-map="../source/"=. -mcpu=cortex-m7 -mfpu=fpv5-sp-d16 -mfloat-abi=hard -mthumb -D__REDLIB__ -fstack-usage -specs=redlib.specs -MMD -MP -MF"source/semihost_hardfault.d" -MT"source/semihost_hardfault.o" -MT"source/semihost_hardfault.d" -o "source/semihost_hardfault.o" "../source/semihost_hardfault.c"
Finished building: ../xip/evkmimxrt1020_sdram_ini_dcd.c
 
Building file: ../drivers/fsl_clock.c
Finished building: ../source/semihost_hardfault.c
 
Invoking: MCU C Compiler
arm-none-eabi-gcc -D__REDLIB__ -DCPU_MIMXRT1021DAG5A -DCPU_MIMXRT1021DAG5A_cm7 -DFSL_RTOS_BM -DSDK_OS_BAREMETAL -DSDK_DEBUGCONSOLE=0 -DCR_INTEGER_PRINTF -DPRINTF_FLOAT_ENABLE=0 -DXIP_EXTERNAL_FLASH=1 -DXIP_BOOT_HEADER_ENABLE=1 -DSERIAL_PORT_TYPE_UART=1 -D__MCUXPRESSO -D__USE_CMSIS -DDEBUG -I"/home/bop/Documents/MCUXpresso_11.1.0_3209/workspace/MIMXRT10211st_Project/board" -I"/home/bop/Documents/MCUXpresso_11.1.0_3209/workspace/MIMXRT10211st_Project/source" -I"/home/bop/Documents/MCUXpresso_11.1.0_3209/workspace/MIMXRT10211st_Project" -I"/home/bop/Documents/MCUXpresso_11.1.0_3209/workspace/MIMXRT10211st_Project/drivers" -I"/home/bop/Documents/MCUXpresso_11.1.0_3209/workspace/MIMXRT10211st_Project/device" -I"/home/bop/Documents/MCUXpresso_11.1.0_3209/workspace/MIMXRT10211st_Project/CMSIS" -I"/home/bop/Documents/MCUXpresso_11.1.0_3209/workspace/MIMXRT10211st_Project/xip" -I"/home/bop/Documents/MCUXpresso_11.1.0_3209/workspace/MIMXRT10211st_Project/utilities" -I"/home/bop/Documents/MCUXpresso_11.1.0_3209/workspace/MIMXRT10211st_Project/component/serial_manager" -I"/home/bop/Documents/MCUXpresso_11.1.0_3209/workspace/MIMXRT10211st_Project/component/lists" -I"/home/bop/Documents/MCUXpresso_11.1.0_3209/workspace/MIMXRT10211st_Project/component/uart" -O0 -fno-common -g3 -Wall -c -ffunction-sections -fdata-sections -ffreestanding -fno-builtin -fmerge-constants -fmacro-prefix-map="../drivers/"=. -mcpu=cortex-m7 -mfpu=fpv5-sp-d16 -mfloat-abi=hard -mthumb -D__REDLIB__ -fstack-usage -specs=redlib.specs -MMD -MP -MF"drivers/fsl_clock.d" -MT"drivers/fsl_clock.o" -MT"drivers/fsl_clock.d" -o "drivers/fsl_clock.o" "../drivers/fsl_clock.c"
Building file: ../drivers/fsl_common.c
Invoking: MCU C Compiler
arm-none-eabi-gcc -D__REDLIB__ -DCPU_MIMXRT1021DAG5A -DCPU_MIMXRT1021DAG5A_cm7 -DFSL_RTOS_BM -DSDK_OS_BAREMETAL -DSDK_DEBUGCONSOLE=0 -DCR_INTEGER_PRINTF -DPRINTF_FLOAT_ENABLE=0 -DXIP_EXTERNAL_FLASH=1 -DXIP_BOOT_HEADER_ENABLE=1 -DSERIAL_PORT_TYPE_UART=1 -D__MCUXPRESSO -D__USE_CMSIS -DDEBUG -I"/home/bop/Documents/MCUXpresso_11.1.0_3209/workspace/MIMXRT10211st_Project/board" -I"/home/bop/Documents/MCUXpresso_11.1.0_3209/workspace/MIMXRT10211st_Project/source" -I"/home/bop/Documents/MCUXpresso_11.1.0_3209/workspace/MIMXRT10211st_Project" -I"/home/bop/Documents/MCUXpresso_11.1.0_3209/workspace/MIMXRT10211st_Project/drivers" -I"/home/bop/Documents/MCUXpresso_11.1.0_3209/workspace/MIMXRT10211st_Project/device" -I"/home/bop/Documents/MCUXpresso_11.1.0_3209/workspace/MIMXRT10211st_Project/CMSIS" -I"/home/bop/Documents/MCUXpresso_11.1.0_3209/workspace/MIMXRT10211st_Project/xip" -I"/home/bop/Documents/MCUXpresso_11.1.0_3209/workspace/MIMXRT10211st_Project/utilities" -I"/home/bop/Documents/MCUXpresso_11.1.0_3209/workspace/MIMXRT10211st_Project/component/serial_manager" -I"/home/bop/Documents/MCUXpresso_11.1.0_3209/workspace/MIMXRT10211st_Project/component/lists" -I"/home/bop/Documents/MCUXpresso_11.1.0_3209/workspace/MIMXRT10211st_Project/component/uart" -O0 -fno-common -g3 -Wall -c -ffunction-sections -fdata-sections -ffreestanding -fno-builtin -fmerge-constants -fmacro-prefix-map="../drivers/"=. -mcpu=cortex-m7 -mfpu=fpv5-sp-d16 -mfloat-abi=hard -mthumb -D__REDLIB__ -fstack-usage -specs=redlib.specs -MMD -MP -MF"drivers/fsl_common.d" -MT"drivers/fsl_common.o" -MT"drivers/fsl_common.d" -o "drivers/fsl_common.o" "../drivers/fsl_common.c"
Finished building: ../startup/startup_mimxrt1021.c
 
Building file: ../drivers/fsl_gpio.c
Invoking: MCU C Compiler
arm-none-eabi-gcc -D__REDLIB__ -DCPU_MIMXRT1021DAG5A -DCPU_MIMXRT1021DAG5A_cm7 -DFSL_RTOS_BM -DSDK_OS_BAREMETAL -DSDK_DEBUGCONSOLE=0 -DCR_INTEGER_PRINTF -DPRINTF_FLOAT_ENABLE=0 -DXIP_EXTERNAL_FLASH=1 -DXIP_BOOT_HEADER_ENABLE=1 -DSERIAL_PORT_TYPE_UART=1 -D__MCUXPRESSO -D__USE_CMSIS -DDEBUG -I"/home/bop/Documents/MCUXpresso_11.1.0_3209/workspace/MIMXRT10211st_Project/board" -I"/home/bop/Documents/MCUXpresso_11.1.0_3209/workspace/MIMXRT10211st_Project/source" -I"/home/bop/Documents/MCUXpresso_11.1.0_3209/workspace/MIMXRT10211st_Project" -I"/home/bop/Documents/MCUXpresso_11.1.0_3209/workspace/MIMXRT10211st_Project/drivers" -I"/home/bop/Documents/MCUXpresso_11.1.0_3209/workspace/MIMXRT10211st_Project/device" -I"/home/bop/Documents/MCUXpresso_11.1.0_3209/workspace/MIMXRT10211st_Project/CMSIS" -I"/home/bop/Documents/MCUXpresso_11.1.0_3209/workspace/MIMXRT10211st_Project/xip" -I"/home/bop/Documents/MCUXpresso_11.1.0_3209/workspace/MIMXRT10211st_Project/utilities" -I"/home/bop/Documents/MCUXpresso_11.1.0_3209/workspace/MIMXRT10211st_Project/component/serial_manager" -I"/home/bop/Documents/MCUXpresso_11.1.0_3209/workspace/MIMXRT10211st_Project/component/lists" -I"/home/bop/Documents/MCUXpresso_11.1.0_3209/workspace/MIMXRT10211st_Project/component/uart" -O0 -fno-common -g3 -Wall -c -ffunction-sections -fdata-sections -ffreestanding -fno-builtin -fmerge-constants -fmacro-prefix-map="../drivers/"=. -mcpu=cortex-m7 -mfpu=fpv5-sp-d16 -mfloat-abi=hard -mthumb -D__REDLIB__ -fstack-usage -specs=redlib.specs -MMD -MP -MF"drivers/fsl_gpio.d" -MT"drivers/fsl_gpio.o" -MT"drivers/fsl_gpio.d" -o "drivers/fsl_gpio.o" "../drivers/fsl_gpio.c"
Finished building: ../xip/evkmimxrt1020_flexspi_nor_config.c
 
Building file: ../drivers/fsl_lpuart.c
Invoking: MCU C Compiler
arm-none-eabi-gcc -D__REDLIB__ -DCPU_MIMXRT1021DAG5A -DCPU_MIMXRT1021DAG5A_cm7 -DFSL_RTOS_BM -DSDK_OS_BAREMETAL -DSDK_DEBUGCONSOLE=0 -DCR_INTEGER_PRINTF -DPRINTF_FLOAT_ENABLE=0 -DXIP_EXTERNAL_FLASH=1 -DXIP_BOOT_HEADER_ENABLE=1 -DSERIAL_PORT_TYPE_UART=1 -D__MCUXPRESSO -D__USE_CMSIS -DDEBUG -I"/home/bop/Documents/MCUXpresso_11.1.0_3209/workspace/MIMXRT10211st_Project/board" -I"/home/bop/Documents/MCUXpresso_11.1.0_3209/workspace/MIMXRT10211st_Project/source" -I"/home/bop/Documents/MCUXpresso_11.1.0_3209/workspace/MIMXRT10211st_Project" -I"/home/bop/Documents/MCUXpresso_11.1.0_3209/workspace/MIMXRT10211st_Project/drivers" -I"/home/bop/Documents/MCUXpresso_11.1.0_3209/workspace/MIMXRT10211st_Project/device" -I"/home/bop/Documents/MCUXpresso_11.1.0_3209/workspace/MIMXRT10211st_Project/CMSIS" -I"/home/bop/Documents/MCUXpresso_11.1.0_3209/workspace/MIMXRT10211st_Project/xip" -I"/home/bop/Documents/MCUXpresso_11.1.0_3209/workspace/MIMXRT10211st_Project/utilities" -I"/home/bop/Documents/MCUXpresso_11.1.0_3209/workspace/MIMXRT10211st_Project/component/serial_manager" -I"/home/bop/Documents/MCUXpresso_11.1.0_3209/workspace/MIMXRT10211st_Project/component/lists" -I"/home/bop/Documents/MCUXpresso_11.1.0_3209/workspace/MIMXRT10211st_Project/component/uart" -O0 -fno-common -g3 -Wall -c -ffunction-sections -fdata-sections -ffreestanding -fno-builtin -fmerge-constants -fmacro-prefix-map="../drivers/"=. -mcpu=cortex-m7 -mfpu=fpv5-sp-d16 -mfloat-abi=hard -mthumb -D__REDLIB__ -fstack-usage -specs=redlib.specs -MMD -MP -MF"drivers/fsl_lpuart.d" -MT"drivers/fsl_lpuart.o" -MT"drivers/fsl_lpuart.d" -o "drivers/fsl_lpuart.o" "../drivers/fsl_lpuart.c"
Finished building: ../xip/fsl_flexspi_nor_boot.c
 
Building file: ../device/system_MIMXRT1021.c
Invoking: MCU C Compiler
arm-none-eabi-gcc -D__REDLIB__ -DCPU_MIMXRT1021DAG5A -DCPU_MIMXRT1021DAG5A_cm7 -DFSL_RTOS_BM -DSDK_OS_BAREMETAL -DSDK_DEBUGCONSOLE=0 -DCR_INTEGER_PRINTF -DPRINTF_FLOAT_ENABLE=0 -DXIP_EXTERNAL_FLASH=1 -DXIP_BOOT_HEADER_ENABLE=1 -DSERIAL_PORT_TYPE_UART=1 -D__MCUXPRESSO -D__USE_CMSIS -DDEBUG -I"/home/bop/Documents/MCUXpresso_11.1.0_3209/workspace/MIMXRT10211st_Project/board" -I"/home/bop/Documents/MCUXpresso_11.1.0_3209/workspace/MIMXRT10211st_Project/source" -I"/home/bop/Documents/MCUXpresso_11.1.0_3209/workspace/MIMXRT10211st_Project" -I"/home/bop/Documents/MCUXpresso_11.1.0_3209/workspace/MIMXRT10211st_Project/drivers" -I"/home/bop/Documents/MCUXpresso_11.1.0_3209/workspace/MIMXRT10211st_Project/device" -I"/home/bop/Documents/MCUXpresso_11.1.0_3209/workspace/MIMXRT10211st_Project/CMSIS" -I"/home/bop/Documents/MCUXpresso_11.1.0_3209/workspace/MIMXRT10211st_Project/xip" -I"/home/bop/Documents/MCUXpresso_11.1.0_3209/workspace/MIMXRT10211st_Project/utilities" -I"/home/bop/Documents/MCUXpresso_11.1.0_3209/workspace/MIMXRT10211st_Project/component/serial_manager" -I"/home/bop/Documents/MCUXpresso_11.1.0_3209/workspace/MIMXRT10211st_Project/component/lists" -I"/home/bop/Documents/MCUXpresso_11.1.0_3209/workspace/MIMXRT10211st_Project/component/uart" -O0 -fno-common -g3 -Wall -c -ffunction-sections -fdata-sections -ffreestanding -fno-builtin -fmerge-constants -fmacro-prefix-map="../device/"=. -mcpu=cortex-m7 -mfpu=fpv5-sp-d16 -mfloat-abi=hard -mthumb -D__REDLIB__ -fstack-usage -specs=redlib.specs -MMD -MP -MF"device/system_MIMXRT1021.d" -MT"device/system_MIMXRT1021.o" -MT"device/system_MIMXRT1021.d" -o "device/system_MIMXRT1021.o" "../device/system_MIMXRT1021.c"
Finished building: ../utilities/fsl_debug_console.c
 
Building file: ../component/uart/lpuart_adapter.c
Invoking: MCU C Compiler
arm-none-eabi-gcc -D__REDLIB__ -DCPU_MIMXRT1021DAG5A -DCPU_MIMXRT1021DAG5A_cm7 -DFSL_RTOS_BM -DSDK_OS_BAREMETAL -DSDK_DEBUGCONSOLE=0 -DCR_INTEGER_PRINTF -DPRINTF_FLOAT_ENABLE=0 -DXIP_EXTERNAL_FLASH=1 -DXIP_BOOT_HEADER_ENABLE=1 -DSERIAL_PORT_TYPE_UART=1 -D__MCUXPRESSO -D__USE_CMSIS -DDEBUG -I"/home/bop/Documents/MCUXpresso_11.1.0_3209/workspace/MIMXRT10211st_Project/board" -I"/home/bop/Documents/MCUXpresso_11.1.0_3209/workspace/MIMXRT10211st_Project/source" -I"/home/bop/Documents/MCUXpresso_11.1.0_3209/workspace/MIMXRT10211st_Project" -I"/home/bop/Documents/MCUXpresso_11.1.0_3209/workspace/MIMXRT10211st_Project/drivers" -I"/home/bop/Documents/MCUXpresso_11.1.0_3209/workspace/MIMXRT10211st_Project/device" -I"/home/bop/Documents/MCUXpresso_11.1.0_3209/workspace/MIMXRT10211st_Project/CMSIS" -I"/home/bop/Documents/MCUXpresso_11.1.0_3209/workspace/MIMXRT10211st_Project/xip" -I"/home/bop/Documents/MCUXpresso_11.1.0_3209/workspace/MIMXRT10211st_Project/utilities" -I"/home/bop/Documents/MCUXpresso_11.1.0_3209/workspace/MIMXRT10211st_Project/component/serial_manager" -I"/home/bop/Documents/MCUXpresso_11.1.0_3209/workspace/MIMXRT10211st_Project/component/lists" -I"/home/bop/Documents/MCUXpresso_11.1.0_3209/workspace/MIMXRT10211st_Project/component/uart" -O0 -fno-common -g3 -Wall -c -ffunction-sections -fdata-sections -ffreestanding -fno-builtin -fmerge-constants -fmacro-prefix-map="../component/uart/"=. -mcpu=cortex-m7 -mfpu=fpv5-sp-d16 -mfloat-abi=hard -mthumb -D__REDLIB__ -fstack-usage -specs=redlib.specs -MMD -MP -MF"component/uart/lpuart_adapter.d" -MT"component/uart/lpuart_adapter.o" -MT"component/uart/lpuart_adapter.d" -o "component/uart/lpuart_adapter.o" "../component/uart/lpuart_adapter.c"
Finished building: ../drivers/fsl_common.c
 
Building file: ../component/serial_manager/serial_manager.c
Finished building: ../source/MIMXRT10211st_Project.c
 
Building file: ../component/serial_manager/serial_port_uart.c
Invoking: MCU C Compiler
arm-none-eabi-gcc -D__REDLIB__ -DCPU_MIMXRT1021DAG5A -DCPU_MIMXRT1021DAG5A_cm7 -DFSL_RTOS_BM -DSDK_OS_BAREMETAL -DSDK_DEBUGCONSOLE=0 -DCR_INTEGER_PRINTF -DPRINTF_FLOAT_ENABLE=0 -DXIP_EXTERNAL_FLASH=1 -DXIP_BOOT_HEADER_ENABLE=1 -DSERIAL_PORT_TYPE_UART=1 -D__MCUXPRESSO -D__USE_CMSIS -DDEBUG -I"/home/bop/Documents/MCUXpresso_11.1.0_3209/workspace/MIMXRT10211st_Project/board" -I"/home/bop/Documents/MCUXpresso_11.1.0_3209/workspace/MIMXRT10211st_Project/source" -I"/home/bop/Documents/MCUXpresso_11.1.0_3209/workspace/MIMXRT10211st_Project" -I"/home/bop/Documents/MCUXpresso_11.1.0_3209/workspace/MIMXRT10211st_Project/drivers" -I"/home/bop/Documents/MCUXpresso_11.1.0_3209/workspace/MIMXRT10211st_Project/device" -I"/home/bop/Documents/MCUXpresso_11.1.0_3209/workspace/MIMXRT10211st_Project/CMSIS" -I"/home/bop/Documents/MCUXpresso_11.1.0_3209/workspace/MIMXRT10211st_Project/xip" -I"/home/bop/Documents/MCUXpresso_11.1.0_3209/workspace/MIMXRT10211st_Project/utilities" -I"/home/bop/Documents/MCUXpresso_11.1.0_3209/workspace/MIMXRT10211st_Project/component/serial_manager" -I"/home/bop/Documents/MCUXpresso_11.1.0_3209/workspace/MIMXRT10211st_Project/component/lists" -I"/home/bop/Documents/MCUXpresso_11.1.0_3209/workspace/MIMXRT10211st_Project/component/uart" -O0 -fno-common -g3 -Wall -c -ffunction-sections -fdata-sections -ffreestanding -fno-builtin -fmerge-constants -fmacro-prefix-map="../component/serial_manager/"=. -mcpu=cortex-m7 -mfpu=fpv5-sp-d16 -mfloat-abi=hard -mthumb -D__REDLIB__ -fstack-usage -specs=redlib.specs -MMD -MP -MF"component/serial_manager/serial_manager.d" -MT"component/serial_manager/serial_manager.o" -MT"component/serial_manager/serial_manager.d" -o "component/serial_manager/serial_manager.o" "../component/serial_manager/serial_manager.c"
Invoking: MCU C Compiler
arm-none-eabi-gcc -D__REDLIB__ -DCPU_MIMXRT1021DAG5A -DCPU_MIMXRT1021DAG5A_cm7 -DFSL_RTOS_BM -DSDK_OS_BAREMETAL -DSDK_DEBUGCONSOLE=0 -DCR_INTEGER_PRINTF -DPRINTF_FLOAT_ENABLE=0 -DXIP_EXTERNAL_FLASH=1 -DXIP_BOOT_HEADER_ENABLE=1 -DSERIAL_PORT_TYPE_UART=1 -D__MCUXPRESSO -D__USE_CMSIS -DDEBUG -I"/home/bop/Documents/MCUXpresso_11.1.0_3209/workspace/MIMXRT10211st_Project/board" -I"/home/bop/Documents/MCUXpresso_11.1.0_3209/workspace/MIMXRT10211st_Project/source" -I"/home/bop/Documents/MCUXpresso_11.1.0_3209/workspace/MIMXRT10211st_Project" -I"/home/bop/Documents/MCUXpresso_11.1.0_3209/workspace/MIMXRT10211st_Project/drivers" -I"/home/bop/Documents/MCUXpresso_11.1.0_3209/workspace/MIMXRT10211st_Project/device" -I"/home/bop/Documents/MCUXpresso_11.1.0_3209/workspace/MIMXRT10211st_Project/CMSIS" -I"/home/bop/Documents/MCUXpresso_11.1.0_3209/workspace/MIMXRT10211st_Project/xip" -I"/home/bop/Documents/MCUXpresso_11.1.0_3209/workspace/MIMXRT10211st_Project/utilities" -I"/home/bop/Documents/MCUXpresso_11.1.0_3209/workspace/MIMXRT10211st_Project/component/serial_manager" -I"/home/bop/Documents/MCUXpresso_11.1.0_3209/workspace/MIMXRT10211st_Project/component/lists" -I"/home/bop/Documents/MCUXpresso_11.1.0_3209/workspace/MIMXRT10211st_Project/component/uart" -O0 -fno-common -g3 -Wall -c -ffunction-sections -fdata-sections -ffreestanding -fno-builtin -fmerge-constants -fmacro-prefix-map="../component/serial_manager/"=. -mcpu=cortex-m7 -mfpu=fpv5-sp-d16 -mfloat-abi=hard -mthumb -D__REDLIB__ -fstack-usage -specs=redlib.specs -MMD -MP -MF"component/serial_manager/serial_port_uart.d" -MT"component/serial_manager/serial_port_uart.o" -MT"component/serial_manager/serial_port_uart.d" -o "component/serial_manager/serial_port_uart.o" "../component/serial_manager/serial_port_uart.c"
Finished building: ../utilities/fsl_str.c
 
Building file: ../component/lists/generic_list.c
Invoking: MCU C Compiler
arm-none-eabi-gcc -D__REDLIB__ -DCPU_MIMXRT1021DAG5A -DCPU_MIMXRT1021DAG5A_cm7 -DFSL_RTOS_BM -DSDK_OS_BAREMETAL -DSDK_DEBUGCONSOLE=0 -DCR_INTEGER_PRINTF -DPRINTF_FLOAT_ENABLE=0 -DXIP_EXTERNAL_FLASH=1 -DXIP_BOOT_HEADER_ENABLE=1 -DSERIAL_PORT_TYPE_UART=1 -D__MCUXPRESSO -D__USE_CMSIS -DDEBUG -I"/home/bop/Documents/MCUXpresso_11.1.0_3209/workspace/MIMXRT10211st_Project/board" -I"/home/bop/Documents/MCUXpresso_11.1.0_3209/workspace/MIMXRT10211st_Project/source" -I"/home/bop/Documents/MCUXpresso_11.1.0_3209/workspace/MIMXRT10211st_Project" -I"/home/bop/Documents/MCUXpresso_11.1.0_3209/workspace/MIMXRT10211st_Project/drivers" -I"/home/bop/Documents/MCUXpresso_11.1.0_3209/workspace/MIMXRT10211st_Project/device" -I"/home/bop/Documents/MCUXpresso_11.1.0_3209/workspace/MIMXRT10211st_Project/CMSIS" -I"/home/bop/Documents/MCUXpresso_11.1.0_3209/workspace/MIMXRT10211st_Project/xip" -I"/home/bop/Documents/MCUXpresso_11.1.0_3209/workspace/MIMXRT10211st_Project/utilities" -I"/home/bop/Documents/MCUXpresso_11.1.0_3209/workspace/MIMXRT10211st_Project/component/serial_manager" -I"/home/bop/Documents/MCUXpresso_11.1.0_3209/workspace/MIMXRT10211st_Project/component/lists" -I"/home/bop/Documents/MCUXpresso_11.1.0_3209/workspace/MIMXRT10211st_Project/component/uart" -O0 -fno-common -g3 -Wall -c -ffunction-sections -fdata-sections -ffreestanding -fno-builtin -fmerge-constants -fmacro-prefix-map="../component/lists/"=. -mcpu=cortex-m7 -mfpu=fpv5-sp-d16 -mfloat-abi=hard -mthumb -D__REDLIB__ -fstack-usage -specs=redlib.specs -MMD -MP -MF"component/lists/generic_list.d" -MT"component/lists/generic_list.o" -MT"component/lists/generic_list.d" -o "component/lists/generic_list.o" "../component/lists/generic_list.c"
Finished building: ../drivers/fsl_clock.c
 
Building file: ../board/board.c
Invoking: MCU C Compiler
arm-none-eabi-gcc -D__REDLIB__ -DCPU_MIMXRT1021DAG5A -DCPU_MIMXRT1021DAG5A_cm7 -DFSL_RTOS_BM -DSDK_OS_BAREMETAL -DSDK_DEBUGCONSOLE=0 -DCR_INTEGER_PRINTF -DPRINTF_FLOAT_ENABLE=0 -DXIP_EXTERNAL_FLASH=1 -DXIP_BOOT_HEADER_ENABLE=1 -DSERIAL_PORT_TYPE_UART=1 -D__MCUXPRESSO -D__USE_CMSIS -DDEBUG -I"/home/bop/Documents/MCUXpresso_11.1.0_3209/workspace/MIMXRT10211st_Project/board" -I"/home/bop/Documents/MCUXpresso_11.1.0_3209/workspace/MIMXRT10211st_Project/source" -I"/home/bop/Documents/MCUXpresso_11.1.0_3209/workspace/MIMXRT10211st_Project" -I"/home/bop/Documents/MCUXpresso_11.1.0_3209/workspace/MIMXRT10211st_Project/drivers" -I"/home/bop/Documents/MCUXpresso_11.1.0_3209/workspace/MIMXRT10211st_Project/device" -I"/home/bop/Documents/MCUXpresso_11.1.0_3209/workspace/MIMXRT10211st_Project/CMSIS" -I"/home/bop/Documents/MCUXpresso_11.1.0_3209/workspace/MIMXRT10211st_Project/xip" -I"/home/bop/Documents/MCUXpresso_11.1.0_3209/workspace/MIMXRT10211st_Project/utilities" -I"/home/bop/Documents/MCUXpresso_11.1.0_3209/workspace/MIMXRT10211st_Project/component/serial_manager" -I"/home/bop/Documents/MCUXpresso_11.1.0_3209/workspace/MIMXRT10211st_Project/component/lists" -I"/home/bop/Documents/MCUXpresso_11.1.0_3209/workspace/MIMXRT10211st_Project/component/uart" -O0 -fno-common -g3 -Wall -c -ffunction-sections -fdata-sections -ffreestanding -fno-builtin -fmerge-constants -fmacro-prefix-map="../board/"=. -mcpu=cortex-m7 -mfpu=fpv5-sp-d16 -mfloat-abi=hard -mthumb -D__REDLIB__ -fstack-usage -specs=redlib.specs -MMD -MP -MF"board/board.d" -MT"board/board.o" -MT"board/board.d" -o "board/board.o" "../board/board.c"
Finished building: ../drivers/fsl_gpio.c
 
Building file: ../board/clock_config.c
Invoking: MCU C Compiler
arm-none-eabi-gcc -D__REDLIB__ -DCPU_MIMXRT1021DAG5A -DCPU_MIMXRT1021DAG5A_cm7 -DFSL_RTOS_BM -DSDK_OS_BAREMETAL -DSDK_DEBUGCONSOLE=0 -DCR_INTEGER_PRINTF -DPRINTF_FLOAT_ENABLE=0 -DXIP_EXTERNAL_FLASH=1 -DXIP_BOOT_HEADER_ENABLE=1 -DSERIAL_PORT_TYPE_UART=1 -D__MCUXPRESSO -D__USE_CMSIS -DDEBUG -I"/home/bop/Documents/MCUXpresso_11.1.0_3209/workspace/MIMXRT10211st_Project/board" -I"/home/bop/Documents/MCUXpresso_11.1.0_3209/workspace/MIMXRT10211st_Project/source" -I"/home/bop/Documents/MCUXpresso_11.1.0_3209/workspace/MIMXRT10211st_Project" -I"/home/bop/Documents/MCUXpresso_11.1.0_3209/workspace/MIMXRT10211st_Project/drivers" -I"/home/bop/Documents/MCUXpresso_11.1.0_3209/workspace/MIMXRT10211st_Project/device" -I"/home/bop/Documents/MCUXpresso_11.1.0_3209/workspace/MIMXRT10211st_Project/CMSIS" -I"/home/bop/Documents/MCUXpresso_11.1.0_3209/workspace/MIMXRT10211st_Project/xip" -I"/home/bop/Documents/MCUXpresso_11.1.0_3209/workspace/MIMXRT10211st_Project/utilities" -I"/home/bop/Documents/MCUXpresso_11.1.0_3209/workspace/MIMXRT10211st_Project/component/serial_manager" -I"/home/bop/Documents/MCUXpresso_11.1.0_3209/workspace/MIMXRT10211st_Project/component/lists" -I"/home/bop/Documents/MCUXpresso_11.1.0_3209/workspace/MIMXRT10211st_Project/component/uart" -O0 -fno-common -g3 -Wall -c -ffunction-sections -fdata-sections -ffreestanding -fno-builtin -fmerge-constants -fmacro-prefix-map="../board/"=. -mcpu=cortex-m7 -mfpu=fpv5-sp-d16 -mfloat-abi=hard -mthumb -D__REDLIB__ -fstack-usage -specs=redlib.specs -MMD -MP -MF"board/clock_config.d" -MT"board/clock_config.o" -MT"board/clock_config.d" -o "board/clock_config.o" "../board/clock_config.c"
Finished building: ../device/system_MIMXRT1021.c
 
Building file: ../board/peripherals.c
Invoking: MCU C Compiler
arm-none-eabi-gcc -D__REDLIB__ -DCPU_MIMXRT1021DAG5A -DCPU_MIMXRT1021DAG5A_cm7 -DFSL_RTOS_BM -DSDK_OS_BAREMETAL -DSDK_DEBUGCONSOLE=0 -DCR_INTEGER_PRINTF -DPRINTF_FLOAT_ENABLE=0 -DXIP_EXTERNAL_FLASH=1 -DXIP_BOOT_HEADER_ENABLE=1 -DSERIAL_PORT_TYPE_UART=1 -D__MCUXPRESSO -D__USE_CMSIS -DDEBUG -I"/home/bop/Documents/MCUXpresso_11.1.0_3209/workspace/MIMXRT10211st_Project/board" -I"/home/bop/Documents/MCUXpresso_11.1.0_3209/workspace/MIMXRT10211st_Project/source" -I"/home/bop/Documents/MCUXpresso_11.1.0_3209/workspace/MIMXRT10211st_Project" -I"/home/bop/Documents/MCUXpresso_11.1.0_3209/workspace/MIMXRT10211st_Project/drivers" -I"/home/bop/Documents/MCUXpresso_11.1.0_3209/workspace/MIMXRT10211st_Project/device" -I"/home/bop/Documents/MCUXpresso_11.1.0_3209/workspace/MIMXRT10211st_Project/CMSIS" -I"/home/bop/Documents/MCUXpresso_11.1.0_3209/workspace/MIMXRT10211st_Project/xip" -I"/home/bop/Documents/MCUXpresso_11.1.0_3209/workspace/MIMXRT10211st_Project/utilities" -I"/home/bop/Documents/MCUXpresso_11.1.0_3209/workspace/MIMXRT10211st_Project/component/serial_manager" -I"/home/bop/Documents/MCUXpresso_11.1.0_3209/workspace/MIMXRT10211st_Project/component/lists" -I"/home/bop/Documents/MCUXpresso_11.1.0_3209/workspace/MIMXRT10211st_Project/component/uart" -O0 -fno-common -g3 -Wall -c -ffunction-sections -fdata-sections -ffreestanding -fno-builtin -fmerge-constants -fmacro-prefix-map="../board/"=. -mcpu=cortex-m7 -mfpu=fpv5-sp-d16 -mfloat-abi=hard -mthumb -D__REDLIB__ -fstack-usage -specs=redlib.specs -MMD -MP -MF"board/peripherals.d" -MT"board/peripherals.o" -MT"board/peripherals.d" -o "board/peripherals.o" "../board/peripherals.c"
Finished building: ../component/uart/lpuart_adapter.c
Finished building: ../board/peripherals.c
 
 
Building file: ../board/pin_mux.c
Invoking: MCU C Compiler
arm-none-eabi-gcc -D__REDLIB__ -DCPU_MIMXRT1021DAG5A -DCPU_MIMXRT1021DAG5A_cm7 -DFSL_RTOS_BM -DSDK_OS_BAREMETAL -DSDK_DEBUGCONSOLE=0 -DCR_INTEGER_PRINTF -DPRINTF_FLOAT_ENABLE=0 -DXIP_EXTERNAL_FLASH=1 -DXIP_BOOT_HEADER_ENABLE=1 -DSERIAL_PORT_TYPE_UART=1 -D__MCUXPRESSO -D__USE_CMSIS -DDEBUG -I"/home/bop/Documents/MCUXpresso_11.1.0_3209/workspace/MIMXRT10211st_Project/board" -I"/home/bop/Documents/MCUXpresso_11.1.0_3209/workspace/MIMXRT10211st_Project/source" -I"/home/bop/Documents/MCUXpresso_11.1.0_3209/workspace/MIMXRT10211st_Project" -I"/home/bop/Documents/MCUXpresso_11.1.0_3209/workspace/MIMXRT10211st_Project/drivers" -I"/home/bop/Documents/MCUXpresso_11.1.0_3209/workspace/MIMXRT10211st_Project/device" -I"/home/bop/Documents/MCUXpresso_11.1.0_3209/workspace/MIMXRT10211st_Project/CMSIS" -I"/home/bop/Documents/MCUXpresso_11.1.0_3209/workspace/MIMXRT10211st_Project/xip" -I"/home/bop/Documents/MCUXpresso_11.1.0_3209/workspace/MIMXRT10211st_Project/utilities" -I"/home/bop/Documents/MCUXpresso_11.1.0_3209/workspace/MIMXRT10211st_Project/component/serial_manager" -I"/home/bop/Documents/MCUXpresso_11.1.0_3209/workspace/MIMXRT10211st_Project/component/lists" -I"/home/bop/Documents/MCUXpresso_11.1.0_3209/workspace/MIMXRT10211st_Project/component/uart" -O0 -fno-common -g3 -Wall -c -ffunction-sections -fdata-sections -ffreestanding -fno-builtin -fmerge-constants -fmacro-prefix-map="../board/"=. -mcpu=cortex-m7 -mfpu=fpv5-sp-d16 -mfloat-abi=hard -mthumb -D__REDLIB__ -fstack-usage -specs=redlib.specs -MMD -MP -MF"board/pin_mux.d" -MT"board/pin_mux.o" -MT"board/pin_mux.d" -o "board/pin_mux.o" "../board/pin_mux.c"
Finished building: ../component/serial_manager/serial_port_uart.c
 
Finished building: ../drivers/fsl_lpuart.c
 
Finished building: ../component/lists/generic_list.c
 
Finished building: ../component/serial_manager/serial_manager.c
 
Finished building: ../board/board.c
 
Finished building: ../board/clock_config.c
 
Finished building: ../board/pin_mux.c
 
Building target: MIMXRT10211st_Project.axf
Invoking: MCU Linker
arm-none-eabi-gcc -nostdlib -Xlinker -Map="MIMXRT10211st_Project.map" -Xlinker --gc-sections -Xlinker -print-memory-usage -Xlinker --sort-section=alignment -Xlinker --cref -mcpu=cortex-m7 -mfpu=fpv5-sp-d16 -mfloat-abi=hard -mthumb -T MIMXRT10211st_Project_Debug.ld -o "MIMXRT10211st_Project.axf"  ./xip/evkmimxrt1020_flexspi_nor_config.o ./xip/evkmimxrt1020_sdram_ini_dcd.o ./xip/fsl_flexspi_nor_boot.o  ./utilities/fsl_debug_console.o ./utilities/fsl_str.o  ./startup/startup_mimxrt1021.o  ./source/MIMXRT10211st_Project.o ./source/semihost_hardfault.o  ./drivers/fsl_clock.o ./drivers/fsl_common.o ./drivers/fsl_gpio.o ./drivers/fsl_lpuart.o  ./device/system_MIMXRT1021.o  ./component/uart/lpuart_adapter.o  ./component/serial_manager/serial_manager.o ./component/serial_manager/serial_port_uart.o  ./component/lists/generic_list.o  ./board/board.o ./board/clock_config.o ./board/peripherals.o ./board/pin_mux.o   
Memory region         Used Size  Region Size  %age Used
     BOARD_FLASH:       22556 B         8 MB      0.27%
        SRAM_DTC:        8440 B        64 KB     12.88%
        SRAM_ITC:          0 GB        64 KB      0.00%
         SRAM_OC:          0 GB       128 KB      0.00%
     BOARD_SDRAM:          0 GB        30 MB      0.00%
   NCACHE_REGION:          0 GB         2 MB      0.00%
Finished building target: MIMXRT10211st_Project.axf
 
make --no-print-directory post-build
Performing post-build steps
arm-none-eabi-size "MIMXRT10211st_Project.axf"; # arm-none-eabi-objcopy -v -O binary "MIMXRT10211st_Project.axf" "MIMXRT10211st_Project.bin" ; # checksum -p MIMXRT1021xxxxx -d "MIMXRT10211st_Project.bin";
   text	   data	    bss	    dec	    hex	filename
  22552	      4	   8436	  30992	   7910	MIMXRT10211st_Project.axf
 
23:03:42 **** Incremental Build of configuration Debug for project MIMXRT10211st_Project ****
make -r -j8 all 
make: Nothing to be done for 'all'.
