21:59:51 **** Incremental Build of configuration Debug for project evkmimxrt1020_qtmr_inputcapture_outputpwm ****
make -r -j8 all 
Building file: ../source/qtmr_inputcapture_outputpwm.c
Invoking: MCU C Compiler
arm-none-eabi-gcc -std=gnu99 -D__REDLIB__ -DCPU_MIMXRT1021DAG5A -DCPU_MIMXRT1021DAG5A_cm7 -DXIP_EXTERNAL_FLASH=1 -DXIP_BOOT_HEADER_ENABLE=1 -DSERIAL_PORT_TYPE_UART=1 -DCR_INTEGER_PRINTF -DPRINTF_FLOAT_ENABLE=0 -D__MCUXPRESSO -D__USE_CMSIS -DDEBUG -DSDK_DEBUGCONSOLE=0 -DFSL_RTOS_BM -DSDK_OS_BAREMETAL -I"/home/bop/Documents/MCUXpresso_11.1.0_3209/workspace/evkmimxrt1020_qtmr_inputcapture_outputpwm/utilities" -I"/home/bop/Documents/MCUXpresso_11.1.0_3209/workspace/evkmimxrt1020_qtmr_inputcapture_outputpwm/drivers" -I"/home/bop/Documents/MCUXpresso_11.1.0_3209/workspace/evkmimxrt1020_qtmr_inputcapture_outputpwm/CMSIS" -I"/home/bop/Documents/MCUXpresso_11.1.0_3209/workspace/evkmimxrt1020_qtmr_inputcapture_outputpwm/component/serial_manager" -I"/home/bop/Documents/MCUXpresso_11.1.0_3209/workspace/evkmimxrt1020_qtmr_inputcapture_outputpwm/device" -I"/home/bop/Documents/MCUXpresso_11.1.0_3209/workspace/evkmimxrt1020_qtmr_inputcapture_outputpwm/component/uart" -I"/home/bop/Documents/MCUXpresso_11.1.0_3209/workspace/evkmimxrt1020_qtmr_inputcapture_outputpwm/xip" -I"/home/bop/Documents/MCUXpresso_11.1.0_3209/workspace/evkmimxrt1020_qtmr_inputcapture_outputpwm/component/lists" -I"/home/bop/Documents/MCUXpresso_11.1.0_3209/workspace/evkmimxrt1020_qtmr_inputcapture_outputpwm/board" -I"/home/bop/Documents/MCUXpresso_11.1.0_3209/workspace/evkmimxrt1020_qtmr_inputcapture_outputpwm/source" -I"/home/bop/Documents/MCUXpresso_11.1.0_3209/workspace/evkmimxrt1020_qtmr_inputcapture_outputpwm" -I"/home/bop/Documents/MCUXpresso_11.1.0_3209/workspace/evkmimxrt1020_qtmr_inputcapture_outputpwm/drivers" -I"/home/bop/Documents/MCUXpresso_11.1.0_3209/workspace/evkmimxrt1020_qtmr_inputcapture_outputpwm/device" -I"/home/bop/Documents/MCUXpresso_11.1.0_3209/workspace/evkmimxrt1020_qtmr_inputcapture_outputpwm/CMSIS" -I"/home/bop/Documents/MCUXpresso_11.1.0_3209/workspace/evkmimxrt1020_qtmr_inputcapture_outputpwm/utilities" -I"/home/bop/Documents/MCUXpresso_11.1.0_3209/workspace/evkmimxrt1020_qtmr_inputcapture_outputpwm/component/serial_manager" -I"/home/bop/Documents/MCUXpresso_11.1.0_3209/workspace/evkmimxrt1020_qtmr_inputcapture_outputpwm/component/lists" -I"/home/bop/Documents/MCUXpresso_11.1.0_3209/workspace/evkmimxrt1020_qtmr_inputcapture_outputpwm/component/uart" -I"/home/bop/Documents/MCUXpresso_11.1.0_3209/workspace/evkmimxrt1020_qtmr_inputcapture_outputpwm/xip" -O0 -fno-common -g3 -Wall -c  -ffunction-sections  -fdata-sections  -ffreestanding  -fno-builtin -fmerge-constants -fmacro-prefix-map="../source/"=. -mcpu=cortex-m7 -mfpu=fpv5-d16 -mfloat-abi=hard -mthumb -D__REDLIB__ -fstack-usage -specs=redlib.specs -MMD -MP -MF"source/qtmr_inputcapture_outputpwm.d" -MT"source/qtmr_inputcapture_outputpwm.o" -MT"source/qtmr_inputcapture_outputpwm.d" -o "source/qtmr_inputcapture_outputpwm.o" "../source/qtmr_inputcapture_outputpwm.c"
../source/qtmr_inputcapture_outputpwm.c: In function 'main':
../source/qtmr_inputcapture_outputpwm.c:99:14: warning: unused variable 'count' [-Wunused-variable]
     uint32_t count        = 0;
              ^~~~~
Finished building: ../source/qtmr_inputcapture_outputpwm.c
 
Building target: evkmimxrt1020_qtmr_inputcapture_outputpwm.axf
Invoking: MCU Linker
arm-none-eabi-gcc -nostdlib -Xlinker -Map="evkmimxrt1020_qtmr_inputcapture_outputpwm.map" -Xlinker --gc-sections -Xlinker -print-memory-usage -Xlinker --sort-section=alignment -Xlinker --cref -mcpu=cortex-m7 -mfpu=fpv5-d16 -mfloat-abi=hard -mthumb -T evkmimxrt1020_qtmr_inputcapture_outputpwm_Debug.ld -o "evkmimxrt1020_qtmr_inputcapture_outputpwm.axf"  ./xip/evkmimxrt1020_flexspi_nor_config.o ./xip/evkmimxrt1020_sdram_ini_dcd.o ./xip/fsl_flexspi_nor_boot.o  ./utilities/fsl_assert.o ./utilities/fsl_debug_console.o ./utilities/fsl_str.o  ./startup/startup_mimxrt1021.o  ./source/qtmr_inputcapture_outputpwm.o ./source/semihost_hardfault.o  ./drivers/fsl_clock.o ./drivers/fsl_common.o ./drivers/fsl_gpio.o ./drivers/fsl_lpspi.o ./drivers/fsl_lpuart.o ./drivers/fsl_qtmr.o ./drivers/fsl_xbara.o  ./device/system_MIMXRT1021.o  ./component/uart/lpuart_adapter.o  ./component/serial_manager/serial_manager.o ./component/serial_manager/serial_port_uart.o  ./component/lists/generic_list.o  ./board/board.o ./board/clock_config.o ./board/pin_mux.o   
Memory region         Used Size  Region Size  %age Used
     BOARD_FLASH:       29096 B         8 MB      0.35%
        SRAM_DTC:        8476 B        64 KB     12.93%
        SRAM_ITC:          0 GB        64 KB      0.00%
         SRAM_OC:          0 GB       128 KB      0.00%
     BOARD_SDRAM:          0 GB        30 MB      0.00%
   NCACHE_REGION:          0 GB         2 MB      0.00%
Finished building target: evkmimxrt1020_qtmr_inputcapture_outputpwm.axf
 
make --no-print-directory post-build
Performing post-build steps
arm-none-eabi-size "evkmimxrt1020_qtmr_inputcapture_outputpwm.axf"; # arm-none-eabi-objcopy -v -O binary "evkmimxrt1020_qtmr_inputcapture_outputpwm.axf" "evkmimxrt1020_qtmr_inputcapture_outputpwm.bin" ; # checksum -p MIMXRT1021xxxxx -d "evkmimxrt1020_qtmr_inputcapture_outputpwm.bin";
   text	   data	    bss	    dec	    hex	filename
  29092	      4	   8472	  37568	   92c0	evkmimxrt1020_qtmr_inputcapture_outputpwm.axf
 
22:00:08 **** Build of configuration Debug for project evkmimxrt1020_qtmr_inputcapture_outputpwm ****
make -r -j8 all 
make: Nothing to be done for 'all'.
22:00:10 **** Incremental Build of configuration Debug for project evkmimxrt1020_qtmr_inputcapture_outputpwm ****
make -r -j8 all 
make: Nothing to be done for 'all'.
22:01:07 **** Build of configuration Debug for project evkmimxrt1020_qtmr_inputcapture_outputpwm ****
make -r -j8 all 
make: Nothing to be done for 'all'.
22:01:09 **** Incremental Build of configuration Debug for project evkmimxrt1020_qtmr_inputcapture_outputpwm ****
make -r -j8 all 
make: Nothing to be done for 'all'.
22:05:19 **** Build of configuration Debug for project evkmimxrt1020_qtmr_inputcapture_outputpwm ****
make -r -j8 all 
make: Nothing to be done for 'all'.
22:05:21 **** Incremental Build of configuration Debug for project evkmimxrt1020_qtmr_inputcapture_outputpwm ****
make -r -j8 all 
make: Nothing to be done for 'all'.
22:09:19 **** Build of configuration Debug for project evkmimxrt1020_qtmr_inputcapture_outputpwm ****
make -r -j8 all 
make: Nothing to be done for 'all'.
22:09:20 **** Incremental Build of configuration Debug for project evkmimxrt1020_qtmr_inputcapture_outputpwm ****
make -r -j8 all 
make: Nothing to be done for 'all'.
22:10:08 **** Build of configuration Debug for project evkmimxrt1020_qtmr_inputcapture_outputpwm ****
make -r -j8 all 
make: Nothing to be done for 'all'.
22:10:09 **** Incremental Build of configuration Debug for project evkmimxrt1020_qtmr_inputcapture_outputpwm ****
make -r -j8 all 
make: Nothing to be done for 'all'.
22:13:19 **** Build of configuration Debug for project evkmimxrt1020_qtmr_inputcapture_outputpwm ****
make -r -j8 all 
Building file: ../source/qtmr_inputcapture_outputpwm.c
Invoking: MCU C Compiler
arm-none-eabi-gcc -std=gnu99 -D__REDLIB__ -DCPU_MIMXRT1021DAG5A -DCPU_MIMXRT1021DAG5A_cm7 -DXIP_EXTERNAL_FLASH=1 -DXIP_BOOT_HEADER_ENABLE=1 -DSERIAL_PORT_TYPE_UART=1 -DCR_INTEGER_PRINTF -DPRINTF_FLOAT_ENABLE=0 -D__MCUXPRESSO -D__USE_CMSIS -DDEBUG -DSDK_DEBUGCONSOLE=0 -DFSL_RTOS_BM -DSDK_OS_BAREMETAL -I"/home/bop/Documents/MCUXpresso_11.1.0_3209/workspace/evkmimxrt1020_qtmr_inputcapture_outputpwm/utilities" -I"/home/bop/Documents/MCUXpresso_11.1.0_3209/workspace/evkmimxrt1020_qtmr_inputcapture_outputpwm/drivers" -I"/home/bop/Documents/MCUXpresso_11.1.0_3209/workspace/evkmimxrt1020_qtmr_inputcapture_outputpwm/CMSIS" -I"/home/bop/Documents/MCUXpresso_11.1.0_3209/workspace/evkmimxrt1020_qtmr_inputcapture_outputpwm/component/serial_manager" -I"/home/bop/Documents/MCUXpresso_11.1.0_3209/workspace/evkmimxrt1020_qtmr_inputcapture_outputpwm/device" -I"/home/bop/Documents/MCUXpresso_11.1.0_3209/workspace/evkmimxrt1020_qtmr_inputcapture_outputpwm/component/uart" -I"/home/bop/Documents/MCUXpresso_11.1.0_3209/workspace/evkmimxrt1020_qtmr_inputcapture_outputpwm/xip" -I"/home/bop/Documents/MCUXpresso_11.1.0_3209/workspace/evkmimxrt1020_qtmr_inputcapture_outputpwm/component/lists" -I"/home/bop/Documents/MCUXpresso_11.1.0_3209/workspace/evkmimxrt1020_qtmr_inputcapture_outputpwm/board" -I"/home/bop/Documents/MCUXpresso_11.1.0_3209/workspace/evkmimxrt1020_qtmr_inputcapture_outputpwm/source" -I"/home/bop/Documents/MCUXpresso_11.1.0_3209/workspace/evkmimxrt1020_qtmr_inputcapture_outputpwm" -I"/home/bop/Documents/MCUXpresso_11.1.0_3209/workspace/evkmimxrt1020_qtmr_inputcapture_outputpwm/drivers" -I"/home/bop/Documents/MCUXpresso_11.1.0_3209/workspace/evkmimxrt1020_qtmr_inputcapture_outputpwm/device" -I"/home/bop/Documents/MCUXpresso_11.1.0_3209/workspace/evkmimxrt1020_qtmr_inputcapture_outputpwm/CMSIS" -I"/home/bop/Documents/MCUXpresso_11.1.0_3209/workspace/evkmimxrt1020_qtmr_inputcapture_outputpwm/utilities" -I"/home/bop/Documents/MCUXpresso_11.1.0_3209/workspace/evkmimxrt1020_qtmr_inputcapture_outputpwm/component/serial_manager" -I"/home/bop/Documents/MCUXpresso_11.1.0_3209/workspace/evkmimxrt1020_qtmr_inputcapture_outputpwm/component/lists" -I"/home/bop/Documents/MCUXpresso_11.1.0_3209/workspace/evkmimxrt1020_qtmr_inputcapture_outputpwm/component/uart" -I"/home/bop/Documents/MCUXpresso_11.1.0_3209/workspace/evkmimxrt1020_qtmr_inputcapture_outputpwm/xip" -O0 -fno-common -g3 -Wall -c  -ffunction-sections  -fdata-sections  -ffreestanding  -fno-builtin -fmerge-constants -fmacro-prefix-map="../source/"=. -mcpu=cortex-m7 -mfpu=fpv5-d16 -mfloat-abi=hard -mthumb -D__REDLIB__ -fstack-usage -specs=redlib.specs -MMD -MP -MF"source/qtmr_inputcapture_outputpwm.d" -MT"source/qtmr_inputcapture_outputpwm.o" -MT"source/qtmr_inputcapture_outputpwm.d" -o "source/qtmr_inputcapture_outputpwm.o" "../source/qtmr_inputcapture_outputpwm.c"
../source/qtmr_inputcapture_outputpwm.c: In function 'main':
../source/qtmr_inputcapture_outputpwm.c:99:14: warning: unused variable 'count' [-Wunused-variable]
     uint32_t count        = 0;
              ^~~~~
Finished building: ../source/qtmr_inputcapture_outputpwm.c
 
Building target: evkmimxrt1020_qtmr_inputcapture_outputpwm.axf
Invoking: MCU Linker
arm-none-eabi-gcc -nostdlib -Xlinker -Map="evkmimxrt1020_qtmr_inputcapture_outputpwm.map" -Xlinker --gc-sections -Xlinker -print-memory-usage -Xlinker --sort-section=alignment -Xlinker --cref -mcpu=cortex-m7 -mfpu=fpv5-d16 -mfloat-abi=hard -mthumb -T evkmimxrt1020_qtmr_inputcapture_outputpwm_Debug.ld -o "evkmimxrt1020_qtmr_inputcapture_outputpwm.axf"  ./xip/evkmimxrt1020_flexspi_nor_config.o ./xip/evkmimxrt1020_sdram_ini_dcd.o ./xip/fsl_flexspi_nor_boot.o  ./utilities/fsl_assert.o ./utilities/fsl_debug_console.o ./utilities/fsl_str.o  ./startup/startup_mimxrt1021.o  ./source/qtmr_inputcapture_outputpwm.o ./source/semihost_hardfault.o  ./drivers/fsl_clock.o ./drivers/fsl_common.o ./drivers/fsl_gpio.o ./drivers/fsl_lpspi.o ./drivers/fsl_lpuart.o ./drivers/fsl_qtmr.o ./drivers/fsl_xbara.o  ./device/system_MIMXRT1021.o  ./component/uart/lpuart_adapter.o  ./component/serial_manager/serial_manager.o ./component/serial_manager/serial_port_uart.o  ./component/lists/generic_list.o  ./board/board.o ./board/clock_config.o ./board/pin_mux.o   
Memory region         Used Size  Region Size  %age Used
     BOARD_FLASH:       29140 B         8 MB      0.35%
        SRAM_DTC:        8476 B        64 KB     12.93%
        SRAM_ITC:          0 GB        64 KB      0.00%
         SRAM_OC:          0 GB       128 KB      0.00%
     BOARD_SDRAM:          0 GB        30 MB      0.00%
   NCACHE_REGION:          0 GB         2 MB      0.00%
Finished building target: evkmimxrt1020_qtmr_inputcapture_outputpwm.axf
 
make --no-print-directory post-build
Performing post-build steps
arm-none-eabi-size "evkmimxrt1020_qtmr_inputcapture_outputpwm.axf"; # arm-none-eabi-objcopy -v -O binary "evkmimxrt1020_qtmr_inputcapture_outputpwm.axf" "evkmimxrt1020_qtmr_inputcapture_outputpwm.bin" ; # checksum -p MIMXRT1021xxxxx -d "evkmimxrt1020_qtmr_inputcapture_outputpwm.bin";
   text	   data	    bss	    dec	    hex	filename
  29136	      4	   8472	  37612	   92ec	evkmimxrt1020_qtmr_inputcapture_outputpwm.axf
 
22:13:21 **** Incremental Build of configuration Debug for project evkmimxrt1020_qtmr_inputcapture_outputpwm ****
make -r -j8 all 
make: Nothing to be done for 'all'.
22:14:46 **** Incremental Build of configuration Debug for project evkmimxrt1020_qtmr_inputcapture_outputpwm ****
make -r -j8 all 
Building file: ../source/qtmr_inputcapture_outputpwm.c
Invoking: MCU C Compiler
arm-none-eabi-gcc -std=gnu99 -D__REDLIB__ -DCPU_MIMXRT1021DAG5A -DCPU_MIMXRT1021DAG5A_cm7 -DXIP_EXTERNAL_FLASH=1 -DXIP_BOOT_HEADER_ENABLE=1 -DSERIAL_PORT_TYPE_UART=1 -DCR_INTEGER_PRINTF -DPRINTF_FLOAT_ENABLE=0 -D__MCUXPRESSO -D__USE_CMSIS -DDEBUG -DSDK_DEBUGCONSOLE=0 -DFSL_RTOS_BM -DSDK_OS_BAREMETAL -I"/home/bop/Documents/MCUXpresso_11.1.0_3209/workspace/evkmimxrt1020_qtmr_inputcapture_outputpwm/utilities" -I"/home/bop/Documents/MCUXpresso_11.1.0_3209/workspace/evkmimxrt1020_qtmr_inputcapture_outputpwm/drivers" -I"/home/bop/Documents/MCUXpresso_11.1.0_3209/workspace/evkmimxrt1020_qtmr_inputcapture_outputpwm/CMSIS" -I"/home/bop/Documents/MCUXpresso_11.1.0_3209/workspace/evkmimxrt1020_qtmr_inputcapture_outputpwm/component/serial_manager" -I"/home/bop/Documents/MCUXpresso_11.1.0_3209/workspace/evkmimxrt1020_qtmr_inputcapture_outputpwm/device" -I"/home/bop/Documents/MCUXpresso_11.1.0_3209/workspace/evkmimxrt1020_qtmr_inputcapture_outputpwm/component/uart" -I"/home/bop/Documents/MCUXpresso_11.1.0_3209/workspace/evkmimxrt1020_qtmr_inputcapture_outputpwm/xip" -I"/home/bop/Documents/MCUXpresso_11.1.0_3209/workspace/evkmimxrt1020_qtmr_inputcapture_outputpwm/component/lists" -I"/home/bop/Documents/MCUXpresso_11.1.0_3209/workspace/evkmimxrt1020_qtmr_inputcapture_outputpwm/board" -I"/home/bop/Documents/MCUXpresso_11.1.0_3209/workspace/evkmimxrt1020_qtmr_inputcapture_outputpwm/source" -I"/home/bop/Documents/MCUXpresso_11.1.0_3209/workspace/evkmimxrt1020_qtmr_inputcapture_outputpwm" -I"/home/bop/Documents/MCUXpresso_11.1.0_3209/workspace/evkmimxrt1020_qtmr_inputcapture_outputpwm/drivers" -I"/home/bop/Documents/MCUXpresso_11.1.0_3209/workspace/evkmimxrt1020_qtmr_inputcapture_outputpwm/device" -I"/home/bop/Documents/MCUXpresso_11.1.0_3209/workspace/evkmimxrt1020_qtmr_inputcapture_outputpwm/CMSIS" -I"/home/bop/Documents/MCUXpresso_11.1.0_3209/workspace/evkmimxrt1020_qtmr_inputcapture_outputpwm/utilities" -I"/home/bop/Documents/MCUXpresso_11.1.0_3209/workspace/evkmimxrt1020_qtmr_inputcapture_outputpwm/component/serial_manager" -I"/home/bop/Documents/MCUXpresso_11.1.0_3209/workspace/evkmimxrt1020_qtmr_inputcapture_outputpwm/component/lists" -I"/home/bop/Documents/MCUXpresso_11.1.0_3209/workspace/evkmimxrt1020_qtmr_inputcapture_outputpwm/component/uart" -I"/home/bop/Documents/MCUXpresso_11.1.0_3209/workspace/evkmimxrt1020_qtmr_inputcapture_outputpwm/xip" -O0 -fno-common -g3 -Wall -c  -ffunction-sections  -fdata-sections  -ffreestanding  -fno-builtin -fmerge-constants -fmacro-prefix-map="../source/"=. -mcpu=cortex-m7 -mfpu=fpv5-d16 -mfloat-abi=hard -mthumb -D__REDLIB__ -fstack-usage -specs=redlib.specs -MMD -MP -MF"source/qtmr_inputcapture_outputpwm.d" -MT"source/qtmr_inputcapture_outputpwm.o" -MT"source/qtmr_inputcapture_outputpwm.d" -o "source/qtmr_inputcapture_outputpwm.o" "../source/qtmr_inputcapture_outputpwm.c"
In file included from /home/bop/Documents/MCUXpresso_11.1.0_3209/workspace/evkmimxrt1020_qtmr_inputcapture_outputpwm/device/fsl_device_registers.h:23,
                 from /home/bop/Documents/MCUXpresso_11.1.0_3209/workspace/evkmimxrt1020_qtmr_inputcapture_outputpwm/drivers/fsl_common.h:31,
                 from /home/bop/Documents/MCUXpresso_11.1.0_3209/workspace/evkmimxrt1020_qtmr_inputcapture_outputpwm/utilities/fsl_debug_console.h:25,
                 from ../source/qtmr_inputcapture_outputpwm.c:11:
../source/qtmr_inputcapture_outputpwm.c: In function 'main':
../source/qtmr_inputcapture_outputpwm.c:154:109: error: 'whichPcs' undeclared (first use in this function)
            LPSPI_TCR_CONT(0) | LPSPI_TCR_CONTC(0) | LPSPI_TCR_RXMSK(0) | LPSPI_TCR_TXMSK(0) | LPSPI_TCR_PCS(whichPcs);
                                                                                                             ^~~~~~~~
/home/bop/Documents/MCUXpresso_11.1.0_3209/workspace/evkmimxrt1020_qtmr_inputcapture_outputpwm/device/MIMXRT1021.h:23427:75: note: in definition of macro 'LPSPI_TCR_PCS'
 #define LPSPI_TCR_PCS(x)                         (((uint32_t)(((uint32_t)(x)) << LPSPI_TCR_PCS_SHIFT)) & LPSPI_TCR_PCS_MASK)
                                                                           ^
../source/qtmr_inputcapture_outputpwm.c:154:109: note: each undeclared identifier is reported only once for each function it appears in
            LPSPI_TCR_CONT(0) | LPSPI_TCR_CONTC(0) | LPSPI_TCR_RXMSK(0) | LPSPI_TCR_TXMSK(0) | LPSPI_TCR_PCS(whichPcs);
                                                                                                             ^~~~~~~~
/home/bop/Documents/MCUXpresso_11.1.0_3209/workspace/evkmimxrt1020_qtmr_inputcapture_outputpwm/device/MIMXRT1021.h:23427:75: note: in definition of macro 'LPSPI_TCR_PCS'
 #define LPSPI_TCR_PCS(x)                         (((uint32_t)(((uint32_t)(x)) << LPSPI_TCR_PCS_SHIFT)) & LPSPI_TCR_PCS_MASK)
                                                                           ^
../source/qtmr_inputcapture_outputpwm.c:99:14: warning: unused variable 'count' [-Wunused-variable]
source/subdir.mk:21: recipe for target 'source/qtmr_inputcapture_outputpwm.o' failed
     uint32_t count        = 0;
              ^~~~~
make: *** [source/qtmr_inputcapture_outputpwm.o] Error 1
"make -r -j8 all" terminated with exit code 2. Build might be incomplete.
22:15:43 **** Incremental Build of configuration Debug for project evkmimxrt1020_qtmr_inputcapture_outputpwm ****
make -r -j8 all 
Building file: ../source/qtmr_inputcapture_outputpwm.c
Invoking: MCU C Compiler
arm-none-eabi-gcc -std=gnu99 -D__REDLIB__ -DCPU_MIMXRT1021DAG5A -DCPU_MIMXRT1021DAG5A_cm7 -DXIP_EXTERNAL_FLASH=1 -DXIP_BOOT_HEADER_ENABLE=1 -DSERIAL_PORT_TYPE_UART=1 -DCR_INTEGER_PRINTF -DPRINTF_FLOAT_ENABLE=0 -D__MCUXPRESSO -D__USE_CMSIS -DDEBUG -DSDK_DEBUGCONSOLE=0 -DFSL_RTOS_BM -DSDK_OS_BAREMETAL -I"/home/bop/Documents/MCUXpresso_11.1.0_3209/workspace/evkmimxrt1020_qtmr_inputcapture_outputpwm/utilities" -I"/home/bop/Documents/MCUXpresso_11.1.0_3209/workspace/evkmimxrt1020_qtmr_inputcapture_outputpwm/drivers" -I"/home/bop/Documents/MCUXpresso_11.1.0_3209/workspace/evkmimxrt1020_qtmr_inputcapture_outputpwm/CMSIS" -I"/home/bop/Documents/MCUXpresso_11.1.0_3209/workspace/evkmimxrt1020_qtmr_inputcapture_outputpwm/component/serial_manager" -I"/home/bop/Documents/MCUXpresso_11.1.0_3209/workspace/evkmimxrt1020_qtmr_inputcapture_outputpwm/device" -I"/home/bop/Documents/MCUXpresso_11.1.0_3209/workspace/evkmimxrt1020_qtmr_inputcapture_outputpwm/component/uart" -I"/home/bop/Documents/MCUXpresso_11.1.0_3209/workspace/evkmimxrt1020_qtmr_inputcapture_outputpwm/xip" -I"/home/bop/Documents/MCUXpresso_11.1.0_3209/workspace/evkmimxrt1020_qtmr_inputcapture_outputpwm/component/lists" -I"/home/bop/Documents/MCUXpresso_11.1.0_3209/workspace/evkmimxrt1020_qtmr_inputcapture_outputpwm/board" -I"/home/bop/Documents/MCUXpresso_11.1.0_3209/workspace/evkmimxrt1020_qtmr_inputcapture_outputpwm/source" -I"/home/bop/Documents/MCUXpresso_11.1.0_3209/workspace/evkmimxrt1020_qtmr_inputcapture_outputpwm" -I"/home/bop/Documents/MCUXpresso_11.1.0_3209/workspace/evkmimxrt1020_qtmr_inputcapture_outputpwm/drivers" -I"/home/bop/Documents/MCUXpresso_11.1.0_3209/workspace/evkmimxrt1020_qtmr_inputcapture_outputpwm/device" -I"/home/bop/Documents/MCUXpresso_11.1.0_3209/workspace/evkmimxrt1020_qtmr_inputcapture_outputpwm/CMSIS" -I"/home/bop/Documents/MCUXpresso_11.1.0_3209/workspace/evkmimxrt1020_qtmr_inputcapture_outputpwm/utilities" -I"/home/bop/Documents/MCUXpresso_11.1.0_3209/workspace/evkmimxrt1020_qtmr_inputcapture_outputpwm/component/serial_manager" -I"/home/bop/Documents/MCUXpresso_11.1.0_3209/workspace/evkmimxrt1020_qtmr_inputcapture_outputpwm/component/lists" -I"/home/bop/Documents/MCUXpresso_11.1.0_3209/workspace/evkmimxrt1020_qtmr_inputcapture_outputpwm/component/uart" -I"/home/bop/Documents/MCUXpresso_11.1.0_3209/workspace/evkmimxrt1020_qtmr_inputcapture_outputpwm/xip" -O0 -fno-common -g3 -Wall -c  -ffunction-sections  -fdata-sections  -ffreestanding  -fno-builtin -fmerge-constants -fmacro-prefix-map="../source/"=. -mcpu=cortex-m7 -mfpu=fpv5-d16 -mfloat-abi=hard -mthumb -D__REDLIB__ -fstack-usage -specs=redlib.specs -MMD -MP -MF"source/qtmr_inputcapture_outputpwm.d" -MT"source/qtmr_inputcapture_outputpwm.o" -MT"source/qtmr_inputcapture_outputpwm.d" -o "source/qtmr_inputcapture_outputpwm.o" "../source/qtmr_inputcapture_outputpwm.c"
../source/qtmr_inputcapture_outputpwm.c: In function 'main':
../source/qtmr_inputcapture_outputpwm.c:100:5: error: 'whichPcs' undeclared (first use in this function)
     whichPcs                  = EXAMPLE_LPSPI_MASTER_PCS_FOR_INIT;
     ^~~~~~~~
../source/qtmr_inputcapture_outputpwm.c:100:5: note: each undeclared identifier is reported only once for each function it appears in
../source/qtmr_inputcapture_outputpwm.c:99:14: warning: unused variable 'count' [-Wunused-variable]
     uint32_t count        = 0;
              ^~~~~
make: *** [source/qtmr_inputcapture_outputpwm.o] Error 1
source/subdir.mk:21: recipe for target 'source/qtmr_inputcapture_outputpwm.o' failed
"make -r -j8 all" terminated with exit code 2. Build might be incomplete.
22:16:03 **** Incremental Build of configuration Debug for project evkmimxrt1020_qtmr_inputcapture_outputpwm ****
make -r -j8 all 
Building file: ../source/qtmr_inputcapture_outputpwm.c
Invoking: MCU C Compiler
arm-none-eabi-gcc -std=gnu99 -D__REDLIB__ -DCPU_MIMXRT1021DAG5A -DCPU_MIMXRT1021DAG5A_cm7 -DXIP_EXTERNAL_FLASH=1 -DXIP_BOOT_HEADER_ENABLE=1 -DSERIAL_PORT_TYPE_UART=1 -DCR_INTEGER_PRINTF -DPRINTF_FLOAT_ENABLE=0 -D__MCUXPRESSO -D__USE_CMSIS -DDEBUG -DSDK_DEBUGCONSOLE=0 -DFSL_RTOS_BM -DSDK_OS_BAREMETAL -I"/home/bop/Documents/MCUXpresso_11.1.0_3209/workspace/evkmimxrt1020_qtmr_inputcapture_outputpwm/utilities" -I"/home/bop/Documents/MCUXpresso_11.1.0_3209/workspace/evkmimxrt1020_qtmr_inputcapture_outputpwm/drivers" -I"/home/bop/Documents/MCUXpresso_11.1.0_3209/workspace/evkmimxrt1020_qtmr_inputcapture_outputpwm/CMSIS" -I"/home/bop/Documents/MCUXpresso_11.1.0_3209/workspace/evkmimxrt1020_qtmr_inputcapture_outputpwm/component/serial_manager" -I"/home/bop/Documents/MCUXpresso_11.1.0_3209/workspace/evkmimxrt1020_qtmr_inputcapture_outputpwm/device" -I"/home/bop/Documents/MCUXpresso_11.1.0_3209/workspace/evkmimxrt1020_qtmr_inputcapture_outputpwm/component/uart" -I"/home/bop/Documents/MCUXpresso_11.1.0_3209/workspace/evkmimxrt1020_qtmr_inputcapture_outputpwm/xip" -I"/home/bop/Documents/MCUXpresso_11.1.0_3209/workspace/evkmimxrt1020_qtmr_inputcapture_outputpwm/component/lists" -I"/home/bop/Documents/MCUXpresso_11.1.0_3209/workspace/evkmimxrt1020_qtmr_inputcapture_outputpwm/board" -I"/home/bop/Documents/MCUXpresso_11.1.0_3209/workspace/evkmimxrt1020_qtmr_inputcapture_outputpwm/source" -I"/home/bop/Documents/MCUXpresso_11.1.0_3209/workspace/evkmimxrt1020_qtmr_inputcapture_outputpwm" -I"/home/bop/Documents/MCUXpresso_11.1.0_3209/workspace/evkmimxrt1020_qtmr_inputcapture_outputpwm/drivers" -I"/home/bop/Documents/MCUXpresso_11.1.0_3209/workspace/evkmimxrt1020_qtmr_inputcapture_outputpwm/device" -I"/home/bop/Documents/MCUXpresso_11.1.0_3209/workspace/evkmimxrt1020_qtmr_inputcapture_outputpwm/CMSIS" -I"/home/bop/Documents/MCUXpresso_11.1.0_3209/workspace/evkmimxrt1020_qtmr_inputcapture_outputpwm/utilities" -I"/home/bop/Documents/MCUXpresso_11.1.0_3209/workspace/evkmimxrt1020_qtmr_inputcapture_outputpwm/component/serial_manager" -I"/home/bop/Documents/MCUXpresso_11.1.0_3209/workspace/evkmimxrt1020_qtmr_inputcapture_outputpwm/component/lists" -I"/home/bop/Documents/MCUXpresso_11.1.0_3209/workspace/evkmimxrt1020_qtmr_inputcapture_outputpwm/component/uart" -I"/home/bop/Documents/MCUXpresso_11.1.0_3209/workspace/evkmimxrt1020_qtmr_inputcapture_outputpwm/xip" -O0 -fno-common -g3 -Wall -c  -ffunction-sections  -fdata-sections  -ffreestanding  -fno-builtin -fmerge-constants -fmacro-prefix-map="../source/"=. -mcpu=cortex-m7 -mfpu=fpv5-d16 -mfloat-abi=hard -mthumb -D__REDLIB__ -fstack-usage -specs=redlib.specs -MMD -MP -MF"source/qtmr_inputcapture_outputpwm.d" -MT"source/qtmr_inputcapture_outputpwm.o" -MT"source/qtmr_inputcapture_outputpwm.d" -o "source/qtmr_inputcapture_outputpwm.o" "../source/qtmr_inputcapture_outputpwm.c"
../source/qtmr_inputcapture_outputpwm.c: In function 'main':
../source/qtmr_inputcapture_outputpwm.c:99:14: warning: unused variable 'count' [-Wunused-variable]
     uint32_t count        = 0;
              ^~~~~
Finished building: ../source/qtmr_inputcapture_outputpwm.c
 
Building target: evkmimxrt1020_qtmr_inputcapture_outputpwm.axf
Invoking: MCU Linker
arm-none-eabi-gcc -nostdlib -Xlinker -Map="evkmimxrt1020_qtmr_inputcapture_outputpwm.map" -Xlinker --gc-sections -Xlinker -print-memory-usage -Xlinker --sort-section=alignment -Xlinker --cref -mcpu=cortex-m7 -mfpu=fpv5-d16 -mfloat-abi=hard -mthumb -T evkmimxrt1020_qtmr_inputcapture_outputpwm_Debug.ld -o "evkmimxrt1020_qtmr_inputcapture_outputpwm.axf"  ./xip/evkmimxrt1020_flexspi_nor_config.o ./xip/evkmimxrt1020_sdram_ini_dcd.o ./xip/fsl_flexspi_nor_boot.o  ./utilities/fsl_assert.o ./utilities/fsl_debug_console.o ./utilities/fsl_str.o  ./startup/startup_mimxrt1021.o  ./source/qtmr_inputcapture_outputpwm.o ./source/semihost_hardfault.o  ./drivers/fsl_clock.o ./drivers/fsl_common.o ./drivers/fsl_gpio.o ./drivers/fsl_lpspi.o ./drivers/fsl_lpuart.o ./drivers/fsl_qtmr.o ./drivers/fsl_xbara.o  ./device/system_MIMXRT1021.o  ./component/uart/lpuart_adapter.o  ./component/serial_manager/serial_manager.o ./component/serial_manager/serial_port_uart.o  ./component/lists/generic_list.o  ./board/board.o ./board/clock_config.o ./board/pin_mux.o   
Memory region         Used Size  Region Size  %age Used
     BOARD_FLASH:       29256 B         8 MB      0.35%
        SRAM_DTC:        8476 B        64 KB     12.93%
        SRAM_ITC:          0 GB        64 KB      0.00%
         SRAM_OC:          0 GB       128 KB      0.00%
     BOARD_SDRAM:          0 GB        30 MB      0.00%
   NCACHE_REGION:          0 GB         2 MB      0.00%
Finished building target: evkmimxrt1020_qtmr_inputcapture_outputpwm.axf
 
make --no-print-directory post-build
Performing post-build steps
arm-none-eabi-size "evkmimxrt1020_qtmr_inputcapture_outputpwm.axf"; # arm-none-eabi-objcopy -v -O binary "evkmimxrt1020_qtmr_inputcapture_outputpwm.axf" "evkmimxrt1020_qtmr_inputcapture_outputpwm.bin" ; # checksum -p MIMXRT1021xxxxx -d "evkmimxrt1020_qtmr_inputcapture_outputpwm.bin";
   text	   data	    bss	    dec	    hex	filename
  29252	      4	   8472	  37728	   9360	evkmimxrt1020_qtmr_inputcapture_outputpwm.axf
 
22:16:17 **** Incremental Build of configuration Debug for project evkmimxrt1020_qtmr_inputcapture_outputpwm ****
make -r -j8 all 
Building file: ../source/qtmr_inputcapture_outputpwm.c
Invoking: MCU C Compiler
arm-none-eabi-gcc -std=gnu99 -D__REDLIB__ -DCPU_MIMXRT1021DAG5A -DCPU_MIMXRT1021DAG5A_cm7 -DXIP_EXTERNAL_FLASH=1 -DXIP_BOOT_HEADER_ENABLE=1 -DSERIAL_PORT_TYPE_UART=1 -DCR_INTEGER_PRINTF -DPRINTF_FLOAT_ENABLE=0 -D__MCUXPRESSO -D__USE_CMSIS -DDEBUG -DSDK_DEBUGCONSOLE=0 -DFSL_RTOS_BM -DSDK_OS_BAREMETAL -I"/home/bop/Documents/MCUXpresso_11.1.0_3209/workspace/evkmimxrt1020_qtmr_inputcapture_outputpwm/utilities" -I"/home/bop/Documents/MCUXpresso_11.1.0_3209/workspace/evkmimxrt1020_qtmr_inputcapture_outputpwm/drivers" -I"/home/bop/Documents/MCUXpresso_11.1.0_3209/workspace/evkmimxrt1020_qtmr_inputcapture_outputpwm/CMSIS" -I"/home/bop/Documents/MCUXpresso_11.1.0_3209/workspace/evkmimxrt1020_qtmr_inputcapture_outputpwm/component/serial_manager" -I"/home/bop/Documents/MCUXpresso_11.1.0_3209/workspace/evkmimxrt1020_qtmr_inputcapture_outputpwm/device" -I"/home/bop/Documents/MCUXpresso_11.1.0_3209/workspace/evkmimxrt1020_qtmr_inputcapture_outputpwm/component/uart" -I"/home/bop/Documents/MCUXpresso_11.1.0_3209/workspace/evkmimxrt1020_qtmr_inputcapture_outputpwm/xip" -I"/home/bop/Documents/MCUXpresso_11.1.0_3209/workspace/evkmimxrt1020_qtmr_inputcapture_outputpwm/component/lists" -I"/home/bop/Documents/MCUXpresso_11.1.0_3209/workspace/evkmimxrt1020_qtmr_inputcapture_outputpwm/board" -I"/home/bop/Documents/MCUXpresso_11.1.0_3209/workspace/evkmimxrt1020_qtmr_inputcapture_outputpwm/source" -I"/home/bop/Documents/MCUXpresso_11.1.0_3209/workspace/evkmimxrt1020_qtmr_inputcapture_outputpwm" -I"/home/bop/Documents/MCUXpresso_11.1.0_3209/workspace/evkmimxrt1020_qtmr_inputcapture_outputpwm/drivers" -I"/home/bop/Documents/MCUXpresso_11.1.0_3209/workspace/evkmimxrt1020_qtmr_inputcapture_outputpwm/device" -I"/home/bop/Documents/MCUXpresso_11.1.0_3209/workspace/evkmimxrt1020_qtmr_inputcapture_outputpwm/CMSIS" -I"/home/bop/Documents/MCUXpresso_11.1.0_3209/workspace/evkmimxrt1020_qtmr_inputcapture_outputpwm/utilities" -I"/home/bop/Documents/MCUXpresso_11.1.0_3209/workspace/evkmimxrt1020_qtmr_inputcapture_outputpwm/component/serial_manager" -I"/home/bop/Documents/MCUXpresso_11.1.0_3209/workspace/evkmimxrt1020_qtmr_inputcapture_outputpwm/component/lists" -I"/home/bop/Documents/MCUXpresso_11.1.0_3209/workspace/evkmimxrt1020_qtmr_inputcapture_outputpwm/component/uart" -I"/home/bop/Documents/MCUXpresso_11.1.0_3209/workspace/evkmimxrt1020_qtmr_inputcapture_outputpwm/xip" -O0 -fno-common -g3 -Wall -c  -ffunction-sections  -fdata-sections  -ffreestanding  -fno-builtin -fmerge-constants -fmacro-prefix-map="../source/"=. -mcpu=cortex-m7 -mfpu=fpv5-d16 -mfloat-abi=hard -mthumb -D__REDLIB__ -fstack-usage -specs=redlib.specs -MMD -MP -MF"source/qtmr_inputcapture_outputpwm.d" -MT"source/qtmr_inputcapture_outputpwm.o" -MT"source/qtmr_inputcapture_outputpwm.d" -o "source/qtmr_inputcapture_outputpwm.o" "../source/qtmr_inputcapture_outputpwm.c"
../source/qtmr_inputcapture_outputpwm.c: In function 'main':
../source/qtmr_inputcapture_outputpwm.c:99:14: warning: unused variable 'count' [-Wunused-variable]
     uint32_t count        = 0;
              ^~~~~
Finished building: ../source/qtmr_inputcapture_outputpwm.c
 
Building target: evkmimxrt1020_qtmr_inputcapture_outputpwm.axf
Invoking: MCU Linker
arm-none-eabi-gcc -nostdlib -Xlinker -Map="evkmimxrt1020_qtmr_inputcapture_outputpwm.map" -Xlinker --gc-sections -Xlinker -print-memory-usage -Xlinker --sort-section=alignment -Xlinker --cref -mcpu=cortex-m7 -mfpu=fpv5-d16 -mfloat-abi=hard -mthumb -T evkmimxrt1020_qtmr_inputcapture_outputpwm_Debug.ld -o "evkmimxrt1020_qtmr_inputcapture_outputpwm.axf"  ./xip/evkmimxrt1020_flexspi_nor_config.o ./xip/evkmimxrt1020_sdram_ini_dcd.o ./xip/fsl_flexspi_nor_boot.o  ./utilities/fsl_assert.o ./utilities/fsl_debug_console.o ./utilities/fsl_str.o  ./startup/startup_mimxrt1021.o  ./source/qtmr_inputcapture_outputpwm.o ./source/semihost_hardfault.o  ./drivers/fsl_clock.o ./drivers/fsl_common.o ./drivers/fsl_gpio.o ./drivers/fsl_lpspi.o ./drivers/fsl_lpuart.o ./drivers/fsl_qtmr.o ./drivers/fsl_xbara.o  ./device/system_MIMXRT1021.o  ./component/uart/lpuart_adapter.o  ./component/serial_manager/serial_manager.o ./component/serial_manager/serial_port_uart.o  ./component/lists/generic_list.o  ./board/board.o ./board/clock_config.o ./board/pin_mux.o   
Memory region         Used Size  Region Size  %age Used
     BOARD_FLASH:       29296 B         8 MB      0.35%
        SRAM_DTC:        8476 B        64 KB     12.93%
        SRAM_ITC:          0 GB        64 KB      0.00%
         SRAM_OC:          0 GB       128 KB      0.00%
     BOARD_SDRAM:          0 GB        30 MB      0.00%
   NCACHE_REGION:          0 GB         2 MB      0.00%
Finished building target: evkmimxrt1020_qtmr_inputcapture_outputpwm.axf
 
make --no-print-directory post-build
Performing post-build steps
arm-none-eabi-size "evkmimxrt1020_qtmr_inputcapture_outputpwm.axf"; # arm-none-eabi-objcopy -v -O binary "evkmimxrt1020_qtmr_inputcapture_outputpwm.axf" "evkmimxrt1020_qtmr_inputcapture_outputpwm.bin" ; # checksum -p MIMXRT1021xxxxx -d "evkmimxrt1020_qtmr_inputcapture_outputpwm.bin";
   text	   data	    bss	    dec	    hex	filename
  29292	      4	   8472	  37768	   9388	evkmimxrt1020_qtmr_inputcapture_outputpwm.axf
 
22:16:31 **** Build of configuration Debug for project evkmimxrt1020_qtmr_inputcapture_outputpwm ****
make -r -j8 all 
make: Nothing to be done for 'all'.
22:16:32 **** Incremental Build of configuration Debug for project evkmimxrt1020_qtmr_inputcapture_outputpwm ****
make -r -j8 all 
make: Nothing to be done for 'all'.
22:20:55 **** Incremental Build of configuration Debug for project evkmimxrt1020_qtmr_inputcapture_outputpwm ****
make -r -j8 all 
Building file: ../source/qtmr_inputcapture_outputpwm.c
Invoking: MCU C Compiler
arm-none-eabi-gcc -std=gnu99 -D__REDLIB__ -DCPU_MIMXRT1021DAG5A -DCPU_MIMXRT1021DAG5A_cm7 -DXIP_EXTERNAL_FLASH=1 -DXIP_BOOT_HEADER_ENABLE=1 -DSERIAL_PORT_TYPE_UART=1 -DCR_INTEGER_PRINTF -DPRINTF_FLOAT_ENABLE=0 -D__MCUXPRESSO -D__USE_CMSIS -DDEBUG -DSDK_DEBUGCONSOLE=0 -DFSL_RTOS_BM -DSDK_OS_BAREMETAL -I"/home/bop/Documents/MCUXpresso_11.1.0_3209/workspace/evkmimxrt1020_qtmr_inputcapture_outputpwm/utilities" -I"/home/bop/Documents/MCUXpresso_11.1.0_3209/workspace/evkmimxrt1020_qtmr_inputcapture_outputpwm/drivers" -I"/home/bop/Documents/MCUXpresso_11.1.0_3209/workspace/evkmimxrt1020_qtmr_inputcapture_outputpwm/CMSIS" -I"/home/bop/Documents/MCUXpresso_11.1.0_3209/workspace/evkmimxrt1020_qtmr_inputcapture_outputpwm/component/serial_manager" -I"/home/bop/Documents/MCUXpresso_11.1.0_3209/workspace/evkmimxrt1020_qtmr_inputcapture_outputpwm/device" -I"/home/bop/Documents/MCUXpresso_11.1.0_3209/workspace/evkmimxrt1020_qtmr_inputcapture_outputpwm/component/uart" -I"/home/bop/Documents/MCUXpresso_11.1.0_3209/workspace/evkmimxrt1020_qtmr_inputcapture_outputpwm/xip" -I"/home/bop/Documents/MCUXpresso_11.1.0_3209/workspace/evkmimxrt1020_qtmr_inputcapture_outputpwm/component/lists" -I"/home/bop/Documents/MCUXpresso_11.1.0_3209/workspace/evkmimxrt1020_qtmr_inputcapture_outputpwm/board" -I"/home/bop/Documents/MCUXpresso_11.1.0_3209/workspace/evkmimxrt1020_qtmr_inputcapture_outputpwm/source" -I"/home/bop/Documents/MCUXpresso_11.1.0_3209/workspace/evkmimxrt1020_qtmr_inputcapture_outputpwm" -I"/home/bop/Documents/MCUXpresso_11.1.0_3209/workspace/evkmimxrt1020_qtmr_inputcapture_outputpwm/drivers" -I"/home/bop/Documents/MCUXpresso_11.1.0_3209/workspace/evkmimxrt1020_qtmr_inputcapture_outputpwm/device" -I"/home/bop/Documents/MCUXpresso_11.1.0_3209/workspace/evkmimxrt1020_qtmr_inputcapture_outputpwm/CMSIS" -I"/home/bop/Documents/MCUXpresso_11.1.0_3209/workspace/evkmimxrt1020_qtmr_inputcapture_outputpwm/utilities" -I"/home/bop/Documents/MCUXpresso_11.1.0_3209/workspace/evkmimxrt1020_qtmr_inputcapture_outputpwm/component/serial_manager" -I"/home/bop/Documents/MCUXpresso_11.1.0_3209/workspace/evkmimxrt1020_qtmr_inputcapture_outputpwm/component/lists" -I"/home/bop/Documents/MCUXpresso_11.1.0_3209/workspace/evkmimxrt1020_qtmr_inputcapture_outputpwm/component/uart" -I"/home/bop/Documents/MCUXpresso_11.1.0_3209/workspace/evkmimxrt1020_qtmr_inputcapture_outputpwm/xip" -O0 -fno-common -g3 -Wall -c  -ffunction-sections  -fdata-sections  -ffreestanding  -fno-builtin -fmerge-constants -fmacro-prefix-map="../source/"=. -mcpu=cortex-m7 -mfpu=fpv5-d16 -mfloat-abi=hard -mthumb -D__REDLIB__ -fstack-usage -specs=redlib.specs -MMD -MP -MF"source/qtmr_inputcapture_outputpwm.d" -MT"source/qtmr_inputcapture_outputpwm.o" -MT"source/qtmr_inputcapture_outputpwm.d" -o "source/qtmr_inputcapture_outputpwm.o" "../source/qtmr_inputcapture_outputpwm.c"
../source/qtmr_inputcapture_outputpwm.c: In function 'main':
../source/qtmr_inputcapture_outputpwm.c:99:14: warning: unused variable 'count' [-Wunused-variable]
     uint32_t count        = 0;
              ^~~~~
Finished building: ../source/qtmr_inputcapture_outputpwm.c
 
Building target: evkmimxrt1020_qtmr_inputcapture_outputpwm.axf
Invoking: MCU Linker
arm-none-eabi-gcc -nostdlib -Xlinker -Map="evkmimxrt1020_qtmr_inputcapture_outputpwm.map" -Xlinker --gc-sections -Xlinker -print-memory-usage -Xlinker --sort-section=alignment -Xlinker --cref -mcpu=cortex-m7 -mfpu=fpv5-d16 -mfloat-abi=hard -mthumb -T evkmimxrt1020_qtmr_inputcapture_outputpwm_Debug.ld -o "evkmimxrt1020_qtmr_inputcapture_outputpwm.axf"  ./xip/evkmimxrt1020_flexspi_nor_config.o ./xip/evkmimxrt1020_sdram_ini_dcd.o ./xip/fsl_flexspi_nor_boot.o  ./utilities/fsl_assert.o ./utilities/fsl_debug_console.o ./utilities/fsl_str.o  ./startup/startup_mimxrt1021.o  ./source/qtmr_inputcapture_outputpwm.o ./source/semihost_hardfault.o  ./drivers/fsl_clock.o ./drivers/fsl_common.o ./drivers/fsl_gpio.o ./drivers/fsl_lpspi.o ./drivers/fsl_lpuart.o ./drivers/fsl_qtmr.o ./drivers/fsl_xbara.o  ./device/system_MIMXRT1021.o  ./component/uart/lpuart_adapter.o  ./component/serial_manager/serial_manager.o ./component/serial_manager/serial_port_uart.o  ./component/lists/generic_list.o  ./board/board.o ./board/clock_config.o ./board/pin_mux.o   
Memory region         Used Size  Region Size  %age Used
     BOARD_FLASH:       29204 B         8 MB      0.35%
        SRAM_DTC:        8476 B        64 KB     12.93%
        SRAM_ITC:          0 GB        64 KB      0.00%
         SRAM_OC:          0 GB       128 KB      0.00%
     BOARD_SDRAM:          0 GB        30 MB      0.00%
   NCACHE_REGION:          0 GB         2 MB      0.00%
Finished building target: evkmimxrt1020_qtmr_inputcapture_outputpwm.axf
 
make --no-print-directory post-build
Performing post-build steps
arm-none-eabi-size "evkmimxrt1020_qtmr_inputcapture_outputpwm.axf"; # arm-none-eabi-objcopy -v -O binary "evkmimxrt1020_qtmr_inputcapture_outputpwm.axf" "evkmimxrt1020_qtmr_inputcapture_outputpwm.bin" ; # checksum -p MIMXRT1021xxxxx -d "evkmimxrt1020_qtmr_inputcapture_outputpwm.bin";
   text	   data	    bss	    dec	    hex	filename
  29200	      4	   8472	  37676	   932c	evkmimxrt1020_qtmr_inputcapture_outputpwm.axf
 
22:21:07 **** Build of configuration Debug for project evkmimxrt1020_qtmr_inputcapture_outputpwm ****
make -r -j8 all 
make: Nothing to be done for 'all'.
22:21:08 **** Incremental Build of configuration Debug for project evkmimxrt1020_qtmr_inputcapture_outputpwm ****
make -r -j8 all 
make: Nothing to be done for 'all'.
22:21:43 **** Build of configuration Debug for project evkmimxrt1020_qtmr_inputcapture_outputpwm ****
make -r -j8 all 
make: Nothing to be done for 'all'.
22:21:45 **** Incremental Build of configuration Debug for project evkmimxrt1020_qtmr_inputcapture_outputpwm ****
make -r -j8 all 
make: Nothing to be done for 'all'.
22:22:54 **** Build of configuration Debug for project evkmimxrt1020_qtmr_inputcapture_outputpwm ****
make -r -j8 all 
make: Nothing to be done for 'all'.
22:22:55 **** Incremental Build of configuration Debug for project evkmimxrt1020_qtmr_inputcapture_outputpwm ****
make -r -j8 all 
make: Nothing to be done for 'all'.
22:24:37 **** Build of configuration Debug for project evkmimxrt1020_qtmr_inputcapture_outputpwm ****
make -r -j8 all 
Building file: ../source/qtmr_inputcapture_outputpwm.c
Invoking: MCU C Compiler
arm-none-eabi-gcc -std=gnu99 -D__REDLIB__ -DCPU_MIMXRT1021DAG5A -DCPU_MIMXRT1021DAG5A_cm7 -DXIP_EXTERNAL_FLASH=1 -DXIP_BOOT_HEADER_ENABLE=1 -DSERIAL_PORT_TYPE_UART=1 -DCR_INTEGER_PRINTF -DPRINTF_FLOAT_ENABLE=0 -D__MCUXPRESSO -D__USE_CMSIS -DDEBUG -DSDK_DEBUGCONSOLE=0 -DFSL_RTOS_BM -DSDK_OS_BAREMETAL -I"/home/bop/Documents/MCUXpresso_11.1.0_3209/workspace/evkmimxrt1020_qtmr_inputcapture_outputpwm/utilities" -I"/home/bop/Documents/MCUXpresso_11.1.0_3209/workspace/evkmimxrt1020_qtmr_inputcapture_outputpwm/drivers" -I"/home/bop/Documents/MCUXpresso_11.1.0_3209/workspace/evkmimxrt1020_qtmr_inputcapture_outputpwm/CMSIS" -I"/home/bop/Documents/MCUXpresso_11.1.0_3209/workspace/evkmimxrt1020_qtmr_inputcapture_outputpwm/component/serial_manager" -I"/home/bop/Documents/MCUXpresso_11.1.0_3209/workspace/evkmimxrt1020_qtmr_inputcapture_outputpwm/device" -I"/home/bop/Documents/MCUXpresso_11.1.0_3209/workspace/evkmimxrt1020_qtmr_inputcapture_outputpwm/component/uart" -I"/home/bop/Documents/MCUXpresso_11.1.0_3209/workspace/evkmimxrt1020_qtmr_inputcapture_outputpwm/xip" -I"/home/bop/Documents/MCUXpresso_11.1.0_3209/workspace/evkmimxrt1020_qtmr_inputcapture_outputpwm/component/lists" -I"/home/bop/Documents/MCUXpresso_11.1.0_3209/workspace/evkmimxrt1020_qtmr_inputcapture_outputpwm/board" -I"/home/bop/Documents/MCUXpresso_11.1.0_3209/workspace/evkmimxrt1020_qtmr_inputcapture_outputpwm/source" -I"/home/bop/Documents/MCUXpresso_11.1.0_3209/workspace/evkmimxrt1020_qtmr_inputcapture_outputpwm" -I"/home/bop/Documents/MCUXpresso_11.1.0_3209/workspace/evkmimxrt1020_qtmr_inputcapture_outputpwm/drivers" -I"/home/bop/Documents/MCUXpresso_11.1.0_3209/workspace/evkmimxrt1020_qtmr_inputcapture_outputpwm/device" -I"/home/bop/Documents/MCUXpresso_11.1.0_3209/workspace/evkmimxrt1020_qtmr_inputcapture_outputpwm/CMSIS" -I"/home/bop/Documents/MCUXpresso_11.1.0_3209/workspace/evkmimxrt1020_qtmr_inputcapture_outputpwm/utilities" -I"/home/bop/Documents/MCUXpresso_11.1.0_3209/workspace/evkmimxrt1020_qtmr_inputcapture_outputpwm/component/serial_manager" -I"/home/bop/Documents/MCUXpresso_11.1.0_3209/workspace/evkmimxrt1020_qtmr_inputcapture_outputpwm/component/lists" -I"/home/bop/Documents/MCUXpresso_11.1.0_3209/workspace/evkmimxrt1020_qtmr_inputcapture_outputpwm/component/uart" -I"/home/bop/Documents/MCUXpresso_11.1.0_3209/workspace/evkmimxrt1020_qtmr_inputcapture_outputpwm/xip" -O0 -fno-common -g3 -Wall -c  -ffunction-sections  -fdata-sections  -ffreestanding  -fno-builtin -fmerge-constants -fmacro-prefix-map="../source/"=. -mcpu=cortex-m7 -mfpu=fpv5-d16 -mfloat-abi=hard -mthumb -D__REDLIB__ -fstack-usage -specs=redlib.specs -MMD -MP -MF"source/qtmr_inputcapture_outputpwm.d" -MT"source/qtmr_inputcapture_outputpwm.o" -MT"source/qtmr_inputcapture_outputpwm.d" -o "source/qtmr_inputcapture_outputpwm.o" "../source/qtmr_inputcapture_outputpwm.c"
../source/qtmr_inputcapture_outputpwm.c: In function 'main':
../source/qtmr_inputcapture_outputpwm.c:99:14: warning: unused variable 'count' [-Wunused-variable]
     uint32_t count        = 0;
              ^~~~~
Finished building: ../source/qtmr_inputcapture_outputpwm.c
 
Building target: evkmimxrt1020_qtmr_inputcapture_outputpwm.axf
Invoking: MCU Linker
arm-none-eabi-gcc -nostdlib -Xlinker -Map="evkmimxrt1020_qtmr_inputcapture_outputpwm.map" -Xlinker --gc-sections -Xlinker -print-memory-usage -Xlinker --sort-section=alignment -Xlinker --cref -mcpu=cortex-m7 -mfpu=fpv5-d16 -mfloat-abi=hard -mthumb -T evkmimxrt1020_qtmr_inputcapture_outputpwm_Debug.ld -o "evkmimxrt1020_qtmr_inputcapture_outputpwm.axf"  ./xip/evkmimxrt1020_flexspi_nor_config.o ./xip/evkmimxrt1020_sdram_ini_dcd.o ./xip/fsl_flexspi_nor_boot.o  ./utilities/fsl_assert.o ./utilities/fsl_debug_console.o ./utilities/fsl_str.o  ./startup/startup_mimxrt1021.o  ./source/qtmr_inputcapture_outputpwm.o ./source/semihost_hardfault.o  ./drivers/fsl_clock.o ./drivers/fsl_common.o ./drivers/fsl_gpio.o ./drivers/fsl_lpspi.o ./drivers/fsl_lpuart.o ./drivers/fsl_qtmr.o ./drivers/fsl_xbara.o  ./device/system_MIMXRT1021.o  ./component/uart/lpuart_adapter.o  ./component/serial_manager/serial_manager.o ./component/serial_manager/serial_port_uart.o  ./component/lists/generic_list.o  ./board/board.o ./board/clock_config.o ./board/pin_mux.o   
Memory region         Used Size  Region Size  %age Used
     BOARD_FLASH:       29192 B         8 MB      0.35%
        SRAM_DTC:        8476 B        64 KB     12.93%
        SRAM_ITC:          0 GB        64 KB      0.00%
         SRAM_OC:          0 GB       128 KB      0.00%
     BOARD_SDRAM:          0 GB        30 MB      0.00%
   NCACHE_REGION:          0 GB         2 MB      0.00%
Finished building target: evkmimxrt1020_qtmr_inputcapture_outputpwm.axf
 
make --no-print-directory post-build
Performing post-build steps
arm-none-eabi-size "evkmimxrt1020_qtmr_inputcapture_outputpwm.axf"; # arm-none-eabi-objcopy -v -O binary "evkmimxrt1020_qtmr_inputcapture_outputpwm.axf" "evkmimxrt1020_qtmr_inputcapture_outputpwm.bin" ; # checksum -p MIMXRT1021xxxxx -d "evkmimxrt1020_qtmr_inputcapture_outputpwm.bin";
   text	   data	    bss	    dec	    hex	filename
  29188	      4	   8472	  37664	   9320	evkmimxrt1020_qtmr_inputcapture_outputpwm.axf
 
22:24:39 **** Incremental Build of configuration Debug for project evkmimxrt1020_qtmr_inputcapture_outputpwm ****
make -r -j8 all 
make: Nothing to be done for 'all'.
22:26:30 **** Build of configuration Debug for project evkmimxrt1020_qtmr_inputcapture_outputpwm ****
make -r -j8 all 
make: Nothing to be done for 'all'.
22:26:31 **** Incremental Build of configuration Debug for project evkmimxrt1020_qtmr_inputcapture_outputpwm ****
make -r -j8 all 
make: Nothing to be done for 'all'.
22:27:48 **** Incremental Build of configuration Debug for project evkmimxrt1020_qtmr_inputcapture_outputpwm ****
make -r -j8 all 
Building file: ../source/qtmr_inputcapture_outputpwm.c
Invoking: MCU C Compiler
arm-none-eabi-gcc -std=gnu99 -D__REDLIB__ -DCPU_MIMXRT1021DAG5A -DCPU_MIMXRT1021DAG5A_cm7 -DXIP_EXTERNAL_FLASH=1 -DXIP_BOOT_HEADER_ENABLE=1 -DSERIAL_PORT_TYPE_UART=1 -DCR_INTEGER_PRINTF -DPRINTF_FLOAT_ENABLE=0 -D__MCUXPRESSO -D__USE_CMSIS -DDEBUG -DSDK_DEBUGCONSOLE=0 -DFSL_RTOS_BM -DSDK_OS_BAREMETAL -I"/home/bop/Documents/MCUXpresso_11.1.0_3209/workspace/evkmimxrt1020_qtmr_inputcapture_outputpwm/utilities" -I"/home/bop/Documents/MCUXpresso_11.1.0_3209/workspace/evkmimxrt1020_qtmr_inputcapture_outputpwm/drivers" -I"/home/bop/Documents/MCUXpresso_11.1.0_3209/workspace/evkmimxrt1020_qtmr_inputcapture_outputpwm/CMSIS" -I"/home/bop/Documents/MCUXpresso_11.1.0_3209/workspace/evkmimxrt1020_qtmr_inputcapture_outputpwm/component/serial_manager" -I"/home/bop/Documents/MCUXpresso_11.1.0_3209/workspace/evkmimxrt1020_qtmr_inputcapture_outputpwm/device" -I"/home/bop/Documents/MCUXpresso_11.1.0_3209/workspace/evkmimxrt1020_qtmr_inputcapture_outputpwm/component/uart" -I"/home/bop/Documents/MCUXpresso_11.1.0_3209/workspace/evkmimxrt1020_qtmr_inputcapture_outputpwm/xip" -I"/home/bop/Documents/MCUXpresso_11.1.0_3209/workspace/evkmimxrt1020_qtmr_inputcapture_outputpwm/component/lists" -I"/home/bop/Documents/MCUXpresso_11.1.0_3209/workspace/evkmimxrt1020_qtmr_inputcapture_outputpwm/board" -I"/home/bop/Documents/MCUXpresso_11.1.0_3209/workspace/evkmimxrt1020_qtmr_inputcapture_outputpwm/source" -I"/home/bop/Documents/MCUXpresso_11.1.0_3209/workspace/evkmimxrt1020_qtmr_inputcapture_outputpwm" -I"/home/bop/Documents/MCUXpresso_11.1.0_3209/workspace/evkmimxrt1020_qtmr_inputcapture_outputpwm/drivers" -I"/home/bop/Documents/MCUXpresso_11.1.0_3209/workspace/evkmimxrt1020_qtmr_inputcapture_outputpwm/device" -I"/home/bop/Documents/MCUXpresso_11.1.0_3209/workspace/evkmimxrt1020_qtmr_inputcapture_outputpwm/CMSIS" -I"/home/bop/Documents/MCUXpresso_11.1.0_3209/workspace/evkmimxrt1020_qtmr_inputcapture_outputpwm/utilities" -I"/home/bop/Documents/MCUXpresso_11.1.0_3209/workspace/evkmimxrt1020_qtmr_inputcapture_outputpwm/component/serial_manager" -I"/home/bop/Documents/MCUXpresso_11.1.0_3209/workspace/evkmimxrt1020_qtmr_inputcapture_outputpwm/component/lists" -I"/home/bop/Documents/MCUXpresso_11.1.0_3209/workspace/evkmimxrt1020_qtmr_inputcapture_outputpwm/component/uart" -I"/home/bop/Documents/MCUXpresso_11.1.0_3209/workspace/evkmimxrt1020_qtmr_inputcapture_outputpwm/xip" -O0 -fno-common -g3 -Wall -c  -ffunction-sections  -fdata-sections  -ffreestanding  -fno-builtin -fmerge-constants -fmacro-prefix-map="../source/"=. -mcpu=cortex-m7 -mfpu=fpv5-d16 -mfloat-abi=hard -mthumb -D__REDLIB__ -fstack-usage -specs=redlib.specs -MMD -MP -MF"source/qtmr_inputcapture_outputpwm.d" -MT"source/qtmr_inputcapture_outputpwm.o" -MT"source/qtmr_inputcapture_outputpwm.d" -o "source/qtmr_inputcapture_outputpwm.o" "../source/qtmr_inputcapture_outputpwm.c"
../source/qtmr_inputcapture_outputpwm.c: In function 'main':
../source/qtmr_inputcapture_outputpwm.c:99:14: warning: unused variable 'count' [-Wunused-variable]
     uint32_t count        = 0;
              ^~~~~
Finished building: ../source/qtmr_inputcapture_outputpwm.c
 
Building target: evkmimxrt1020_qtmr_inputcapture_outputpwm.axf
Invoking: MCU Linker
arm-none-eabi-gcc -nostdlib -Xlinker -Map="evkmimxrt1020_qtmr_inputcapture_outputpwm.map" -Xlinker --gc-sections -Xlinker -print-memory-usage -Xlinker --sort-section=alignment -Xlinker --cref -mcpu=cortex-m7 -mfpu=fpv5-d16 -mfloat-abi=hard -mthumb -T evkmimxrt1020_qtmr_inputcapture_outputpwm_Debug.ld -o "evkmimxrt1020_qtmr_inputcapture_outputpwm.axf"  ./xip/evkmimxrt1020_flexspi_nor_config.o ./xip/evkmimxrt1020_sdram_ini_dcd.o ./xip/fsl_flexspi_nor_boot.o  ./utilities/fsl_assert.o ./utilities/fsl_debug_console.o ./utilities/fsl_str.o  ./startup/startup_mimxrt1021.o  ./source/qtmr_inputcapture_outputpwm.o ./source/semihost_hardfault.o  ./drivers/fsl_clock.o ./drivers/fsl_common.o ./drivers/fsl_gpio.o ./drivers/fsl_lpspi.o ./drivers/fsl_lpuart.o ./drivers/fsl_qtmr.o ./drivers/fsl_xbara.o  ./device/system_MIMXRT1021.o  ./component/uart/lpuart_adapter.o  ./component/serial_manager/serial_manager.o ./component/serial_manager/serial_port_uart.o  ./component/lists/generic_list.o  ./board/board.o ./board/clock_config.o ./board/pin_mux.o   
Memory region         Used Size  Region Size  %age Used
     BOARD_FLASH:       29288 B         8 MB      0.35%
        SRAM_DTC:        8476 B        64 KB     12.93%
        SRAM_ITC:          0 GB        64 KB      0.00%
         SRAM_OC:          0 GB       128 KB      0.00%
     BOARD_SDRAM:          0 GB        30 MB      0.00%
   NCACHE_REGION:          0 GB         2 MB      0.00%
Finished building target: evkmimxrt1020_qtmr_inputcapture_outputpwm.axf
 
make --no-print-directory post-build
Performing post-build steps
arm-none-eabi-size "evkmimxrt1020_qtmr_inputcapture_outputpwm.axf"; # arm-none-eabi-objcopy -v -O binary "evkmimxrt1020_qtmr_inputcapture_outputpwm.axf" "evkmimxrt1020_qtmr_inputcapture_outputpwm.bin" ; # checksum -p MIMXRT1021xxxxx -d "evkmimxrt1020_qtmr_inputcapture_outputpwm.bin";
   text	   data	    bss	    dec	    hex	filename
  29284	      4	   8472	  37760	   9380	evkmimxrt1020_qtmr_inputcapture_outputpwm.axf
 
22:27:56 **** Build of configuration Debug for project evkmimxrt1020_qtmr_inputcapture_outputpwm ****
make -r -j8 all 
make: Nothing to be done for 'all'.
22:27:57 **** Incremental Build of configuration Debug for project evkmimxrt1020_qtmr_inputcapture_outputpwm ****
make -r -j8 all 
make: Nothing to be done for 'all'.
22:30:03 **** Build of configuration Debug for project evkmimxrt1020_qtmr_inputcapture_outputpwm ****
make -r -j8 all 
make: Nothing to be done for 'all'.
22:30:04 **** Incremental Build of configuration Debug for project evkmimxrt1020_qtmr_inputcapture_outputpwm ****
make -r -j8 all 
make: Nothing to be done for 'all'.
22:32:31 **** Incremental Build of configuration Debug for project evkmimxrt1020_qtmr_inputcapture_outputpwm ****
make -r -j8 all 
Building file: ../source/qtmr_inputcapture_outputpwm.c
Invoking: MCU C Compiler
arm-none-eabi-gcc -std=gnu99 -D__REDLIB__ -DCPU_MIMXRT1021DAG5A -DCPU_MIMXRT1021DAG5A_cm7 -DXIP_EXTERNAL_FLASH=1 -DXIP_BOOT_HEADER_ENABLE=1 -DSERIAL_PORT_TYPE_UART=1 -DCR_INTEGER_PRINTF -DPRINTF_FLOAT_ENABLE=0 -D__MCUXPRESSO -D__USE_CMSIS -DDEBUG -DSDK_DEBUGCONSOLE=0 -DFSL_RTOS_BM -DSDK_OS_BAREMETAL -I"/home/bop/Documents/MCUXpresso_11.1.0_3209/workspace/evkmimxrt1020_qtmr_inputcapture_outputpwm/utilities" -I"/home/bop/Documents/MCUXpresso_11.1.0_3209/workspace/evkmimxrt1020_qtmr_inputcapture_outputpwm/drivers" -I"/home/bop/Documents/MCUXpresso_11.1.0_3209/workspace/evkmimxrt1020_qtmr_inputcapture_outputpwm/CMSIS" -I"/home/bop/Documents/MCUXpresso_11.1.0_3209/workspace/evkmimxrt1020_qtmr_inputcapture_outputpwm/component/serial_manager" -I"/home/bop/Documents/MCUXpresso_11.1.0_3209/workspace/evkmimxrt1020_qtmr_inputcapture_outputpwm/device" -I"/home/bop/Documents/MCUXpresso_11.1.0_3209/workspace/evkmimxrt1020_qtmr_inputcapture_outputpwm/component/uart" -I"/home/bop/Documents/MCUXpresso_11.1.0_3209/workspace/evkmimxrt1020_qtmr_inputcapture_outputpwm/xip" -I"/home/bop/Documents/MCUXpresso_11.1.0_3209/workspace/evkmimxrt1020_qtmr_inputcapture_outputpwm/component/lists" -I"/home/bop/Documents/MCUXpresso_11.1.0_3209/workspace/evkmimxrt1020_qtmr_inputcapture_outputpwm/board" -I"/home/bop/Documents/MCUXpresso_11.1.0_3209/workspace/evkmimxrt1020_qtmr_inputcapture_outputpwm/source" -I"/home/bop/Documents/MCUXpresso_11.1.0_3209/workspace/evkmimxrt1020_qtmr_inputcapture_outputpwm" -I"/home/bop/Documents/MCUXpresso_11.1.0_3209/workspace/evkmimxrt1020_qtmr_inputcapture_outputpwm/drivers" -I"/home/bop/Documents/MCUXpresso_11.1.0_3209/workspace/evkmimxrt1020_qtmr_inputcapture_outputpwm/device" -I"/home/bop/Documents/MCUXpresso_11.1.0_3209/workspace/evkmimxrt1020_qtmr_inputcapture_outputpwm/CMSIS" -I"/home/bop/Documents/MCUXpresso_11.1.0_3209/workspace/evkmimxrt1020_qtmr_inputcapture_outputpwm/utilities" -I"/home/bop/Documents/MCUXpresso_11.1.0_3209/workspace/evkmimxrt1020_qtmr_inputcapture_outputpwm/component/serial_manager" -I"/home/bop/Documents/MCUXpresso_11.1.0_3209/workspace/evkmimxrt1020_qtmr_inputcapture_outputpwm/component/lists" -I"/home/bop/Documents/MCUXpresso_11.1.0_3209/workspace/evkmimxrt1020_qtmr_inputcapture_outputpwm/component/uart" -I"/home/bop/Documents/MCUXpresso_11.1.0_3209/workspace/evkmimxrt1020_qtmr_inputcapture_outputpwm/xip" -O0 -fno-common -g3 -Wall -c  -ffunction-sections  -fdata-sections  -ffreestanding  -fno-builtin -fmerge-constants -fmacro-prefix-map="../source/"=. -mcpu=cortex-m7 -mfpu=fpv5-d16 -mfloat-abi=hard -mthumb -D__REDLIB__ -fstack-usage -specs=redlib.specs -MMD -MP -MF"source/qtmr_inputcapture_outputpwm.d" -MT"source/qtmr_inputcapture_outputpwm.o" -MT"source/qtmr_inputcapture_outputpwm.d" -o "source/qtmr_inputcapture_outputpwm.o" "../source/qtmr_inputcapture_outputpwm.c"
../source/qtmr_inputcapture_outputpwm.c: In function 'main':
../source/qtmr_inputcapture_outputpwm.c:99:14: warning: unused variable 'count' [-Wunused-variable]
     uint32_t count        = 0;
              ^~~~~
Finished building: ../source/qtmr_inputcapture_outputpwm.c
 
Building target: evkmimxrt1020_qtmr_inputcapture_outputpwm.axf
Invoking: MCU Linker
arm-none-eabi-gcc -nostdlib -Xlinker -Map="evkmimxrt1020_qtmr_inputcapture_outputpwm.map" -Xlinker --gc-sections -Xlinker -print-memory-usage -Xlinker --sort-section=alignment -Xlinker --cref -mcpu=cortex-m7 -mfpu=fpv5-d16 -mfloat-abi=hard -mthumb -T evkmimxrt1020_qtmr_inputcapture_outputpwm_Debug.ld -o "evkmimxrt1020_qtmr_inputcapture_outputpwm.axf"  ./xip/evkmimxrt1020_flexspi_nor_config.o ./xip/evkmimxrt1020_sdram_ini_dcd.o ./xip/fsl_flexspi_nor_boot.o  ./utilities/fsl_assert.o ./utilities/fsl_debug_console.o ./utilities/fsl_str.o  ./startup/startup_mimxrt1021.o  ./source/qtmr_inputcapture_outputpwm.o ./source/semihost_hardfault.o  ./drivers/fsl_clock.o ./drivers/fsl_common.o ./drivers/fsl_gpio.o ./drivers/fsl_lpspi.o ./drivers/fsl_lpuart.o ./drivers/fsl_qtmr.o ./drivers/fsl_xbara.o  ./device/system_MIMXRT1021.o  ./component/uart/lpuart_adapter.o  ./component/serial_manager/serial_manager.o ./component/serial_manager/serial_port_uart.o  ./component/lists/generic_list.o  ./board/board.o ./board/clock_config.o ./board/pin_mux.o   
Memory region         Used Size  Region Size  %age Used
     BOARD_FLASH:       29296 B         8 MB      0.35%
        SRAM_DTC:        8476 B        64 KB     12.93%
        SRAM_ITC:          0 GB        64 KB      0.00%
         SRAM_OC:          0 GB       128 KB      0.00%
     BOARD_SDRAM:          0 GB        30 MB      0.00%
   NCACHE_REGION:          0 GB         2 MB      0.00%
Finished building target: evkmimxrt1020_qtmr_inputcapture_outputpwm.axf
 
make --no-print-directory post-build
Performing post-build steps
arm-none-eabi-size "evkmimxrt1020_qtmr_inputcapture_outputpwm.axf"; # arm-none-eabi-objcopy -v -O binary "evkmimxrt1020_qtmr_inputcapture_outputpwm.axf" "evkmimxrt1020_qtmr_inputcapture_outputpwm.bin" ; # checksum -p MIMXRT1021xxxxx -d "evkmimxrt1020_qtmr_inputcapture_outputpwm.bin";
   text	   data	    bss	    dec	    hex	filename
  29292	      4	   8472	  37768	   9388	evkmimxrt1020_qtmr_inputcapture_outputpwm.axf
 
22:32:44 **** Build of configuration Debug for project evkmimxrt1020_qtmr_inputcapture_outputpwm ****
make -r -j8 all 
make: Nothing to be done for 'all'.
22:32:46 **** Incremental Build of configuration Debug for project evkmimxrt1020_qtmr_inputcapture_outputpwm ****
make -r -j8 all 
make: Nothing to be done for 'all'.
10:21:41 **** Build of configuration Debug for project evkmimxrt1020_qtmr_inputcapture_outputpwm ****
make -r -j8 all 
Building target: evkmimxrt1020_qtmr_inputcapture_outputpwm.axf
Invoking: MCU Linker
arm-none-eabi-gcc -nostdlib -Xlinker -Map="evkmimxrt1020_qtmr_inputcapture_outputpwm.map" -Xlinker --gc-sections -Xlinker -print-memory-usage -Xlinker --sort-section=alignment -Xlinker --cref -mcpu=cortex-m7 -mfpu=fpv5-d16 -mfloat-abi=hard -mthumb -T evkmimxrt1020_qtmr_inputcapture_outputpwm_Debug.ld -o "evkmimxrt1020_qtmr_inputcapture_outputpwm.axf"  ./xip/evkmimxrt1020_flexspi_nor_config.o ./xip/evkmimxrt1020_sdram_ini_dcd.o ./xip/fsl_flexspi_nor_boot.o  ./utilities/fsl_assert.o ./utilities/fsl_debug_console.o ./utilities/fsl_str.o  ./startup/startup_mimxrt1021.o  ./source/qtmr_inputcapture_outputpwm.o ./source/semihost_hardfault.o  ./drivers/fsl_clock.o ./drivers/fsl_common.o ./drivers/fsl_gpio.o ./drivers/fsl_lpspi.o ./drivers/fsl_lpuart.o ./drivers/fsl_qtmr.o ./drivers/fsl_xbara.o  ./device/system_MIMXRT1021.o  ./component/uart/lpuart_adapter.o  ./component/serial_manager/serial_manager.o ./component/serial_manager/serial_port_uart.o  ./component/lists/generic_list.o  ./board/board.o ./board/clock_config.o ./board/pin_mux.o   
Memory region         Used Size  Region Size  %age Used
     BOARD_FLASH:       29296 B         8 MB      0.35%
        SRAM_DTC:        8476 B        64 KB     12.93%
        SRAM_ITC:          0 GB        64 KB      0.00%
         SRAM_OC:          0 GB       128 KB      0.00%
     BOARD_SDRAM:          0 GB        30 MB      0.00%
   NCACHE_REGION:          0 GB         2 MB      0.00%
Finished building target: evkmimxrt1020_qtmr_inputcapture_outputpwm.axf
 
make --no-print-directory post-build
Performing post-build steps
arm-none-eabi-size "evkmimxrt1020_qtmr_inputcapture_outputpwm.axf"; # arm-none-eabi-objcopy -v -O binary "evkmimxrt1020_qtmr_inputcapture_outputpwm.axf" "evkmimxrt1020_qtmr_inputcapture_outputpwm.bin" ; # checksum -p MIMXRT1021xxxxx -d "evkmimxrt1020_qtmr_inputcapture_outputpwm.bin";
   text	   data	    bss	    dec	    hex	filename
  29292	      4	   8472	  37768	   9388	evkmimxrt1020_qtmr_inputcapture_outputpwm.axf
 
10:21:45 **** Incremental Build of configuration Debug for project evkmimxrt1020_qtmr_inputcapture_outputpwm ****
make -r -j8 all 
make: Nothing to be done for 'all'.
10:23:12 **** Build of configuration Debug for project evkmimxrt1020_qtmr_inputcapture_outputpwm ****
make -r -j8 all 
make: Nothing to be done for 'all'.
10:23:13 **** Incremental Build of configuration Debug for project evkmimxrt1020_qtmr_inputcapture_outputpwm ****
make -r -j8 all 
make: Nothing to be done for 'all'.
10:25:33 **** Build of configuration Debug for project evkmimxrt1020_qtmr_inputcapture_outputpwm ****
make -r -j8 all 
make: Nothing to be done for 'all'.
10:25:35 **** Incremental Build of configuration Debug for project evkmimxrt1020_qtmr_inputcapture_outputpwm ****
make -r -j8 all 
make: Nothing to be done for 'all'.
10:28:23 **** Build of configuration Debug for project evkmimxrt1020_qtmr_inputcapture_outputpwm ****
make -r -j8 all 
Building file: ../source/qtmr_inputcapture_outputpwm.c
Invoking: MCU C Compiler
arm-none-eabi-gcc -std=gnu99 -D__REDLIB__ -DCPU_MIMXRT1021DAG5A -DCPU_MIMXRT1021DAG5A_cm7 -DXIP_EXTERNAL_FLASH=1 -DXIP_BOOT_HEADER_ENABLE=1 -DSERIAL_PORT_TYPE_UART=1 -DCR_INTEGER_PRINTF -DPRINTF_FLOAT_ENABLE=0 -D__MCUXPRESSO -D__USE_CMSIS -DDEBUG -DSDK_DEBUGCONSOLE=0 -DFSL_RTOS_BM -DSDK_OS_BAREMETAL -I"/home/bop/Documents/MCUXpresso_11.1.0_3209/workspace/evkmimxrt1020_qtmr_inputcapture_outputpwm/utilities" -I"/home/bop/Documents/MCUXpresso_11.1.0_3209/workspace/evkmimxrt1020_qtmr_inputcapture_outputpwm/drivers" -I"/home/bop/Documents/MCUXpresso_11.1.0_3209/workspace/evkmimxrt1020_qtmr_inputcapture_outputpwm/CMSIS" -I"/home/bop/Documents/MCUXpresso_11.1.0_3209/workspace/evkmimxrt1020_qtmr_inputcapture_outputpwm/component/serial_manager" -I"/home/bop/Documents/MCUXpresso_11.1.0_3209/workspace/evkmimxrt1020_qtmr_inputcapture_outputpwm/device" -I"/home/bop/Documents/MCUXpresso_11.1.0_3209/workspace/evkmimxrt1020_qtmr_inputcapture_outputpwm/component/uart" -I"/home/bop/Documents/MCUXpresso_11.1.0_3209/workspace/evkmimxrt1020_qtmr_inputcapture_outputpwm/xip" -I"/home/bop/Documents/MCUXpresso_11.1.0_3209/workspace/evkmimxrt1020_qtmr_inputcapture_outputpwm/component/lists" -I"/home/bop/Documents/MCUXpresso_11.1.0_3209/workspace/evkmimxrt1020_qtmr_inputcapture_outputpwm/board" -I"/home/bop/Documents/MCUXpresso_11.1.0_3209/workspace/evkmimxrt1020_qtmr_inputcapture_outputpwm/source" -I"/home/bop/Documents/MCUXpresso_11.1.0_3209/workspace/evkmimxrt1020_qtmr_inputcapture_outputpwm" -I"/home/bop/Documents/MCUXpresso_11.1.0_3209/workspace/evkmimxrt1020_qtmr_inputcapture_outputpwm/drivers" -I"/home/bop/Documents/MCUXpresso_11.1.0_3209/workspace/evkmimxrt1020_qtmr_inputcapture_outputpwm/device" -I"/home/bop/Documents/MCUXpresso_11.1.0_3209/workspace/evkmimxrt1020_qtmr_inputcapture_outputpwm/CMSIS" -I"/home/bop/Documents/MCUXpresso_11.1.0_3209/workspace/evkmimxrt1020_qtmr_inputcapture_outputpwm/utilities" -I"/home/bop/Documents/MCUXpresso_11.1.0_3209/workspace/evkmimxrt1020_qtmr_inputcapture_outputpwm/component/serial_manager" -I"/home/bop/Documents/MCUXpresso_11.1.0_3209/workspace/evkmimxrt1020_qtmr_inputcapture_outputpwm/component/lists" -I"/home/bop/Documents/MCUXpresso_11.1.0_3209/workspace/evkmimxrt1020_qtmr_inputcapture_outputpwm/component/uart" -I"/home/bop/Documents/MCUXpresso_11.1.0_3209/workspace/evkmimxrt1020_qtmr_inputcapture_outputpwm/xip" -O0 -fno-common -g3 -Wall -c  -ffunction-sections  -fdata-sections  -ffreestanding  -fno-builtin -fmerge-constants -fmacro-prefix-map="../source/"=. -mcpu=cortex-m7 -mfpu=fpv5-d16 -mfloat-abi=hard -mthumb -D__REDLIB__ -fstack-usage -specs=redlib.specs -MMD -MP -MF"source/qtmr_inputcapture_outputpwm.d" -MT"source/qtmr_inputcapture_outputpwm.o" -MT"source/qtmr_inputcapture_outputpwm.d" -o "source/qtmr_inputcapture_outputpwm.o" "../source/qtmr_inputcapture_outputpwm.c"
../source/qtmr_inputcapture_outputpwm.c: In function 'main':
../source/qtmr_inputcapture_outputpwm.c:99:14: warning: unused variable 'count' [-Wunused-variable]
     uint32_t count        = 0;
              ^~~~~
Finished building: ../source/qtmr_inputcapture_outputpwm.c
 
Building target: evkmimxrt1020_qtmr_inputcapture_outputpwm.axf
Invoking: MCU Linker
arm-none-eabi-gcc -nostdlib -Xlinker -Map="evkmimxrt1020_qtmr_inputcapture_outputpwm.map" -Xlinker --gc-sections -Xlinker -print-memory-usage -Xlinker --sort-section=alignment -Xlinker --cref -mcpu=cortex-m7 -mfpu=fpv5-d16 -mfloat-abi=hard -mthumb -T evkmimxrt1020_qtmr_inputcapture_outputpwm_Debug.ld -o "evkmimxrt1020_qtmr_inputcapture_outputpwm.axf"  ./xip/evkmimxrt1020_flexspi_nor_config.o ./xip/evkmimxrt1020_sdram_ini_dcd.o ./xip/fsl_flexspi_nor_boot.o  ./utilities/fsl_assert.o ./utilities/fsl_debug_console.o ./utilities/fsl_str.o  ./startup/startup_mimxrt1021.o  ./source/qtmr_inputcapture_outputpwm.o ./source/semihost_hardfault.o  ./drivers/fsl_clock.o ./drivers/fsl_common.o ./drivers/fsl_gpio.o ./drivers/fsl_lpspi.o ./drivers/fsl_lpuart.o ./drivers/fsl_qtmr.o ./drivers/fsl_xbara.o  ./device/system_MIMXRT1021.o  ./component/uart/lpuart_adapter.o  ./component/serial_manager/serial_manager.o ./component/serial_manager/serial_port_uart.o  ./component/lists/generic_list.o  ./board/board.o ./board/clock_config.o ./board/pin_mux.o   
Memory region         Used Size  Region Size  %age Used
     BOARD_FLASH:       29288 B         8 MB      0.35%
        SRAM_DTC:        8476 B        64 KB     12.93%
        SRAM_ITC:          0 GB        64 KB      0.00%
         SRAM_OC:          0 GB       128 KB      0.00%
     BOARD_SDRAM:          0 GB        30 MB      0.00%
   NCACHE_REGION:          0 GB         2 MB      0.00%
Finished building target: evkmimxrt1020_qtmr_inputcapture_outputpwm.axf
 
make --no-print-directory post-build
Performing post-build steps
arm-none-eabi-size "evkmimxrt1020_qtmr_inputcapture_outputpwm.axf"; # arm-none-eabi-objcopy -v -O binary "evkmimxrt1020_qtmr_inputcapture_outputpwm.axf" "evkmimxrt1020_qtmr_inputcapture_outputpwm.bin" ; # checksum -p MIMXRT1021xxxxx -d "evkmimxrt1020_qtmr_inputcapture_outputpwm.bin";
   text	   data	    bss	    dec	    hex	filename
  29284	      4	   8472	  37760	   9380	evkmimxrt1020_qtmr_inputcapture_outputpwm.axf
 
10:28:27 **** Incremental Build of configuration Debug for project evkmimxrt1020_qtmr_inputcapture_outputpwm ****
make -r -j8 all 
make: Nothing to be done for 'all'.
10:33:38 **** Clean-only build of configuration Debug for project evkmimxrt1020_qtmr_inputcapture_outputpwm ****
make -r -j8 clean 
rm -rf  ./xip/evkmimxrt1020_flexspi_nor_config.o ./xip/evkmimxrt1020_sdram_ini_dcd.o ./xip/fsl_flexspi_nor_boot.o  ./utilities/fsl_assert.o ./utilities/fsl_debug_console.o ./utilities/fsl_str.o  ./startup/startup_mimxrt1021.o  ./source/qtmr_inputcapture_outputpwm.o ./source/semihost_hardfault.o  ./drivers/fsl_clock.o ./drivers/fsl_common.o ./drivers/fsl_gpio.o ./drivers/fsl_lpspi.o ./drivers/fsl_lpuart.o ./drivers/fsl_qtmr.o ./drivers/fsl_xbara.o  ./device/system_MIMXRT1021.o  ./component/uart/lpuart_adapter.o  ./component/serial_manager/serial_manager.o ./component/serial_manager/serial_port_uart.o  ./component/lists/generic_list.o  ./board/board.o ./board/clock_config.o ./board/pin_mux.o  ./xip/evkmimxrt1020_flexspi_nor_config.d ./xip/evkmimxrt1020_sdram_ini_dcd.d ./xip/fsl_flexspi_nor_boot.d  ./utilities/fsl_assert.d ./utilities/fsl_debug_console.d ./utilities/fsl_str.d  ./startup/startup_mimxrt1021.d  ./source/qtmr_inputcapture_outputpwm.d ./source/semihost_hardfault.d  ./drivers/fsl_clock.d ./drivers/fsl_common.d ./drivers/fsl_gpio.d ./drivers/fsl_lpspi.d ./drivers/fsl_lpuart.d ./drivers/fsl_qtmr.d ./drivers/fsl_xbara.d  ./device/system_MIMXRT1021.d  ./component/uart/lpuart_adapter.d  ./component/serial_manager/serial_manager.d ./component/serial_manager/serial_port_uart.d  ./component/lists/generic_list.d  ./board/board.d ./board/clock_config.d ./board/pin_mux.d  evkmimxrt1020_qtmr_inputcapture_outputpwm.axf
 
10:33:39 **** Incremental Build of configuration Debug for project evkmimxrt1020_qtmr_inputcapture_outputpwm ****
make -r -j8 all 
Building file: ../xip/evkmimxrt1020_flexspi_nor_config.c
Building file: ../xip/evkmimxrt1020_sdram_ini_dcd.c
Building file: ../xip/fsl_flexspi_nor_boot.c
Building file: ../utilities/fsl_assert.c
Invoking: MCU C Compiler
Building file: ../utilities/fsl_debug_console.c
Invoking: MCU C Compiler
arm-none-eabi-gcc -std=gnu99 -D__REDLIB__ -DCPU_MIMXRT1021DAG5A -DCPU_MIMXRT1021DAG5A_cm7 -DXIP_EXTERNAL_FLASH=1 -DXIP_BOOT_HEADER_ENABLE=1 -DSERIAL_PORT_TYPE_UART=1 -DCR_INTEGER_PRINTF -DPRINTF_FLOAT_ENABLE=0 -D__MCUXPRESSO -D__USE_CMSIS -DDEBUG -DSDK_DEBUGCONSOLE=0 -DFSL_RTOS_BM -DSDK_OS_BAREMETAL -I"/home/bop/Documents/MCUXpresso_11.1.0_3209/workspace/evkmimxrt1020_qtmr_inputcapture_outputpwm/utilities" -I"/home/bop/Documents/MCUXpresso_11.1.0_3209/workspace/evkmimxrt1020_qtmr_inputcapture_outputpwm/drivers" -I"/home/bop/Documents/MCUXpresso_11.1.0_3209/workspace/evkmimxrt1020_qtmr_inputcapture_outputpwm/CMSIS" -I"/home/bop/Documents/MCUXpresso_11.1.0_3209/workspace/evkmimxrt1020_qtmr_inputcapture_outputpwm/component/serial_manager" -I"/home/bop/Documents/MCUXpresso_11.1.0_3209/workspace/evkmimxrt1020_qtmr_inputcapture_outputpwm/device" -I"/home/bop/Documents/MCUXpresso_11.1.0_3209/workspace/evkmimxrt1020_qtmr_inputcapture_outputpwm/component/uart" -I"/home/bop/Documents/MCUXpresso_11.1.0_3209/workspace/evkmimxrt1020_qtmr_inputcapture_outputpwm/xip" -I"/home/bop/Documents/MCUXpresso_11.1.0_3209/workspace/evkmimxrt1020_qtmr_inputcapture_outputpwm/component/lists" -I"/home/bop/Documents/MCUXpresso_11.1.0_3209/workspace/evkmimxrt1020_qtmr_inputcapture_outputpwm/board" -I"/home/bop/Documents/MCUXpresso_11.1.0_3209/workspace/evkmimxrt1020_qtmr_inputcapture_outputpwm/source" -I"/home/bop/Documents/MCUXpresso_11.1.0_3209/workspace/evkmimxrt1020_qtmr_inputcapture_outputpwm" -I"/home/bop/Documents/MCUXpresso_11.1.0_3209/workspace/evkmimxrt1020_qtmr_inputcapture_outputpwm/drivers" -I"/home/bop/Documents/MCUXpresso_11.1.0_3209/workspace/evkmimxrt1020_qtmr_inputcapture_outputpwm/device" -I"/home/bop/Documents/MCUXpresso_11.1.0_3209/workspace/evkmimxrt1020_qtmr_inputcapture_outputpwm/CMSIS" -I"/home/bop/Documents/MCUXpresso_11.1.0_3209/workspace/evkmimxrt1020_qtmr_inputcapture_outputpwm/utilities" -I"/home/bop/Documents/MCUXpresso_11.1.0_3209/workspace/evkmimxrt1020_qtmr_inputcapture_outputpwm/component/serial_manager" -I"/home/bop/Documents/MCUXpresso_11.1.0_3209/workspace/evkmimxrt1020_qtmr_inputcapture_outputpwm/component/lists" -I"/home/bop/Documents/MCUXpresso_11.1.0_3209/workspace/evkmimxrt1020_qtmr_inputcapture_outputpwm/component/uart" -I"/home/bop/Documents/MCUXpresso_11.1.0_3209/workspace/evkmimxrt1020_qtmr_inputcapture_outputpwm/xip" -O0 -fno-common -g3 -Wall -c  -ffunction-sections  -fdata-sections  -ffreestanding  -fno-builtin -fmerge-constants -fmacro-prefix-map="../xip/"=. -mcpu=cortex-m7 -mfpu=fpv5-d16 -mfloat-abi=hard -mthumb -D__REDLIB__ -fstack-usage -specs=redlib.specs -MMD -MP -MF"xip/evkmimxrt1020_flexspi_nor_config.d" -MT"xip/evkmimxrt1020_flexspi_nor_config.o" -MT"xip/evkmimxrt1020_flexspi_nor_config.d" -o "xip/evkmimxrt1020_flexspi_nor_config.o" "../xip/evkmimxrt1020_flexspi_nor_config.c"
Building file: ../utilities/fsl_str.c
Invoking: MCU C Compiler
arm-none-eabi-gcc -std=gnu99 -D__REDLIB__ -DCPU_MIMXRT1021DAG5A -DCPU_MIMXRT1021DAG5A_cm7 -DXIP_EXTERNAL_FLASH=1 -DXIP_BOOT_HEADER_ENABLE=1 -DSERIAL_PORT_TYPE_UART=1 -DCR_INTEGER_PRINTF -DPRINTF_FLOAT_ENABLE=0 -D__MCUXPRESSO -D__USE_CMSIS -DDEBUG -DSDK_DEBUGCONSOLE=0 -DFSL_RTOS_BM -DSDK_OS_BAREMETAL -I"/home/bop/Documents/MCUXpresso_11.1.0_3209/workspace/evkmimxrt1020_qtmr_inputcapture_outputpwm/utilities" -I"/home/bop/Documents/MCUXpresso_11.1.0_3209/workspace/evkmimxrt1020_qtmr_inputcapture_outputpwm/drivers" -I"/home/bop/Documents/MCUXpresso_11.1.0_3209/workspace/evkmimxrt1020_qtmr_inputcapture_outputpwm/CMSIS" -I"/home/bop/Documents/MCUXpresso_11.1.0_3209/workspace/evkmimxrt1020_qtmr_inputcapture_outputpwm/component/serial_manager" -I"/home/bop/Documents/MCUXpresso_11.1.0_3209/workspace/evkmimxrt1020_qtmr_inputcapture_outputpwm/device" -I"/home/bop/Documents/MCUXpresso_11.1.0_3209/workspace/evkmimxrt1020_qtmr_inputcapture_outputpwm/component/uart" -I"/home/bop/Documents/MCUXpresso_11.1.0_3209/workspace/evkmimxrt1020_qtmr_inputcapture_outputpwm/xip" -I"/home/bop/Documents/MCUXpresso_11.1.0_3209/workspace/evkmimxrt1020_qtmr_inputcapture_outputpwm/component/lists" -I"/home/bop/Documents/MCUXpresso_11.1.0_3209/workspace/evkmimxrt1020_qtmr_inputcapture_outputpwm/board" -I"/home/bop/Documents/MCUXpresso_11.1.0_3209/workspace/evkmimxrt1020_qtmr_inputcapture_outputpwm/source" -I"/home/bop/Documents/MCUXpresso_11.1.0_3209/workspace/evkmimxrt1020_qtmr_inputcapture_outputpwm" -I"/home/bop/Documents/MCUXpresso_11.1.0_3209/workspace/evkmimxrt1020_qtmr_inputcapture_outputpwm/drivers" -I"/home/bop/Documents/MCUXpresso_11.1.0_3209/workspace/evkmimxrt1020_qtmr_inputcapture_outputpwm/device" -I"/home/bop/Documents/MCUXpresso_11.1.0_3209/workspace/evkmimxrt1020_qtmr_inputcapture_outputpwm/CMSIS" -I"/home/bop/Documents/MCUXpresso_11.1.0_3209/workspace/evkmimxrt1020_qtmr_inputcapture_outputpwm/utilities" -I"/home/bop/Documents/MCUXpresso_11.1.0_3209/workspace/evkmimxrt1020_qtmr_inputcapture_outputpwm/component/serial_manager" -I"/home/bop/Documents/MCUXpresso_11.1.0_3209/workspace/evkmimxrt1020_qtmr_inputcapture_outputpwm/component/lists" -I"/home/bop/Documents/MCUXpresso_11.1.0_3209/workspace/evkmimxrt1020_qtmr_inputcapture_outputpwm/component/uart" -I"/home/bop/Documents/MCUXpresso_11.1.0_3209/workspace/evkmimxrt1020_qtmr_inputcapture_outputpwm/xip" -O0 -fno-common -g3 -Wall -c  -ffunction-sections  -fdata-sections  -ffreestanding  -fno-builtin -fmerge-constants -fmacro-prefix-map="../xip/"=. -mcpu=cortex-m7 -mfpu=fpv5-d16 -mfloat-abi=hard -mthumb -D__REDLIB__ -fstack-usage -specs=redlib.specs -MMD -MP -MF"xip/evkmimxrt1020_sdram_ini_dcd.d" -MT"xip/evkmimxrt1020_sdram_ini_dcd.o" -MT"xip/evkmimxrt1020_sdram_ini_dcd.d" -o "xip/evkmimxrt1020_sdram_ini_dcd.o" "../xip/evkmimxrt1020_sdram_ini_dcd.c"
Invoking: MCU C Compiler
arm-none-eabi-gcc -std=gnu99 -D__REDLIB__ -DCPU_MIMXRT1021DAG5A -DCPU_MIMXRT1021DAG5A_cm7 -DXIP_EXTERNAL_FLASH=1 -DXIP_BOOT_HEADER_ENABLE=1 -DSERIAL_PORT_TYPE_UART=1 -DCR_INTEGER_PRINTF -DPRINTF_FLOAT_ENABLE=0 -D__MCUXPRESSO -D__USE_CMSIS -DDEBUG -DSDK_DEBUGCONSOLE=0 -DFSL_RTOS_BM -DSDK_OS_BAREMETAL -I"/home/bop/Documents/MCUXpresso_11.1.0_3209/workspace/evkmimxrt1020_qtmr_inputcapture_outputpwm/utilities" -I"/home/bop/Documents/MCUXpresso_11.1.0_3209/workspace/evkmimxrt1020_qtmr_inputcapture_outputpwm/drivers" -I"/home/bop/Documents/MCUXpresso_11.1.0_3209/workspace/evkmimxrt1020_qtmr_inputcapture_outputpwm/CMSIS" -I"/home/bop/Documents/MCUXpresso_11.1.0_3209/workspace/evkmimxrt1020_qtmr_inputcapture_outputpwm/component/serial_manager" -I"/home/bop/Documents/MCUXpresso_11.1.0_3209/workspace/evkmimxrt1020_qtmr_inputcapture_outputpwm/device" -I"/home/bop/Documents/MCUXpresso_11.1.0_3209/workspace/evkmimxrt1020_qtmr_inputcapture_outputpwm/component/uart" -I"/home/bop/Documents/MCUXpresso_11.1.0_3209/workspace/evkmimxrt1020_qtmr_inputcapture_outputpwm/xip" -I"/home/bop/Documents/MCUXpresso_11.1.0_3209/workspace/evkmimxrt1020_qtmr_inputcapture_outputpwm/component/lists" -I"/home/bop/Documents/MCUXpresso_11.1.0_3209/workspace/evkmimxrt1020_qtmr_inputcapture_outputpwm/board" -I"/home/bop/Documents/MCUXpresso_11.1.0_3209/workspace/evkmimxrt1020_qtmr_inputcapture_outputpwm/source" -I"/home/bop/Documents/MCUXpresso_11.1.0_3209/workspace/evkmimxrt1020_qtmr_inputcapture_outputpwm" -I"/home/bop/Documents/MCUXpresso_11.1.0_3209/workspace/evkmimxrt1020_qtmr_inputcapture_outputpwm/drivers" -I"/home/bop/Documents/MCUXpresso_11.1.0_3209/workspace/evkmimxrt1020_qtmr_inputcapture_outputpwm/device" -I"/home/bop/Documents/MCUXpresso_11.1.0_3209/workspace/evkmimxrt1020_qtmr_inputcapture_outputpwm/CMSIS" -I"/home/bop/Documents/MCUXpresso_11.1.0_3209/workspace/evkmimxrt1020_qtmr_inputcapture_outputpwm/utilities" -I"/home/bop/Documents/MCUXpresso_11.1.0_3209/workspace/evkmimxrt1020_qtmr_inputcapture_outputpwm/component/serial_manager" -I"/home/bop/Documents/MCUXpresso_11.1.0_3209/workspace/evkmimxrt1020_qtmr_inputcapture_outputpwm/component/lists" -I"/home/bop/Documents/MCUXpresso_11.1.0_3209/workspace/evkmimxrt1020_qtmr_inputcapture_outputpwm/component/uart" -I"/home/bop/Documents/MCUXpresso_11.1.0_3209/workspace/evkmimxrt1020_qtmr_inputcapture_outputpwm/xip" -O0 -fno-common -g3 -Wall -c  -ffunction-sections  -fdata-sections  -ffreestanding  -fno-builtin -fmerge-constants -fmacro-prefix-map="../xip/"=. -mcpu=cortex-m7 -mfpu=fpv5-d16 -mfloat-abi=hard -mthumb -D__REDLIB__ -fstack-usage -specs=redlib.specs -MMD -MP -MF"xip/fsl_flexspi_nor_boot.d" -MT"xip/fsl_flexspi_nor_boot.o" -MT"xip/fsl_flexspi_nor_boot.d" -o "xip/fsl_flexspi_nor_boot.o" "../xip/fsl_flexspi_nor_boot.c"
arm-none-eabi-gcc -std=gnu99 -D__REDLIB__ -DCPU_MIMXRT1021DAG5A -DCPU_MIMXRT1021DAG5A_cm7 -DXIP_EXTERNAL_FLASH=1 -DXIP_BOOT_HEADER_ENABLE=1 -DSERIAL_PORT_TYPE_UART=1 -DCR_INTEGER_PRINTF -DPRINTF_FLOAT_ENABLE=0 -D__MCUXPRESSO -D__USE_CMSIS -DDEBUG -DSDK_DEBUGCONSOLE=0 -DFSL_RTOS_BM -DSDK_OS_BAREMETAL -I"/home/bop/Documents/MCUXpresso_11.1.0_3209/workspace/evkmimxrt1020_qtmr_inputcapture_outputpwm/utilities" -I"/home/bop/Documents/MCUXpresso_11.1.0_3209/workspace/evkmimxrt1020_qtmr_inputcapture_outputpwm/drivers" -I"/home/bop/Documents/MCUXpresso_11.1.0_3209/workspace/evkmimxrt1020_qtmr_inputcapture_outputpwm/CMSIS" -I"/home/bop/Documents/MCUXpresso_11.1.0_3209/workspace/evkmimxrt1020_qtmr_inputcapture_outputpwm/component/serial_manager" -I"/home/bop/Documents/MCUXpresso_11.1.0_3209/workspace/evkmimxrt1020_qtmr_inputcapture_outputpwm/device" -I"/home/bop/Documents/MCUXpresso_11.1.0_3209/workspace/evkmimxrt1020_qtmr_inputcapture_outputpwm/component/uart" -I"/home/bop/Documents/MCUXpresso_11.1.0_3209/workspace/evkmimxrt1020_qtmr_inputcapture_outputpwm/xip" -I"/home/bop/Documents/MCUXpresso_11.1.0_3209/workspace/evkmimxrt1020_qtmr_inputcapture_outputpwm/component/lists" -I"/home/bop/Documents/MCUXpresso_11.1.0_3209/workspace/evkmimxrt1020_qtmr_inputcapture_outputpwm/board" -I"/home/bop/Documents/MCUXpresso_11.1.0_3209/workspace/evkmimxrt1020_qtmr_inputcapture_outputpwm/source" -I"/home/bop/Documents/MCUXpresso_11.1.0_3209/workspace/evkmimxrt1020_qtmr_inputcapture_outputpwm" -I"/home/bop/Documents/MCUXpresso_11.1.0_3209/workspace/evkmimxrt1020_qtmr_inputcapture_outputpwm/drivers" -I"/home/bop/Documents/MCUXpresso_11.1.0_3209/workspace/evkmimxrt1020_qtmr_inputcapture_outputpwm/device" -I"/home/bop/Documents/MCUXpresso_11.1.0_3209/workspace/evkmimxrt1020_qtmr_inputcapture_outputpwm/CMSIS" -I"/home/bop/Documents/MCUXpresso_11.1.0_3209/workspace/evkmimxrt1020_qtmr_inputcapture_outputpwm/utilities" -I"/home/bop/Documents/MCUXpresso_11.1.0_3209/workspace/evkmimxrt1020_qtmr_inputcapture_outputpwm/component/serial_manager" -I"/home/bop/Documents/MCUXpresso_11.1.0_3209/workspace/evkmimxrt1020_qtmr_inputcapture_outputpwm/component/lists" -I"/home/bop/Documents/MCUXpresso_11.1.0_3209/workspace/evkmimxrt1020_qtmr_inputcapture_outputpwm/component/uart" -I"/home/bop/Documents/MCUXpresso_11.1.0_3209/workspace/evkmimxrt1020_qtmr_inputcapture_outputpwm/xip" -O0 -fno-common -g3 -Wall -c  -ffunction-sections  -fdata-sections  -ffreestanding  -fno-builtin -fmerge-constants -fmacro-prefix-map="../utilities/"=. -mcpu=cortex-m7 -mfpu=fpv5-d16 -mfloat-abi=hard -mthumb -D__REDLIB__ -fstack-usage -specs=redlib.specs -MMD -MP -MF"utilities/fsl_assert.d" -MT"utilities/fsl_assert.o" -MT"utilities/fsl_assert.d" -o "utilities/fsl_assert.o" "../utilities/fsl_assert.c"
Invoking: MCU C Compiler
Invoking: MCU C Compiler
[...]
MIMXRT1021DAG5A -DCPU_MIMXRT1021DAG5A_cm7 -DXIP_EXTERNAL_FLASH=1 -DXIP_BOOT_HEADER_ENABLE=1 -DSERIAL_PORT_TYPE_UART=1 -DCR_INTEGER_PRINTF -DPRINTF_FLOAT_ENABLE=0 -D__MCUXPRESSO -D__USE_CMSIS -DDEBUG -DSDK_DEBUGCONSOLE=0 -DFSL_RTOS_BM -DSDK_OS_BAREMETAL -I"/home/bop/Documents/MCUXpresso_11.1.0_3209/workspace/evkmimxrt1020_qtmr_inputcapture_outputpwm/utilities" -I"/home/bop/Documents/MCUXpresso_11.1.0_3209/workspace/evkmimxrt1020_qtmr_inputcapture_outputpwm/drivers" -I"/home/bop/Documents/MCUXpresso_11.1.0_3209/workspace/evkmimxrt1020_qtmr_inputcapture_outputpwm/CMSIS" -I"/home/bop/Documents/MCUXpresso_11.1.0_3209/workspace/evkmimxrt1020_qtmr_inputcapture_outputpwm/component/serial_manager" -I"/home/bop/Documents/MCUXpresso_11.1.0_3209/workspace/evkmimxrt1020_qtmr_inputcapture_outputpwm/device" -I"/home/bop/Documents/MCUXpresso_11.1.0_3209/workspace/evkmimxrt1020_qtmr_inputcapture_outputpwm/component/uart" -I"/home/bop/Documents/MCUXpresso_11.1.0_3209/workspace/evkmimxrt1020_qtmr_inputcapture_outputpwm/xip" -I"/home/bop/Documents/MCUXpresso_11.1.0_3209/workspace/evkmimxrt1020_qtmr_inputcapture_outputpwm/component/lists" -I"/home/bop/Documents/MCUXpresso_11.1.0_3209/workspace/evkmimxrt1020_qtmr_inputcapture_outputpwm/board" -I"/home/bop/Documents/MCUXpresso_11.1.0_3209/workspace/evkmimxrt1020_qtmr_inputcapture_outputpwm/source" -I"/home/bop/Documents/MCUXpresso_11.1.0_3209/workspace/evkmimxrt1020_qtmr_inputcapture_outputpwm" -I"/home/bop/Documents/MCUXpresso_11.1.0_3209/workspace/evkmimxrt1020_qtmr_inputcapture_outputpwm/drivers" -I"/home/bop/Documents/MCUXpresso_11.1.0_3209/workspace/evkmimxrt1020_qtmr_inputcapture_outputpwm/device" -I"/home/bop/Documents/MCUXpresso_11.1.0_3209/workspace/evkmimxrt1020_qtmr_inputcapture_outputpwm/CMSIS" -I"/home/bop/Documents/MCUXpresso_11.1.0_3209/workspace/evkmimxrt1020_qtmr_inputcapture_outputpwm/utilities" -I"/home/bop/Documents/MCUXpresso_11.1.0_3209/workspace/evkmimxrt1020_qtmr_inputcapture_outputpwm/component/serial_manager" -I"/home/bop/Documents/MCUXpresso_11.1.0_3209/workspace/evkmimxrt1020_qtmr_inputcapture_outputpwm/component/lists" -I"/home/bop/Documents/MCUXpresso_11.1.0_3209/workspace/evkmimxrt1020_qtmr_inputcapture_outputpwm/component/uart" -I"/home/bop/Documents/MCUXpresso_11.1.0_3209/workspace/evkmimxrt1020_qtmr_inputcapture_outputpwm/xip" -O0 -fno-common -g3 -Wall -c  -ffunction-sections  -fdata-sections  -ffreestanding  -fno-builtin -fmerge-constants -fmacro-prefix-map="../component/serial_manager/"=. -mcpu=cortex-m7 -mfpu=fpv5-d16 -mfloat-abi=hard -mthumb -D__REDLIB__ -fstack-usage -specs=redlib.specs -MMD -MP -MF"component/serial_manager/serial_manager.d" -MT"component/serial_manager/serial_manager.o" -MT"component/serial_manager/serial_manager.d" -o "component/serial_manager/serial_manager.o" "../component/serial_manager/serial_manager.c"
Building file: ../component/serial_manager/serial_port_uart.c
Invoking: MCU C Compiler
arm-none-eabi-gcc -std=gnu99 -D__REDLIB__ -DCPU_MIMXRT1021DAG5A -DCPU_MIMXRT1021DAG5A_cm7 -DXIP_EXTERNAL_FLASH=1 -DXIP_BOOT_HEADER_ENABLE=1 -DSERIAL_PORT_TYPE_UART=1 -DCR_INTEGER_PRINTF -DPRINTF_FLOAT_ENABLE=0 -D__MCUXPRESSO -D__USE_CMSIS -DDEBUG -DSDK_DEBUGCONSOLE=0 -DFSL_RTOS_BM -DSDK_OS_BAREMETAL -I"/home/bop/Documents/MCUXpresso_11.1.0_3209/workspace/evkmimxrt1020_qtmr_inputcapture_outputpwm/utilities" -I"/home/bop/Documents/MCUXpresso_11.1.0_3209/workspace/evkmimxrt1020_qtmr_inputcapture_outputpwm/drivers" -I"/home/bop/Documents/MCUXpresso_11.1.0_3209/workspace/evkmimxrt1020_qtmr_inputcapture_outputpwm/CMSIS" -I"/home/bop/Documents/MCUXpresso_11.1.0_3209/workspace/evkmimxrt1020_qtmr_inputcapture_outputpwm/component/serial_manager" -I"/home/bop/Documents/MCUXpresso_11.1.0_3209/workspace/evkmimxrt1020_qtmr_inputcapture_outputpwm/device" -I"/home/bop/Documents/MCUXpresso_11.1.0_3209/workspace/evkmimxrt1020_qtmr_inputcapture_outputpwm/component/uart" -I"/home/bop/Documents/MCUXpresso_11.1.0_3209/workspace/evkmimxrt1020_qtmr_inputcapture_outputpwm/xip" -I"/home/bop/Documents/MCUXpresso_11.1.0_3209/workspace/evkmimxrt1020_qtmr_inputcapture_outputpwm/component/lists" -I"/home/bop/Documents/MCUXpresso_11.1.0_3209/workspace/evkmimxrt1020_qtmr_inputcapture_outputpwm/board" -I"/home/bop/Documents/MCUXpresso_11.1.0_3209/workspace/evkmimxrt1020_qtmr_inputcapture_outputpwm/source" -I"/home/bop/Documents/MCUXpresso_11.1.0_3209/workspace/evkmimxrt1020_qtmr_inputcapture_outputpwm" -I"/home/bop/Documents/MCUXpresso_11.1.0_3209/workspace/evkmimxrt1020_qtmr_inputcapture_outputpwm/drivers" -I"/home/bop/Documents/MCUXpresso_11.1.0_3209/workspace/evkmimxrt1020_qtmr_inputcapture_outputpwm/device" -I"/home/bop/Documents/MCUXpresso_11.1.0_3209/workspace/evkmimxrt1020_qtmr_inputcapture_outputpwm/CMSIS" -I"/home/bop/Documents/MCUXpresso_11.1.0_3209/workspace/evkmimxrt1020_qtmr_inputcapture_outputpwm/utilities" -I"/home/bop/Documents/MCUXpresso_11.1.0_3209/workspace/evkmimxrt1020_qtmr_inputcapture_outputpwm/component/serial_manager" -I"/home/bop/Documents/MCUXpresso_11.1.0_3209/workspace/evkmimxrt1020_qtmr_inputcapture_outputpwm/component/lists" -I"/home/bop/Documents/MCUXpresso_11.1.0_3209/workspace/evkmimxrt1020_qtmr_inputcapture_outputpwm/component/uart" -I"/home/bop/Documents/MCUXpresso_11.1.0_3209/workspace/evkmimxrt1020_qtmr_inputcapture_outputpwm/xip" -O0 -fno-common -g3 -Wall -c  -ffunction-sections  -fdata-sections  -ffreestanding  -fno-builtin -fmerge-constants -fmacro-prefix-map="../component/serial_manager/"=. -mcpu=cortex-m7 -mfpu=fpv5-d16 -mfloat-abi=hard -mthumb -D__REDLIB__ -fstack-usage -specs=redlib.specs -MMD -MP -MF"component/serial_manager/serial_port_uart.d" -MT"component/serial_manager/serial_port_uart.o" -MT"component/serial_manager/serial_port_uart.d" -o "component/serial_manager/serial_port_uart.o" "../component/serial_manager/serial_port_uart.c"
Finished building: ../drivers/fsl_xbara.c
 
Building file: ../component/lists/generic_list.c
Invoking: MCU C Compiler
arm-none-eabi-gcc -std=gnu99 -D__REDLIB__ -DCPU_MIMXRT1021DAG5A -DCPU_MIMXRT1021DAG5A_cm7 -DXIP_EXTERNAL_FLASH=1 -DXIP_BOOT_HEADER_ENABLE=1 -DSERIAL_PORT_TYPE_UART=1 -DCR_INTEGER_PRINTF -DPRINTF_FLOAT_ENABLE=0 -D__MCUXPRESSO -D__USE_CMSIS -DDEBUG -DSDK_DEBUGCONSOLE=0 -DFSL_RTOS_BM -DSDK_OS_BAREMETAL -I"/home/bop/Documents/MCUXpresso_11.1.0_3209/workspace/evkmimxrt1020_qtmr_inputcapture_outputpwm/utilities" -I"/home/bop/Documents/MCUXpresso_11.1.0_3209/workspace/evkmimxrt1020_qtmr_inputcapture_outputpwm/drivers" -I"/home/bop/Documents/MCUXpresso_11.1.0_3209/workspace/evkmimxrt1020_qtmr_inputcapture_outputpwm/CMSIS" -I"/home/bop/Documents/MCUXpresso_11.1.0_3209/workspace/evkmimxrt1020_qtmr_inputcapture_outputpwm/component/serial_manager" -I"/home/bop/Documents/MCUXpresso_11.1.0_3209/workspace/evkmimxrt1020_qtmr_inputcapture_outputpwm/device" -I"/home/bop/Documents/MCUXpresso_11.1.0_3209/workspace/evkmimxrt1020_qtmr_inputcapture_outputpwm/component/uart" -I"/home/bop/Documents/MCUXpresso_11.1.0_3209/workspace/evkmimxrt1020_qtmr_inputcapture_outputpwm/xip" -I"/home/bop/Documents/MCUXpresso_11.1.0_3209/workspace/evkmimxrt1020_qtmr_inputcapture_outputpwm/component/lists" -I"/home/bop/Documents/MCUXpresso_11.1.0_3209/workspace/evkmimxrt1020_qtmr_inputcapture_outputpwm/board" -I"/home/bop/Documents/MCUXpresso_11.1.0_3209/workspace/evkmimxrt1020_qtmr_inputcapture_outputpwm/source" -I"/home/bop/Documents/MCUXpresso_11.1.0_3209/workspace/evkmimxrt1020_qtmr_inputcapture_outputpwm" -I"/home/bop/Documents/MCUXpresso_11.1.0_3209/workspace/evkmimxrt1020_qtmr_inputcapture_outputpwm/drivers" -I"/home/bop/Documents/MCUXpresso_11.1.0_3209/workspace/evkmimxrt1020_qtmr_inputcapture_outputpwm/device" -I"/home/bop/Documents/MCUXpresso_11.1.0_3209/workspace/evkmimxrt1020_qtmr_inputcapture_outputpwm/CMSIS" -I"/home/bop/Documents/MCUXpresso_11.1.0_3209/workspace/evkmimxrt1020_qtmr_inputcapture_outputpwm/utilities" -I"/home/bop/Documents/MCUXpresso_11.1.0_3209/workspace/evkmimxrt1020_qtmr_inputcapture_outputpwm/component/serial_manager" -I"/home/bop/Documents/MCUXpresso_11.1.0_3209/workspace/evkmimxrt1020_qtmr_inputcapture_outputpwm/component/lists" -I"/home/bop/Documents/MCUXpresso_11.1.0_3209/workspace/evkmimxrt1020_qtmr_inputcapture_outputpwm/component/uart" -I"/home/bop/Documents/MCUXpresso_11.1.0_3209/workspace/evkmimxrt1020_qtmr_inputcapture_outputpwm/xip" -O0 -fno-common -g3 -Wall -c  -ffunction-sections  -fdata-sections  -ffreestanding  -fno-builtin -fmerge-constants -fmacro-prefix-map="../component/lists/"=. -mcpu=cortex-m7 -mfpu=fpv5-d16 -mfloat-abi=hard -mthumb -D__REDLIB__ -fstack-usage -specs=redlib.specs -MMD -MP -MF"component/lists/generic_list.d" -MT"component/lists/generic_list.o" -MT"component/lists/generic_list.d" -o "component/lists/generic_list.o" "../component/lists/generic_list.c"
Finished building: ../device/system_MIMXRT1021.c
 
Building file: ../board/board.c
Invoking: MCU C Compiler
arm-none-eabi-gcc -std=gnu99 -D__REDLIB__ -DCPU_MIMXRT1021DAG5A -DCPU_MIMXRT1021DAG5A_cm7 -DXIP_EXTERNAL_FLASH=1 -DXIP_BOOT_HEADER_ENABLE=1 -DSERIAL_PORT_TYPE_UART=1 -DCR_INTEGER_PRINTF -DPRINTF_FLOAT_ENABLE=0 -D__MCUXPRESSO -D__USE_CMSIS -DDEBUG -DSDK_DEBUGCONSOLE=0 -DFSL_RTOS_BM -DSDK_OS_BAREMETAL -I"/home/bop/Documents/MCUXpresso_11.1.0_3209/workspace/evkmimxrt1020_qtmr_inputcapture_outputpwm/utilities" -I"/home/bop/Documents/MCUXpresso_11.1.0_3209/workspace/evkmimxrt1020_qtmr_inputcapture_outputpwm/drivers" -I"/home/bop/Documents/MCUXpresso_11.1.0_3209/workspace/evkmimxrt1020_qtmr_inputcapture_outputpwm/CMSIS" -I"/home/bop/Documents/MCUXpresso_11.1.0_3209/workspace/evkmimxrt1020_qtmr_inputcapture_outputpwm/component/serial_manager" -I"/home/bop/Documents/MCUXpresso_11.1.0_3209/workspace/evkmimxrt1020_qtmr_inputcapture_outputpwm/device" -I"/home/bop/Documents/MCUXpresso_11.1.0_3209/workspace/evkmimxrt1020_qtmr_inputcapture_outputpwm/component/uart" -I"/home/bop/Documents/MCUXpresso_11.1.0_3209/workspace/evkmimxrt1020_qtmr_inputcapture_outputpwm/xip" -I"/home/bop/Documents/MCUXpresso_11.1.0_3209/workspace/evkmimxrt1020_qtmr_inputcapture_outputpwm/component/lists" -I"/home/bop/Documents/MCUXpresso_11.1.0_3209/workspace/evkmimxrt1020_qtmr_inputcapture_outputpwm/board" -I"/home/bop/Documents/MCUXpresso_11.1.0_3209/workspace/evkmimxrt1020_qtmr_inputcapture_outputpwm/source" -I"/home/bop/Documents/MCUXpresso_11.1.0_3209/workspace/evkmimxrt1020_qtmr_inputcapture_outputpwm" -I"/home/bop/Documents/MCUXpresso_11.1.0_3209/workspace/evkmimxrt1020_qtmr_inputcapture_outputpwm/drivers" -I"/home/bop/Documents/MCUXpresso_11.1.0_3209/workspace/evkmimxrt1020_qtmr_inputcapture_outputpwm/device" -I"/home/bop/Documents/MCUXpresso_11.1.0_3209/workspace/evkmimxrt1020_qtmr_inputcapture_outputpwm/CMSIS" -I"/home/bop/Documents/MCUXpresso_11.1.0_3209/workspace/evkmimxrt1020_qtmr_inputcapture_outputpwm/utilities" -I"/home/bop/Documents/MCUXpresso_11.1.0_3209/workspace/evkmimxrt1020_qtmr_inputcapture_outputpwm/component/serial_manager" -I"/home/bop/Documents/MCUXpresso_11.1.0_3209/workspace/evkmimxrt1020_qtmr_inputcapture_outputpwm/component/lists" -I"/home/bop/Documents/MCUXpresso_11.1.0_3209/workspace/evkmimxrt1020_qtmr_inputcapture_outputpwm/component/uart" -I"/home/bop/Documents/MCUXpresso_11.1.0_3209/workspace/evkmimxrt1020_qtmr_inputcapture_outputpwm/xip" -O0 -fno-common -g3 -Wall -c  -ffunction-sections  -fdata-sections  -ffreestanding  -fno-builtin -fmerge-constants -fmacro-prefix-map="../board/"=. -mcpu=cortex-m7 -mfpu=fpv5-d16 -mfloat-abi=hard -mthumb -D__REDLIB__ -fstack-usage -specs=redlib.specs -MMD -MP -MF"board/board.d" -MT"board/board.o" -MT"board/board.d" -o "board/board.o" "../board/board.c"
Finished building: ../drivers/fsl_qtmr.c
 
Building file: ../board/clock_config.c
Invoking: MCU C Compiler
arm-none-eabi-gcc -std=gnu99 -D__REDLIB__ -DCPU_MIMXRT1021DAG5A -DCPU_MIMXRT1021DAG5A_cm7 -DXIP_EXTERNAL_FLASH=1 -DXIP_BOOT_HEADER_ENABLE=1 -DSERIAL_PORT_TYPE_UART=1 -DCR_INTEGER_PRINTF -DPRINTF_FLOAT_ENABLE=0 -D__MCUXPRESSO -D__USE_CMSIS -DDEBUG -DSDK_DEBUGCONSOLE=0 -DFSL_RTOS_BM -DSDK_OS_BAREMETAL -I"/home/bop/Documents/MCUXpresso_11.1.0_3209/workspace/evkmimxrt1020_qtmr_inputcapture_outputpwm/utilities" -I"/home/bop/Documents/MCUXpresso_11.1.0_3209/workspace/evkmimxrt1020_qtmr_inputcapture_outputpwm/drivers" -I"/home/bop/Documents/MCUXpresso_11.1.0_3209/workspace/evkmimxrt1020_qtmr_inputcapture_outputpwm/CMSIS" -I"/home/bop/Documents/MCUXpresso_11.1.0_3209/workspace/evkmimxrt1020_qtmr_inputcapture_outputpwm/component/serial_manager" -I"/home/bop/Documents/MCUXpresso_11.1.0_3209/workspace/evkmimxrt1020_qtmr_inputcapture_outputpwm/device" -I"/home/bop/Documents/MCUXpresso_11.1.0_3209/workspace/evkmimxrt1020_qtmr_inputcapture_outputpwm/component/uart" -I"/home/bop/Documents/MCUXpresso_11.1.0_3209/workspace/evkmimxrt1020_qtmr_inputcapture_outputpwm/xip" -I"/home/bop/Documents/MCUXpresso_11.1.0_3209/workspace/evkmimxrt1020_qtmr_inputcapture_outputpwm/component/lists" -I"/home/bop/Documents/MCUXpresso_11.1.0_3209/workspace/evkmimxrt1020_qtmr_inputcapture_outputpwm/board" -I"/home/bop/Documents/MCUXpresso_11.1.0_3209/workspace/evkmimxrt1020_qtmr_inputcapture_outputpwm/source" -I"/home/bop/Documents/MCUXpresso_11.1.0_3209/workspace/evkmimxrt1020_qtmr_inputcapture_outputpwm" -I"/home/bop/Documents/MCUXpresso_11.1.0_3209/workspace/evkmimxrt1020_qtmr_inputcapture_outputpwm/drivers" -I"/home/bop/Documents/MCUXpresso_11.1.0_3209/workspace/evkmimxrt1020_qtmr_inputcapture_outputpwm/device" -I"/home/bop/Documents/MCUXpresso_11.1.0_3209/workspace/evkmimxrt1020_qtmr_inputcapture_outputpwm/CMSIS" -I"/home/bop/Documents/MCUXpresso_11.1.0_3209/workspace/evkmimxrt1020_qtmr_inputcapture_outputpwm/utilities" -I"/home/bop/Documents/MCUXpresso_11.1.0_3209/workspace/evkmimxrt1020_qtmr_inputcapture_outputpwm/component/serial_manager" -I"/home/bop/Documents/MCUXpresso_11.1.0_3209/workspace/evkmimxrt1020_qtmr_inputcapture_outputpwm/component/lists" -I"/home/bop/Documents/MCUXpresso_11.1.0_3209/workspace/evkmimxrt1020_qtmr_inputcapture_outputpwm/component/uart" -I"/home/bop/Documents/MCUXpresso_11.1.0_3209/workspace/evkmimxrt1020_qtmr_inputcapture_outputpwm/xip" -O0 -fno-common -g3 -Wall -c  -ffunction-sections  -fdata-sections  -ffreestanding  -fno-builtin -fmerge-constants -fmacro-prefix-map="../board/"=. -mcpu=cortex-m7 -mfpu=fpv5-d16 -mfloat-abi=hard -mthumb -D__REDLIB__ -fstack-usage -specs=redlib.specs -MMD -MP -MF"board/clock_config.d" -MT"board/clock_config.o" -MT"board/clock_config.d" -o "board/clock_config.o" "../board/clock_config.c"
Finished building: ../drivers/fsl_lpuart.c
 
Building file: ../board/pin_mux.c
Invoking: MCU C Compiler
arm-none-eabi-gcc -std=gnu99 -D__REDLIB__ -DCPU_MIMXRT1021DAG5A -DCPU_MIMXRT1021DAG5A_cm7 -DXIP_EXTERNAL_FLASH=1 -DXIP_BOOT_HEADER_ENABLE=1 -DSERIAL_PORT_TYPE_UART=1 -DCR_INTEGER_PRINTF -DPRINTF_FLOAT_ENABLE=0 -D__MCUXPRESSO -D__USE_CMSIS -DDEBUG -DSDK_DEBUGCONSOLE=0 -DFSL_RTOS_BM -DSDK_OS_BAREMETAL -I"/home/bop/Documents/MCUXpresso_11.1.0_3209/workspace/evkmimxrt1020_qtmr_inputcapture_outputpwm/utilities" -I"/home/bop/Documents/MCUXpresso_11.1.0_3209/workspace/evkmimxrt1020_qtmr_inputcapture_outputpwm/drivers" -I"/home/bop/Documents/MCUXpresso_11.1.0_3209/workspace/evkmimxrt1020_qtmr_inputcapture_outputpwm/CMSIS" -I"/home/bop/Documents/MCUXpresso_11.1.0_3209/workspace/evkmimxrt1020_qtmr_inputcapture_outputpwm/component/serial_manager" -I"/home/bop/Documents/MCUXpresso_11.1.0_3209/workspace/evkmimxrt1020_qtmr_inputcapture_outputpwm/device" -I"/home/bop/Documents/MCUXpresso_11.1.0_3209/workspace/evkmimxrt1020_qtmr_inputcapture_outputpwm/component/uart" -I"/home/bop/Documents/MCUXpresso_11.1.0_3209/workspace/evkmimxrt1020_qtmr_inputcapture_outputpwm/xip" -I"/home/bop/Documents/MCUXpresso_11.1.0_3209/workspace/evkmimxrt1020_qtmr_inputcapture_outputpwm/component/lists" -I"/home/bop/Documents/MCUXpresso_11.1.0_3209/workspace/evkmimxrt1020_qtmr_inputcapture_outputpwm/board" -I"/home/bop/Documents/MCUXpresso_11.1.0_3209/workspace/evkmimxrt1020_qtmr_inputcapture_outputpwm/source" -I"/home/bop/Documents/MCUXpresso_11.1.0_3209/workspace/evkmimxrt1020_qtmr_inputcapture_outputpwm" -I"/home/bop/Documents/MCUXpresso_11.1.0_3209/workspace/evkmimxrt1020_qtmr_inputcapture_outputpwm/drivers" -I"/home/bop/Documents/MCUXpresso_11.1.0_3209/workspace/evkmimxrt1020_qtmr_inputcapture_outputpwm/device" -I"/home/bop/Documents/MCUXpresso_11.1.0_3209/workspace/evkmimxrt1020_qtmr_inputcapture_outputpwm/CMSIS" -I"/home/bop/Documents/MCUXpresso_11.1.0_3209/workspace/evkmimxrt1020_qtmr_inputcapture_outputpwm/utilities" -I"/home/bop/Documents/MCUXpresso_11.1.0_3209/workspace/evkmimxrt1020_qtmr_inputcapture_outputpwm/component/serial_manager" -I"/home/bop/Documents/MCUXpresso_11.1.0_3209/workspace/evkmimxrt1020_qtmr_inputcapture_outputpwm/component/lists" -I"/home/bop/Documents/MCUXpresso_11.1.0_3209/workspace/evkmimxrt1020_qtmr_inputcapture_outputpwm/component/uart" -I"/home/bop/Documents/MCUXpresso_11.1.0_3209/workspace/evkmimxrt1020_qtmr_inputcapture_outputpwm/xip" -O0 -fno-common -g3 -Wall -c  -ffunction-sections  -fdata-sections  -ffreestanding  -fno-builtin -fmerge-constants -fmacro-prefix-map="../board/"=. -mcpu=cortex-m7 -mfpu=fpv5-d16 -mfloat-abi=hard -mthumb -D__REDLIB__ -fstack-usage -specs=redlib.specs -MMD -MP -MF"board/pin_mux.d" -MT"board/pin_mux.o" -MT"board/pin_mux.d" -o "board/pin_mux.o" "../board/pin_mux.c"
Finished building: ../component/uart/lpuart_adapter.c
 
Finished building: ../drivers/fsl_lpspi.c
 
Finished building: ../component/serial_manager/serial_port_uart.c
 
Finished building: ../component/lists/generic_list.c
 
Finished building: ../component/serial_manager/serial_manager.c
 
Finished building: ../board/board.c
 
Finished building: ../board/pin_mux.c
 
Finished building: ../board/clock_config.c
 
Building target: evkmimxrt1020_qtmr_inputcapture_outputpwm.axf
Invoking: MCU Linker
arm-none-eabi-gcc -nostdlib -Xlinker -Map="evkmimxrt1020_qtmr_inputcapture_outputpwm.map" -Xlinker --gc-sections -Xlinker -print-memory-usage -Xlinker --sort-section=alignment -Xlinker --cref -mcpu=cortex-m7 -mfpu=fpv5-d16 -mfloat-abi=hard -mthumb -T evkmimxrt1020_qtmr_inputcapture_outputpwm_Debug.ld -o "evkmimxrt1020_qtmr_inputcapture_outputpwm.axf"  ./xip/evkmimxrt1020_flexspi_nor_config.o ./xip/evkmimxrt1020_sdram_ini_dcd.o ./xip/fsl_flexspi_nor_boot.o  ./utilities/fsl_assert.o ./utilities/fsl_debug_console.o ./utilities/fsl_str.o  ./startup/startup_mimxrt1021.o  ./source/qtmr_inputcapture_outputpwm.o ./source/semihost_hardfault.o  ./drivers/fsl_clock.o ./drivers/fsl_common.o ./drivers/fsl_gpio.o ./drivers/fsl_lpspi.o ./drivers/fsl_lpuart.o ./drivers/fsl_qtmr.o ./drivers/fsl_xbara.o  ./device/system_MIMXRT1021.o  ./component/uart/lpuart_adapter.o  ./component/serial_manager/serial_manager.o ./component/serial_manager/serial_port_uart.o  ./component/lists/generic_list.o  ./board/board.o ./board/clock_config.o ./board/pin_mux.o   
Memory region         Used Size  Region Size  %age Used
     BOARD_FLASH:       29356 B         8 MB      0.35%
        SRAM_DTC:        8476 B        64 KB     12.93%
        SRAM_ITC:          0 GB        64 KB      0.00%
         SRAM_OC:          0 GB       128 KB      0.00%
     BOARD_SDRAM:          0 GB        30 MB      0.00%
   NCACHE_REGION:          0 GB         2 MB      0.00%
Finished building target: evkmimxrt1020_qtmr_inputcapture_outputpwm.axf
 
make --no-print-directory post-build
Performing post-build steps
arm-none-eabi-size "evkmimxrt1020_qtmr_inputcapture_outputpwm.axf"; # arm-none-eabi-objcopy -v -O binary "evkmimxrt1020_qtmr_inputcapture_outputpwm.axf" "evkmimxrt1020_qtmr_inputcapture_outputpwm.bin" ; # checksum -p MIMXRT1021xxxxx -d "evkmimxrt1020_qtmr_inputcapture_outputpwm.bin";
   text	   data	    bss	    dec	    hex	filename
  29352	      4	   8472	  37828	   93c4	evkmimxrt1020_qtmr_inputcapture_outputpwm.axf
 
10:46:02 **** Incremental Build of configuration Debug for project evkmimxrt1020_qtmr_inputcapture_outputpwm ****
make -r -j8 all 
make: Nothing to be done for 'all'.
